[qa 22:24:45] segment: M7 R1 targeted panel qualification
[qa 22:24:50] launched pid 84724, window at 224,104, log m7-r1-panel.log
[qa 22:25:07] PASS {"kind": "layout", "playing": false, "authority": {"tick": 0, "cursor": 0, "stateHash": "5c1105c0661578a4", "engineHash": "6418751f337aef28"}, "viewport": [1280, 800], "devicePixelRatio": 2, "controls": {"drag-region": [0, 0, 696, 40], "tools": [704, 5, 564, 30], "undo": [704, 5, 75.7, 28], "redo":   [layout] fresh fixture at zero
[qa 22:25:07] PASS {"kind": "backend", "backend": "WebGPU", "coordinateSystemIsWebGPU": true, "compatibilityMode": false, "samples": 4, "adapter": {"vendor": "apple", "architecture": "apple", "device": "apple", "description": "apple"}, "features": ["bgra8unorm-storage", "clip-distances", "core-features-and-limits", "d  [backend] packaged WebGPU
[qa 22:25:12] PASS {"kind": "layout", "playing": false, "authority": {"tick": 0, "cursor": 0, "stateHash": "5c1105c0661578a4", "engineHash": "6418751f337aef28"}, "viewport": [1280, 800], "devicePixelRatio": 2, "controls": {"drag-region": [0, 0, 696, 40], "tools": [704, 5, 564, 30], "undo": [704, 5, 75.7, 28], "redo":   [layout] real baseline through 600
[qa 22:25:22] PASS {"kind": "layout", "playing": false, "authority": {"tick": 120, "cursor": 0, "stateHash": "1c1c34d91f2ddc4c", "engineHash": "7f809077a3cfed29"}, "viewport": [1280, 800], "devicePixelRatio": 2, "controls": {"drag-region": [0, 0, 696, 40], "tools": [704, 5, 564, 30], "undo": [704, 5, 75.7, 28], "redo"  [layout] exact paused boundary 120
[qa 22:25:25] PASS {"kind": "layout", "playing": false, "authority": {"tick": 120, "cursor": 1, "stateHash": "18ddb9fdb2017136", "engineHash": "7f809077a3cfed29"}, "viewport": [1280, 800], "devicePixelRatio": 2, "controls": {"drag-region": [0, 0, 696, 40], "tools": [704, 5, 564, 30], "undo": [704, 5, 75.7, 28], "redo"  [layout] created Push selected
[qa 22:25:35] PASS {"kind": "layout", "playing": false, "authority": {"tick": 240, "cursor": 1, "stateHash": "731029a36e3b1035", "engineHash": "94f8d914469dab3a"}, "viewport": [1280, 800], "devicePixelRatio": 2, "controls": {"drag-region": [0, 0, 696, 40], "tools": [704, 5, 564, 30], "undo": [704, 5, 75.7, 28], "redo"  [layout] exact paused boundary 240
[qa 22:25:58] PASS {"kind": "layout", "playing": false, "authority": {"tick": 396, "cursor": 2, "stateHash": "1321ef45a4b93e62", "engineHash": "7d9ee50486c3fabb"}, "viewport": [1280, 800], "devicePixelRatio": 2, "controls": {"drag-region": [0, 0, 696, 40], "tools": [704, 5, 564, 30], "undo": [704, 5, 75.7, 28], "redo"  [layout] exact paused boundary 396
[qa 22:26:05] PASS {"kind": "layout", "playing": false, "authority": {"tick": 396, "cursor": 2, "stateHash": "1321ef45a4b93e62", "engineHash": "7d9ee50486c3fabb"}, "viewport": [1280, 800], "devicePixelRatio": 2, "controls": {"drag-region": [0, 0, 696, 40], "tools": [704, 5, 564, 30], "undo": [704, 5, 75.7, 28], "redo"  [layout] selection cleared
[qa 22:26:09] PASS {"kind": "layout", "playing": false, "authority": {"tick": 60, "cursor": 0, "stateHash": "8dec4cafcd274a38", "engineHash": "8e47136dbe6af012"}, "viewport": [1280, 800], "devicePixelRatio": 2, "controls": {"drag-region": [0, 0, 696, 40], "tools": [704, 5, 564, 30], "undo": [704, 5, 75.7, 28], "redo":  [layout] Replay paused before first retained command
[qa 22:26:16] PASS {"kind": "layout", "playing": false, "authority": {"tick": 121, "cursor": 1, "stateHash": "7f6453831543cf76", "engineHash": "6403cd3a5d5921c7"}, "viewport": [1280, 800], "devicePixelRatio": 2, "controls": {"drag-region": [0, 0, 696, 40], "tools": [704, 5, 564, 30], "undo": [704, 5, 75.7, 28], "redo"  [layout] exact paused boundary 121
[qa 22:26:16] PASS {"kind": "layout", "playing": false, "authority": {"tick": 121, "cursor": 1, "stateHash": "7f6453831543cf76", "engineHash": "6403cd3a5d5921c7"}, "viewport": [1280, 800], "devicePixelRatio": 2, "controls": {"drag-region": [0, 0, 696, 40], "tools": [704, 5, 564, 30], "undo": [704, 5, 75.7, 28], "redo"  [layout] intermediate Push host and actual DOM agree
[qa 22:26:16] captured r1-created-intermediate.png
[qa 22:26:35] PASS {"kind": "layout", "playing": false, "authority": {"tick": 396, "cursor": 2, "stateHash": "1321ef45a4b93e62", "engineHash": "7d9ee50486c3fabb"}, "viewport": [1280, 800], "devicePixelRatio": 2, "controls": {"drag-region": [0, 0, 696, 40], "tools": [704, 5, 564, 30], "undo": [704, 5, 75.7, 28], "redo"  [layout] exact paused boundary 396
[qa 22:26:35] PASS {"kind": "layout", "playing": false, "authority": {"tick": 396, "cursor": 2, "stateHash": "1321ef45a4b93e62", "engineHash": "7d9ee50486c3fabb"}, "viewport": [1280, 800], "devicePixelRatio": 2, "controls": {"drag-region": [0, 0, 696, 40], "tools": [704, 5, 564, 30], "undo": [704, 5, 75.7, 28], "redo"  [layout] terminal replay is exact and editable
M7 replay: PASS (structured native log)
[qa 22:26:36] captured r1-created-endpoint.png
[qa 22:26:38] PASS {"kind": "layout", "playing": false, "authority": {"tick": 396, "cursor": 3, "stateHash": "ed4be619534ae758", "engineHash": "7d9ee50486c3fabb"}, "viewport": [1280, 800], "devicePixelRatio": 2, "controls": {"drag-region": [0, 0, 696, 40], "tools": [704, 5, 564, 30], "undo": [704, 5, 75.7, 28], "redo"  [layout] retained local undo works
[qa 22:26:43] PASS {"kind": "layout", "playing": false, "authority": {"tick": 0, "cursor": 0, "stateHash": "5c1105c0661578a4", "engineHash": "6418751f337aef28"}, "viewport": [1280, 800], "devicePixelRatio": 2, "controls": {"drag-region": [0, 0, 696, 40], "tools": [704, 5, 564, 30], "undo": [704, 5, 75.7, 28], "redo":   [layout] New clears Push and history
[qa 22:26:46] segment: R1 selected law details
[qa 22:27:06] PASS {"kind": "layout", "playing": false, "authority": {"tick": 0, "cursor": 0, "stateHash": "5c1105c0661578a4", "engineHash": "6418751f337aef28"}, "viewport": [1280, 800], "devicePixelRatio": 2, "controls": {"drag-region": [0, 0, 696, 40], "tools": [704, 5, 564, 30], "undo": [704, 5, 75.7, 28], "redo":   [layout] real baseline through 600
[qa 22:27:25] PASS {"kind": "layout", "playing": false, "authority": {"tick": 120, "cursor": 0, "stateHash": "1c1c34d91f2ddc4c", "engineHash": "7f809077a3cfed29"}, "viewport": [1280, 800], "devicePixelRatio": 2, "controls": {"drag-region": [0, 0, 696, 40], "tools": [704, 5, 564, 30], "undo": [704, 5, 75.7, 28], "redo"  [layout] exact paused boundary 120
[qa 22:27:35] PASS {"kind": "layout", "playing": false, "authority": {"tick": 200, "cursor": 1, "stateHash": "1eda9072e8876035", "engineHash": "94e55b58964d4ffa"}, "viewport": [1280, 800], "devicePixelRatio": 2, "controls": {"drag-region": [0, 0, 696, 40], "tools": [704, 5, 564, 30], "undo": [704, 5, 75.7, 28], "redo"  [layout] exact paused boundary 200
[qa 22:27:52] PASS {"kind": "layout", "playing": false, "authority": {"tick": 280, "cursor": 2, "stateHash": "cf4ee57335a6050b", "engineHash": "260c186e1f5ba567"}, "viewport": [1280, 800], "devicePixelRatio": 2, "controls": {"drag-region": [0, 0, 696, 40], "tools": [704, 5, 564, 30], "undo": [704, 5, 75.7, 28], "redo"  [layout] exact paused boundary 280
[qa 22:28:06] PASS {"kind": "layout", "playing": false, "authority": {"tick": 396, "cursor": 3, "stateHash": "b071edf1bb3d1ca5", "engineHash": "7d9ee50486c3fabb"}, "viewport": [1280, 800], "devicePixelRatio": 2, "controls": {"drag-region": [0, 0, 696, 40], "tools": [704, 5, 564, 30], "undo": [704, 5, 75.7, 28], "redo"  [layout] exact paused boundary 396
[qa 22:28:11] PASS {"kind": "layout", "playing": false, "authority": {"tick": 79, "cursor": 0, "stateHash": "efe3c7c4ad7ebd4f", "engineHash": "9d8da2c786149968"}, "viewport": [1280, 800], "devicePixelRatio": 2, "controls": {"drag-region": [0, 0, 696, 40], "tools": [704, 5, 564, 30], "undo": [704, 5, 75.7, 28], "redo":  [layout] Replay paused before first retained command
[qa 22:28:18] PASS {"kind": "layout", "playing": false, "authority": {"tick": 121, "cursor": 1, "stateHash": "61e0001199613b50", "engineHash": "6403cd3a5d5921c7"}, "viewport": [1280, 800], "devicePixelRatio": 2, "controls": {"drag-region": [0, 0, 696, 40], "tools": [704, 5, 564, 30], "undo": [704, 5, 75.7, 28], "redo"  [layout] exact paused boundary 121
[qa 22:28:18] PASS {"kind": "layout", "playing": false, "authority": {"tick": 121, "cursor": 1, "stateHash": "61e0001199613b50", "engineHash": "6403cd3a5d5921c7"}, "viewport": [1280, 800], "devicePixelRatio": 2, "controls": {"drag-region": [0, 0, 696, 40], "tools": [704, 5, 564, 30], "undo": [704, 5, 75.7, 28], "redo"  [layout] actual selected-law controls at 121
[qa 22:28:19] captured r1-details-121.png
[qa 22:28:28] PASS {"kind": "layout", "playing": false, "authority": {"tick": 201, "cursor": 2, "stateHash": "30e376e80be4b678", "engineHash": "289de88aeff3afb5"}, "viewport": [1280, 800], "devicePixelRatio": 2, "controls": {"drag-region": [0, 0, 696, 40], "tools": [704, 5, 564, 30], "undo": [704, 5, 75.7, 28], "redo"  [layout] exact paused boundary 201
[qa 22:28:28] PASS {"kind": "layout", "playing": false, "authority": {"tick": 201, "cursor": 2, "stateHash": "30e376e80be4b678", "engineHash": "289de88aeff3afb5"}, "viewport": [1280, 800], "devicePixelRatio": 2, "controls": {"drag-region": [0, 0, 696, 40], "tools": [704, 5, 564, 30], "undo": [704, 5, 75.7, 28], "redo"  [layout] actual selected-law controls at 201
[qa 22:28:29] captured r1-details-201.png
[qa 22:28:38] PASS {"kind": "layout", "playing": false, "authority": {"tick": 281, "cursor": 3, "stateHash": "cbd456cf3e52fdca", "engineHash": "fb9ef1ef06b9acb9"}, "viewport": [1280, 800], "devicePixelRatio": 2, "controls": {"drag-region": [0, 0, 696, 40], "tools": [704, 5, 564, 30], "undo": [704, 5, 75.7, 28], "redo"  [layout] exact paused boundary 281
[qa 22:28:38] PASS {"kind": "layout", "playing": false, "authority": {"tick": 281, "cursor": 3, "stateHash": "cbd456cf3e52fdca", "engineHash": "fb9ef1ef06b9acb9"}, "viewport": [1280, 800], "devicePixelRatio": 2, "controls": {"drag-region": [0, 0, 696, 40], "tools": [704, 5, 564, 30], "undo": [704, 5, 75.7, 28], "redo"  [layout] actual selected-law controls at 281
[qa 22:28:38] captured r1-details-281.png
[qa 22:28:49] PASS {"kind": "layout", "playing": false, "authority": {"tick": 396, "cursor": 3, "stateHash": "b071edf1bb3d1ca5", "engineHash": "7d9ee50486c3fabb"}, "viewport": [1280, 800], "devicePixelRatio": 2, "controls": {"drag-region": [0, 0, 696, 40], "tools": [704, 5, 564, 30], "undo": [704, 5, 75.7, 28], "redo"  [layout] exact paused boundary 396
[qa 22:28:49] PASS {"kind": "layout", "playing": false, "authority": {"tick": 396, "cursor": 3, "stateHash": "b071edf1bb3d1ca5", "engineHash": "7d9ee50486c3fabb"}, "viewport": [1280, 800], "devicePixelRatio": 2, "controls": {"drag-region": [0, 0, 696, 40], "tools": [704, 5, 564, 30], "undo": [704, 5, 75.7, 28], "redo"  [layout] terminal replay is exact and editable
M7 replay: PASS (structured native log)
[qa 22:28:50] captured r1-details-endpoint.png
[qa 22:28:53] PASS {"kind": "layout", "playing": false, "authority": {"tick": 396, "cursor": 4, "stateHash": "d7f8d0851d2a90d8", "engineHash": "7d9ee50486c3fabb"}, "viewport": [1280, 800], "devicePixelRatio": 2, "controls": {"drag-region": [0, 0, 696, 40], "tools": [704, 5, 564, 30], "undo": [704, 5, 75.7, 28], "redo"  [layout] selected local undo retained
[qa 22:28:56] PASS {"kind": "layout", "playing": false, "authority": {"tick": 396, "cursor": 5, "stateHash": "61c81e7eed542ea7", "engineHash": "7d9ee50486c3fabb"}, "viewport": [1280, 800], "devicePixelRatio": 2, "controls": {"drag-region": [0, 0, 696, 40], "tools": [704, 5, 564, 30], "undo": [704, 5, 75.7, 28], "redo"  [layout] selected local redo retained
[qa 22:28:59] segment: R1 ordinary recording replay
[qa 22:29:27] PASS {"kind": "layout", "playing": false, "authority": {"tick": 120, "cursor": 0, "stateHash": "1c1c34d91f2ddc4c", "engineHash": "7f809077a3cfed29"}, "viewport": [1280, 800], "devicePixelRatio": 2, "controls": {"drag-region": [0, 0, 696, 40], "tools": [704, 5, 564, 30], "undo": [704, 5, 75.7, 28], "redo"  [layout] exact paused boundary 120
[qa 22:30:10] FAIL: control controls.add-directional not visible
