[qa 18:27:55] segment: M7 two futures and packaged authority fixtures
[qa 18:28:10] More Space, 60 Hz: set 1728x1117@60
[qa 18:28:16] launched pid 35844, window at 224,104, log m7-compare.log
[qa 18:28:16] PASS {"kind": "qualification", "identity": {"app": "Lawsmith 0.0.0", "build": "packaged", "bundle": "index-BUxjxmIx.js sha256:f48dba655dfa96931b5d2d3233dc82dfee7f9b3b2a5b7f053ac03831e80ad696", "tauri": "tauri 3.0.0-alpha.4; tauri-runtime 3.0.0-alpha.3; tauri-runtime-wry 3.0.0-alpha.4; wry 0.57.0; tao 0.3  [qualification] qualified packaged runtime identity
[qa 18:28:16] PASS {"kind": "backend", "backend": "WebGPU", "coordinateSystemIsWebGPU": true, "compatibilityMode": false, "samples": 4, "adapter": {"vendor": "apple", "architecture": "apple", "device": "apple", "description": "apple"}, "features": ["bgra8unorm-storage", "clip-distances", "core-features-and-limits", "d  [backend] packaged WebGPU backend
[qa 18:28:32] PASS {"kind": "document", "action": "open", "outcome": "committed", "file": "two-futures.lawsmith.json", "generation": 2, "title": "Two Futures", "bytes": 2378, "readMs": 0.086, "parseMs": 0, "candidateMs": 1, "commitMs": 2, "openMs": 3.086, "mode": "packaged", "t": 14645}  [document] fixture opened
[qa 18:28:34] PASS {"kind": "layout", "playing": false, "authority": {"tick": 0, "cursor": 0, "stateHash": "5c1105c0661578a4", "engineHash": "6418751f337aef28"}, "viewport": [1280, 800], "devicePixelRatio": 2, "controls": {"drag-region": [0, 0, 696, 40], "tools": [704, 5, 564, 30], "undo": [704, 5, 75.7, 28], "redo":   [layout] 1280×800 and known law selected
[qa 18:28:35] recording m7-two-futures for 100 s (overlay windows skipped by the hit test: 1583)
[qa 18:28:39] PASS {"kind": "comparison", "action": "baseline-committed", "worlds": 1, "generation": 1, "buffers": 8, "frames": 601, "identities": 1, "bytes": 26802006, "suffix": 0, "suffixBytes": 0, "historyBytes": 0, "horizon": 600, "metrics": {"ticks": 600, "elapsedMs": 15, "batches": 4, "bytes": 26802006, "endpoin  [comparison] 600 tick baseline committed
[qa 18:28:40] captured m7-01-common-fork.png
[qa 18:28:49] PASS {"kind": "layout", "playing": false, "authority": {"tick": 0, "cursor": 1, "stateHash": "243bc43fe2aa83d3", "engineHash": "6418751f337aef28"}, "viewport": [1280, 800], "devicePixelRatio": 2, "controls": {"drag-region": [0, 0, 696, 40], "tools": [704, 5, 564, 30], "undo": [704, 5, 75.7, 28], "redo":   [layout] B intervention recorded without moving source
[qa 18:28:55] PASS {"kind": "layout", "playing": false, "authority": {"tick": 374, "cursor": 1, "stateHash": "6c3572aaffc63f98", "engineHash": "f45f69a2a545ffed"}, "viewport": [1280, 800], "devicePixelRatio": 2, "controls": {"drag-region": [0, 0, 696, 40], "tools": [704, 5, 564, 30], "undo": [704, 5, 75.7, 28], "redo"  [layout] equal tick intervention
M7 separation: PASS (structured native log)
[qa 18:28:56] captured m7-02-divergence.png
M7 ghosts: PASS (structured native log)
M7 replay: PASS (structured native log)
[qa 18:29:05] captured m7-03-replayed.png
[qa 18:29:08] PASS {"kind": "layout", "playing": false, "authority": {"tick": 0, "cursor": 0, "stateHash": "5c1105c0661578a4", "engineHash": "6418751f337aef28"}, "viewport": [1280, 800], "devicePixelRatio": 2, "controls": {"drag-region": [0, 0, 696, 40], "tools": [704, 5, 564, 30], "undo": [704, 5, 75.7, 28], "redo":   [layout] New Alternate deliberately clears edits
[qa 18:29:08] captured m7-04-new.png
[qa 18:29:12] PASS {"kind": "layout", "playing": false, "authority": {"tick": 0, "cursor": 0, "stateHash": "5c1105c0661578a4", "engineHash": "6418751f337aef28"}, "viewport": [1280, 800], "devicePixelRatio": 2, "controls": {"drag-region": [0, 0, 696, 40], "tools": [704, 5, 564, 30], "undo": [704, 5, 75.7, 28], "redo":   [layout] real extension retains fork and reaches 1200
[qa 18:29:12] PASS {"kind": "layout", "playing": false, "authority": {"tick": 0, "cursor": 0, "stateHash": "5c1105c0661578a4", "engineHash": "6418751f337aef28"}, "viewport": [1280, 800], "devicePixelRatio": 2, "controls": {"drag-region": [0, 0, 696, 40], "tools": [704, 5, 564, 30], "undo": [704, 5, 75.7, 28], "redo":   [layout] no fabricated baseline frame
[qa 18:29:18] PASS {"kind": "document", "action": "export-alternate", "outcome": "saved", "file": "two-futures-alternate.lawsmith.json", "mode": "packaged", "t": 64107}  [document] ordinary alternate setup export
[qa 18:29:20] PASS {"kind": "layout", "playing": false, "authority": {"tick": 0, "cursor": 0, "stateHash": "5c1105c0661578a4", "engineHash": "6418751f337aef28"}, "viewport": [1280, 800], "devicePixelRatio": 2, "controls": {"drag-region": [0, 0, 696, 40], "tools": [704, 5, 564, 30], "undo": [704, 5, 75.7, 28], "redo":   [layout] source restored at entry address
[qa 18:29:20] waiting for m7-two-futures to finish
[qa 18:30:17] recording m7-two-futures.mp4 written
[qa 18:30:20] PASS {"kind": "m7-fixtures", "complete": true, "mode": "packaged", "t": 127506}  [m7-fixtures] packaged independent M7 fixtures completed
M7 fixtures: PASS (structured native log)
[qa 18:30:20] 20 view/context cycles
[qa 18:30:23] PASS {"kind": "comparison", "action": "baseline-committed", "worlds": 1, "generation": 1, "buffers": 8, "frames": 601, "identities": 1, "bytes": 26802006, "suffix": 0, "suffixBytes": 0, "historyBytes": 0, "horizon": 600, "metrics": {"ticks": 600, "elapsedMs": 4, "batches": 3, "bytes": 26802006, "endpoint  [comparison] 600 tick baseline committed
M7 replay: PASS (structured native log)
[qa 18:30:37] PASS {"kind": "comparison", "action": "baseline-committed", "worlds": 1, "generation": 1, "buffers": 8, "frames": 601, "identities": 1, "bytes": 26802006, "suffix": 0, "suffixBytes": 0, "historyBytes": 0, "horizon": 600, "metrics": {"ticks": 600, "elapsedMs": 8, "batches": 3, "bytes": 26802006, "endpoint  [comparison] 600 tick baseline committed
M7 replay: PASS (structured native log)
[qa 18:30:52] PASS {"kind": "comparison", "action": "baseline-committed", "worlds": 1, "generation": 1, "buffers": 8, "frames": 601, "identities": 1, "bytes": 26802006, "suffix": 0, "suffixBytes": 0, "historyBytes": 0, "horizon": 600, "metrics": {"ticks": 600, "elapsedMs": 5, "batches": 3, "bytes": 26802006, "endpoint  [comparison] 600 tick baseline committed
M7 replay: PASS (structured native log)
[qa 18:31:07] PASS {"kind": "comparison", "action": "baseline-committed", "worlds": 1, "generation": 1, "buffers": 8, "frames": 601, "identities": 1, "bytes": 26802006, "suffix": 0, "suffixBytes": 0, "historyBytes": 0, "horizon": 600, "metrics": {"ticks": 600, "elapsedMs": 9, "batches": 3, "bytes": 26802006, "endpoint  [comparison] 600 tick baseline committed
M7 replay: PASS (structured native log)
[qa 18:31:20] PASS {"kind": "comparison", "action": "baseline-committed", "worlds": 1, "generation": 1, "buffers": 8, "frames": 601, "identities": 1, "bytes": 26802006, "suffix": 0, "suffixBytes": 0, "historyBytes": 0, "horizon": 600, "metrics": {"ticks": 600, "elapsedMs": 4, "batches": 3, "bytes": 26802006, "endpoint  [comparison] 600 tick baseline committed
M7 replay: PASS (structured native log)
[qa 18:31:34] PASS {"kind": "comparison", "action": "baseline-committed", "worlds": 1, "generation": 1, "buffers": 8, "frames": 601, "identities": 1, "bytes": 26802006, "suffix": 0, "suffixBytes": 0, "historyBytes": 0, "horizon": 600, "metrics": {"ticks": 600, "elapsedMs": 4, "batches": 3, "bytes": 26802006, "endpoint  [comparison] 600 tick baseline committed
M7 replay: PASS (structured native log)
[qa 18:31:48] PASS {"kind": "comparison", "action": "baseline-committed", "worlds": 1, "generation": 1, "buffers": 8, "frames": 601, "identities": 1, "bytes": 26802006, "suffix": 0, "suffixBytes": 0, "historyBytes": 0, "horizon": 600, "metrics": {"ticks": 600, "elapsedMs": 5, "batches": 3, "bytes": 26802006, "endpoint  [comparison] 600 tick baseline committed
M7 replay: PASS (structured native log)
[qa 18:32:03] PASS {"kind": "comparison", "action": "baseline-committed", "worlds": 1, "generation": 1, "buffers": 8, "frames": 601, "identities": 1, "bytes": 26802006, "suffix": 0, "suffixBytes": 0, "historyBytes": 0, "horizon": 600, "metrics": {"ticks": 600, "elapsedMs": 5, "batches": 3, "bytes": 26802006, "endpoint  [comparison] 600 tick baseline committed
M7 replay: PASS (structured native log)
[qa 18:32:18] PASS {"kind": "comparison", "action": "baseline-committed", "worlds": 1, "generation": 1, "buffers": 8, "frames": 601, "identities": 1, "bytes": 26802006, "suffix": 0, "suffixBytes": 0, "historyBytes": 0, "horizon": 600, "metrics": {"ticks": 600, "elapsedMs": 8, "batches": 3, "bytes": 26802006, "endpoint  [comparison] 600 tick baseline committed
M7 replay: PASS (structured native log)
[qa 18:32:32] PASS {"kind": "comparison", "action": "baseline-committed", "worlds": 1, "generation": 1, "buffers": 8, "frames": 601, "identities": 1, "bytes": 26802006, "suffix": 0, "suffixBytes": 0, "historyBytes": 0, "horizon": 600, "metrics": {"ticks": 600, "elapsedMs": 4, "batches": 3, "bytes": 26802006, "endpoint  [comparison] 600 tick baseline committed
M7 replay: PASS (structured native log)
[qa 18:32:48] PASS {"kind": "comparison", "action": "baseline-committed", "worlds": 1, "generation": 1, "buffers": 8, "frames": 601, "identities": 1, "bytes": 26802006, "suffix": 0, "suffixBytes": 0, "historyBytes": 0, "horizon": 600, "metrics": {"ticks": 600, "elapsedMs": 9, "batches": 3, "bytes": 26802006, "endpoint  [comparison] 600 tick baseline committed
M7 replay: PASS (structured native log)
[qa 18:33:07] PASS {"kind": "comparison", "action": "baseline-committed", "worlds": 1, "generation": 1, "buffers": 8, "frames": 601, "identities": 1, "bytes": 26802006, "suffix": 0, "suffixBytes": 0, "historyBytes": 0, "horizon": 600, "metrics": {"ticks": 600, "elapsedMs": 4, "batches": 3, "bytes": 26802006, "endpoint  [comparison] 600 tick baseline committed
M7 replay: PASS (structured native log)
[qa 18:33:23] PASS {"kind": "comparison", "action": "baseline-committed", "worlds": 1, "generation": 1, "buffers": 8, "frames": 601, "identities": 1, "bytes": 26802006, "suffix": 0, "suffixBytes": 0, "historyBytes": 0, "horizon": 600, "metrics": {"ticks": 600, "elapsedMs": 4, "batches": 3, "bytes": 26802006, "endpoint  [comparison] 600 tick baseline committed
M7 replay: PASS (structured native log)
[qa 18:33:38] PASS {"kind": "comparison", "action": "baseline-committed", "worlds": 1, "generation": 1, "buffers": 8, "frames": 601, "identities": 1, "bytes": 26802006, "suffix": 0, "suffixBytes": 0, "historyBytes": 0, "horizon": 600, "metrics": {"ticks": 600, "elapsedMs": 8, "batches": 3, "bytes": 26802006, "endpoint  [comparison] 600 tick baseline committed
M7 replay: PASS (structured native log)
[qa 18:33:52] PASS {"kind": "comparison", "action": "baseline-committed", "worlds": 1, "generation": 1, "buffers": 8, "frames": 601, "identities": 1, "bytes": 26802006, "suffix": 0, "suffixBytes": 0, "historyBytes": 0, "horizon": 600, "metrics": {"ticks": 600, "elapsedMs": 7, "batches": 3, "bytes": 26802006, "endpoint  [comparison] 600 tick baseline committed
M7 replay: PASS (structured native log)
[qa 18:34:07] PASS {"kind": "comparison", "action": "baseline-committed", "worlds": 1, "generation": 1, "buffers": 8, "frames": 601, "identities": 1, "bytes": 26802006, "suffix": 0, "suffixBytes": 0, "historyBytes": 0, "horizon": 600, "metrics": {"ticks": 600, "elapsedMs": 5, "batches": 3, "bytes": 26802006, "endpoint  [comparison] 600 tick baseline committed
M7 replay: PASS (structured native log)
[qa 18:34:22] PASS {"kind": "comparison", "action": "baseline-committed", "worlds": 1, "generation": 1, "buffers": 8, "frames": 601, "identities": 1, "bytes": 26802006, "suffix": 0, "suffixBytes": 0, "historyBytes": 0, "horizon": 600, "metrics": {"ticks": 600, "elapsedMs": 4, "batches": 3, "bytes": 26802006, "endpoint  [comparison] 600 tick baseline committed
M7 replay: PASS (structured native log)
[qa 18:34:37] PASS {"kind": "comparison", "action": "baseline-committed", "worlds": 1, "generation": 1, "buffers": 8, "frames": 601, "identities": 1, "bytes": 26802006, "suffix": 0, "suffixBytes": 0, "historyBytes": 0, "horizon": 600, "metrics": {"ticks": 600, "elapsedMs": 5, "batches": 3, "bytes": 26802006, "endpoint  [comparison] 600 tick baseline committed
M7 replay: PASS (structured native log)
[qa 18:34:52] PASS {"kind": "comparison", "action": "baseline-committed", "worlds": 1, "generation": 1, "buffers": 8, "frames": 601, "identities": 1, "bytes": 26802006, "suffix": 0, "suffixBytes": 0, "historyBytes": 0, "horizon": 600, "metrics": {"ticks": 600, "elapsedMs": 10, "batches": 3, "bytes": 26802006, "endpoin  [comparison] 600 tick baseline committed
M7 replay: PASS (structured native log)
[qa 18:35:08] PASS {"kind": "comparison", "action": "baseline-committed", "worlds": 1, "generation": 1, "buffers": 8, "frames": 601, "identities": 1, "bytes": 26802006, "suffix": 0, "suffixBytes": 0, "historyBytes": 0, "horizon": 600, "metrics": {"ticks": 600, "elapsedMs": 4, "batches": 3, "bytes": 26802006, "endpoint  [comparison] 600 tick baseline committed
M7 replay: PASS (structured native log)
M7 resources: PASS (structured native log)
[qa 18:35:20] captured m7-05-closed.png
[qa 18:35:22] m7-compare complete
