[qa 19:08:09] segment: session A: record a real intervention
[qa 19:08:28] launched pid 5084, window at 0,21, log m6a-rec.log
[qa 19:08:42] PASS {"kind": "document", "action": "open", "outcome": "committed", "file": "m6a-lab.lawsmith.json", "generation": 2, "title": "M6A lab", "bytes": 4415, "readMs": 0.074, "parseMs": 2, "candidateMs": 2, "commitMs": 6, "openMs": 10.074, "mode": "packaged", "t": 12127}  [document] the M6A lab opened transactionally
[qa 19:08:42] PASS {"kind": "qualification", "identity": {"app": "Lawsmith 0.0.0", "build": "packaged", "bundle": "index-DsgD8sW5.js sha256:abf7bc7d07e211663b9b4ef6ad5180be1b45dcb0d65b2b3f396243aab992559a", "tauri": "tauri 3.0.0-alpha.4; tauri-runtime 3.0.0-alpha.3; tauri-runtime-wry 3.0.0-alpha.4; wry 0.57.0; tao 0.3  [qualification] the packaged build reports a complete, qualified identity
[qa 19:08:43] recording m6a-record for 110 s (overlay windows skipped by the hit test: 2210)
[qa 19:08:44] PASS {"kind": "layout", "playing": false, "authority": {"tick": 0, "cursor": 0, "stateHash": "c2946dec66ba469d", "engineHash": "1b79a5ce1689ba83"}, "viewport": [1168, 734], "devicePixelRatio": 2, "controls": {"drag-region": [0, 0, 584, 40], "tools": [592, 5, 564, 30], "undo": [592, 5, 75.7, 28], "redo":   [layout] idle: Record from tick 0 and Open recording are offered
[qa 19:08:45] captured record-01-idle.png
[qa 19:08:46] PASS {"kind": "recording", "action": "start", "runId": "run-c42bbd8a-1e64-4416-90d3-ce8de5b259e4", "tick": 0, "cursor": 0, "bytes": 6033, "qualified": true, "laws": [{"id": "calm", "enabled": true, "position": [-3, 0, 0], "rotation": [0, 0, 0, 1], "region": {"kind": "sphere", "radius": 1.2}, "edgeFade":   [recording] Record from tick 0 started a new experiment at (0, 0)
[qa 19:09:01] PASS {"kind": "gesture", "phase": "commit", "reason": "stale-buttons", "transformMode": "translate", "handle": null, "samples": 24, "rejected": 0, "pointer": null, "firstRevision": 1, "lastRevision": 24, "field": {"enabled": true, "position": [-0.06829895702384414, 1, 0], "rotation": [0, 0, 0, 1], "regio  [gesture] the push was dragged while the stream played: one gesture of many samples
[qa 19:09:03] PASS {"kind": "control", "law": "storm-bottle", "enabled": false, "revision": 25, "mode": "packaged", "t": 38321}  [control] the Storm Bottle disabled, live
[qa 19:09:07] PASS {"kind": "control", "law": "storm-bottle", "enabled": true, "revision": 26, "mode": "packaged", "t": 41604}  [control] and enabled again
[qa 19:09:23] PASS {"kind": "control", "law": "storm-bottle", "ingredient": "Add gain", "path": [1], "revision": 27, "field": {"id": "storm-bottle", "enabled": true, "position": [3.2, 1.6, 0], "rotation": [0, 0, 0, 1], "region": {"kind": "cylinderY", "radius": 1.4, "halfHeight": 1.8}, "edgeFade": 0.25, "expression": {  [control] paused: the swirl got a gain
[qa 19:09:26] PASS {"kind": "control", "law": "storm-bottle", "ingredient": "Change gain", "path": [1], "revision": 28, "field": {"id": "storm-bottle", "enabled": true, "position": [3.2, 1.6, 0], "rotation": [0, 0, 0, 1], "region": {"kind": "cylinderY", "radius": 1.4, "halfHeight": 1.8}, "edgeFade": 0.25, "expression"  [control] and, at the same tick, a triangle
[qa 19:09:26] captured record-02-recording.png
[qa 19:09:31] PASS {"kind": "history", "action": "undo", "ok": true, "label": "Change gain", "law": "storm-bottle", "reason": null, "revision": 29, "tick": 2911, "laws": [{"id": "calm", "enabled": true, "position": [-3, 0, 0], "rotation": [0, 0, 0, 1], "region": {"kind": "sphere", "radius": 1.2}, "edgeFade": 0.2, "exp  [history] live undo of the triangle, while playing
[qa 19:09:47] PASS {"kind": "control", "law": "push", "enabled": true, "revision": 31, "mode": "packaged", "t": 81404}  [control] two paused edits at the final tick
[qa 19:09:48] PASS {"kind": "layout", "playing": false, "authority": {"tick": 3329, "cursor": 31, "stateHash": "30a51217cafcffdc", "engineHash": "76031330391ba86d"}, "viewport": [1168, 734], "devicePixelRatio": 2, "controls": {"drag-region": [0, 0, 584, 40], "tools": [592, 5, 564, 30], "undo": [592, 5, 75.7, 28], "red  [layout] recording: Stop, and progress toward the limits
[qa 19:09:50] PASS {"kind": "recording", "action": "stopped", "runId": "run-c42bbd8a-1e64-4416-90d3-ce8de5b259e4", "title": "M6A lab", "commands": 31, "finalTick": 3329, "lastAppliedSequence": 31, "stopped": "user", "finalCheck": {"stateSha256": "cc94b95e52ad92eecdd9789923d880c3336a7ad937551d48178a5134fd727e14", "engi  [recording] Stop froze the record at its final address, with a final check
[qa 19:09:50] recorded run-c42bbd8a-1e64-4416-90d3-ce8de5b259e4: final address (3329, 31)
[qa 19:09:53] PASS {"kind": "layout", "playing": false, "authority": {"tick": 3329, "cursor": 32, "stateHash": "62bb12cff81e94e0", "engineHash": "76031330391ba86d"}, "viewport": [1168, 734], "devicePixelRatio": 2, "controls": {"drag-region": [0, 0, 584, 40], "tools": [592, 5, 564, 30], "undo": [592, 5, 75.7, 28], "red  [layout] the post-stop edit left the record's final address
[qa 19:09:53] PASS {"kind": "control", "law": "push", "enabled": false, "revision": 32, "mode": "packaged", "t": 86636}  [control] the post-stop edit applied to the live scene
[qa 19:09:53] captured record-03-stopped.png
[qa 19:09:53] segment: session A: replay shows the recording, then Return to authoring
[qa 19:10:11] PASS {"kind": "context", "reason": "replay", "worlds": 2, "peakWorlds": 2, "authoring": 1, "replay": 1, "candidates": 0, "seeking": 0, "checkpoints": 0, "checkpointBytes": 0, "selected": "replay", "recording": "recorded", "comparison": null, "tick": 0, "cursor": 0, "runId": "run-c42bbd8a-1e64-4416-90d3-c  [context] replay: a second world from the frozen root, the authoring world kept
[qa 19:10:15] PASS {"kind": "layout", "playing": false, "authority": {"tick": 0, "cursor": 0, "stateHash": "c2946dec66ba469d", "engineHash": "1b79a5ce1689ba83"}, "viewport": [1168, 734], "devicePixelRatio": 2, "controls": {"drag-region": [0, 0, 584, 40], "tools": [592, 5, 564, 30], "undo": [592, 5, 75.7, 28], "redo":   [layout] the replay shows the root's push (enabled, at -1.5), not the newer authored one
[qa 19:10:15] PASS {"kind": "layout", "playing": false, "authority": {"tick": 0, "cursor": 0, "stateHash": "c2946dec66ba469d", "engineHash": "1b79a5ce1689ba83"}, "viewport": [1168, 734], "devicePixelRatio": 2, "controls": {"drag-region": [0, 0, 584, 40], "tools": [592, 5, 564, 30], "undo": [592, 5, 75.7, 28], "redo":   [layout] read-only replay: its title, Replay from start and Return to authoring, no Record
[qa 19:10:15] captured replay-01-root.png
[qa 19:10:45] PASS {"kind": "replay-complete", "runId": "run-c42bbd8a-1e64-4416-90d3-ce8de5b259e4", "tick": 3329, "cursor": 31, "finalTick": 3329, "lastAppliedSequence": 31, "check": {"kind": "match"}, "stateSha256": "cc94b95e52ad92eecdd9789923d880c3336a7ad937551d48178a5134fd727e14", "engineSha256": "cc01e29b14637c6ea  [replay-complete] the replay reached the frozen address and matched the recorded end
[qa 19:10:46] PASS {"kind": "layout", "playing": false, "authority": {"tick": 3329, "cursor": 31, "stateHash": "30a51217cafcffdc", "engineHash": "76031330391ba86d"}, "viewport": [1168, 734], "devicePixelRatio": 2, "controls": {"drag-region": [0, 0, 584, 40], "tools": [592, 5, 564, 30], "undo": [592, 5, 75.7, 28], "red  [layout] at the end: read-only, paused, the check shown
[qa 19:10:46] captured replay-02-end.png
[qa 19:10:47] PASS {"kind": "file-control", "action": "save", "outcome": "refused", "reason": "replay", "mode": "packaged", "t": 141983}  [file-control] ⌘S during replay saves nothing: ordinary Save Scene is off
[qa 19:10:49] PASS {"kind": "context", "reason": "return", "worlds": 1, "peakWorlds": 2, "authoring": 1, "replay": 0, "candidates": 0, "seeking": 0, "checkpoints": 13, "checkpointBytes": 1167794, "selected": "authoring", "recording": "recorded", "comparison": null, "tick": 3329, "cursor": 32, "runId": null, "qualified  [context] Return to authoring freed the replay world
[qa 19:10:51] PASS {"kind": "layout", "playing": false, "authority": {"tick": 3329, "cursor": 32, "stateHash": "62bb12cff81e94e0", "engineHash": "76031330391ba86d"}, "viewport": [1168, 734], "devicePixelRatio": 2, "controls": {"drag-region": [0, 0, 584, 40], "tools": [592, 5, 564, 30], "undo": [592, 5, 75.7, 28], "red  [layout] the retained authoring scene is back: the push disabled after the stop
[qa 19:10:51] PASS  [m6aq retained] the authoring world, revision and history are identical before and after the replay: 1 replays left the authoring world, revision and history identical
[qa 19:10:52] captured replay-03-returned.png
[qa 19:10:52] segment: session A: save the recording and quit
[qa 19:11:14] PASS {"kind": "document", "action": "save-recording", "outcome": "saved", "file": "m6a-qa.lawsmith-run.json", "runId": "run-c42bbd8a-1e64-4416-90d3-ce8de5b259e4", "bytes": 17704, "commands": 31, "finalTick": 3329, "lastAppliedSequence": 31, "stopped": "user", "writeMs": 8.79, "saveMs": 11, "mode": "packa  [document] Save Recording wrote the run file
[qa 19:11:14] waiting for m6a-record to finish
[qa 19:11:19] recording m6a-record.mp4 written
[qa 19:11:19] PASS  [m6aq runfile] the saved run holds the multi-boundary drag, same-tick and terminal commands, the triangle and its undo: {"format": "lawsmith.run", "runId": "run-c42bbd8a-1e64-4416-90d3-ce8de5b259e4", "commands": 31, "finalTick": 3329, "lastAppliedSequence": 31, "stopped": "user", "finalCheck": {"engineSha256": "cc01e29b14637c6ea918851a132e21c250495600f9e759a28e239127ff0b842f", "stateSha256": "cc94b95e52ad92eecdd9789923d880c3336a7ad937551d48178a5134fd727e14"}, "multiBoundaryTransactions": {"tx-1": [763, 791, 822, 849, 879, 907, 937, 966, 996, 1025, 1053, 1083, 1113, 1141, 1171, 1200, 1230, 1257, 1285, 1315, 1344, 1374, 1401, 1431]}, "sameTickGroups": {"2587": [27, 28], "3329": [30, 31]}, "triangleCommands": [28], "triangleUndone": true, "disableCommands": [25, 30], "terminalCommands": [30, 31], "rootLaws": ["calm", "push", "storm-bottle"], "createdLaws": [], "qualification": {"app": "Lawsmith 0.0.0", "arch": "aarch64", "build": "packaged", "bundle": "index-DsgD8sW5.js sha256:abf7bc7d07e211663b9b4ef6ad5180be1b45dcb0d65b2b3f396243aab992559a", "os": "macOS 27.2 (26B5101f)", "tauri": "tauri 3.0.0-alpha.4; tauri-runtime 3.0.0-alpha.3; tauri-runtime-wry 3.0.0-alpha.4; wry 0.57.0; tao 0.37.1", "webkit": "22625.2.7.1"}}
[qa 19:11:20] the guard asks about the scene
[qa 19:11:21] segment: session B: a fresh launch opens and replays it
[qa 19:11:41] launched pid 19484, window at 0,21, log m6a-replay.log
[qa 19:11:43] recording m6a-replay for 80 s (overlay windows skipped by the hit test: 2267)
[qa 19:11:55] PASS {"kind": "document", "action": "open-recording", "outcome": "committed", "file": "m6a-qa.lawsmith-run.json", "runId": "run-c42bbd8a-1e64-4416-90d3-ce8de5b259e4", "commands": 31, "finalTick": 3329, "lastAppliedSequence": 31, "bytes": 17704, "readMs": 0.101, "parseMs": 5, "candidateMs": 1, "commitMs":  [document] Open Recording validated and committed the run
[qa 19:11:55] PASS {"kind": "context", "reason": "open-recording", "worlds": 2, "peakWorlds": 2, "authoring": 1, "replay": 1, "candidates": 0, "seeking": 0, "checkpoints": 0, "checkpointBytes": 0, "selected": "replay", "recording": "recorded", "comparison": null, "tick": 0, "cursor": 0, "runId": "run-c42bbd8a-1e64-441  [context] it replays from tick 0, beside the untouched default scene
[qa 19:12:09] PASS {"kind": "sim-control", "action": "pause", "reason": "native-focus-lost", "tick": 365, "mode": "packaged", "t": 27507}  [sim-control] Hide paused the replay; nothing advanced while hidden
[qa 19:12:09] PASS {"kind": "layout", "playing": false, "authority": {"tick": 365, "cursor": 0, "stateHash": "c164e686598c2fb8", "engineHash": "8fcece2d87c0ff79"}, "viewport": [1168, 734], "devicePixelRatio": 2, "controls": {"drag-region": [0, 0, 584, 40], "tools": [592, 5, 564, 30], "undo": [592, 5, 75.7, 28], "redo"  [layout] still paused at the same tick after coming back: Play stays explicit
[qa 19:12:36] PASS {"kind": "replay-complete", "runId": "run-c42bbd8a-1e64-4416-90d3-ce8de5b259e4", "tick": 3329, "cursor": 31, "finalTick": 3329, "lastAppliedSequence": 31, "check": {"kind": "match"}, "stateSha256": "cc94b95e52ad92eecdd9789923d880c3336a7ad937551d48178a5134fd727e14", "engineSha256": "cc01e29b14637c6ea  [replay-complete] after a fresh launch, the same final address and a matching end check
[qa 19:12:36] captured replay-04-fresh-end.png
[qa 19:12:36] PASS  [m6aq final] the fresh replay's end digests equal the recording's final check: (3329, 31) state cc94b95e52ad engine cc01e29b1463
[qa 19:12:36] PASS  [m6aq checkpoints] every live checkpoint of the recording has an equal replay checkpoint: 13 checkpoints equal at [(240, 0), (480, 0), (720, 0), (960, 7), (1200, 16), (1440, 24), (1680, 24), (1920, 25), (2160, 25), (2400, 26), (2640, 28), (2880, 28), (3120, 29)]
[qa 19:12:36] waiting for m6a-replay to finish
[qa 19:13:06] recording m6a-replay.mp4 written
[qa 19:13:06] segment: session B: the runtime's own M6A fixtures
[qa 19:13:14] PASS {"kind": "m6a-fixtures", "elapsedMs": 4271, "oracle": {"runId": "run-c42bbd8a-1e64-4416-90d3-ce8de5b259e4", "units": 3329, "divergence": null, "end": {"address": {"tick": 3329, "cursor": 31}, "complete": true, "stateSha256": "cc94b95e52ad92eecdd9789923d880c3336a7ad937551d48178a5134fd727e14", "engine  [m6a-fixtures] the linear oracle agrees with itself and the record; 20+20 cycles and 20 imports hold the counts
[qa 19:13:15] PASS {"kind": "visual-resources", "contexts": {"worlds": 1, "peakWorlds": 3, "authoring": 1, "replay": 0, "candidates": 0, "seeking": 0, "checkpoints": 0, "checkpointBytes": 0, "selected": "authoring", "recording": "recorded", "comparison": null}, "render": {"geometries": 38, "textures": 5, "objects": 11  [visual-resources] steady state after the cycles: one authoring world, no replay or candidate
[qa 19:13:17] m6a-record complete
