[qa 20:05:16] segment: authoring: undo and identity
[qa 20:05:29] launched pid 24742, window at 0,21, log auth-a.log
[qa 20:05:38] PASS {"kind": "gesture", "phase": "commit", "reason": "stale-buttons", "transformMode": "translate", "samples": 24, "rejected": 0, "firstRevision": 1, "lastRevision": 24, "field": {"enabled": true, "position": [1.7659984003524407, 1, 0], "rotation": [0, 0, 0, 1], "halfExtents": [1.5, 2, 1.5]}, "lawId": "  [gesture] one move gesture
[qa 20:05:39] PASS {"kind": "history", "action": "undo", "ok": true, "label": "Move law", "law": "sideways", "reason": null, "revision": 25, "tick": 0, "laws": [{"id": "sideways", "enabled": true, "position": [3, 1, 0], "rotation": [0, 0, 0, 1], "halfExtents": [1.5, 2, 1.5]}], "mode": "packaged", "t": 11548}  [history] one undo restores the law to where the drag began
[qa 20:05:40] PASS {"kind": "history", "action": "redo", "ok": true, "label": "Move law", "law": "sideways", "reason": null, "revision": 26, "tick": 0, "laws": [{"id": "sideways", "enabled": true, "position": [1.7659984003524407, 1, 0], "rotation": [0, 0, 0, 1], "halfExtents": [1.5, 2, 1.5]}], "mode": "packaged", "t":  [history] redo restores the dragged position exactly
[qa 20:05:41] PASS {"kind": "history", "action": "undo", "ok": true, "label": "Move law", "law": "sideways", "reason": null, "revision": 27, "tick": 0, "laws": [{"id": "sideways", "enabled": true, "position": [3, 1, 0], "rotation": [0, 0, 0, 1], "halfExtents": [1.5, 2, 1.5]}], "mode": "packaged", "t": 13489}  [history] a second undo is the same entry again
[qa 20:05:47] PASS {"kind": "history", "action": "undo", "ok": true, "label": "Move law", "law": "sideways", "reason": null, "revision": 29, "tick": 431, "laws": [{"id": "sideways", "enabled": true, "position": [3, 1, 0], "rotation": [0, 0, 0, 1], "halfExtents": [1.5, 2, 1.5]}], "mode": "packaged", "t": 19877}  [history] undo while playing applies at the current tick
[qa 20:05:50] PASS {"kind": "sim-control", "action": "pause", "reason": "control", "tick": 885, "mode": "packaged", "t": 23658}  [sim-control] the run kept advancing after the undo
[qa 20:05:53] PASS {"kind": "control", "duplicate": "sideways", "created": "sideways-2", "reason": null, "laws": 2, "mode": "packaged", "t": 26192}  [control] duplicate creates the next free ID
[qa 20:05:55] PASS {"kind": "control", "delete": "sideways-2", "ok": true, "laws": 1, "mode": "packaged", "t": 27710}  [control] delete removes the selected copy through the command path
[qa 20:05:55] PASS {"kind": "history", "action": "undo", "ok": true, "label": "Delete law", "law": "sideways-2", "reason": null, "revision": 33, "tick": 885, "laws": [{"id": "sideways", "enabled": true, "position": [3, 1, 0], "rotation": [0, 0, 0, 1], "halfExtents": [1.5, 2, 1.5]}, {"id": "sideways-2", "enabled": true  [history] undo of delete brings back sideways-2 with its ID
[qa 20:05:56] PASS {"kind": "history", "action": "undo", "ok": true, "label": "Duplicate law", "law": "sideways-2", "reason": null, "revision": 34, "tick": 885, "laws": [{"id": "sideways", "enabled": true, "position": [3, 1, 0], "rotation": [0, 0, 0, 1], "halfExtents": [1.5, 2, 1.5]}], "mode": "packaged", "t": 29273}  [history] undo of duplicate removes the copy
[qa 20:05:57] PASS {"kind": "history", "action": "redo", "ok": true, "label": "Duplicate law", "law": "sideways-2", "reason": null, "revision": 36, "tick": 885, "laws": [{"id": "sideways", "enabled": true, "position": [3, 1, 0], "rotation": [0, 0, 0, 1], "halfExtents": [1.5, 2, 1.5]}, {"id": "sideways-2", "enabled": t  [history] redo of duplicate recreates the same ID
[qa 20:05:58] captured auth-01-duplicate.png
[qa 20:05:58] segment: authoring: presentation versus semantics
[qa 20:06:17] PASS {"kind": "digest", "reason": "color", "generation": 1, "revision": 37, "semanticSha256": "f4296950486d582f2673bf0533e358953aedaf7784b01b5e84b06546f1ed2c6c", "mode": "packaged", "t": 50109}  [digest] a color change keeps the semantic digest
[qa 20:06:17] PASS {"kind": "digest", "reason": "visibility", "generation": 1, "revision": 38, "semanticSha256": "f4296950486d582f2673bf0533e358953aedaf7784b01b5e84b06546f1ed2c6c", "mode": "packaged", "t": 50656}  [digest] hiding the law keeps the semantic digest
[qa 20:06:19] PASS {"kind": "digest", "reason": "arrows", "generation": 1, "revision": 39, "semanticSha256": "f4296950486d582f2673bf0533e358953aedaf7784b01b5e84b06546f1ed2c6c", "mode": "packaged", "t": 52212}  [digest] turning arrows off keeps the semantic digest
[qa 20:06:23] PASS {"kind": "digest", "reason": "label", "generation": 1, "revision": 40, "semanticSha256": "f4296950486d582f2673bf0533e358953aedaf7784b01b5e84b06546f1ed2c6c", "mode": "packaged", "t": 54928}  [digest] renaming the law keeps the semantic digest
[qa 20:06:32] PASS {"kind": "digest", "reason": "label", "generation": 1, "revision": 40, "semanticSha256": "f4296950486d582f2673bf0533e358953aedaf7784b01b5e84b06546f1ed2c6c", "mode": "packaged", "t": 54928}  [digest] moving the camera made no document edit
[qa 20:06:32] PASS  the camera moved without a document edit
[qa 20:06:32] captured auth-02-presentation.png
[qa 20:06:33] PASS {"kind": "digest", "reason": "enabled", "generation": 1, "revision": 41, "semanticSha256": "449b4d17e15c4b84d7354abd878b2d4acc92a1b226c54a4b91e22f64efe42b00", "mode": "packaged", "t": 65797}  [digest] disabling the law changes the semantic digest
[qa 20:06:36] PASS {"kind": "control", "law": "sideways", "precise": "Move law", "rejected": "position components must be within \u00b11000 m", "mode": "packaged", "t": 68606}  [control] an out-of-range position is rejected
[qa 20:06:38] captured auth-03-rejected-value.png
[qa 20:06:41] PASS {"kind": "control", "law": "sideways", "precise": "Move law", "revision": 42, "field": {"id": "sideways", "enabled": false, "position": [2.5, 1, 0], "rotation": [0, 0, 0, 1], "halfExtents": [1.5, 2, 1.5]}, "mode": "packaged", "t": 73482}  [control] a valid precise value is one validated edit
[qa 20:06:44] m2-authoring complete
