[qa 20:03:06] segment: invalid imports, canceled and refused saves
[qa 20:03:08] launched pid 12119, window at 0,21, log files-a.log
[qa 20:03:16] PASS {"kind": "document", "outcome": "rejected", "action": "open", "file": "bad-unknown-capability.lawsmith.json", "path": "requiredCapabilities[3]", "reason": "this scene requires \"primitive.vortexY.v2\", which this build does not support", "mode": "packaged", "t": 10115}  [document] bad-unknown-capability is rejected before replacing anything
[qa 20:03:24] PASS {"kind": "document", "outcome": "rejected", "action": "open", "file": "bad-zero-rotation.lawsmith.json", "path": "semantic.fields[0].pose.rotation", "reason": "rotation must be a finite nonzero quaternion", "mode": "packaged", "t": 17394}  [document] bad-zero-rotation is rejected before replacing anything
[qa 20:03:31] PASS {"kind": "document", "outcome": "rejected", "action": "open", "file": "bad-not-json.lawsmith.json", "path": "", "reason": "the file is not valid JSON (JSON Parse error: Property name must be a string literal)", "mode": "packaged", "t": 24635}  [document] bad-not-json is rejected before replacing anything
[qa 20:03:38] PASS {"kind": "document", "outcome": "failed", "action": "open", "failure": "not-utf8", "stage": "decode", "message": "the file is not UTF-8 (invalid utf-8 sequence of 1 bytes from index 56)", "mode": "packaged", "t": 31839}  [document] bad-latin1 is rejected before replacing anything
[qa 20:03:45] PASS {"kind": "document", "outcome": "failed", "action": "open", "failure": "too-large", "stage": "open", "message": "the file is larger than 5242880 bytes", "mode": "packaged", "t": 39027}  [document] bad-oversized is rejected before replacing anything
[qa 20:03:45] PASS {"kind": "digest", "reason": "startup", "generation": 1, "revision": 0, "semanticSha256": "ac7733bd9477e6e1a1e867470c0ac624e071a3330e921216c246f1b5240307ac", "mode": "packaged", "t": 2028}  [digest] the current scene's semantics never changed
[qa 20:03:46] captured files-01-rejected-import.png
[qa 20:03:49] PASS {"kind": "document", "action": "save-as", "outcome": "canceled", "file": null, "mode": "packaged", "t": 42999}  [document] a canceled Save As writes nothing
[qa 20:03:54] PASS {"kind": "document", "action": "save-as", "outcome": "refused-name", "name": "refused-name.json", "mode": "packaged", "t": 47410}  [document] a name without .lawsmith.json is refused
[qa 20:03:54] PASS  no file was written for the refused name
[qa 20:03:54] captured files-02-refused-name.png
[qa 20:04:00] PASS {"kind": "document", "action": "save-as", "outcome": "saved", "file": "bundled-roundtrip.lawsmith.json", "generation": 1, "revision": 0, "laterEdits": 0, "recoveryRetired": true, "bytes": 2503, "captureMs": 3, "writeMs": 9.528, "saveMs": 15, "mode": "packaged", "t": 52784}  [document] the untouched bundled scene saves
[qa 20:04:00] PASS  the saved bundled scene is byte-identical to the bundled file
[qa 20:04:02] segment: full disk
[qa 20:04:20] launched pid 23002, window at 0,21, log files-b.log
[qa 20:04:28] PASS {"kind": "document", "action": "open", "outcome": "committed", "file": "on-full-disk.lawsmith.json", "generation": 2, "title": "Falling stream", "bytes": 2503, "readMs": 2.348, "parseMs": 0, "candidateMs": 0, "commitMs": 2, "openMs": 4.348, "mode": "packaged", "t": 10403}  [document] the file on the full disk opened, through a symlink, and bound
[qa 20:04:32] PASS {"kind": "document", "outcome": "failed", "action": "save", "file": "on-full-disk.lawsmith.json", "revision": 1, "failure": "disk-full", "stage": "create-temp", "message": "No space left on device (os error 28)", "mode": "packaged", "t": 13253}  [document] Save to the symlinked file on a full disk fails and says so
[qa 20:04:32] PASS  the existing file is byte-identical after the failed save
[qa 20:04:32] PASS  no temporary file was left on the full disk
[qa 20:04:32] captured files-03-disk-full.png
[qa 20:04:33] PASS {"kind": "control", "law": "sideways", "enabled": true, "revision": 2, "mode": "packaged", "t": 15331}  [control] editing still works after the failed save
[qa 20:04:39] PASS {"kind": "document", "action": "save-as", "outcome": "saved", "file": "after-disk-full.lawsmith.json", "generation": 2, "revision": 2, "laterEdits": 0, "recoveryRetired": true, "bytes": 2503, "captureMs": 0, "writeMs": 8.738, "saveMs": 11, "mode": "packaged", "t": 20284}  [document] Save As to another writable location works after the failure
[qa 20:04:41] segment: read-only recovery directory
[qa 20:04:59] launched pid 23852, window at 0,21, log files-c.log
[qa 20:05:03] PASS {"kind": "recovery", "action": "write", "outcome": "failed", "generation": 1, "revision": 1, "failure": "permission", "stage": "create-temp", "message": "Permission denied (os error 13)", "mode": "packaged", "t": 4682}  [recovery] a recovery write that is denied is reported
[qa 20:05:04] captured files-04-recovery-unavailable.png
[qa 20:05:08] PASS {"kind": "document", "action": "save-as", "outcome": "saved", "file": "after-recovery-failure.lawsmith.json", "generation": 1, "revision": 1, "laterEdits": 0, "recoveryRetired": true, "bytes": 2504, "captureMs": 0, "writeMs": 9.04, "saveMs": 11, "mode": "packaged", "t": 10955}  [document] explicit Save As works while recovery is unavailable
[qa 20:05:11] m2-files complete
