[lawsmith] {"kind":"native","terminateGuard":true}
[lawsmith] {"kind":"runtime","mode":"packaged","origin":"tauri://localhost","isSecureContext":true,"navigatorGpu":true,"runtime":{"arch":"aarch64","build":"release","recovery":"override","tauri":"3.0.0-alpha.4","webview":"22625.2.5.11.1"},"userAgent":"Mozilla/5.0 (Macintosh; Intel Mac OS X 10_15_7) AppleWebKit/605.1.15 (KHTML, like Gecko)","timerResolutionMs":1,"t":100}
[lawsmith] {"kind":"backend","backend":"WebGPU","coordinateSystemIsWebGPU":true,"compatibilityMode":false,"samples":4,"adapter":{"vendor":"apple","architecture":"apple","device":"apple","description":"apple"},"features":["bgra8unorm-storage","clip-distances","core-features-and-limits","depth-clip-control","depth32float-stencil8","float32-blendable","float32-filterable","indirect-first-instance","rg11b10ufloat-renderable","shader-f16","texture-compression-astc","texture-compression-astc-sliced-3d","texture-compression-bc","texture-compression-bc-sliced-3d","texture-compression-etc2","texture-formats-tier1","texture-formats-tier2","timestamp-query"],"mode":"packaged","t":102}
[lawsmith] {"kind":"rapier","version":"0.21.0","profile":"lawsmith-m1-rapier-0.21.0","fieldKernel":"directional-box-v1","effectiveProfile":{"dt":0.008333333767950535,"numSolverIterations":4,"numInternalPgsIterations":1,"maxCcdSubsteps":1,"lengthUnit":1,"normalizedAllowedLinearError":0.004999999888241291,"normalizedPredictionDistance":0.019999999552965164,"contactErp":0.0728205069899559},"mode":"packaged","t":120}
[lawsmith] {"kind":"render-probe","distinctColors":72,"gpuErrors":0,"mode":"packaged","t":2023}
[lawsmith] {"kind":"digest","reason":"startup","generation":1,"revision":0,"semanticSha256":"ac7733bd9477e6e1a1e867470c0ac624e071a3330e921216c246f1b5240307ac","mode":"packaged","t":2026}
[lawsmith] {"kind":"recovery","action":"launch","current":"absent","previous":"absent","mode":"packaged","t":2029}
[lawsmith] {"kind":"guard","action":"ready","mode":"packaged","t":2031}
[lawsmith] {"kind":"ready","rendererInitMs":22,"rapierInitMs":18,"firstFrameMs":1957,"mode":"packaged","t":2037}
[lawsmith] {"kind":"stall","intervalMs":530,"tick":0,"playing":false,"previousFrame":{"workMs":1,"prepMs":0,"maxStepMs":0,"steps":0},"thisFrame":{"workMs":1,"prepMs":0,"maxStepMs":0,"steps":0},"mode":"packaged","t":4019}
[lawsmith] {"kind":"lifecycle","signal":"window-blur","tick":0,"playing":false,"mode":"packaged","t":4020}
[lawsmith] {"kind":"lifecycle","signal":"native-focus","focused":false,"minimized":false,"visible":true,"tick":0,"mode":"packaged","t":4021}
[lawsmith] {"kind":"pacing","intervalMs":[17,18,19],"maxIntervalMs":530,"workP95Ms":3,"stallsOver50ms":1,"devicePixelRatio":2,"pixelRatio":1.5,"tick":0,"playing":false,"bodies":0,"stepMs":[0,0,0],"editMs":null,"editSamples":0,"simWallRatio":0,"droppedMs":0,"mode":"packaged","t":7044}
[lawsmith] {"kind":"lifecycle","signal":"window-focus","tick":0,"mode":"packaged","t":10395}
[lawsmith] {"kind":"stall","intervalMs":281,"tick":0,"playing":false,"previousFrame":{"workMs":1,"prepMs":0,"maxStepMs":0,"steps":0},"thisFrame":{"workMs":1,"prepMs":0,"maxStepMs":0,"steps":0},"mode":"packaged","t":10397}
[lawsmith] {"kind":"guard","frozen":true,"tick":0,"mode":"packaged","t":10400}
[lawsmith] {"kind":"guard","reason":"open","outcome":"clean","generation":1,"revision":0,"mode":"packaged","t":10401}
[lawsmith] {"kind":"sim-control","action":"load","tick":0,"playing":false,"run":1,"laws":[{"id":"sideways","enabled":true,"position":[3,1,0],"rotation":[0,0,0,1],"halfExtents":[1.5,2,1.5]}],"mode":"packaged","t":10402}
[lawsmith] {"kind":"guard","frozen":false,"tick":0,"mode":"packaged","t":10403}
[lawsmith] {"kind":"document","action":"open","outcome":"committed","file":"on-full-disk.lawsmith.json","generation":2,"title":"Falling stream","bytes":2503,"readMs":2.348,"parseMs":0,"candidateMs":0,"commitMs":2,"openMs":4.348,"mode":"packaged","t":10403}
[lawsmith] {"kind":"file-control","action":"open","outcome":true,"tickBefore":0,"tickAfter":0,"playing":false,"mode":"packaged","t":10403}
[lawsmith] {"kind":"digest","reason":"load","generation":2,"revision":0,"semanticSha256":"ac7733bd9477e6e1a1e867470c0ac624e071a3330e921216c246f1b5240307ac","mode":"packaged","t":10421}
[lawsmith] {"kind":"lifecycle","signal":"native-focus","focused":true,"minimized":false,"visible":true,"tick":0,"mode":"packaged","t":10422}
[lawsmith] {"kind":"layout","viewport":[1168,734],"devicePixelRatio":2,"controls":{"drag-region":[0,0,583.7,40],"tools":[591.7,5,564.3,30],"undo":[591.7,5,75.7,28],"redo":[671.5,5,81.1,28],"frame-view":[986.3,5,74.3,28],"reset-view":[1068.7,5,87.3,28],"panel":[12,52,284,532],"file-new":[25,116.3,44.9,28],"file-open":[75.9,116.3,61.1,28],"file-save":[143,116.3,47.1,28],"file-save-as":[196.1,116.3,76.4,28],"law-duplicate":[25,339.9,75.3,28],"law-delete":[106.3,339.9,57.2,28],"arrows-toggle":[227,377.9,56,24],"details":[13,411.9,282,321.8],"law-label":[107,447.7,176,26],"law-strength":[25,697.7,125,26],"law-fade":[158,687.3,125,26],"transport":[718.2,680,437.8,42],"play":[725.2,687,96,28],"step":[829.2,687,64.4,28],"reset":[901.5,687,77.5,28],"recovery-offer":null,"recovery-discard":null,"recovery-accept":null,"sim-error-reset":null,"mode-translate":[761.5,6,67.1,28],"mode-rotate":[828.6,6,74.9,28],"mode-scale":[903.5,6,73.9,28]},"laws":[{"id":"sideways","select":[25,290.7,172,41.2],"visible":[201,290.7,34,41.2],"enabled":[239,290.7,44,41.2]}],"inputs":{"law-label":[107,447.7,176,26],"Position x":[25,526.5,74,26],"Position y":[105,526.5,55.3,26],"Position z":[166.3,526.5,55.3,26],"Rotation about x":[25,575.3,74,26],"Rotation about y":[105,575.3,55.3,26],"Rotation about z":[166.3,575.3,55.3,26],"Half extent x":[25,624.1,74,26],"Half extent y":[105,624.1,55.3,26],"Half extent z":[166.3,624.1,55.3,26],"law-strength":[25,697.7,125,26],"law-fade":[158,687.3,125,26]},"swatches":{"#55aaa4":[107,481.7,20,20],"#c58ae5":[135,481.7,20,20],"#d9a35b":[163,481.7,20,20],"#7aa7d9":[191,481.7,20,20]},"selected":"sideways","transformMode":"translate","support":[597.1,252.1,883.9,608],"handles":[{"name":"X","points":[[689.6,400.6]]},{"name":"X","points":[[782.5,430.2]]},{"name":"Y","points":[[731,461.6]]},{"name":"Y","points":[[738,365.9]]},{"name":"Z","points":[[760.5,397.6]]},{"name":"Z","points":[[706,433.7]]},{"name":"XYZ","points":[[734.4,414.9]]},{"name":"XY","points":[[760.1,397.8]]},{"name":"YZ","points":[[722.2,399.5]]},{"name":"XZ","points":[[744.4,431.9]]}],"camera":[8.999999999999998,7,10.999999999999998],"viewProjection":[1.1742103467386837,-0.5945731344774006,-0.5836751887913436,-0.583383351196948,-4.210940849205384e-17,2.224143947489534,-0.38911679252756265,-0.38892223413129884,-0.9607175564225593,-0.7267004976946007,-0.7133807863005311,-0.7130240959073808,-1.0948446207933998e-15,-2.224143947489531,15.724032871108365,15.816170854672809],"mode":"packaged","t":10888}
[lawsmith] {"kind":"control","law":"sideways","enabled":false,"revision":1,"mode":"packaged","t":11781}
[lawsmith] {"kind":"digest","reason":"enabled","generation":2,"revision":1,"semanticSha256":"391d518e36b53bec160b080bfb91f5ab35e1762b70a9affce82a6384d549abe2","mode":"packaged","t":11781}
[lawsmith] {"kind":"pacing","intervalMs":[17,18,19],"maxIntervalMs":281,"workP95Ms":2,"stallsOver50ms":2,"devicePixelRatio":2,"pixelRatio":1.5,"tick":0,"playing":false,"bodies":0,"stepMs":[0,0,0],"editMs":null,"editSamples":0,"simWallRatio":0,"droppedMs":0,"mode":"packaged","t":12084}
[lawsmith] {"kind":"recovery","action":"write","generation":2,"revision":1,"bytes":2812,"captureMs":0,"ackMs":10,"mode":"packaged","t":12291}
[lawsmith] {"kind":"document","outcome":"failed","action":"save","file":"on-full-disk.lawsmith.json","revision":1,"failure":"disk-full","stage":"create-temp","message":"No space left on device (os error 28)","mode":"packaged","t":13253}
[lawsmith] {"kind":"file-control","action":"save","outcome":false,"tickBefore":0,"tickAfter":0,"playing":false,"mode":"packaged","t":13254}
[lawsmith] {"kind":"layout","viewport":[1168,734],"devicePixelRatio":2,"controls":{"drag-region":[0,0,583.7,40],"tools":[591.7,5,564.3,30],"undo":[591.7,5,75.7,28],"redo":[671.5,5,81.1,28],"frame-view":[986.3,5,74.3,28],"reset-view":[1068.7,5,87.3,28],"panel":[12,52,284,532],"file-new":[25,133.1,44.9,28],"file-open":[75.9,133.1,61.1,28],"file-save":[143,133.1,47.1,28],"file-save-as":[196.1,133.1,76.4,28],"law-duplicate":[25,398.3,75.3,28],"law-delete":[106.3,398.3,57.2,28],"arrows-toggle":[227,436.3,56,24],"details":[13,470.3,282,321.8],"law-label":[107,506.1,176,26],"law-strength":[25,756.1,125,26],"law-fade":[158,745.7,125,26],"transport":[718.2,680,437.8,42],"play":[725.2,687,96,28],"step":[829.2,687,64.4,28],"reset":[901.5,687,77.5,28],"recovery-offer":null,"recovery-discard":null,"recovery-accept":null,"sim-error-reset":null,"mode-translate":[761.5,6,67.1,28],"mode-rotate":[828.6,6,74.9,28],"mode-scale":[903.5,6,73.9,28]},"laws":[{"id":"sideways","select":[25,349.1,172,41.2],"visible":[201,349.1,34,41.2],"enabled":[239,349.1,44,41.2]}],"inputs":{"law-label":[107,506.1,176,26],"Position x":[25,584.9,74,26],"Position y":[105,584.9,55.3,26],"Position z":[166.3,584.9,55.3,26],"Rotation about x":[25,633.7,74,26],"Rotation about y":[105,633.7,55.3,26],"Rotation about z":[166.3,633.7,55.3,26],"Half extent x":[25,682.5,74,26],"Half extent y":[105,682.5,55.3,26],"Half extent z":[166.3,682.5,55.3,26],"law-strength":[25,756.1,125,26],"law-fade":[158,745.7,125,26]},"swatches":{"#55aaa4":[107,540.1,20,20],"#c58ae5":[135,540.1,20,20],"#d9a35b":[163,540.1,20,20],"#7aa7d9":[191,540.1,20,20]},"selected":"sideways","transformMode":"translate","support":[597.1,252.1,883.9,608],"handles":[{"name":"X","points":[[689.6,400.6]]},{"name":"X","points":[[782.5,430.2]]},{"name":"Y","points":[[731,461.6]]},{"name":"Y","points":[[738,365.9]]},{"name":"Z","points":[[760.5,397.6]]},{"name":"Z","points":[[706,433.7]]},{"name":"XYZ","points":[[734.4,414.9]]},{"name":"XY","points":[[760.1,397.8]]},{"name":"YZ","points":[[722.2,399.5]]},{"name":"XZ","points":[[744.4,431.9]]}],"camera":[8.999999999999998,7,10.999999999999998],"viewProjection":[1.1742103467386837,-0.5945731344774006,-0.5836751887913436,-0.583383351196948,-4.210940849205384e-17,2.224143947489534,-0.38911679252756265,-0.38892223413129884,-0.9607175564225593,-0.7267004976946007,-0.7133807863005311,-0.7130240959073808,-1.0948446207933998e-15,-2.224143947489531,15.724032871108365,15.816170854672809],"mode":"packaged","t":14437}
[lawsmith] {"kind":"control","law":"sideways","enabled":true,"revision":2,"mode":"packaged","t":15331}
[lawsmith] {"kind":"digest","reason":"enabled","generation":2,"revision":2,"semanticSha256":"ac7733bd9477e6e1a1e867470c0ac624e071a3330e921216c246f1b5240307ac","mode":"packaged","t":15332}
[lawsmith] {"kind":"recovery","action":"write","generation":2,"revision":2,"bytes":2811,"captureMs":0,"ackMs":9,"mode":"packaged","t":15840}
[lawsmith] {"kind":"pacing","intervalMs":[17,18,18],"maxIntervalMs":30,"workP95Ms":2,"stallsOver50ms":2,"devicePixelRatio":2,"pixelRatio":1.5,"tick":0,"playing":false,"bodies":0,"stepMs":[0,0,0],"editMs":null,"editSamples":0,"simWallRatio":0,"droppedMs":0,"mode":"packaged","t":17123}
[lawsmith] {"kind":"stall","intervalMs":385,"tick":0,"playing":false,"previousFrame":{"workMs":1,"prepMs":0,"maxStepMs":0,"steps":0},"thisFrame":{"workMs":1,"prepMs":0,"maxStepMs":0,"steps":0},"mode":"packaged","t":17236}
[lawsmith] {"kind":"lifecycle","signal":"window-blur","tick":0,"playing":false,"mode":"packaged","t":17237}
[lawsmith] {"kind":"lifecycle","signal":"native-focus","focused":false,"minimized":false,"visible":true,"tick":0,"mode":"packaged","t":17238}
[lawsmith] {"kind":"lifecycle","signal":"window-focus","tick":0,"mode":"packaged","t":20264}
[lawsmith] {"kind":"stall","intervalMs":284,"tick":0,"playing":false,"previousFrame":{"workMs":1,"prepMs":0,"maxStepMs":0,"steps":0},"thisFrame":{"workMs":1,"prepMs":0,"maxStepMs":0,"steps":0},"mode":"packaged","t":20266}
[lawsmith] {"kind":"lifecycle","signal":"native-focus","focused":true,"minimized":false,"visible":true,"tick":0,"mode":"packaged","t":20275}
[lawsmith] {"kind":"recovery","action":"retire","generation":2,"through":2,"mode":"packaged","t":20284}
[lawsmith] {"kind":"document","action":"save-as","outcome":"saved","file":"after-disk-full.lawsmith.json","generation":2,"revision":2,"laterEdits":0,"recoveryRetired":true,"bytes":2503,"captureMs":0,"writeMs":8.738,"saveMs":11,"mode":"packaged","t":20284}
[lawsmith] {"kind":"file-control","action":"saveAs","outcome":true,"tickBefore":0,"tickAfter":0,"playing":false,"mode":"packaged","t":20285}
[lawsmith] {"kind":"digest","reason":"saveAs","generation":2,"revision":2,"semanticSha256":"ac7733bd9477e6e1a1e867470c0ac624e071a3330e921216c246f1b5240307ac","mode":"packaged","t":20285}
[lawsmith] {"kind":"pacing","intervalMs":[17,18,18],"maxIntervalMs":284,"workP95Ms":2,"stallsOver50ms":4,"devicePixelRatio":2,"pixelRatio":1.5,"tick":0,"playing":false,"bodies":0,"stepMs":[0,0,0],"editMs":null,"editSamples":0,"simWallRatio":0,"droppedMs":0,"mode":"packaged","t":22163}
[lawsmith] {"kind":"guard","request":"quit","tick":0,"revision":2,"dirty":false,"mode":"packaged","t":22248}
[lawsmith] {"kind":"guard","frozen":true,"tick":0,"mode":"packaged","t":22249}
[lawsmith] {"kind":"guard","reason":"quit","outcome":"clean","generation":2,"revision":2,"mode":"packaged","t":22249}
[lawsmith] {"kind":"guard","request":"quit","outcome":"exit","mode":"packaged","t":22249}
