[lawsmith] {"kind":"native","terminateGuard":true}
[lawsmith] {"kind":"runtime","mode":"packaged","origin":"tauri://localhost","isSecureContext":true,"navigatorGpu":true,"runtime":{"arch":"aarch64","build":"release","recovery":"override","tauri":"3.0.0-alpha.4","webview":"22625.2.5.11.1"},"userAgent":"Mozilla/5.0 (Macintosh; Intel Mac OS X 10_15_7) AppleWebKit/605.1.15 (KHTML, like Gecko)","timerResolutionMs":1,"t":123}
[lawsmith] {"kind":"backend","backend":"WebGPU","coordinateSystemIsWebGPU":true,"compatibilityMode":false,"samples":4,"adapter":{"vendor":"apple","architecture":"apple","device":"apple","description":"apple"},"features":["bgra8unorm-storage","clip-distances","core-features-and-limits","depth-clip-control","depth32float-stencil8","float32-blendable","float32-filterable","indirect-first-instance","rg11b10ufloat-renderable","shader-f16","texture-compression-astc","texture-compression-astc-sliced-3d","texture-compression-bc","texture-compression-bc-sliced-3d","texture-compression-etc2","texture-formats-tier1","texture-formats-tier2","timestamp-query"],"mode":"packaged","t":126}
[lawsmith] {"kind":"rapier","version":"0.21.0","profile":"lawsmith-m1-rapier-0.21.0","fieldKernel":"directional-box-v1","effectiveProfile":{"dt":0.008333333767950535,"numSolverIterations":4,"numInternalPgsIterations":1,"maxCcdSubsteps":1,"lengthUnit":1,"normalizedAllowedLinearError":0.004999999888241291,"normalizedPredictionDistance":0.019999999552965164,"contactErp":0.0728205069899559},"mode":"packaged","t":151}
[lawsmith] {"kind":"render-probe","distinctColors":72,"gpuErrors":0,"mode":"packaged","t":2066}
[lawsmith] {"kind":"digest","reason":"startup","generation":1,"revision":0,"semanticSha256":"ac7733bd9477e6e1a1e867470c0ac624e071a3330e921216c246f1b5240307ac","mode":"packaged","t":2070}
[lawsmith] {"kind":"recovery","action":"launch","current":"absent","previous":"absent","mode":"packaged","t":2073}
[lawsmith] {"kind":"guard","action":"ready","mode":"packaged","t":2076}
[lawsmith] {"kind":"ready","rendererInitMs":25,"rapierInitMs":26,"firstFrameMs":1983,"mode":"packaged","t":2084}
[lawsmith] {"kind":"lifecycle","signal":"window-blur","tick":0,"playing":false,"mode":"packaged","t":4806}
[lawsmith] {"kind":"stall","intervalMs":663,"tick":0,"playing":false,"previousFrame":{"workMs":2,"prepMs":0,"maxStepMs":0,"steps":0},"thisFrame":{"workMs":2,"prepMs":0,"maxStepMs":0,"steps":0},"mode":"packaged","t":4808}
[lawsmith] {"kind":"lifecycle","signal":"native-focus","focused":false,"minimized":false,"visible":true,"tick":0,"mode":"packaged","t":4812}
[lawsmith] {"kind":"pacing","intervalMs":[17,18,18],"maxIntervalMs":663,"workP95Ms":3,"stallsOver50ms":1,"devicePixelRatio":2,"pixelRatio":1.5,"tick":0,"playing":false,"bodies":0,"stepMs":[0,0,0],"editMs":null,"editSamples":0,"simWallRatio":0,"droppedMs":0,"mode":"packaged","t":7095}
[lawsmith] {"kind":"lifecycle","signal":"window-focus","tick":0,"mode":"packaged","t":10027}
[lawsmith] {"kind":"document","outcome":"rejected","action":"open","file":"bad-unknown-capability.lawsmith.json","path":"requiredCapabilities[3]","reason":"this scene requires \"primitive.vortexY.v1\", which this build does not support","mode":"packaged","t":10027}
[lawsmith] {"kind":"file-control","action":"open","outcome":false,"tickBefore":0,"tickAfter":0,"playing":false,"mode":"packaged","t":10028}
[lawsmith] {"kind":"stall","intervalMs":268,"tick":0,"playing":false,"previousFrame":{"workMs":1,"prepMs":0,"maxStepMs":0,"steps":0},"thisFrame":{"workMs":1,"prepMs":0,"maxStepMs":0,"steps":0},"mode":"packaged","t":10029}
[lawsmith] {"kind":"lifecycle","signal":"native-focus","focused":true,"minimized":false,"visible":true,"tick":0,"mode":"packaged","t":10030}
[lawsmith] {"kind":"stall","intervalMs":416,"tick":0,"playing":false,"previousFrame":{"workMs":2,"prepMs":0,"maxStepMs":0,"steps":0},"thisFrame":{"workMs":1,"prepMs":0,"maxStepMs":0,"steps":0},"mode":"packaged","t":11710}
[lawsmith] {"kind":"lifecycle","signal":"window-blur","tick":0,"playing":false,"mode":"packaged","t":11711}
[lawsmith] {"kind":"lifecycle","signal":"native-focus","focused":false,"minimized":false,"visible":true,"tick":0,"mode":"packaged","t":11712}
[lawsmith] {"kind":"pacing","intervalMs":[17,18,19],"maxIntervalMs":416,"workP95Ms":3,"stallsOver50ms":3,"devicePixelRatio":2,"pixelRatio":1.5,"tick":0,"playing":false,"bodies":0,"stepMs":[0,0,0],"editMs":null,"editSamples":0,"simWallRatio":0,"droppedMs":0,"mode":"packaged","t":12134}
[lawsmith] {"kind":"lifecycle","signal":"window-focus","tick":0,"mode":"packaged","t":17100}
[lawsmith] {"kind":"stall","intervalMs":275,"tick":0,"playing":false,"previousFrame":{"workMs":1,"prepMs":0,"maxStepMs":0,"steps":0},"thisFrame":{"workMs":2,"prepMs":0,"maxStepMs":0,"steps":0},"mode":"packaged","t":17103}
[lawsmith] {"kind":"document","outcome":"rejected","action":"open","file":"bad-zero-rotation.lawsmith.json","path":"semantic.fields[0].pose.rotation","reason":"rotation must be a finite nonzero quaternion","mode":"packaged","t":17105}
[lawsmith] {"kind":"file-control","action":"open","outcome":false,"tickBefore":0,"tickAfter":0,"playing":false,"mode":"packaged","t":17105}
[lawsmith] {"kind":"lifecycle","signal":"native-focus","focused":true,"minimized":false,"visible":true,"tick":0,"mode":"packaged","t":17108}
[lawsmith] {"kind":"pacing","intervalMs":[17,18,18],"maxIntervalMs":275,"workP95Ms":2,"stallsOver50ms":4,"devicePixelRatio":2,"pixelRatio":1.5,"tick":0,"playing":false,"bodies":0,"stepMs":[0,0,0],"editMs":null,"editSamples":0,"simWallRatio":0,"droppedMs":0,"mode":"packaged","t":17175}
[lawsmith] {"kind":"lifecycle","signal":"window-blur","tick":0,"playing":false,"mode":"packaged","t":18794}
[lawsmith] {"kind":"stall","intervalMs":401,"tick":0,"playing":false,"previousFrame":{"workMs":2,"prepMs":0,"maxStepMs":0,"steps":0},"thisFrame":{"workMs":1,"prepMs":0,"maxStepMs":0,"steps":0},"mode":"packaged","t":18796}
[lawsmith] {"kind":"lifecycle","signal":"native-focus","focused":false,"minimized":false,"visible":true,"tick":0,"mode":"packaged","t":18797}
[lawsmith] {"kind":"pacing","intervalMs":[17,17,18],"maxIntervalMs":401,"workP95Ms":2,"stallsOver50ms":5,"devicePixelRatio":2,"pixelRatio":1.5,"tick":0,"playing":false,"bodies":0,"stepMs":[0,0,0],"editMs":null,"editSamples":0,"simWallRatio":0,"droppedMs":0,"mode":"packaged","t":22214}
[lawsmith] {"kind":"lifecycle","signal":"window-focus","tick":0,"mode":"packaged","t":24167}
[lawsmith] {"kind":"stall","intervalMs":274,"tick":0,"playing":false,"previousFrame":{"workMs":1,"prepMs":0,"maxStepMs":0,"steps":0},"thisFrame":{"workMs":2,"prepMs":1,"maxStepMs":0,"steps":0},"mode":"packaged","t":24169}
[lawsmith] {"kind":"document","outcome":"rejected","action":"open","file":"bad-not-json.lawsmith.json","path":"","reason":"the file is not valid JSON (JSON Parse error: Property name must be a string literal)","mode":"packaged","t":24170}
[lawsmith] {"kind":"file-control","action":"open","outcome":false,"tickBefore":0,"tickAfter":0,"playing":false,"mode":"packaged","t":24171}
[lawsmith] {"kind":"lifecycle","signal":"native-focus","focused":true,"minimized":false,"visible":true,"tick":0,"mode":"packaged","t":24175}
[lawsmith] {"kind":"stall","intervalMs":417,"tick":0,"playing":false,"previousFrame":{"workMs":1,"prepMs":0,"maxStepMs":0,"steps":0},"thisFrame":{"workMs":2,"prepMs":1,"maxStepMs":0,"steps":0},"mode":"packaged","t":25845}
[lawsmith] {"kind":"lifecycle","signal":"window-blur","tick":0,"playing":false,"mode":"packaged","t":25845}
[lawsmith] {"kind":"lifecycle","signal":"native-focus","focused":false,"minimized":false,"visible":true,"tick":0,"mode":"packaged","t":25847}
[lawsmith] {"kind":"pacing","intervalMs":[17,18,18],"maxIntervalMs":417,"workP95Ms":2,"stallsOver50ms":7,"devicePixelRatio":2,"pixelRatio":1.5,"tick":0,"playing":false,"bodies":0,"stepMs":[0,0,0],"editMs":null,"editSamples":0,"simWallRatio":0,"droppedMs":0,"mode":"packaged","t":27254}
[lawsmith] {"kind":"lifecycle","signal":"window-focus","tick":0,"mode":"packaged","t":31066}
[lawsmith] {"kind":"stall","intervalMs":274,"tick":0,"playing":false,"previousFrame":{"workMs":1,"prepMs":0,"maxStepMs":0,"steps":0},"thisFrame":{"workMs":1,"prepMs":0,"maxStepMs":0,"steps":0},"mode":"packaged","t":31068}
[lawsmith] {"kind":"document","outcome":"failed","action":"open","failure":"not-utf8","stage":"decode","message":"the file is not UTF-8 (invalid utf-8 sequence of 1 bytes from index 55)","mode":"packaged","t":31074}
[lawsmith] {"kind":"file-control","action":"open","outcome":false,"tickBefore":0,"tickAfter":0,"playing":false,"mode":"packaged","t":31074}
[lawsmith] {"kind":"lifecycle","signal":"native-focus","focused":true,"minimized":false,"visible":true,"tick":0,"mode":"packaged","t":31074}
[lawsmith] {"kind":"pacing","intervalMs":[17,18,18],"maxIntervalMs":274,"workP95Ms":2,"stallsOver50ms":8,"devicePixelRatio":2,"pixelRatio":1.5,"tick":0,"playing":false,"bodies":0,"stepMs":[0,0,0],"editMs":null,"editSamples":0,"simWallRatio":0,"droppedMs":0,"mode":"packaged","t":32294}
[lawsmith] {"kind":"stall","intervalMs":426,"tick":0,"playing":false,"previousFrame":{"workMs":2,"prepMs":0,"maxStepMs":0,"steps":0},"thisFrame":{"workMs":1,"prepMs":0,"maxStepMs":0,"steps":0},"mode":"packaged","t":32803}
[lawsmith] {"kind":"lifecycle","signal":"window-blur","tick":0,"playing":false,"mode":"packaged","t":32805}
[lawsmith] {"kind":"lifecycle","signal":"native-focus","focused":false,"minimized":false,"visible":true,"tick":0,"mode":"packaged","t":32805}
[lawsmith] {"kind":"pacing","intervalMs":[17,18,18],"maxIntervalMs":19,"workP95Ms":2,"stallsOver50ms":9,"devicePixelRatio":2,"pixelRatio":1.5,"tick":0,"playing":false,"bodies":0,"stepMs":[0,0,0],"editMs":null,"editSamples":0,"simWallRatio":0,"droppedMs":0,"mode":"packaged","t":37335}
[lawsmith] {"kind":"lifecycle","signal":"window-focus","tick":0,"mode":"packaged","t":38140}
[lawsmith] {"kind":"document","outcome":"failed","action":"open","failure":"too-large","stage":"open","message":"the file is larger than 5242880 bytes","mode":"packaged","t":38141}
[lawsmith] {"kind":"file-control","action":"open","outcome":false,"tickBefore":0,"tickAfter":0,"playing":false,"mode":"packaged","t":38141}
[lawsmith] {"kind":"stall","intervalMs":282,"tick":0,"playing":false,"previousFrame":{"workMs":2,"prepMs":1,"maxStepMs":0,"steps":0},"thisFrame":{"workMs":1,"prepMs":0,"maxStepMs":0,"steps":0},"mode":"packaged","t":38142}
[lawsmith] {"kind":"lifecycle","signal":"native-focus","focused":true,"minimized":false,"visible":true,"tick":0,"mode":"packaged","t":38143}
[lawsmith] {"kind":"layout","viewport":[1168,734],"devicePixelRatio":2,"controls":{"drag-region":[0,0,583.7,40],"tools":[591.7,5,564.3,30],"undo":[591.7,5,75.7,28],"redo":[671.5,5,81.1,28],"frame-view":[986.3,5,74.3,28],"reset-view":[1068.7,5,87.3,28],"panel":[12,52,284,532],"file-new":[25,116.3,44.9,28],"file-open":[75.9,116.3,61.1,28],"file-save":[143,116.3,47.1,28],"file-save-as":[196.1,116.3,76.4,28],"law-duplicate":[25,339.9,75.3,28],"law-delete":[106.3,339.9,57.2,28],"arrows-toggle":[227,377.9,56,24],"details":[13,411.9,282,321.8],"law-label":[107,447.7,176,26],"law-strength":[25,697.7,125,26],"law-fade":[158,687.3,125,26],"transport":[718.2,680,437.8,42],"play":[725.2,687,96,28],"step":[829.2,687,64.4,28],"reset":[901.5,687,77.5,28],"recovery-offer":null,"recovery-discard":null,"recovery-accept":null,"sim-error-reset":null,"mode-translate":[761.5,6,67.1,28],"mode-rotate":[828.6,6,74.9,28],"mode-scale":[903.5,6,73.9,28]},"laws":[{"id":"sideways","select":[25,290.7,172,41.2],"visible":[201,290.7,34,41.2],"enabled":[239,290.7,44,41.2]}],"inputs":{"law-label":[107,447.7,176,26],"Position x":[25,526.5,74,26],"Position y":[105,526.5,55.3,26],"Position z":[166.3,526.5,55.3,26],"Rotation about x":[25,575.3,74,26],"Rotation about y":[105,575.3,55.3,26],"Rotation about z":[166.3,575.3,55.3,26],"Half extent x":[25,624.1,74,26],"Half extent y":[105,624.1,55.3,26],"Half extent z":[166.3,624.1,55.3,26],"law-strength":[25,697.7,125,26],"law-fade":[158,687.3,125,26]},"swatches":{"#55aaa4":[107,481.7,20,20],"#c58ae5":[135,481.7,20,20],"#d9a35b":[163,481.7,20,20],"#7aa7d9":[191,481.7,20,20]},"selected":"sideways","transformMode":"translate","support":[597.1,252.1,883.9,608],"handles":[{"name":"X","points":[[689.6,400.6]]},{"name":"X","points":[[782.5,430.2]]},{"name":"Y","points":[[731,461.6]]},{"name":"Y","points":[[738,365.9]]},{"name":"Z","points":[[760.5,397.6]]},{"name":"Z","points":[[706,433.7]]},{"name":"XYZ","points":[[734.4,414.9]]},{"name":"XY","points":[[760.1,397.8]]},{"name":"YZ","points":[[722.2,399.5]]},{"name":"XZ","points":[[744.4,431.9]]}],"camera":[8.999999999999998,7,10.999999999999998],"viewProjection":[1.1742103467386837,-0.5945731344774006,-0.5836751887913436,-0.583383351196948,-4.210940849205384e-17,2.224143947489534,-0.38911679252756265,-0.38892223413129884,-0.9607175564225593,-0.7267004976946007,-0.7133807863005311,-0.7130240959073808,-1.0948446207933998e-15,-2.224143947489531,15.724032871108365,15.816170854672809],"mode":"packaged","t":38715}
[lawsmith] {"kind":"stall","intervalMs":398,"tick":0,"playing":false,"previousFrame":{"workMs":1,"prepMs":0,"maxStepMs":0,"steps":0},"thisFrame":{"workMs":0,"prepMs":0,"maxStepMs":0,"steps":0},"mode":"packaged","t":40341}
[lawsmith] {"kind":"lifecycle","signal":"window-blur","tick":0,"playing":false,"mode":"packaged","t":40342}
[lawsmith] {"kind":"lifecycle","signal":"native-focus","focused":false,"minimized":false,"visible":true,"tick":0,"mode":"packaged","t":40342}
[lawsmith] {"kind":"lifecycle","signal":"window-focus","tick":0,"mode":"packaged","t":42328}
[lawsmith] {"kind":"stall","intervalMs":285,"tick":0,"playing":false,"previousFrame":{"workMs":1,"prepMs":0,"maxStepMs":0,"steps":0},"thisFrame":{"workMs":2,"prepMs":0,"maxStepMs":0,"steps":0},"mode":"packaged","t":42330}
[lawsmith] {"kind":"document","action":"save-as","outcome":"canceled","file":null,"mode":"packaged","t":42336}
[lawsmith] {"kind":"file-control","action":"saveAs","outcome":false,"tickBefore":0,"tickAfter":0,"playing":false,"mode":"packaged","t":42337}
[lawsmith] {"kind":"lifecycle","signal":"native-focus","focused":true,"minimized":false,"visible":true,"tick":0,"mode":"packaged","t":42346}
[lawsmith] {"kind":"pacing","intervalMs":[17,18,282],"maxIntervalMs":398,"workP95Ms":2,"stallsOver50ms":12,"devicePixelRatio":2,"pixelRatio":1.5,"tick":0,"playing":false,"bodies":0,"stepMs":[0,0,0],"editMs":null,"editSamples":0,"simWallRatio":0,"droppedMs":0,"mode":"packaged","t":42374}
[lawsmith] {"kind":"stall","intervalMs":383,"tick":0,"playing":false,"previousFrame":{"workMs":1,"prepMs":0,"maxStepMs":0,"steps":0},"thisFrame":{"workMs":1,"prepMs":0,"maxStepMs":0,"steps":0},"mode":"packaged","t":44010}
[lawsmith] {"kind":"lifecycle","signal":"window-blur","tick":0,"playing":false,"mode":"packaged","t":44011}
[lawsmith] {"kind":"lifecycle","signal":"native-focus","focused":false,"minimized":false,"visible":true,"tick":0,"mode":"packaged","t":44013}
[lawsmith] {"kind":"lifecycle","signal":"window-focus","tick":0,"mode":"packaged","t":46912}
[lawsmith] {"kind":"stall","intervalMs":286,"tick":0,"playing":false,"previousFrame":{"workMs":1,"prepMs":0,"maxStepMs":0,"steps":0},"thisFrame":{"workMs":2,"prepMs":0,"maxStepMs":0,"steps":0},"mode":"packaged","t":46914}
[lawsmith] {"kind":"document","action":"save-as","outcome":"refused-name","name":"refused-name.json","mode":"packaged","t":46916}
[lawsmith] {"kind":"file-control","action":"saveAs","outcome":false,"tickBefore":0,"tickAfter":0,"playing":false,"mode":"packaged","t":46917}
[lawsmith] {"kind":"lifecycle","signal":"native-focus","focused":true,"minimized":false,"visible":true,"tick":0,"mode":"packaged","t":46918}
[lawsmith] {"kind":"pacing","intervalMs":[17,18,18],"maxIntervalMs":383,"workP95Ms":2,"stallsOver50ms":14,"devicePixelRatio":2,"pixelRatio":1.5,"tick":0,"playing":false,"bodies":0,"stepMs":[0,0,0],"editMs":null,"editSamples":0,"simWallRatio":0,"droppedMs":0,"mode":"packaged","t":47414}
[lawsmith] {"kind":"lifecycle","signal":"window-blur","tick":0,"playing":false,"mode":"packaged","t":49447}
[lawsmith] {"kind":"stall","intervalMs":354,"tick":0,"playing":false,"previousFrame":{"workMs":1,"prepMs":0,"maxStepMs":0,"steps":0},"thisFrame":{"workMs":2,"prepMs":0,"maxStepMs":0,"steps":0},"mode":"packaged","t":49449}
[lawsmith] {"kind":"lifecycle","signal":"native-focus","focused":false,"minimized":false,"visible":true,"tick":0,"mode":"packaged","t":49450}
[lawsmith] {"kind":"lifecycle","signal":"window-focus","tick":0,"mode":"packaged","t":52408}
[lawsmith] {"kind":"stall","intervalMs":283,"tick":0,"playing":false,"previousFrame":{"workMs":1,"prepMs":0,"maxStepMs":0,"steps":0},"thisFrame":{"workMs":0,"prepMs":0,"maxStepMs":0,"steps":0},"mode":"packaged","t":52409}
[lawsmith] {"kind":"lifecycle","signal":"native-focus","focused":true,"minimized":false,"visible":true,"tick":0,"mode":"packaged","t":52414}
[lawsmith] {"kind":"recovery","action":"retire","generation":1,"through":0,"mode":"packaged","t":52425}
[lawsmith] {"kind":"document","action":"save-as","outcome":"saved","file":"bundled-roundtrip.lawsmith.json","generation":1,"revision":0,"laterEdits":0,"recoveryRetired":true,"bytes":2503,"captureMs":4,"writeMs":9.407,"saveMs":15,"mode":"packaged","t":52425}
[lawsmith] {"kind":"file-control","action":"saveAs","outcome":true,"tickBefore":0,"tickAfter":0,"playing":false,"mode":"packaged","t":52425}
[lawsmith] {"kind":"digest","reason":"saveAs","generation":1,"revision":0,"semanticSha256":"ac7733bd9477e6e1a1e867470c0ac624e071a3330e921216c246f1b5240307ac","mode":"packaged","t":52426}
[lawsmith] {"kind":"pacing","intervalMs":[17,18,19],"maxIntervalMs":354,"workP95Ms":2,"stallsOver50ms":16,"devicePixelRatio":2,"pixelRatio":1.5,"tick":0,"playing":false,"bodies":0,"stepMs":[0,0,0],"editMs":null,"editSamples":0,"simWallRatio":0,"droppedMs":0,"mode":"packaged","t":52454}
[lawsmith] {"kind":"guard","request":"quit","tick":0,"revision":0,"dirty":false,"mode":"packaged","t":54414}
[lawsmith] {"kind":"guard","frozen":true,"tick":0,"mode":"packaged","t":54415}
[lawsmith] {"kind":"guard","reason":"quit","outcome":"clean","generation":1,"revision":0,"mode":"packaged","t":54415}
[lawsmith] {"kind":"guard","request":"quit","outcome":"exit","mode":"packaged","t":54415}
