[lawsmith] {"kind":"native","terminateGuard":true}
[lawsmith] {"kind":"runtime","mode":"packaged","origin":"tauri://localhost","isSecureContext":true,"navigatorGpu":true,"runtime":{"arch":"aarch64","build":"release","recovery":"override","tauri":"3.0.0-alpha.4","webview":"22625.2.5.11.1"},"userAgent":"Mozilla/5.0 (Macintosh; Intel Mac OS X 10_15_7) AppleWebKit/605.1.15 (KHTML, like Gecko)","timerResolutionMs":1,"t":102}
[lawsmith] {"kind":"backend","backend":"WebGPU","coordinateSystemIsWebGPU":true,"compatibilityMode":false,"samples":4,"adapter":{"vendor":"apple","architecture":"apple","device":"apple","description":"apple"},"features":["bgra8unorm-storage","clip-distances","core-features-and-limits","depth-clip-control","depth32float-stencil8","float32-blendable","float32-filterable","indirect-first-instance","rg11b10ufloat-renderable","shader-f16","texture-compression-astc","texture-compression-astc-sliced-3d","texture-compression-bc","texture-compression-bc-sliced-3d","texture-compression-etc2","texture-formats-tier1","texture-formats-tier2","timestamp-query"],"mode":"packaged","t":104}
[lawsmith] {"kind":"rapier","version":"0.21.0","profile":"lawsmith-m1-rapier-0.21.0","fieldKernel":"directional-box-v1","effectiveProfile":{"dt":0.008333333767950535,"numSolverIterations":4,"numInternalPgsIterations":1,"maxCcdSubsteps":1,"lengthUnit":1,"normalizedAllowedLinearError":0.004999999888241291,"normalizedPredictionDistance":0.019999999552965164,"contactErp":0.0728205069899559},"mode":"packaged","t":123}
[lawsmith] {"kind":"render-probe","distinctColors":72,"gpuErrors":0,"mode":"packaged","t":2029}
[lawsmith] {"kind":"digest","reason":"startup","generation":1,"revision":0,"semanticSha256":"ac7733bd9477e6e1a1e867470c0ac624e071a3330e921216c246f1b5240307ac","mode":"packaged","t":2030}
[lawsmith] {"kind":"recovery","action":"launch","current":"absent","previous":"absent","mode":"packaged","t":2033}
[lawsmith] {"kind":"ready","rendererInitMs":23,"rapierInitMs":19,"firstFrameMs":1958,"mode":"packaged","t":2039}
[lawsmith] {"kind":"guard","action":"ready","mode":"packaged","t":2043}
[lawsmith] {"kind":"layout","viewport":[1168,734],"devicePixelRatio":2,"controls":{"drag-region":[0,0,583.7,40],"tools":[591.7,5,564.3,30],"undo":[591.7,5,75.7,28],"redo":[671.5,5,81.1,28],"frame-view":[986.3,5,74.3,28],"reset-view":[1068.7,5,87.3,28],"panel":[12,52,284,532],"file-new":[25,116.3,44.9,28],"file-open":[75.9,116.3,61.1,28],"file-save":[143,116.3,47.1,28],"file-save-as":[196.1,116.3,76.4,28],"law-duplicate":[25,298.3,75.3,28],"law-delete":[106.3,298.3,57.2,28],"arrows-toggle":[227,336.3,56,24],"details":[13,370.3,282,321.8],"law-label":[107,406.1,176,26],"law-strength":[25,656.1,125,26],"law-fade":[158,645.7,125,26],"transport":[718.2,680,437.8,42],"play":[725.2,687,96,28],"step":[829.2,687,64.4,28],"reset":[901.5,687,77.5,28],"recovery-offer":null,"recovery-discard":null,"recovery-accept":null,"sim-error-reset":null,"mode-translate":[761.5,6,67.1,28],"mode-rotate":[828.6,6,74.9,28],"mode-scale":[903.5,6,73.9,28]},"laws":[{"id":"sideways","select":[25,249.1,172,41.2],"visible":[201,249.1,34,41.2],"enabled":[239,249.1,44,41.2]}],"inputs":{"law-label":[107,406.1,176,26],"Position x":[25,484.9,74,26],"Position y":[105,484.9,55.3,26],"Position z":[166.3,484.9,55.3,26],"Rotation about x":[25,533.7,74,26],"Rotation about y":[105,533.7,55.3,26],"Rotation about z":[166.3,533.7,55.3,26],"Half extent x":[25,582.5,74,26],"Half extent y":[105,582.5,55.3,26],"Half extent z":[166.3,582.5,55.3,26],"law-strength":[25,656.1,125,26],"law-fade":[158,645.7,125,26]},"swatches":{"#55aaa4":[107,440.1,20,20],"#c58ae5":[135,440.1,20,20],"#d9a35b":[163,440.1,20,20],"#7aa7d9":[191,440.1,20,20]},"selected":"sideways","transformMode":"translate","support":[597.1,252.1,883.9,608],"handles":[{"name":"X","points":[[689.6,400.6]]},{"name":"X","points":[[782.5,430.2]]},{"name":"Y","points":[[731,461.6]]},{"name":"Y","points":[[738,365.9]]},{"name":"Z","points":[[760.5,397.6]]},{"name":"Z","points":[[706,433.7]]},{"name":"XYZ","points":[[734.4,414.9]]},{"name":"XY","points":[[760.1,397.8]]},{"name":"YZ","points":[[722.2,399.5]]},{"name":"XZ","points":[[744.4,431.9]]}],"camera":[8.999999999999998,7,10.999999999999998],"viewProjection":[1.1742103467386837,-0.5945731344774006,-0.5836751887913436,-0.583383351196948,-4.210940849205384e-17,2.224143947489534,-0.38911679252756265,-0.38892223413129884,-0.9607175564225593,-0.7267004976946007,-0.7133807863005311,-0.7130240959073808,-1.0948446207933998e-15,-2.224143947489531,15.724032871108365,15.816170854672809],"mode":"packaged","t":3307}
[lawsmith] {"kind":"control","law":"sideways","enabled":false,"revision":1,"mode":"packaged","t":4181}
[lawsmith] {"kind":"digest","reason":"enabled","generation":1,"revision":1,"semanticSha256":"391d518e36b53bec160b080bfb91f5ab35e1762b70a9affce82a6384d549abe2","mode":"packaged","t":4181}
[lawsmith] {"kind":"recovery","action":"write","generation":1,"revision":1,"bytes":2812,"captureMs":0,"ackMs":10,"mode":"packaged","t":4692}
[lawsmith] {"kind":"stall","intervalMs":520,"tick":0,"playing":false,"previousFrame":{"workMs":2,"prepMs":1,"maxStepMs":0,"steps":0},"thisFrame":{"workMs":0,"prepMs":0,"maxStepMs":0,"steps":0},"mode":"packaged","t":6869}
[lawsmith] {"kind":"lifecycle","signal":"window-blur","tick":0,"playing":false,"mode":"packaged","t":6870}
[lawsmith] {"kind":"lifecycle","signal":"native-focus","focused":false,"minimized":false,"visible":true,"tick":0,"mode":"packaged","t":6872}
[lawsmith] {"kind":"pacing","intervalMs":[17,17,18],"maxIntervalMs":520,"workP95Ms":2,"stallsOver50ms":1,"devicePixelRatio":2,"pixelRatio":1.5,"tick":0,"playing":false,"bodies":0,"stepMs":[0,0,0],"editMs":null,"editSamples":0,"simWallRatio":0,"droppedMs":0,"mode":"packaged","t":7051}
[lawsmith] {"kind":"lifecycle","signal":"window-focus","tick":0,"mode":"packaged","t":9530}
[lawsmith] {"kind":"stall","intervalMs":281,"tick":0,"playing":false,"previousFrame":{"workMs":1,"prepMs":0,"maxStepMs":0,"steps":0},"thisFrame":{"workMs":1,"prepMs":0,"maxStepMs":0,"steps":0},"mode":"packaged","t":9531}
[lawsmith] {"kind":"lifecycle","signal":"native-focus","focused":true,"minimized":false,"visible":true,"tick":0,"mode":"packaged","t":9535}
[lawsmith] {"kind":"recovery","action":"retire","outcome":"failed","generation":1,"through":1,"failure":"permission","message":"Permission denied (os error 13)","mode":"packaged","t":9546}
[lawsmith] {"kind":"document","action":"save-as","outcome":"saved","file":"guard-unretired.lawsmith.json","generation":1,"revision":1,"laterEdits":0,"recoveryRetired":false,"bytes":2504,"captureMs":0,"writeMs":9.73,"saveMs":12,"mode":"packaged","t":9546}
[lawsmith] {"kind":"file-control","action":"save","outcome":true,"tickBefore":0,"tickAfter":0,"playing":false,"mode":"packaged","t":9546}
[lawsmith] {"kind":"digest","reason":"save","generation":1,"revision":1,"semanticSha256":"391d518e36b53bec160b080bfb91f5ab35e1762b70a9affce82a6384d549abe2","mode":"packaged","t":9546}
[lawsmith] {"kind":"guard","request":"quit","tick":0,"revision":1,"dirty":false,"mode":"packaged","t":10415}
[lawsmith] {"kind":"guard","frozen":true,"tick":0,"mode":"packaged","t":10416}
[lawsmith] {"kind":"recovery","action":"retire","outcome":"failed","generation":1,"through":1,"failure":"permission","message":"Permission denied (os error 13)","mode":"packaged","t":10420}
[lawsmith] {"kind":"guard","outcome":"refused","reason":"Your scene is saved, but its recovery copy could not be removed. Nothing was closed; try again.","mode":"packaged","t":10421}
[lawsmith] {"kind":"guard","frozen":false,"tick":0,"mode":"packaged","t":10421}
[lawsmith] {"kind":"guard","request":"quit","tick":0,"revision":1,"dirty":false,"mode":"packaged","t":12012}
[lawsmith] {"kind":"guard","frozen":true,"tick":0,"mode":"packaged","t":12012}
[lawsmith] {"kind":"recovery","action":"retire","generation":1,"through":1,"mode":"packaged","t":12015}
[lawsmith] {"kind":"guard","reason":"quit","outcome":"clean","generation":1,"revision":1,"mode":"packaged","t":12015}
[lawsmith] {"kind":"guard","request":"quit","outcome":"exit","mode":"packaged","t":12016}
