[qa 20:08:45] segment: P0 at 1600×1000 under More Space (about 7 minutes)
[qa 20:08:56] display → 1728×1117: set 1728x1117@120
[qa 20:08:59] display is 1728x1117@120
[qa 20:09:01] launched pid 30157, window at 224,104, log p0.log
[qa 20:09:04] PASS {"kind": "layout", "viewport": [1600, 1000], "devicePixelRatio": 2, "controls": {"drag-region": [0, 0, 1015.7, 40], "tools": [1023.7, 5, 564.3, 30], "undo": [1023.7, 5, 75.7, 28], "redo": [1103.5, 5, 81.1, 28], "frame-view": [1418.3, 5, 74.3, 28], "reset-view": [1500.7, 5, 87.3, 28], "panel": [12, 5  [layout] the content viewport is 1600×1000 CSS at DPR 2
[qa 20:09:25] PASS {"kind": "pacing", "intervalMs": [17, 18, 18], "maxIntervalMs": 19, "workP95Ms": 3, "stallsOver50ms": 0, "devicePixelRatio": 2, "pixelRatio": 1.5, "tick": 1863, "playing": true, "bodies": 64, "stepMs": [0, 1, 1], "editMs": [10, 17, 17], "editSamples": 25, "simWallRatio": 1, "droppedMs": 0, "mode": "  [pacing] the stream is at full strength with the law inside it
[qa 20:09:25] captured p0-1600x1000.png
[qa 20:09:36] P0 run 1 measuring
[qa 20:10:36] PASS {"kind": "p0-run", "run": 1, "invalid": null, "incomplete": null, "wallMs": 60016, "ticks": 7201, "simWallRatio": 1, "droppedMs": 0, "bodies": 64, "arrows": 125, "viewport": {"css": [1600, 1000], "devicePixelRatio": 2, "pixelRatio": 1.5, "canvas": [2400, 1500]}, "timerResolutionMs": 1, "percentiles"  [p0-run] run 1 is valid and meets every P0 gate
[qa 20:10:46] P0 run 2 measuring
[qa 20:11:24] the synthetic release was lost; sending it again
[qa 20:11:47] PASS {"kind": "p0-run", "run": 2, "invalid": null, "incomplete": null, "wallMs": 60016, "ticks": 7202, "simWallRatio": 1, "droppedMs": 0, "bodies": 64, "arrows": 125, "viewport": {"css": [1600, 1000], "devicePixelRatio": 2, "pixelRatio": 1.5, "canvas": [2400, 1500]}, "timerResolutionMs": 1, "percentiles"  [p0-run] run 2 is valid and meets every P0 gate
[qa 20:11:57] P0 run 3 measuring
[qa 20:12:57] PASS {"kind": "p0-run", "run": 3, "invalid": null, "incomplete": null, "wallMs": 60016, "ticks": 7202, "simWallRatio": 1, "droppedMs": 0, "bodies": 64, "arrows": 125, "viewport": {"css": [1600, 1000], "devicePixelRatio": 2, "pixelRatio": 1.5, "canvas": [2400, 1500]}, "timerResolutionMs": 1, "percentiles"  [p0-run] run 3 is valid and meets every P0 gate
[qa 20:13:01] PASS {"kind": "layout", "viewport": [1280, 800], "devicePixelRatio": 2, "controls": {"drag-region": [0, 0, 695.7, 40], "tools": [703.7, 5, 564.3, 30], "undo": [703.7, 5, 75.7, 28], "redo": [783.5, 5, 81.1, 28], "frame-view": [1098.3, 5, 74.3, 28], "reset-view": [1180.7, 5, 87.3, 28], "panel": [12, 52, 28  [layout] 1280×800: the selected law's support is clear of the panel, tools and transport; controls fit; no full-width band
[qa 20:13:01] captured p0-1280x800.png
[qa 20:13:05] display → 1168×755: set 1168x755@120
[qa 20:13:08] display restored to 1168x755@120
[qa 20:13:08] m2-p0 complete
[qa 20:13:08] display restored to 1168x755@120
