[qa 21:17:17] segment: M7 R1 targeted panel qualification
[qa 21:17:22] launched pid 86472, window at 224,104, log m7-r1-panel.log
[qa 21:17:47] PASS {"kind": "layout", "playing": false, "authority": {"tick": 0, "cursor": 0, "stateHash": "5c1105c0661578a4", "engineHash": "6418751f337aef28"}, "viewport": [1280, 800], "devicePixelRatio": 2, "controls": {"drag-region": [0, 0, 696, 40], "tools": [704, 5, 564, 30], "undo": [704, 5, 75.7, 28], "redo":   [layout] fresh fixture at zero
[qa 21:17:47] PASS {"kind": "backend", "backend": "WebGPU", "coordinateSystemIsWebGPU": true, "compatibilityMode": false, "samples": 4, "adapter": {"vendor": "apple", "architecture": "apple", "device": "apple", "description": "apple"}, "features": ["bgra8unorm-storage", "clip-distances", "core-features-and-limits", "d  [backend] packaged WebGPU
[qa 21:17:47] segment: R1 selected law details and ordinary replay
[qa 21:18:04] PASS {"kind": "layout", "playing": false, "authority": {"tick": 0, "cursor": 0, "stateHash": "5c1105c0661578a4", "engineHash": "6418751f337aef28"}, "viewport": [1280, 800], "devicePixelRatio": 2, "controls": {"drag-region": [0, 0, 696, 40], "tools": [704, 5, 564, 30], "undo": [704, 5, 75.7, 28], "redo":   [layout] real baseline through 600
[qa 21:18:23] PASS {"kind": "layout", "playing": false, "authority": {"tick": 120, "cursor": 0, "stateHash": "1c1c34d91f2ddc4c", "engineHash": "7f809077a3cfed29"}, "viewport": [1280, 800], "devicePixelRatio": 2, "controls": {"drag-region": [0, 0, 696, 40], "tools": [704, 5, 564, 30], "undo": [704, 5, 75.7, 28], "redo"  [layout] exact paused boundary 120
[qa 21:18:33] PASS {"kind": "layout", "playing": false, "authority": {"tick": 200, "cursor": 1, "stateHash": "1eda9072e8876035", "engineHash": "94e55b58964d4ffa"}, "viewport": [1280, 800], "devicePixelRatio": 2, "controls": {"drag-region": [0, 0, 696, 40], "tools": [704, 5, 564, 30], "undo": [704, 5, 75.7, 28], "redo"  [layout] exact paused boundary 200
[qa 21:18:49] PASS {"kind": "layout", "playing": false, "authority": {"tick": 280, "cursor": 2, "stateHash": "cf4ee57335a6050b", "engineHash": "260c186e1f5ba567"}, "viewport": [1280, 800], "devicePixelRatio": 2, "controls": {"drag-region": [0, 0, 696, 40], "tools": [704, 5, 564, 30], "undo": [704, 5, 75.7, 28], "redo"  [layout] exact paused boundary 280
[qa 21:19:02] PASS {"kind": "layout", "playing": false, "authority": {"tick": 396, "cursor": 3, "stateHash": "b071edf1bb3d1ca5", "engineHash": "7d9ee50486c3fabb"}, "viewport": [1280, 800], "devicePixelRatio": 2, "controls": {"drag-region": [0, 0, 696, 40], "tools": [704, 5, 564, 30], "undo": [704, 5, 75.7, 28], "redo"  [layout] exact paused boundary 396
[qa 21:19:06] PASS {"kind": "layout", "playing": false, "authority": {"tick": 61, "cursor": 0, "stateHash": "c9b49b634bfdb7d1", "engineHash": "666fc68cd7521c68"}, "viewport": [1280, 800], "devicePixelRatio": 2, "controls": {"drag-region": [0, 0, 696, 40], "tools": [704, 5, 564, 30], "undo": [704, 5, 75.7, 28], "redo":  [layout] Replay paused before first retained command
[qa 21:19:13] PASS {"kind": "layout", "playing": false, "authority": {"tick": 121, "cursor": 1, "stateHash": "61e0001199613b50", "engineHash": "6403cd3a5d5921c7"}, "viewport": [1280, 800], "devicePixelRatio": 2, "controls": {"drag-region": [0, 0, 696, 40], "tools": [704, 5, 564, 30], "undo": [704, 5, 75.7, 28], "redo"  [layout] exact paused boundary 121
[qa 21:19:13] PASS {"kind": "layout", "playing": false, "authority": {"tick": 121, "cursor": 1, "stateHash": "61e0001199613b50", "engineHash": "6403cd3a5d5921c7"}, "viewport": [1280, 800], "devicePixelRatio": 2, "controls": {"drag-region": [0, 0, 696, 40], "tools": [704, 5, 564, 30], "undo": [704, 5, 75.7, 28], "redo"  [layout] actual selected-law controls at 121
[qa 21:19:13] captured r1-details-121.png
[qa 21:19:21] PASS {"kind": "layout", "playing": false, "authority": {"tick": 201, "cursor": 2, "stateHash": "30e376e80be4b678", "engineHash": "289de88aeff3afb5"}, "viewport": [1280, 800], "devicePixelRatio": 2, "controls": {"drag-region": [0, 0, 696, 40], "tools": [704, 5, 564, 30], "undo": [704, 5, 75.7, 28], "redo"  [layout] exact paused boundary 201
[qa 21:19:21] PASS {"kind": "layout", "playing": false, "authority": {"tick": 201, "cursor": 2, "stateHash": "30e376e80be4b678", "engineHash": "289de88aeff3afb5"}, "viewport": [1280, 800], "devicePixelRatio": 2, "controls": {"drag-region": [0, 0, 696, 40], "tools": [704, 5, 564, 30], "undo": [704, 5, 75.7, 28], "redo"  [layout] actual selected-law controls at 201
[qa 21:19:21] captured r1-details-201.png
[qa 21:19:28] PASS {"kind": "layout", "playing": false, "authority": {"tick": 281, "cursor": 3, "stateHash": "cbd456cf3e52fdca", "engineHash": "fb9ef1ef06b9acb9"}, "viewport": [1280, 800], "devicePixelRatio": 2, "controls": {"drag-region": [0, 0, 696, 40], "tools": [704, 5, 564, 30], "undo": [704, 5, 75.7, 28], "redo"  [layout] exact paused boundary 281
[qa 21:19:28] PASS {"kind": "layout", "playing": false, "authority": {"tick": 281, "cursor": 3, "stateHash": "cbd456cf3e52fdca", "engineHash": "fb9ef1ef06b9acb9"}, "viewport": [1280, 800], "devicePixelRatio": 2, "controls": {"drag-region": [0, 0, 696, 40], "tools": [704, 5, 564, 30], "undo": [704, 5, 75.7, 28], "redo"  [layout] actual selected-law controls at 281
[qa 21:19:29] captured r1-details-281.png
[qa 21:19:38] PASS {"kind": "layout", "playing": false, "authority": {"tick": 396, "cursor": 3, "stateHash": "b071edf1bb3d1ca5", "engineHash": "7d9ee50486c3fabb"}, "viewport": [1280, 800], "devicePixelRatio": 2, "controls": {"drag-region": [0, 0, 696, 40], "tools": [704, 5, 564, 30], "undo": [704, 5, 75.7, 28], "redo"  [layout] exact paused boundary 396
[qa 21:19:38] PASS {"kind": "layout", "playing": false, "authority": {"tick": 396, "cursor": 3, "stateHash": "b071edf1bb3d1ca5", "engineHash": "7d9ee50486c3fabb"}, "viewport": [1280, 800], "devicePixelRatio": 2, "controls": {"drag-region": [0, 0, 696, 40], "tools": [704, 5, 564, 30], "undo": [704, 5, 75.7, 28], "redo"  [layout] terminal replay is exact and editable
M7 replay: PASS (structured native log)
[qa 21:19:38] captured r1-details-endpoint.png
[qa 21:19:41] PASS {"kind": "layout", "playing": false, "authority": {"tick": 396, "cursor": 4, "stateHash": "d7f8d0851d2a90d8", "engineHash": "7d9ee50486c3fabb"}, "viewport": [1280, 800], "devicePixelRatio": 2, "controls": {"drag-region": [0, 0, 696, 40], "tools": [704, 5, 564, 30], "undo": [704, 5, 75.7, 28], "redo"  [layout] selected local undo retained
[qa 21:19:44] PASS {"kind": "layout", "playing": false, "authority": {"tick": 396, "cursor": 5, "stateHash": "61c81e7eed542ea7", "engineHash": "7d9ee50486c3fabb"}, "viewport": [1280, 800], "devicePixelRatio": 2, "controls": {"drag-region": [0, 0, 696, 40], "tools": [704, 5, 564, 30], "undo": [704, 5, 75.7, 28], "redo"  [layout] selected local redo retained
[qa 21:19:48] FAIL: refused input at (146,-185): topmost is {"owner":null,"pid":null} 3
