[qa 20:06:31] segment: authoring: undo and identity
[qa 20:06:40] launched pid 71060, window at 0,21, log auth-a.log
[qa 20:06:49] PASS {"kind": "gesture", "phase": "commit", "reason": "stale-buttons", "transformMode": "translate", "handle": null, "samples": 26, "rejected": 0, "pointer": null, "firstRevision": 1, "lastRevision": 26, "field": {"enabled": true, "position": [1.7659984003524403, 1, 0], "rotation": [0, 0, 0, 1], "region"  [gesture] one move gesture
[qa 20:06:50] PASS {"kind": "history", "action": "undo", "ok": true, "label": "Move law", "law": "sideways", "reason": null, "revision": 27, "tick": 0, "laws": [{"id": "sideways", "enabled": true, "position": [3, 1, 0], "rotation": [0, 0, 0, 1], "region": {"kind": "box", "halfExtents": [1.5, 2, 1.5]}, "edgeFade": 0.25  [history] one undo restores the law to where the drag began
[qa 20:06:51] PASS {"kind": "history", "action": "redo", "ok": true, "label": "Move law", "law": "sideways", "reason": null, "revision": 28, "tick": 0, "laws": [{"id": "sideways", "enabled": true, "position": [1.7659984003524403, 1, 0], "rotation": [0, 0, 0, 1], "region": {"kind": "box", "halfExtents": [1.5, 2, 1.5]},  [history] redo restores the dragged position exactly
[qa 20:06:52] PASS {"kind": "history", "action": "undo", "ok": true, "label": "Move law", "law": "sideways", "reason": null, "revision": 29, "tick": 0, "laws": [{"id": "sideways", "enabled": true, "position": [3, 1, 0], "rotation": [0, 0, 0, 1], "region": {"kind": "box", "halfExtents": [1.5, 2, 1.5]}, "edgeFade": 0.25  [history] a second undo is the same entry again
[qa 20:06:59] PASS {"kind": "history", "action": "undo", "ok": true, "label": "Move law", "law": "sideways", "reason": null, "revision": 31, "tick": 434, "laws": [{"id": "sideways", "enabled": true, "position": [3, 1, 0], "rotation": [0, 0, 0, 1], "region": {"kind": "box", "halfExtents": [1.5, 2, 1.5]}, "edgeFade": 0.  [history] undo while playing applies at the current tick
[qa 20:07:02] PASS {"kind": "sim-control", "action": "pause", "reason": "control", "tick": 902, "mode": "packaged", "t": 25388}  [sim-control] the run kept advancing after the undo
[qa 20:07:05] PASS {"kind": "control", "duplicate": "sideways", "created": "sideways-2", "reason": null, "laws": 2, "mode": "packaged", "t": 28005}  [control] duplicate creates the next free ID
[qa 20:07:06] PASS {"kind": "control", "delete": "sideways-2", "ok": true, "laws": 1, "mode": "packaged", "t": 29565}  [control] delete removes the selected copy through the command path
[qa 20:07:07] PASS {"kind": "history", "action": "undo", "ok": true, "label": "Delete law", "law": "sideways-2", "reason": null, "revision": 35, "tick": 902, "laws": [{"id": "sideways", "enabled": true, "position": [3, 1, 0], "rotation": [0, 0, 0, 1], "region": {"kind": "box", "halfExtents": [1.5, 2, 1.5]}, "edgeFade"  [history] undo of delete brings back sideways-2 with its ID
[qa 20:07:08] PASS {"kind": "history", "action": "undo", "ok": true, "label": "Duplicate law", "law": "sideways-2", "reason": null, "revision": 36, "tick": 902, "laws": [{"id": "sideways", "enabled": true, "position": [3, 1, 0], "rotation": [0, 0, 0, 1], "region": {"kind": "box", "halfExtents": [1.5, 2, 1.5]}, "edgeFa  [history] undo of duplicate removes the copy
[qa 20:07:09] PASS {"kind": "history", "action": "redo", "ok": true, "label": "Duplicate law", "law": "sideways-2", "reason": null, "revision": 38, "tick": 902, "laws": [{"id": "sideways", "enabled": true, "position": [3, 1, 0], "rotation": [0, 0, 0, 1], "region": {"kind": "box", "halfExtents": [1.5, 2, 1.5]}, "edgeFa  [history] redo of duplicate recreates the same ID
[qa 20:07:10] captured auth-01-duplicate.png
[qa 20:07:18] segment: authoring: presentation versus semantics
[qa 20:07:22] PASS {"kind": "digest", "reason": "color", "generation": 1, "revision": 39, "semanticSha256": "f4296950486d582f2673bf0533e358953aedaf7784b01b5e84b06546f1ed2c6c", "mode": "packaged", "t": 45316}  [digest] a color change keeps the semantic digest
[qa 20:07:23] PASS {"kind": "digest", "reason": "visibility", "generation": 1, "revision": 40, "semanticSha256": "f4296950486d582f2673bf0533e358953aedaf7784b01b5e84b06546f1ed2c6c", "mode": "packaged", "t": 45889}  [digest] hiding the law keeps the semantic digest
[qa 20:07:24] PASS {"kind": "digest", "reason": "arrows", "generation": 1, "revision": 41, "semanticSha256": "f4296950486d582f2673bf0533e358953aedaf7784b01b5e84b06546f1ed2c6c", "mode": "packaged", "t": 47439}  [digest] turning arrows off keeps the semantic digest
[qa 20:07:28] PASS {"kind": "digest", "reason": "label", "generation": 1, "revision": 42, "semanticSha256": "f4296950486d582f2673bf0533e358953aedaf7784b01b5e84b06546f1ed2c6c", "mode": "packaged", "t": 50145}  [digest] renaming the law keeps the semantic digest
[qa 20:07:37] PASS {"kind": "digest", "reason": "label", "generation": 1, "revision": 42, "semanticSha256": "f4296950486d582f2673bf0533e358953aedaf7784b01b5e84b06546f1ed2c6c", "mode": "packaged", "t": 50145}  [digest] moving the camera made no document edit
[qa 20:07:37] PASS  the camera moved without a document edit
[qa 20:07:37] captured auth-02-presentation.png
[qa 20:07:38] PASS {"kind": "digest", "reason": "enabled", "generation": 1, "revision": 43, "semanticSha256": "449b4d17e15c4b84d7354abd878b2d4acc92a1b226c54a4b91e22f64efe42b00", "mode": "packaged", "t": 61172}  [digest] disabling the law changes the semantic digest
[qa 20:07:42] PASS {"kind": "control", "law": "sideways", "precise": "Move law", "rejected": "position components must be within \u00b11000 m", "mode": "packaged", "t": 63965}  [control] an out-of-range position is rejected
[qa 20:07:43] captured auth-03-rejected-value.png
[qa 20:07:47] PASS {"kind": "control", "law": "sideways", "precise": "Move law", "revision": 44, "field": {"id": "sideways", "enabled": false, "position": [2.5, 1, 0], "rotation": [0, 0, 0, 1], "region": {"kind": "box", "halfExtents": [1.5, 2, 1.5]}, "edgeFade": 0.25, "expression": {"kind": "directional", "direction":  [control] a valid precise value is one validated edit
[qa 20:07:49] m2-authoring complete
