[qa 19:58:36] segment: invalid imports, canceled and refused saves
[qa 19:58:40] launched pid 57846, window at 0,21, log files-a.log
[qa 19:58:48] PASS {"kind": "document", "outcome": "rejected", "action": "open", "file": "bad-unknown-capability.lawsmith.json", "path": "requiredCapabilities[3]", "reason": "this scene requires \"primitive.unknown.v9\", which this build does not support", "mode": "packaged", "t": 11611}  [document] bad-unknown-capability is rejected before replacing anything
[qa 19:58:55] PASS {"kind": "document", "outcome": "rejected", "action": "open", "file": "bad-zero-rotation.lawsmith.json", "path": "semantic.fields[0].pose.rotation", "reason": "rotation must be a finite nonzero quaternion", "mode": "packaged", "t": 19293}  [document] bad-zero-rotation is rejected before replacing anything
[qa 19:59:03] PASS {"kind": "document", "outcome": "rejected", "action": "open", "file": "bad-not-json.lawsmith.json", "path": "", "reason": "the file is not valid JSON (JSON Parse error: Property name must be a string literal)", "mode": "packaged", "t": 26449}  [document] bad-not-json is rejected before replacing anything
[qa 19:59:10] PASS {"kind": "document", "outcome": "failed", "action": "open", "failure": "not-utf8", "stage": "decode", "message": "the file is not UTF-8 (invalid utf-8 sequence of 1 bytes from index 155)", "mode": "packaged", "t": 33589}  [document] bad-latin1 is rejected before replacing anything
[qa 19:59:17] PASS {"kind": "document", "outcome": "failed", "action": "open", "failure": "too-large", "stage": "open", "message": "the file is larger than 5242880 bytes", "mode": "packaged", "t": 40850}  [document] bad-oversized is rejected before replacing anything
[qa 19:59:17] PASS {"kind": "digest", "reason": "startup", "generation": 1, "revision": 0, "semanticSha256": "ac7733bd9477e6e1a1e867470c0ac624e071a3330e921216c246f1b5240307ac", "mode": "packaged", "t": 3525}  [digest] the current scene's semantics never changed
[qa 19:59:18] captured files-01-rejected-import.png
[qa 19:59:21] PASS {"kind": "document", "action": "save-as", "outcome": "canceled", "file": null, "mode": "packaged", "t": 44954}  [document] a canceled Save As writes nothing
[qa 19:59:26] PASS {"kind": "document", "action": "save-as", "outcome": "refused-name", "name": "refused-name.json", "mode": "packaged", "t": 49444}  [document] a name without .lawsmith.json is refused
[qa 19:59:26] PASS  no file was written for the refused name
[qa 19:59:26] captured files-02-refused-name.png
[qa 19:59:32] PASS {"kind": "document", "action": "save-as", "outcome": "saved", "file": "bundled-roundtrip.lawsmith.json", "generation": 1, "revision": 0, "laterEdits": 0, "recoveryRetired": true, "bytes": 2503, "captureMs": 4, "writeMs": 8.743, "saveMs": 15, "mode": "packaged", "t": 54833}  [document] the untouched bundled scene saves
[qa 19:59:32] PASS  the saved bundled scene is byte-identical to the bundled file
[qa 19:59:34] segment: full disk
[qa 19:59:43] launched pid 59201, window at 0,21, log files-b.log
[qa 19:59:51] PASS {"kind": "document", "action": "open", "outcome": "committed", "file": "on-full-disk.lawsmith.json", "generation": 2, "title": "Falling stream", "bytes": 2503, "readMs": 2.46, "parseMs": 1, "candidateMs": 1, "commitMs": 1, "openMs": 5.46, "mode": "packaged", "t": 10990}  [document] the file on the full disk opened, through a symlink, and bound
[qa 19:59:54] PASS {"kind": "document", "outcome": "failed", "action": "save", "file": "on-full-disk.lawsmith.json", "revision": 1, "failure": "disk-full", "stage": "create-temp", "message": "No space left on device (os error 28)", "mode": "packaged", "t": 13788}  [document] Save to the symlinked file on a full disk fails and says so
[qa 19:59:54] PASS  the existing file is byte-identical after the failed save
[qa 19:59:54] PASS  no temporary file was left on the full disk
[qa 19:59:54] captured files-03-disk-full.png
[qa 19:59:56] PASS {"kind": "control", "law": "sideways", "enabled": true, "revision": 2, "mode": "packaged", "t": 15936}  [control] editing still works after the failed save
[qa 20:00:01] PASS {"kind": "document", "action": "save-as", "outcome": "saved", "file": "after-disk-full.lawsmith.json", "generation": 2, "revision": 2, "laterEdits": 0, "recoveryRetired": true, "bytes": 2503, "captureMs": 0, "writeMs": 6.17, "saveMs": 10, "mode": "packaged", "t": 20723}  [document] Save As to another writable location works after the failure
[qa 20:00:03] segment: read-only recovery directory
[qa 20:00:13] launched pid 59992, window at 0,21, log files-c.log
[qa 20:00:16] PASS {"kind": "recovery", "action": "write", "outcome": "failed", "generation": 1, "revision": 1, "failure": "permission", "stage": "create-temp", "message": "Permission denied (os error 13)", "mode": "packaged", "t": 6233}  [recovery] a recovery write that is denied is reported
[qa 20:00:18] captured files-04-recovery-unavailable.png
[qa 20:00:22] PASS {"kind": "document", "action": "save-as", "outcome": "saved", "file": "after-recovery-failure.lawsmith.json", "generation": 1, "revision": 1, "laterEdits": 0, "recoveryRetired": true, "bytes": 2504, "captureMs": 0, "writeMs": 6.717, "saveMs": 13, "mode": "packaged", "t": 12394}  [document] explicit Save As works while recovery is unavailable
[qa 20:00:24] m2-files complete
