[qa 20:00:26] segment: guard: cancel, coalesce, discard
[qa 20:00:36] launched pid 60653, window at 0,21, log guard-a.log
[qa 20:00:39] PASS {"kind": "recovery", "action": "write", "generation": 1, "revision": 1, "bytes": 2812, "captureMs": 0, "ackMs": 9, "mode": "packaged", "t": 6242}  [recovery] the edit is kept in a recovery snapshot
[qa 20:00:41] captured guard-01-alert.png
[qa 20:00:42] PASS {"kind": "guard", "frozen": false, "tick": 0, "mode": "packaged", "t": 9539}  [guard] close then Cancel keeps the app open with edits unfrozen
[qa 20:00:46] PASS {"kind": "guard", "frozen": false, "tick": 0, "mode": "packaged", "t": 12938}  [guard] quit then Cancel keeps the app open with edits unfrozen
[qa 20:00:48] PASS {"kind": "guard", "frozen": false, "tick": 0, "mode": "packaged", "t": 15714}  [guard] dock then Cancel keeps the app open with edits unfrozen
[qa 20:00:49] PASS  recovery eligibility survived three canceled requests
[qa 20:00:50] PASS {"kind": "history", "action": "undo", "ok": true, "label": "Disable law", "law": "sideways", "reason": null, "revision": 2, "tick": 0, "laws": [{"id": "sideways", "enabled": true, "position": [3, 1, 0], "rotation": [0, 0, 0, 1], "region": {"kind": "box", "halfExtents": [1.5, 2, 1.5]}, "edgeFade": 0.  [history] undo still works after the canceled guards
[qa 20:00:51] PASS {"kind": "history", "action": "redo", "ok": true, "label": "Disable law", "law": "sideways", "reason": null, "revision": 3, "tick": 0, "laws": [{"id": "sideways", "enabled": false, "position": [3, 1, 0], "rotation": [0, 0, 0, 1], "region": {"kind": "box", "halfExtents": [1.5, 2, 1.5]}, "edgeFade": 0  [history] redo restores the edit
[qa 20:00:54] PASS  simultaneous Close and Quit coalesced into one guard
[qa 20:00:55] PASS {"kind": "recovery", "action": "discard", "generation": 1, "mode": "packaged", "t": 22976}  [recovery] Don't Save retired this generation's recovery
[qa 20:00:59] launched pid 61279, window at 0,21, log guard-b.log
[qa 20:00:59] PASS {"kind": "recovery", "action": "launch", "current": "absent", "previous": "absent", "mode": "packaged", "t": 3530}  [recovery] saved or discarded work is not offered after restart
[qa 20:01:04] segment: guard: save
[qa 20:01:13] launched pid 61626, window at 0,21, log guard-c.log
[qa 20:01:22] PASS {"kind": "document", "action": "save-as", "outcome": "saved", "file": "guard-saved.lawsmith.json", "generation": 1, "revision": 1, "laterEdits": 0, "recoveryRetired": true, "bytes": 2504, "captureMs": 0, "writeMs": 8.87, "saveMs": 18, "mode": "packaged", "t": 12296}  [document] Save in the guard saved through Save As before quitting
[qa 20:01:26] launched pid 61918, window at 0,21, log guard-d.log
[qa 20:01:26] PASS {"kind": "recovery", "action": "launch", "current": "absent", "previous": "absent", "mode": "packaged", "t": 3528}  [recovery] saved or discarded work is not offered after restart
[qa 20:01:31] segment: recovery after a crash
[qa 20:01:40] launched pid 62263, window at 0,21, log guard-e.log
[qa 20:01:47] PASS {"kind": "recovery", "action": "write", "generation": 1, "revision": 2, "bytes": 2811, "captureMs": 1, "ackMs": 9, "mode": "packaged", "t": 9272}  [recovery] the latest revision is in recovery before the crash
[qa 20:01:47] the test instance was killed (simulated crash)
[qa 20:01:51] launched pid 62545, window at 0,21, log guard-f.log
[qa 20:01:52] PASS {"kind": "recovery", "action": "launch", "current": {"generation": 1, "revision": 2}, "previous": {"generation": 1, "revision": 1}, "mode": "packaged", "t": 3523}  [recovery] the crashed session's work is found at launch
[qa 20:01:53] captured guard-02-recovery-offer.png
[qa 20:02:00] PASS  editing is frozen while the recovery offer waits
[qa 20:02:01] PASS {"kind": "document", "action": "recover", "outcome": "committed", "file": null, "generation": 2, "title": "Falling stream", "mode": "packaged", "t": 13552}  [document] Recover opens the work unbound, paused at tick 0
[qa 20:02:03] PASS {"kind": "recovery", "action": "write", "generation": 2, "revision": 0, "bytes": 2811, "captureMs": 0, "ackMs": 12, "mode": "packaged", "t": 14065}  [recovery] recovered work is written as a snapshot of this session
[qa 20:02:03] captured guard-03-recovered.png
[qa 20:02:09] launched pid 63011, window at 0,21, log guard-g.log
[qa 20:02:09] PASS {"kind": "recovery", "action": "launch", "current": "absent", "previous": "absent", "mode": "packaged", "t": 3527}  [recovery] saved or discarded work is not offered after restart
[qa 20:02:20] segment: corrupt newest snapshot
[qa 20:02:24] launched pid 63712, window at 0,21, log guard-h.log
[qa 20:02:31] the newest snapshot was overwritten with invalid bytes
[qa 20:02:34] launched pid 64059, window at 0,21, log guard-i.log
[qa 20:02:35] PASS {"kind": "recovery", "action": "launch", "current": {"invalid": "JSON Parse error: Unexpected identifier \"not\""}, "previous": {"generation": 1, "revision": 1}, "mode": "packaged", "t": 3528}  [recovery] the corrupt newest copy is reported and the previous one found
[qa 20:02:36] captured guard-04-older-offer.png
[qa 20:02:39] PASS {"kind": "recovery", "action": "offer-resolved", "outcome": true, "mode": "packaged", "t": 6859}  [recovery] the offer is resolved by Discard
[qa 20:02:45] launched pid 64356, window at 0,21, log guard-j.log
[qa 20:02:45] PASS {"kind": "recovery", "action": "launch", "current": "absent", "previous": "absent", "mode": "packaged", "t": 3524}  [recovery] saved or discarded work is not offered after restart
[qa 20:02:50] segment: recover the older copy over a corrupt newest one
[qa 20:02:59] launched pid 64706, window at 0,21, log guard-m.log
[qa 20:03:06] the newest snapshot was overwritten with invalid bytes
[qa 20:03:10] launched pid 64990, window at 0,21, log guard-n.log
[qa 20:03:11] PASS {"kind": "recovery", "action": "launch", "current": {"invalid": "JSON Parse error: Unexpected identifier \"not\""}, "previous": {"generation": 1, "revision": 1}, "mode": "packaged", "t": 3530}  [recovery] the corrupt newest copy is reported and the previous one found
[qa 20:03:13] PASS {"kind": "document", "action": "recover", "outcome": "committed", "file": null, "generation": 2, "title": "Falling stream", "mode": "packaged", "t": 5884}  [document] Recover opens the older copy
[qa 20:03:14] PASS {"kind": "recovery", "action": "write", "generation": 2, "revision": 0, "bytes": 2812, "captureMs": 0, "ackMs": 8, "mode": "packaged", "t": 6393}  [recovery] the recovered work is written as a snapshot of this session
[qa 20:03:14] the test instance was killed after its first recovery write
[qa 20:03:18] launched pid 65203, window at 0,21, log guard-o.log
[qa 20:03:19] PASS {"kind": "recovery", "action": "launch", "current": {"generation": 2, "revision": 0}, "previous": {"generation": 1, "revision": 1}, "mode": "packaged", "t": 3524}  [recovery] the recovered older copy is still a valid previous snapshot
[qa 20:03:21] PASS {"kind": "recovery", "action": "offer-resolved", "outcome": true, "mode": "packaged", "t": 5620}  [recovery] the offer is resolved by Discard
[qa 20:03:28] launched pid 65467, window at 0,21, log guard-p.log
[qa 20:03:28] PASS {"kind": "recovery", "action": "launch", "current": "absent", "previous": "absent", "mode": "packaged", "t": 3521}  [recovery] saved or discarded work is not offered after restart
[qa 20:03:33] segment: open replaces unsaved work
[qa 20:03:42] launched pid 65810, window at 0,21, log guard-k.log
[qa 20:03:51] PASS {"kind": "document", "action": "open", "outcome": "canceled", "stage": "guard", "mode": "packaged", "t": 13214}  [document] a canceled replacement keeps the scene and frees the candidate
[qa 20:03:59] PASS {"kind": "document", "action": "open", "outcome": "committed", "file": "calibration.lawsmith.json", "generation": 2, "title": "Falling stream", "bytes": 2503, "readMs": 0.068, "parseMs": 1, "candidateMs": 1, "commitMs": 2, "openMs": 4.068, "mode": "packaged", "t": 21113}  [document] Don't Save lets the opened scene replace the unsaved one
[qa 20:04:05] launched pid 66403, window at 0,21, log guard-l.log
[qa 20:04:05] PASS {"kind": "recovery", "action": "launch", "current": "absent", "previous": "absent", "mode": "packaged", "t": 3533}  [recovery] saved or discarded work is not offered after restart
[qa 20:04:10] segment: dock quit with an unretired recovery copy
[qa 20:04:19] launched pid 66820, window at 0,21, log guard-q.log
[qa 20:04:23] PASS {"kind": "recovery", "action": "write", "generation": 1, "revision": 1, "bytes": 2812, "captureMs": 0, "ackMs": 15, "mode": "packaged", "t": 6189}  [recovery] the edit is kept in a recovery snapshot
[qa 20:04:28] PASS {"kind": "document", "action": "save-as", "outcome": "saved", "file": "guard-unretired.lawsmith.json", "generation": 1, "revision": 1, "laterEdits": 0, "recoveryRetired": false, "bytes": 2504, "captureMs": 1, "writeMs": 16.476, "saveMs": 19, "mode": "packaged", "t": 11171}  [document] the save succeeds but its recovery copy cannot be removed
[qa 20:04:29] PASS  Dock Quit ran the guard, which stayed open while the copy could not be removed
[qa 20:04:30] PASS {"kind": "recovery", "action": "retire", "generation": 1, "through": 1, "mode": "packaged", "t": 13642}  [recovery] the guard retried the retirement before exiting
[qa 20:04:34] launched pid 67346, window at 0,21, log guard-r.log
[qa 20:04:34] PASS {"kind": "recovery", "action": "launch", "current": "absent", "previous": "absent", "mode": "packaged", "t": 3523}  [recovery] saved work is not offered after restart
[qa 20:04:34] PASS  a clean Dock Quit with nothing in recovery quit at once, without the guard
[qa 20:04:34] m2-guard complete
