[qa 20:22:20] segment: examples: radial catch, release and repulsion
[qa 20:22:29] launched pid 93943, window at 0,21, log demo3.log
[qa 20:22:38] PASS {"kind": "document", "action": "open", "outcome": "committed", "file": "catch-and-release.lawsmith.json", "generation": 2, "title": "Catch and Release", "bytes": 2504, "readMs": 0.142, "parseMs": 0, "candidateMs": 1, "commitMs": 2, "openMs": 3.142, "mode": "packaged", "t": 11345}  [document] catch-and-release opened transactionally
[qa 20:22:38] PASS {"kind": "sim-control", "action": "load", "tick": 0, "playing": false, "run": 1, "laws": [{"id": "pull", "enabled": true, "position": [1, 2.8, 0], "rotation": [0, 0, 0, 1], "region": {"kind": "sphere", "radius": 1.6}, "edgeFade": 0.25, "expression": {"kind": "softRadial", "strength": 12, "coreRadius  [sim-control] catch-and-release starts paused at tick 0
[qa 20:22:40] recording m3-radial for 55 s (overlay windows skipped by the hit test: 22171)
[qa 20:22:46] PASS {"kind": "pacing", "intervalMs": [17, 18, 18], "maxIntervalMs": 19, "workP95Ms": 2, "stallsOver50ms": 2, "devicePixelRatio": 2, "pixelRatio": 1.5, "tick": 357, "playing": true, "bodies": 45, "stepMs": [0, 1, 1], "editMs": null, "editSamples": 0, "simWallRatio": 0.744, "droppedMs": 0, "mode": "packag  [pacing] the stream runs through the pull without limiting
[qa 20:22:47] captured radial-01-catch.png
[qa 20:22:55] PASS {"kind": "gesture", "phase": "commit", "reason": "stale-buttons", "transformMode": "translate", "handle": null, "samples": 25, "rejected": 0, "pointer": null, "firstRevision": 1, "lastRevision": 25, "field": {"enabled": true, "position": [3.5724076435994716, 2.8, 0], "rotation": [0, 0, 0, 1], "regio  [gesture] the pull moved out of the stream
[qa 20:23:00] captured radial-02-release.png
[qa 20:23:08] the synthetic release was lost; sending it again
[qa 20:23:19] PASS {"kind": "gesture", "phase": "commit", "reason": "stale-buttons", "transformMode": "scale", "handle": "strength", "samples": 25, "rejected": 0, "pointer": [643, 281, 720, 298.3359375], "firstRevision": 52, "lastRevision": 76, "field": {"enabled": true, "position": [1.0147646540271946, 2.8, 0], "rota  [gesture] the strength handle made the pull a push
[qa 20:23:25] captured radial-03-repel.png
[qa 20:23:25] waiting for m3-radial to finish
[qa 20:23:36] recording m3-radial.mp4 written
[qa 20:23:44] segment: examples: vortex and its axis
[qa 20:23:54] PASS {"kind": "document", "action": "open", "outcome": "committed", "file": "swirl.lawsmith.json", "generation": 3, "title": "Swirl", "bytes": 2533, "readMs": 0.096, "parseMs": 1, "candidateMs": 1, "commitMs": 1, "openMs": 3.096, "mode": "packaged", "t": 88705}  [document] swirl opened transactionally
[qa 20:23:54] PASS {"kind": "sim-control", "action": "load", "tick": 0, "playing": false, "run": 2, "laws": [{"id": "swirl", "enabled": true, "position": [0.5, 2.5, 0], "rotation": [0, 0, 0, 1], "region": {"kind": "cylinderY", "radius": 1.2, "halfHeight": 1.5}, "edgeFade": 0.25, "expression": {"kind": "vortexY", "stre  [sim-control] swirl starts paused at tick 0
[qa 20:23:56] recording m3-vortex for 42 s (overlay windows skipped by the hit test: 22188)
[qa 20:23:58] PASS {"kind": "layout", "viewport": [1168, 734], "devicePixelRatio": 2, "controls": {"drag-region": [0, 0, 584, 40], "tools": [592, 5, 564, 30], "undo": [592, 5, 75.7, 28], "redo": [671.8, 5, 81.1, 28], "frame-view": [986.3, 5, 74.3, 28], "reset-view": [1068.7, 5, 87.3, 28], "panel": [12, 52, 284, 532],   [layout] the swirl's cylinder support spans its radius and half-height
[qa 20:24:04] captured vortex-01-counterclockwise.png
[qa 20:24:13] PASS {"kind": "gesture", "phase": "commit", "reason": "stale-buttons", "transformMode": "scale", "handle": "strength", "samples": 24, "rejected": 0, "pointer": [655, 290, 582.640625, 320.359375], "firstRevision": 1, "lastRevision": 24, "field": {"enabled": true, "position": [0.5, 2.5, 0], "rotation": [0,  [gesture] the strength handle reversed the circulation
[qa 20:24:18] captured vortex-02-clockwise.png
[qa 20:24:26] PASS {"kind": "gesture", "phase": "commit", "reason": "stale-buttons", "transformMode": "scale", "handle": "radius", "samples": 24, "rejected": 0, "pointer": [553, 277, 629.0078125, 295.1484375], "firstRevision": 25, "lastRevision": 48, "field": {"enabled": true, "position": [0.5, 2.5, 0], "rotation": [0  [gesture] the cylinder radius handle resized the support
[qa 20:24:29] captured vortex-03-narrower.png
[qa 20:24:29] waiting for m3-vortex to finish
[qa 20:24:38] recording m3-vortex.mp4 written
[qa 20:24:39] segment: examples: drag pocket
[qa 20:24:48] PASS {"kind": "document", "action": "open", "outcome": "committed", "file": "drag-pocket.lawsmith.json", "generation": 4, "title": "Drag Pocket", "bytes": 2507, "readMs": 0.104, "parseMs": 5, "candidateMs": 0, "commitMs": 1, "openMs": 6.104, "mode": "packaged", "t": 142888}  [document] drag-pocket opened transactionally
[qa 20:24:48] PASS {"kind": "sim-control", "action": "load", "tick": 0, "playing": false, "run": 3, "laws": [{"id": "drag", "enabled": true, "position": [-1, 2.8, 0], "rotation": [0, 0, 0, 1], "region": {"kind": "box", "halfExtents": [1.2, 1.2, 1.2]}, "edgeFade": 0.25, "expression": {"kind": "linearDrag", "coefficient  [sim-control] drag-pocket starts paused at tick 0
[qa 20:24:50] recording m3-drag for 50 s (overlay windows skipped by the hit test: 22194)
[qa 20:24:57] captured drag-01-pocket.png
[qa 20:25:06] PASS {"kind": "gesture", "phase": "commit", "reason": "stale-buttons", "transformMode": "scale", "handle": "coefficient", "samples": 24, "rejected": 0, "pointer": [565, 228, 565, 139.3046875], "firstRevision": 1, "lastRevision": 24, "field": {"enabled": true, "position": [-1, 2.8, 0], "rotation": [0, 0,   [gesture] the drag gauge raised the coefficient
[qa 20:25:11] captured drag-02-stronger.png
[qa 20:25:20] PASS {"kind": "gesture", "phase": "commit", "reason": "stale-buttons", "transformMode": "rotate", "handle": null, "samples": 24, "rejected": 0, "pointer": null, "firstRevision": 25, "lastRevision": 48, "field": {"enabled": true, "position": [-1, 2.8, 0], "rotation": [0, 0, 0.34185906063978844, 0.93975123  [gesture] the drag region turned about Z by more than 20 degrees through the rotate gizmo
[qa 20:25:24] PASS {"kind": "layout", "viewport": [1168, 734], "devicePixelRatio": 2, "controls": {"drag-region": [0, 0, 584, 40], "tools": [592, 5, 564, 30], "undo": [592, 5, 75.7, 28], "redo": [671.8, 5, 81.1, 28], "frame-view": [986.3, 5, 74.3, 28], "reset-view": [1068.7, 5, 87.3, 28], "panel": [12, 52, 284, 532],   [layout] the rotated drag region draws no drive arrows, only coefficient dots
[qa 20:25:24] captured drag-03-rotated-box.png
[qa 20:25:24] waiting for m3-drag to finish
[qa 20:25:41] recording m3-drag.mp4 written
[qa 20:25:41] segment: examples: overlap
[qa 20:25:51] PASS {"kind": "document", "action": "open", "outcome": "committed", "file": "overlap.lawsmith.json", "generation": 5, "title": "Overlap", "bytes": 3556, "readMs": 0.215, "parseMs": 5, "candidateMs": 1, "commitMs": 2, "openMs": 8.215, "mode": "packaged", "t": 206001}  [document] overlap opened transactionally
[qa 20:25:52] PASS {"kind": "sim-control", "action": "load", "tick": 0, "playing": false, "run": 4, "laws": [{"id": "drag", "enabled": true, "position": [0, 2.5, 0], "rotation": [0, 0, 0, 1], "region": {"kind": "sphere", "radius": 2.2}, "edgeFade": 0.25, "expression": {"kind": "linearDrag", "coefficient": 1.2}}, {"id"  [sim-control] overlap starts paused at tick 0
[qa 20:25:53] recording m3-overlap for 46 s (overlay windows skipped by the hit test: 22200)
[qa 20:26:01] captured overlap-01-three-laws.png
[qa 20:26:03] PASS {"kind": "control", "law": "pull", "enabled": false, "revision": 1, "mode": "packaged", "t": 217110}  [control] the pull is disabled: the swirl and drag still act
[qa 20:26:07] captured overlap-02-without-pull.png
[qa 20:26:09] PASS {"kind": "control", "law": "pull", "enabled": true, "revision": 2, "mode": "packaged", "t": 223022}  [control] the pull is enabled again
[qa 20:26:11] PASS {"kind": "layout", "viewport": [1168, 734], "devicePixelRatio": 2, "controls": {"drag-region": [0, 0, 584, 40], "tools": [592, 5, 564, 30], "undo": [592, 5, 75.7, 28], "redo": [671.8, 5, 81.1, 28], "frame-view": [986.3, 5, 74.3, 28], "reset-view": [1068.7, 5, 87.3, 28], "panel": [12, 52, 284, 532],   [layout] the overlap's drag law is selected, with its handles
[qa 20:26:20] PASS {"kind": "gesture", "phase": "commit", "reason": "stale-buttons", "transformMode": "scale", "handle": "coefficient", "samples": 26, "rejected": 0, "pointer": [637, 283, 638.46875, 204.53125], "firstRevision": 3, "lastRevision": 28, "field": {"enabled": true, "position": [0, 2.5, 0], "rotation": [0,   [gesture] the overlap's drag gauge changed its coefficient
[qa 20:26:24] captured overlap-03-drag-tuned.png
[qa 20:26:24] waiting for m3-overlap to finish
[qa 20:26:40] recording m3-overlap.mp4 written
[qa 20:26:41] segment: examples: collisions
[qa 20:26:50] PASS {"kind": "document", "action": "open", "outcome": "committed", "file": "collisions.lawsmith.json", "generation": 6, "title": "Collisions", "bytes": 3016, "readMs": 0.285, "parseMs": 0, "candidateMs": 1, "commitMs": 1, "openMs": 2.285, "mode": "packaged", "t": 264758}  [document] collisions opened transactionally
[qa 20:26:50] PASS {"kind": "sim-control", "action": "load", "tick": 0, "playing": false, "run": 5, "laws": [{"id": "drag", "enabled": true, "position": [0, 2, 0], "rotation": [0, 0, 0, 1], "region": {"kind": "sphere", "radius": 1.8}, "edgeFade": 0.25, "expression": {"kind": "linearDrag", "coefficient": 3}}, {"id": "p  [sim-control] collisions starts paused at tick 0
[qa 20:26:52] recording m3-collisions for 42 s (overlay windows skipped by the hit test: 22206)
[qa 20:27:02] captured collisions-01-clump.png
[qa 20:27:06] PASS {"kind": "layout", "viewport": [1168, 734], "devicePixelRatio": 2, "controls": {"drag-region": [0, 0, 584, 40], "tools": [592, 5, 564, 30], "undo": [592, 5, 75.7, 28], "redo": [671.8, 5, 81.1, 28], "frame-view": [986.3, 5, 74.3, 28], "reset-view": [1068.7, 5, 87.3, 28], "panel": [12, 52, 284, 532],   [layout] the collision scene's pull is selected, with its handles
[qa 20:27:15] PASS {"kind": "gesture", "phase": "commit", "reason": "stale-buttons", "transformMode": "scale", "handle": "strength", "samples": 25, "rejected": 0, "pointer": [589, 314, 665.0078125, 335], "firstRevision": 1, "lastRevision": 25, "field": {"enabled": true, "position": [0, 2, 0], "rotation": [0, 0, 0, 1],  [gesture] the pull's strength handle loosened the clump
[qa 20:27:20] captured collisions-02-loosened.png
[qa 20:27:23] PASS {"kind": "fixtures", "elapsedMs": 3242, "root": [{"id": "drag", "enabled": true, "position": [0, 2, 0], "rotation": [0, 0, 0, 1], "region": {"kind": "sphere", "radius": 1.8}, "edgeFade": 0.25, "expression": {"kind": "linearDrag", "coefficient": 3}}, {"id": "pull", "enabled": true, "position": [0, 2,  [fixtures] reset and cadence fixtures agree exactly on the collision scene
[qa 20:27:23] waiting for m3-collisions to finish
[qa 20:27:34] recording m3-collisions.mp4 written
[qa 20:27:37] m3-demo complete
