[qa 19:47:51] segment: P0 with every overlay off, then P2, at 1600×1000 under More Space (about 15 minutes)
[qa 19:47:51] display → 1728×1117: set 1728x1117@120
[qa 19:47:58] launched pid 41799, window at 224,104, log perf4.log
[qa 19:48:02] PASS {"kind": "layout", "viewport": [1600, 1000], "devicePixelRatio": 2, "controls": {"drag-region": [0, 0, 1016, 40], "tools": [1024, 5, 564, 30], "undo": [1024, 5, 75.7, 28], "redo": [1103.8, 5, 81.1, 28], "frame-view": [1418.3, 5, 74.3, 28], "reset-view": [1500.7, 5, 87.3, 28], "panel": [12, 52, 284,   [layout] the content viewport is 1600×1000 CSS at DPR 2
[qa 19:48:03] PASS {"kind": "visualization", "change": "trails", "probes": {"enabled": false, "count": 2000, "seed": 1, "live": 0}, "trails": {"mode": "off", "count": 0}, "explained": null, "explainMode": "applied", "arrowScope": "all", "bytes": {"probePositions": 48000, "probeVelocities": 48000, "probeAlive": 2000, "  [visualization] every M4 overlay is off: no probes, no trails, nothing explained
[qa 19:48:24] PASS {"kind": "pacing", "intervalMs": [17, 17, 18], "maxIntervalMs": 18, "workP95Ms": 2, "stallsOver50ms": 0, "devicePixelRatio": 2, "pixelRatio": 1.5, "tick": 2265, "playing": true, "bodies": 64, "stepMs": [0, 1, 1], "editMs": [3, 14, 15], "editSamples": 26, "simWallRatio": 1, "droppedMs": 0, "mode": "p  [pacing] the stream is at full strength with the law inside it
[qa 19:48:24] captured p0-1600x1000.png
[qa 19:48:35] P0 run 1 measuring
[qa 19:48:53] the synthetic release was lost; sending it again
[qa 19:49:03] the synthetic release was lost; sending it again
[qa 19:49:35] PASS {"kind": "p0-run", "run": 1, "invalid": null, "incomplete": null, "wallMs": 60016, "ticks": 7202, "simWallRatio": 1, "droppedMs": 0, "bodies": 64, "arrows": 125, "workload": {"title": "Falling stream", "laws": 1, "lawKinds": ["box", "directional"], "fixedColliders": 1, "authoredDynamic": 0, "allBody  [p0-run] P0 run 1 is valid and meets its gates
[qa 19:49:45] P0 run 2 measuring
[qa 19:50:46] PASS {"kind": "p0-run", "run": 2, "invalid": null, "incomplete": null, "wallMs": 60001, "ticks": 7200, "simWallRatio": 1, "droppedMs": 0, "bodies": 64, "arrows": 125, "workload": {"title": "Falling stream", "laws": 1, "lawKinds": ["box", "directional"], "fixedColliders": 1, "authoredDynamic": 0, "allBody  [p0-run] P0 run 2 is valid and meets its gates
[qa 19:50:56] P0 run 3 measuring
[qa 19:51:56] PASS {"kind": "p0-run", "run": 3, "invalid": null, "incomplete": null, "wallMs": 60000, "ticks": 7200, "simWallRatio": 1, "droppedMs": 0, "bodies": 64, "arrows": 125, "workload": {"title": "Falling stream", "laws": 1, "lawKinds": ["box", "directional"], "fixedColliders": 1, "authoredDynamic": 0, "allBody  [p0-run] P0 run 3 is valid and meets its gates
[qa 19:52:05] PASS {"kind": "document", "action": "open", "outcome": "committed", "file": "p2-probes.lawsmith.json", "generation": 2, "title": "P2 Probes", "bytes": 55498, "readMs": 2.251, "parseMs": 2, "candidateMs": 2, "commitMs": 3, "openMs": 9.251, "mode": "packaged", "t": 250603}  [document] p2-probes opened
[qa 19:52:06] PASS {"kind": "layout", "viewport": [1600, 1000], "devicePixelRatio": 2, "controls": {"drag-region": [0, 0, 1016, 40], "tools": [1024, 5, 564, 30], "undo": [1024, 5, 75.7, 28], "redo": [1103.8, 5, 81.1, 28], "frame-view": [1418.3, 5, 74.3, 28], "reset-view": [1500.7, 5, 87.3, 28], "panel": [12, 52, 284,   [layout] P2 opens with its drag law selected
[qa 19:52:21] PASS {"kind": "visualization", "change": "trails", "probes": {"enabled": true, "count": 2000, "seed": 1, "live": 2000}, "trails": {"mode": "all", "count": 0}, "explained": null, "explainMode": "applied", "arrowScope": "all", "bytes": {"probePositions": 48000, "probeVelocities": 48000, "probeAlive": 2000,  [visualization] P2's overlays: 2,000 probes and 32 trails
[qa 19:52:21] PASS {"kind": "pacing", "intervalMs": [17, 17, 18], "maxIntervalMs": 18, "workP95Ms": 5, "stallsOver50ms": 5, "devicePixelRatio": 2, "pixelRatio": 1.5, "tick": 1128, "playing": true, "bodies": 100, "stepMs": [0, 1, 1], "editMs": [6, 16, 17], "editSamples": 240, "simWallRatio": 1, "droppedMs": 0, "mode":   [pacing] 100 bodies are live
[qa 19:52:21] captured p2-1600x1000.png
[qa 19:52:32] P2 run 1 measuring
[qa 19:53:30] the synthetic release was lost; sending it again
[qa 19:53:32] PASS {"kind": "p0-run", "run": 4, "invalid": null, "incomplete": null, "wallMs": 60000, "ticks": 7200, "simWallRatio": 1, "droppedMs": 0, "bodies": 100, "arrows": 24, "workload": {"title": "P2 Probes", "laws": 4, "lawKinds": ["box", "cylinderY", "directional", "linearDrag", "softRadial", "sphere", "vorte  [p0-run] P2 run 1 is valid and meets its gates
[qa 19:53:42] P2 run 2 measuring
[qa 19:54:43] FAIL {"kind": "p0-run", "run": 5, "invalid": "paused: native-focus-lost", "incomplete": null, "wallMs": 60015, "ticks": 3030, "simWallRatio": 0.421, "droppedMs": 0, "bodies": 100, "arrows": 24, "workload": {"title": "P2 Probes", "laws": 4, "lawKinds": ["box", "cylinderY", "directional", "linearDrag", "so  [p0-run] P2 run 2 is valid and meets its gates
[qa 19:54:43] FAIL: expectation failed: P2 run 2 is valid and meets its gates
[qa 19:54:43] display → 1168×755: set 1168x755@120
[qa 19:54:46] display restored to 1168x755@120
