[qa 20:13:38] segment: P0 with every overlay off, then P2, at 1600×1000 under More Space (about 15 minutes)
[qa 20:14:08] display → 1728×1117: set 1728x1117@120
[qa 20:14:15] launched pid 82975, window at 224,104, log perf4.log
[qa 20:14:19] PASS {"kind": "layout", "viewport": [1600, 1000], "devicePixelRatio": 2, "controls": {"drag-region": [0, 0, 1016, 40], "tools": [1024, 5, 564, 30], "undo": [1024, 5, 75.7, 28], "redo": [1103.8, 5, 81.1, 28], "frame-view": [1418.3, 5, 74.3, 28], "reset-view": [1500.7, 5, 87.3, 28], "panel": [12, 52, 284,   [layout] the content viewport is 1600×1000 CSS at DPR 2
[qa 20:14:20] PASS {"kind": "visualization", "change": "trails", "probes": {"enabled": false, "count": 2000, "seed": 1, "live": 0}, "trails": {"mode": "off", "count": 0}, "explained": null, "explainMode": "applied", "arrowScope": "all", "bytes": {"probePositions": 48000, "probeVelocities": 48000, "probeAlive": 2000, "  [visualization] every M4 overlay is off: no probes, no trails, nothing explained
[qa 20:14:41] PASS {"kind": "pacing", "intervalMs": [17, 17, 18], "maxIntervalMs": 18, "workP95Ms": 2, "stallsOver50ms": 0, "devicePixelRatio": 2, "pixelRatio": 1.5, "tick": 2265, "playing": true, "bodies": 64, "stepMs": [0, 1, 1], "editMs": [5, 16, 17], "editSamples": 25, "simWallRatio": 1, "droppedMs": 0, "mode": "p  [pacing] the stream is at full strength with the law inside it
[qa 20:14:41] captured p0-1600x1000.png
[qa 20:14:52] P0 run 1 measuring
[qa 20:15:29] the synthetic release was lost; sending it again
[qa 20:15:52] PASS {"kind": "p0-run", "run": 1, "invalid": null, "incomplete": null, "wallMs": 60016, "ticks": 7202, "simWallRatio": 1, "droppedMs": 0, "bodies": 64, "arrows": 125, "workload": {"title": "Falling stream", "laws": 1, "lawKinds": ["box", "directional"], "fixedColliders": 1, "authoredDynamic": 0, "allBody  [p0-run] P0 run 1 is valid and meets its gates
[qa 20:16:02] P0 run 2 measuring
[qa 20:16:50] the synthetic release was lost; sending it again
[qa 20:17:00] the synthetic release was lost; sending it again
[qa 20:17:02] PASS {"kind": "p0-run", "run": 2, "invalid": null, "incomplete": null, "wallMs": 60000, "ticks": 7200, "simWallRatio": 1, "droppedMs": 0, "bodies": 64, "arrows": 125, "workload": {"title": "Falling stream", "laws": 1, "lawKinds": ["box", "directional"], "fixedColliders": 1, "authoredDynamic": 0, "allBody  [p0-run] P0 run 2 is valid and meets its gates
[qa 20:17:13] P0 run 3 measuring
[qa 20:17:51] the synthetic release was lost; sending it again
[qa 20:18:13] PASS {"kind": "p0-run", "run": 3, "invalid": null, "incomplete": null, "wallMs": 60000, "ticks": 7200, "simWallRatio": 1, "droppedMs": 0, "bodies": 64, "arrows": 125, "workload": {"title": "Falling stream", "laws": 1, "lawKinds": ["box", "directional"], "fixedColliders": 1, "authoredDynamic": 0, "allBody  [p0-run] P0 run 3 is valid and meets its gates
[qa 20:18:22] PASS {"kind": "document", "action": "open", "outcome": "committed", "file": "p2-probes.lawsmith.json", "generation": 2, "title": "P2 Probes", "bytes": 55498, "readMs": 2.428, "parseMs": 2, "candidateMs": 3, "commitMs": 4, "openMs": 11.428, "mode": "packaged", "t": 250136}  [document] p2-probes opened
[qa 20:18:23] PASS {"kind": "layout", "viewport": [1600, 1000], "devicePixelRatio": 2, "controls": {"drag-region": [0, 0, 1016, 40], "tools": [1024, 5, 564, 30], "undo": [1024, 5, 75.7, 28], "redo": [1103.8, 5, 81.1, 28], "frame-view": [1418.3, 5, 74.3, 28], "reset-view": [1500.7, 5, 87.3, 28], "panel": [12, 52, 284,   [layout] P2 opens with its drag law selected
[qa 20:18:38] PASS {"kind": "visualization", "change": "trails", "probes": {"enabled": true, "count": 2000, "seed": 1, "live": 2000}, "trails": {"mode": "all", "count": 0}, "explained": null, "explainMode": "applied", "arrowScope": "all", "bytes": {"probePositions": 48000, "probeVelocities": 48000, "probeAlive": 2000,  [visualization] P2's overlays: 2,000 probes and 32 trails
[qa 20:18:38] PASS {"kind": "pacing", "intervalMs": [17, 17, 18], "maxIntervalMs": 18, "workP95Ms": 6, "stallsOver50ms": 5, "devicePixelRatio": 2, "pixelRatio": 1.5, "tick": 1185, "playing": true, "bodies": 100, "stepMs": [0, 1, 1], "editMs": [7, 16, 17], "editSamples": 240, "simWallRatio": 1, "droppedMs": 0, "mode":   [pacing] 100 bodies are live
[qa 20:18:38] captured p2-1600x1000.png
[qa 20:18:48] P2 run 1 measuring
[qa 20:19:36] the synthetic release was lost; sending it again
[qa 20:19:48] PASS {"kind": "p0-run", "run": 4, "invalid": null, "incomplete": null, "wallMs": 60015, "ticks": 7201, "simWallRatio": 1, "droppedMs": 0, "bodies": 100, "arrows": 24, "workload": {"title": "P2 Probes", "laws": 4, "lawKinds": ["box", "cylinderY", "directional", "linearDrag", "softRadial", "sphere", "vorte  [p0-run] P2 run 1 is valid and meets its gates
[qa 20:19:59] P2 run 2 measuring
[qa 20:20:07] the synthetic release was lost; sending it again
[qa 20:20:59] PASS {"kind": "p0-run", "run": 5, "invalid": null, "incomplete": null, "wallMs": 60017, "ticks": 7202, "simWallRatio": 1, "droppedMs": 0, "bodies": 100, "arrows": 24, "workload": {"title": "P2 Probes", "laws": 4, "lawKinds": ["box", "cylinderY", "directional", "linearDrag", "softRadial", "sphere", "vorte  [p0-run] P2 run 2 is valid and meets its gates
[qa 20:21:10] P2 run 3 measuring
[qa 20:21:18] the synthetic release was lost; sending it again
[qa 20:22:10] PASS {"kind": "p0-run", "run": 6, "invalid": null, "incomplete": null, "wallMs": 60000, "ticks": 7200, "simWallRatio": 1, "droppedMs": 0, "bodies": 100, "arrows": 24, "workload": {"title": "P2 Probes", "laws": 4, "lawKinds": ["box", "cylinderY", "directional", "linearDrag", "softRadial", "sphere", "vorte  [p0-run] P2 run 3 is valid and meets its gates
[qa 20:22:14] display → 1168×755: set 1168x755@120
[qa 20:22:17] display restored to 1168x755@120
[qa 20:22:17] m4-perf complete
[qa 20:22:17] display restored to 1168x755@120
