[qa 23:53:58] segment: M7 post-root presentation and controlled visible fault
[qa 23:54:02] launched pid 67063, window at 224,104, log m7-presentation-fault.log
[qa 23:54:43] PASS {"kind": "layout", "playing": false, "authority": {"tick": 0, "cursor": 1, "stateHash": "54ebba43db5e1cd2", "engineHash": "6418751f337aef28"}, "viewport": [1280, 800], "devicePixelRatio": 2, "controls": {"drag-region": [0, 0, 696, 40], "tools": [704, 5, 564, 30], "undo": [704, 5, 75.7, 28], "redo":   [layout] custom post-root inspector and visible Laws list
[qa 23:54:43] captured custom-source-post-root.png
[qa 23:54:47] PASS {"kind": "layout", "playing": false, "authority": {"tick": 0, "cursor": 1, "stateHash": "54ebba43db5e1cd2", "engineHash": "6418751f337aef28"}, "viewport": [1280, 800], "devicePixelRatio": 2, "controls": {"drag-region": [0, 0, 696, 40], "tools": [704, 5, 564, 30], "undo": [704, 5, 75.7, 28], "redo":   [layout] custom root inspector retains its name
[qa 23:54:52] PASS {"kind": "layout", "playing": false, "authority": {"tick": 0, "cursor": 1, "stateHash": "54ebba43db5e1cd2", "engineHash": "6418751f337aef28"}, "viewport": [1280, 800], "devicePixelRatio": 2, "controls": {"drag-region": [0, 0, 696, 40], "tools": [704, 5, 564, 30], "undo": [704, 5, 75.7, 28], "redo":   [layout] supplement real 600 tick baseline
[qa 23:54:56] PASS {"kind": "layout", "playing": false, "authority": {"tick": 0, "cursor": 1, "stateHash": "54ebba43db5e1cd2", "engineHash": "6418751f337aef28"}, "viewport": [1280, 800], "devicePixelRatio": 2, "controls": {"drag-region": [0, 0, 696, 40], "tools": [704, 5, 564, 30], "undo": [704, 5, 75.7, 28], "redo":   [layout] custom post-root inspector and visible Laws list
[qa 23:54:56] captured custom-compare-post-root.png
[qa 23:55:00] PASS {"kind": "layout", "playing": false, "authority": {"tick": 0, "cursor": 1, "stateHash": "54ebba43db5e1cd2", "engineHash": "6418751f337aef28"}, "viewport": [1280, 800], "devicePixelRatio": 2, "controls": {"drag-region": [0, 0, 696, 40], "tools": [704, 5, 564, 30], "undo": [704, 5, 75.7, 28], "redo":   [layout] custom root inspector retains its name
[qa 23:55:00] captured custom-compare.png
[qa 23:55:18] PASS {"kind": "layout", "playing": false, "authority": {"tick": 1, "cursor": 2, "stateHash": "a8dafca747ce0a0f", "engineHash": "956937735d7dd267"}, "viewport": [1280, 800], "devicePixelRatio": 2, "controls": {"drag-region": [0, 0, 696, 40], "tools": [704, 5, 564, 30], "undo": [704, 5, 75.7, 28], "redo":   [layout] custom post-root inspector and visible Laws list
[qa 23:55:18] captured custom-replay-alternate-post-root.png
[qa 23:55:22] PASS {"kind": "layout", "playing": false, "authority": {"tick": 1, "cursor": 2, "stateHash": "a8dafca747ce0a0f", "engineHash": "956937735d7dd267"}, "viewport": [1280, 800], "devicePixelRatio": 2, "controls": {"drag-region": [0, 0, 696, 40], "tools": [704, 5, 564, 30], "undo": [704, 5, 75.7, 28], "redo":   [layout] custom root inspector retains its name
[qa 23:55:22] captured custom-replay-alternate.png
[qa 23:55:28] PASS {"kind": "layout", "playing": false, "authority": {"tick": 0, "cursor": 1, "stateHash": "54ebba43db5e1cd2", "engineHash": "6418751f337aef28"}, "viewport": [1280, 800], "devicePixelRatio": 2, "controls": {"drag-region": [0, 0, 696, 40], "tools": [704, 5, 564, 30], "undo": [704, 5, 75.7, 28], "redo":   [layout] custom post-root inspector and visible Laws list
[qa 23:55:29] captured custom-new-alternate-post-root.png
[qa 23:55:32] PASS {"kind": "layout", "playing": false, "authority": {"tick": 0, "cursor": 1, "stateHash": "54ebba43db5e1cd2", "engineHash": "6418751f337aef28"}, "viewport": [1280, 800], "devicePixelRatio": 2, "controls": {"drag-region": [0, 0, 696, 40], "tools": [704, 5, 564, 30], "undo": [704, 5, 75.7, 28], "redo":   [layout] custom root inspector retains its name
[qa 23:55:32] PASS {"kind": "layout", "playing": false, "authority": {"tick": 0, "cursor": 1, "stateHash": "54ebba43db5e1cd2", "engineHash": "6418751f337aef28"}, "viewport": [1280, 800], "devicePixelRatio": 2, "controls": {"drag-region": [0, 0, 696, 40], "tools": [704, 5, 564, 30], "undo": [704, 5, 75.7, 28], "redo":   [layout] New retains fork presentation and clears suffix
[qa 23:55:33] captured custom-new-alternate.png
[qa 23:55:46] the guard asks about the scene
[qa 23:55:48] the guard asks about the recording
[qa 23:55:51] PASS {"kind": "document", "action": "open", "outcome": "committed", "file": "controlled-comparison-fault.lawsmith.json", "generation": 3, "title": "Controlled comparison speed fault", "bytes": 2493, "readMs": 0.061, "parseMs": 1, "candidateMs": 2, "commitMs": 1, "openMs": 4.061, "mode": "packaged", "t":   [document] controlled supported-domain fault fixture opened
[qa 23:55:55] PASS {"kind": "layout", "playing": false, "authority": {"tick": 0, "cursor": 0, "stateHash": "469cbd65287be9be", "engineHash": "2a4380fed5187ded"}, "viewport": [1280, 800], "devicePixelRatio": 2, "controls": {"drag-region": [0, 0, 696, 40], "tools": [704, 5, 564, 30], "undo": [704, 5, 75.7, 28], "redo":   [layout] supplement real 600 tick baseline
[qa 23:56:07] PASS {"kind": "simulation-fault", "tick": 91, "entity": "traveler", "reason": "Speed above the supported 350 m/s", "mode": "packaged", "t": 127295}  [simulation-fault] controlled B crosses the speed limit
[qa 23:56:07] PASS {"kind": "layout", "playing": false, "authority": {"tick": 90, "cursor": 1, "stateHash": "afce239c8df6c73f", "engineHash": "d5190f7efd949b32"}, "viewport": [1280, 800], "devicePixelRatio": 2, "controls": {"drag-region": [0, 0, 696, 40], "tools": [704, 5, 564, 30], "undo": [704, 5, 75.7, 28], "redo":  [layout] fault pauses B and omits authored Reset
[qa 23:56:11] captured controlled-comparison-fault.png
[qa 23:56:14] PASS {"kind": "layout", "playing": false, "authority": {"tick": 0, "cursor": 0, "stateHash": "469cbd65287be9be", "engineHash": "2a4380fed5187ded"}, "viewport": [1280, 800], "devicePixelRatio": 2, "controls": {"drag-region": [0, 0, 696, 40], "tools": [704, 5, 564, 30], "undo": [704, 5, 75.7, 28], "redo":   [layout] New Alternate recovers the faulted B
[qa 23:56:17] PASS {"kind": "layout", "playing": false, "authority": {"tick": 1, "cursor": 0, "stateHash": "e36e6be62bd1bafd", "engineHash": "0becf06f562e6460"}, "viewport": [1280, 800], "devicePixelRatio": 2, "controls": {"drag-region": [0, 0, 696, 40], "tools": [704, 5, 564, 30], "undo": [704, 5, 75.7, 28], "redo":   [layout] recovered B actually advances
[qa 23:56:17] captured controlled-comparison-recovered.png
[qa 23:56:21] presentation and controlled fault supplement complete
