[qa 22:17:54] segment: M7 R1 targeted panel qualification
[qa 22:18:14] launched pid 56546, window at 224,104, log m7-r1-panel.log
[qa 22:18:32] PASS {"kind": "layout", "playing": false, "authority": {"tick": 0, "cursor": 0, "stateHash": "5c1105c0661578a4", "engineHash": "6418751f337aef28"}, "viewport": [1280, 800], "devicePixelRatio": 2, "controls": {"drag-region": [0, 0, 696, 40], "tools": [704, 5, 564, 30], "undo": [704, 5, 75.7, 28], "redo":   [layout] fresh fixture at zero
[qa 22:18:32] PASS {"kind": "backend", "backend": "WebGPU", "coordinateSystemIsWebGPU": true, "compatibilityMode": false, "samples": 4, "adapter": {"vendor": "apple", "architecture": "apple", "device": "apple", "description": "apple"}, "features": ["bgra8unorm-storage", "clip-distances", "core-features-and-limits", "d  [backend] packaged WebGPU
[qa 22:18:38] PASS {"kind": "layout", "playing": false, "authority": {"tick": 0, "cursor": 0, "stateHash": "5c1105c0661578a4", "engineHash": "6418751f337aef28"}, "viewport": [1280, 800], "devicePixelRatio": 2, "controls": {"drag-region": [0, 0, 696, 40], "tools": [704, 5, 564, 30], "undo": [704, 5, 75.7, 28], "redo":   [layout] real baseline through 600
[qa 22:18:49] PASS {"kind": "layout", "playing": false, "authority": {"tick": 120, "cursor": 0, "stateHash": "1c1c34d91f2ddc4c", "engineHash": "7f809077a3cfed29"}, "viewport": [1280, 800], "devicePixelRatio": 2, "controls": {"drag-region": [0, 0, 696, 40], "tools": [704, 5, 564, 30], "undo": [704, 5, 75.7, 28], "redo"  [layout] exact paused boundary 120
[qa 22:18:52] PASS {"kind": "layout", "playing": false, "authority": {"tick": 120, "cursor": 1, "stateHash": "18ddb9fdb2017136", "engineHash": "7f809077a3cfed29"}, "viewport": [1280, 800], "devicePixelRatio": 2, "controls": {"drag-region": [0, 0, 696, 40], "tools": [704, 5, 564, 30], "undo": [704, 5, 75.7, 28], "redo"  [layout] created Push selected
[qa 22:19:03] PASS {"kind": "layout", "playing": false, "authority": {"tick": 240, "cursor": 1, "stateHash": "731029a36e3b1035", "engineHash": "94f8d914469dab3a"}, "viewport": [1280, 800], "devicePixelRatio": 2, "controls": {"drag-region": [0, 0, 696, 40], "tools": [704, 5, 564, 30], "undo": [704, 5, 75.7, 28], "redo"  [layout] exact paused boundary 240
[qa 22:19:26] PASS {"kind": "layout", "playing": false, "authority": {"tick": 396, "cursor": 2, "stateHash": "1321ef45a4b93e62", "engineHash": "7d9ee50486c3fabb"}, "viewport": [1280, 800], "devicePixelRatio": 2, "controls": {"drag-region": [0, 0, 696, 40], "tools": [704, 5, 564, 30], "undo": [704, 5, 75.7, 28], "redo"  [layout] exact paused boundary 396
[qa 22:19:34] PASS {"kind": "layout", "playing": false, "authority": {"tick": 396, "cursor": 2, "stateHash": "1321ef45a4b93e62", "engineHash": "7d9ee50486c3fabb"}, "viewport": [1280, 800], "devicePixelRatio": 2, "controls": {"drag-region": [0, 0, 696, 40], "tools": [704, 5, 564, 30], "undo": [704, 5, 75.7, 28], "redo"  [layout] selection cleared
[qa 22:19:38] PASS {"kind": "layout", "playing": false, "authority": {"tick": 63, "cursor": 0, "stateHash": "fce9f226598513d1", "engineHash": "78c52f57eb28edfa"}, "viewport": [1280, 800], "devicePixelRatio": 2, "controls": {"drag-region": [0, 0, 696, 40], "tools": [704, 5, 564, 30], "undo": [704, 5, 75.7, 28], "redo":  [layout] Replay paused before first retained command
[qa 22:19:44] PASS {"kind": "layout", "playing": false, "authority": {"tick": 121, "cursor": 1, "stateHash": "7f6453831543cf76", "engineHash": "6403cd3a5d5921c7"}, "viewport": [1280, 800], "devicePixelRatio": 2, "controls": {"drag-region": [0, 0, 696, 40], "tools": [704, 5, 564, 30], "undo": [704, 5, 75.7, 28], "redo"  [layout] exact paused boundary 121
[qa 22:19:44] PASS {"kind": "layout", "playing": false, "authority": {"tick": 121, "cursor": 1, "stateHash": "7f6453831543cf76", "engineHash": "6403cd3a5d5921c7"}, "viewport": [1280, 800], "devicePixelRatio": 2, "controls": {"drag-region": [0, 0, 696, 40], "tools": [704, 5, 564, 30], "undo": [704, 5, 75.7, 28], "redo"  [layout] intermediate Push host and actual DOM agree
[qa 22:19:45] captured r1-created-intermediate.png
[qa 22:20:04] PASS {"kind": "layout", "playing": false, "authority": {"tick": 396, "cursor": 2, "stateHash": "1321ef45a4b93e62", "engineHash": "7d9ee50486c3fabb"}, "viewport": [1280, 800], "devicePixelRatio": 2, "controls": {"drag-region": [0, 0, 696, 40], "tools": [704, 5, 564, 30], "undo": [704, 5, 75.7, 28], "redo"  [layout] exact paused boundary 396
[qa 22:20:04] PASS {"kind": "layout", "playing": false, "authority": {"tick": 396, "cursor": 2, "stateHash": "1321ef45a4b93e62", "engineHash": "7d9ee50486c3fabb"}, "viewport": [1280, 800], "devicePixelRatio": 2, "controls": {"drag-region": [0, 0, 696, 40], "tools": [704, 5, 564, 30], "undo": [704, 5, 75.7, 28], "redo"  [layout] terminal replay is exact and editable
[qa 22:20:04] captured r1-created-endpoint.png
[qa 22:20:07] PASS {"kind": "layout", "playing": false, "authority": {"tick": 396, "cursor": 3, "stateHash": "ed4be619534ae758", "engineHash": "7d9ee50486c3fabb"}, "viewport": [1280, 800], "devicePixelRatio": 2, "controls": {"drag-region": [0, 0, 696, 40], "tools": [704, 5, 564, 30], "undo": [704, 5, 75.7, 28], "redo"  [layout] retained local undo works
[qa 22:20:12] PASS {"kind": "layout", "playing": false, "authority": {"tick": 0, "cursor": 0, "stateHash": "5c1105c0661578a4", "engineHash": "6418751f337aef28"}, "viewport": [1280, 800], "devicePixelRatio": 2, "controls": {"drag-region": [0, 0, 696, 40], "tools": [704, 5, 564, 30], "undo": [704, 5, 75.7, 28], "redo":   [layout] New clears Push and history
[qa 22:20:15] segment: R1 selected law details
[qa 22:20:35] PASS {"kind": "layout", "playing": false, "authority": {"tick": 0, "cursor": 0, "stateHash": "5c1105c0661578a4", "engineHash": "6418751f337aef28"}, "viewport": [1280, 800], "devicePixelRatio": 2, "controls": {"drag-region": [0, 0, 696, 40], "tools": [704, 5, 564, 30], "undo": [704, 5, 75.7, 28], "redo":   [layout] real baseline through 600
[qa 22:20:54] PASS {"kind": "layout", "playing": false, "authority": {"tick": 120, "cursor": 0, "stateHash": "1c1c34d91f2ddc4c", "engineHash": "7f809077a3cfed29"}, "viewport": [1280, 800], "devicePixelRatio": 2, "controls": {"drag-region": [0, 0, 696, 40], "tools": [704, 5, 564, 30], "undo": [704, 5, 75.7, 28], "redo"  [layout] exact paused boundary 120
[qa 22:21:04] PASS {"kind": "layout", "playing": false, "authority": {"tick": 200, "cursor": 1, "stateHash": "1eda9072e8876035", "engineHash": "94e55b58964d4ffa"}, "viewport": [1280, 800], "devicePixelRatio": 2, "controls": {"drag-region": [0, 0, 696, 40], "tools": [704, 5, 564, 30], "undo": [704, 5, 75.7, 28], "redo"  [layout] exact paused boundary 200
[qa 22:21:21] PASS {"kind": "layout", "playing": false, "authority": {"tick": 280, "cursor": 2, "stateHash": "cf4ee57335a6050b", "engineHash": "260c186e1f5ba567"}, "viewport": [1280, 800], "devicePixelRatio": 2, "controls": {"drag-region": [0, 0, 696, 40], "tools": [704, 5, 564, 30], "undo": [704, 5, 75.7, 28], "redo"  [layout] exact paused boundary 280
[qa 22:21:34] PASS {"kind": "layout", "playing": false, "authority": {"tick": 396, "cursor": 3, "stateHash": "b071edf1bb3d1ca5", "engineHash": "7d9ee50486c3fabb"}, "viewport": [1280, 800], "devicePixelRatio": 2, "controls": {"drag-region": [0, 0, 696, 40], "tools": [704, 5, 564, 30], "undo": [704, 5, 75.7, 28], "redo"  [layout] exact paused boundary 396
[qa 22:21:38] PASS {"kind": "layout", "playing": false, "authority": {"tick": 61, "cursor": 0, "stateHash": "c9b49b634bfdb7d1", "engineHash": "666fc68cd7521c68"}, "viewport": [1280, 800], "devicePixelRatio": 2, "controls": {"drag-region": [0, 0, 696, 40], "tools": [704, 5, 564, 30], "undo": [704, 5, 75.7, 28], "redo":  [layout] Replay paused before first retained command
[qa 22:21:45] PASS {"kind": "layout", "playing": false, "authority": {"tick": 121, "cursor": 1, "stateHash": "61e0001199613b50", "engineHash": "6403cd3a5d5921c7"}, "viewport": [1280, 800], "devicePixelRatio": 2, "controls": {"drag-region": [0, 0, 696, 40], "tools": [704, 5, 564, 30], "undo": [704, 5, 75.7, 28], "redo"  [layout] exact paused boundary 121
[qa 22:21:45] PASS {"kind": "layout", "playing": false, "authority": {"tick": 121, "cursor": 1, "stateHash": "61e0001199613b50", "engineHash": "6403cd3a5d5921c7"}, "viewport": [1280, 800], "devicePixelRatio": 2, "controls": {"drag-region": [0, 0, 696, 40], "tools": [704, 5, 564, 30], "undo": [704, 5, 75.7, 28], "redo"  [layout] actual selected-law controls at 121
[qa 22:21:45] captured r1-details-121.png
[qa 22:21:52] PASS {"kind": "layout", "playing": false, "authority": {"tick": 201, "cursor": 2, "stateHash": "30e376e80be4b678", "engineHash": "289de88aeff3afb5"}, "viewport": [1280, 800], "devicePixelRatio": 2, "controls": {"drag-region": [0, 0, 696, 40], "tools": [704, 5, 564, 30], "undo": [704, 5, 75.7, 28], "redo"  [layout] exact paused boundary 201
[qa 22:21:52] PASS {"kind": "layout", "playing": false, "authority": {"tick": 201, "cursor": 2, "stateHash": "30e376e80be4b678", "engineHash": "289de88aeff3afb5"}, "viewport": [1280, 800], "devicePixelRatio": 2, "controls": {"drag-region": [0, 0, 696, 40], "tools": [704, 5, 564, 30], "undo": [704, 5, 75.7, 28], "redo"  [layout] actual selected-law controls at 201
[qa 22:21:53] captured r1-details-201.png
[qa 22:22:00] PASS {"kind": "layout", "playing": false, "authority": {"tick": 281, "cursor": 3, "stateHash": "cbd456cf3e52fdca", "engineHash": "fb9ef1ef06b9acb9"}, "viewport": [1280, 800], "devicePixelRatio": 2, "controls": {"drag-region": [0, 0, 696, 40], "tools": [704, 5, 564, 30], "undo": [704, 5, 75.7, 28], "redo"  [layout] exact paused boundary 281
[qa 22:22:00] PASS {"kind": "layout", "playing": false, "authority": {"tick": 281, "cursor": 3, "stateHash": "cbd456cf3e52fdca", "engineHash": "fb9ef1ef06b9acb9"}, "viewport": [1280, 800], "devicePixelRatio": 2, "controls": {"drag-region": [0, 0, 696, 40], "tools": [704, 5, 564, 30], "undo": [704, 5, 75.7, 28], "redo"  [layout] actual selected-law controls at 281
[qa 22:22:00] captured r1-details-281.png
[qa 22:22:10] PASS {"kind": "layout", "playing": false, "authority": {"tick": 396, "cursor": 3, "stateHash": "b071edf1bb3d1ca5", "engineHash": "7d9ee50486c3fabb"}, "viewport": [1280, 800], "devicePixelRatio": 2, "controls": {"drag-region": [0, 0, 696, 40], "tools": [704, 5, 564, 30], "undo": [704, 5, 75.7, 28], "redo"  [layout] exact paused boundary 396
[qa 22:22:10] PASS {"kind": "layout", "playing": false, "authority": {"tick": 396, "cursor": 3, "stateHash": "b071edf1bb3d1ca5", "engineHash": "7d9ee50486c3fabb"}, "viewport": [1280, 800], "devicePixelRatio": 2, "controls": {"drag-region": [0, 0, 696, 40], "tools": [704, 5, 564, 30], "undo": [704, 5, 75.7, 28], "redo"  [layout] terminal replay is exact and editable
[qa 22:22:10] captured r1-details-endpoint.png
[qa 22:22:13] PASS {"kind": "layout", "playing": false, "authority": {"tick": 396, "cursor": 4, "stateHash": "d7f8d0851d2a90d8", "engineHash": "7d9ee50486c3fabb"}, "viewport": [1280, 800], "devicePixelRatio": 2, "controls": {"drag-region": [0, 0, 696, 40], "tools": [704, 5, 564, 30], "undo": [704, 5, 75.7, 28], "redo"  [layout] selected local undo retained
[qa 22:22:16] PASS {"kind": "layout", "playing": false, "authority": {"tick": 396, "cursor": 5, "stateHash": "61c81e7eed542ea7", "engineHash": "7d9ee50486c3fabb"}, "viewport": [1280, 800], "devicePixelRatio": 2, "controls": {"drag-region": [0, 0, 696, 40], "tools": [704, 5, 564, 30], "undo": [704, 5, 75.7, 28], "redo"  [layout] selected local redo retained
[qa 22:22:19] segment: R1 ordinary recording replay
[qa 22:22:46] PASS {"kind": "layout", "playing": false, "authority": {"tick": 120, "cursor": 0, "stateHash": "1c1c34d91f2ddc4c", "engineHash": "7f809077a3cfed29"}, "viewport": [1280, 800], "devicePixelRatio": 2, "controls": {"drag-region": [0, 0, 696, 40], "tools": [704, 5, 564, 30], "undo": [704, 5, 75.7, 28], "redo"  [layout] exact paused boundary 120
[qa 22:22:47] FAIL: refused input at (159,-15): topmost is {"owner":null,"pid":null} 3
