[qa 00:40:10] segment: handles: soft radial in a sphere
[qa 00:40:13] launched pid 54560, window at 0,21, log handles-a.log
[qa 00:40:16] PASS {"kind": "control", "create": "softRadial", "id": "pull", "reason": null, "laws": 2, "mode": "packaged", "t": 4397}  [control] Pull is created at the view's focus point
[qa 00:40:16] PASS {"kind": "control", "transformMode": "scale", "mode": "packaged", "t": 4878}  [control] handle mode
[qa 00:40:17] PASS {"kind": "layout", "viewport": [1168, 734], "devicePixelRatio": 2, "controls": {"drag-region": [0, 0, 584, 40], "tools": [592, 5, 564, 30], "undo": [592, 5, 75.7, 28], "redo": [671.8, 5, 81.1, 28], "frame-view": [986.3, 5, 74.3, 28], "reset-view": [1068.7, 5, 87.3, 28], "panel": [12, 52, 284, 532],   [layout] the selected Pull shows its extent, fade, strength and core handles
[qa 00:40:17] captured handles-01-pull.png
[qa 00:40:26] PASS {"kind": "gesture", "phase": "commit", "reason": "stale-buttons", "transformMode": "scale", "handle": "strength", "samples": 25, "rejected": 0, "pointer": [611, 376, 686.0703125, 399.359375], "firstRevision": 2, "lastRevision": 26, "field": {"enabled": true, "position": [0, 1, 0], "rotation": [0, 0,  [gesture] the strength handle reversed the pull (signed strength)
[qa 00:40:27] PASS {"kind": "history", "action": "undo", "ok": true, "label": "Change strength", "law": "pull", "reason": null, "revision": 27, "tick": 0, "laws": [{"id": "pull", "enabled": true, "position": [0, 1, 0], "rotation": [0, 0, 0, 1], "region": {"kind": "sphere", "radius": 2}, "edgeFade": 0.25, "expression":  [history] one undo of 'Change strength' restores pull's start
[qa 00:40:28] PASS {"kind": "history", "action": "redo", "ok": true, "label": "Change strength", "law": "pull", "reason": null, "revision": 28, "tick": 0, "laws": [{"id": "pull", "enabled": true, "position": [0, 1, 0], "rotation": [0, 0, 0, 1], "region": {"kind": "sphere", "radius": 2}, "edgeFade": 0.25, "expression":  [history] redo of 'Change strength' restores pull's dragged value exactly
[qa 00:40:28] captured handles-02-pull-reversed.png
[qa 00:40:36] PASS {"kind": "gesture", "phase": "commit", "reason": "stale-buttons", "transformMode": "scale", "handle": "coreRadius", "samples": 24, "rejected": 0, "pointer": [575, 371, 504.5, 405.0078125], "firstRevision": 29, "lastRevision": 52, "field": {"enabled": true, "position": [0, 1, 0], "rotation": [0, 0, 0  [gesture] the core handle changed only ε
[qa 00:40:37] PASS {"kind": "history", "action": "undo", "ok": true, "label": "Change core radius", "law": "pull", "reason": null, "revision": 53, "tick": 0, "laws": [{"id": "pull", "enabled": true, "position": [0, 1, 0], "rotation": [0, 0, 0, 1], "region": {"kind": "sphere", "radius": 2}, "edgeFade": 0.25, "expressio  [history] one undo of 'Change core radius' restores pull's start
[qa 00:40:38] PASS {"kind": "history", "action": "redo", "ok": true, "label": "Change core radius", "law": "pull", "reason": null, "revision": 54, "tick": 0, "laws": [{"id": "pull", "enabled": true, "position": [0, 1, 0], "rotation": [0, 0, 0, 1], "region": {"kind": "sphere", "radius": 2}, "edgeFade": 0.25, "expressio  [history] redo of 'Change core radius' restores pull's dragged value exactly
[qa 00:40:47] PASS {"kind": "gesture", "phase": "commit", "reason": "stale-buttons", "transformMode": "scale", "handle": "edgeFade", "samples": 24, "rejected": 0, "pointer": [592, 346, 565.9296875, 420.1484375], "firstRevision": 55, "lastRevision": 78, "field": {"enabled": true, "position": [0, 1, 0], "rotation": [0,   [gesture] the fade handle changed only f
[qa 00:40:48] PASS {"kind": "history", "action": "undo", "ok": true, "label": "Change fade", "law": "pull", "reason": null, "revision": 79, "tick": 0, "laws": [{"id": "pull", "enabled": true, "position": [0, 1, 0], "rotation": [0, 0, 0, 1], "region": {"kind": "sphere", "radius": 2}, "edgeFade": 0.25, "expression": {"k  [history] one undo of 'Change fade' restores pull's start
[qa 00:40:49] PASS {"kind": "history", "action": "redo", "ok": true, "label": "Change fade", "law": "pull", "reason": null, "revision": 80, "tick": 0, "laws": [{"id": "pull", "enabled": true, "position": [0, 1, 0], "rotation": [0, 0, 0, 1], "region": {"kind": "sphere", "radius": 2}, "edgeFade": 1, "expression": {"kind  [history] redo of 'Change fade' restores pull's dragged value exactly
[qa 00:40:49] captured handles-03-pull-fade.png
[qa 00:40:57] PASS {"kind": "gesture", "phase": "commit", "reason": "stale-buttons", "transformMode": "scale", "handle": "radius", "samples": 24, "rejected": 0, "pointer": [584, 256, 584, 177.53125], "firstRevision": 81, "lastRevision": 104, "field": {"enabled": true, "position": [0, 1, 0], "rotation": [0, 0, 0, 1], "  [gesture] the sphere radius handle changed only the radius
[qa 00:40:58] PASS {"kind": "history", "action": "undo", "ok": true, "label": "Resize law", "law": "pull", "reason": null, "revision": 105, "tick": 0, "laws": [{"id": "pull", "enabled": true, "position": [0, 1, 0], "rotation": [0, 0, 0, 1], "region": {"kind": "sphere", "radius": 2}, "edgeFade": 1, "expression": {"kind  [history] one undo of 'Resize law' restores pull's start
[qa 00:40:59] PASS {"kind": "history", "action": "redo", "ok": true, "label": "Resize law", "law": "pull", "reason": null, "revision": 106, "tick": 0, "laws": [{"id": "pull", "enabled": true, "position": [0, 1, 0], "rotation": [0, 0, 0, 1], "region": {"kind": "sphere", "radius": 3.2919262461200804}, "edgeFade": 1, "ex  [history] redo of 'Resize law' restores pull's dragged value exactly
[qa 00:40:59] segment: handles: vortex in a Y-cylinder
[qa 00:41:32] PASS {"kind": "control", "create": "vortexY", "id": "swirl", "reason": null, "laws": 3, "mode": "packaged", "t": 80849}  [control] Swirl is created
[qa 00:41:33] captured handles-04-swirl.png
[qa 00:41:41] PASS {"kind": "gesture", "phase": "commit", "reason": "stale-buttons", "transformMode": "scale", "handle": "radius", "samples": 24, "rejected": 0, "pointer": [501, 341, 425.9296875, 317.640625], "firstRevision": 108, "lastRevision": 131, "field": {"enabled": true, "position": [0, 1, 0], "rotation": [0, 0  [gesture] the cylinder radius handle changed one radius (no ellipse)
[qa 00:41:42] PASS {"kind": "history", "action": "undo", "ok": true, "label": "Resize law", "law": "swirl", "reason": null, "revision": 132, "tick": 0, "laws": [{"id": "pull", "enabled": true, "position": [0, 1, 0], "rotation": [0, 0, 0, 1], "region": {"kind": "sphere", "radius": 3.2919262461200804}, "edgeFade": 1, "e  [history] one undo of 'Resize law' restores swirl's start
[qa 00:41:43] PASS {"kind": "history", "action": "redo", "ok": true, "label": "Resize law", "law": "swirl", "reason": null, "revision": 133, "tick": 0, "laws": [{"id": "pull", "enabled": true, "position": [0, 1, 0], "rotation": [0, 0, 0, 1], "region": {"kind": "sphere", "radius": 3.2919262461200804}, "edgeFade": 1, "e  [history] redo of 'Resize law' restores swirl's dragged value exactly
[qa 00:41:52] PASS {"kind": "gesture", "phase": "commit", "reason": "stale-buttons", "transformMode": "scale", "handle": "halfHeight", "samples": 26, "rejected": 0, "pointer": [584, 256, 584, 177.53125], "firstRevision": 134, "lastRevision": 159, "field": {"enabled": true, "position": [0, 1, 0], "rotation": [0, 0, 0,   [gesture] the half-height handle changed only the half-height
[qa 00:41:53] PASS {"kind": "history", "action": "undo", "ok": true, "label": "Resize law", "law": "swirl", "reason": null, "revision": 160, "tick": 0, "laws": [{"id": "pull", "enabled": true, "position": [0, 1, 0], "rotation": [0, 0, 0, 1], "region": {"kind": "sphere", "radius": 3.2919262461200804}, "edgeFade": 1, "e  [history] one undo of 'Resize law' restores swirl's start
[qa 00:41:54] PASS {"kind": "history", "action": "redo", "ok": true, "label": "Resize law", "law": "swirl", "reason": null, "revision": 161, "tick": 0, "laws": [{"id": "pull", "enabled": true, "position": [0, 1, 0], "rotation": [0, 0, 0, 1], "region": {"kind": "sphere", "radius": 3.2919262461200804}, "edgeFade": 1, "e  [history] redo of 'Resize law' restores swirl's dragged value exactly
[qa 00:42:02] PASS {"kind": "gesture", "phase": "commit", "reason": "stale-buttons", "transformMode": "scale", "handle": "strength", "samples": 26, "rejected": 0, "pointer": [696, 390, 628.8515625, 430.0703125], "firstRevision": 162, "lastRevision": 187, "field": {"enabled": true, "position": [0, 1, 0], "rotation": [0  [gesture] dragging the swirl arrow across its anchor reversed the circulation
[qa 00:42:03] PASS {"kind": "history", "action": "undo", "ok": true, "label": "Change strength", "law": "swirl", "reason": null, "revision": 188, "tick": 0, "laws": [{"id": "pull", "enabled": true, "position": [0, 1, 0], "rotation": [0, 0, 0, 1], "region": {"kind": "sphere", "radius": 3.2919262461200804}, "edgeFade":   [history] one undo of 'Change strength' restores swirl's start
[qa 00:42:04] PASS {"kind": "history", "action": "redo", "ok": true, "label": "Change strength", "law": "swirl", "reason": null, "revision": 189, "tick": 0, "laws": [{"id": "pull", "enabled": true, "position": [0, 1, 0], "rotation": [0, 0, 0, 1], "region": {"kind": "sphere", "radius": 3.2919262461200804}, "edgeFade":   [history] redo of 'Change strength' restores swirl's dragged value exactly
[qa 00:42:12] PASS {"kind": "gesture", "phase": "commit", "reason": "stale-buttons", "transformMode": "scale", "handle": "coreRadius", "samples": 25, "rejected": 0, "pointer": [575, 371, 504.5, 405.0078125], "firstRevision": 190, "lastRevision": 214, "field": {"enabled": true, "position": [0, 1, 0], "rotation": [0, 0,  [gesture] the vortex core handle changed only ε
[qa 00:42:12] captured handles-05-swirl-edited.png
[qa 00:42:33] segment: handles: directional box and drag gauge
[qa 00:42:35] PASS {"kind": "selection", "selected": true, "field": "sideways", "mode": "packaged", "t": 143990}  [selection] sideways is selected
[qa 00:42:43] the synthetic release was lost; sending it again
[qa 00:42:44] PASS {"kind": "gesture", "phase": "commit", "reason": "stale-buttons", "transformMode": "scale", "handle": "strength", "samples": 25, "rejected": 0, "pointer": [769, 426, 844.0703125, 449.359375], "firstRevision": 215, "lastRevision": 239, "field": {"enabled": true, "position": [3, 1, 0], "rotation": [0,  [gesture] the directional arrow tip set the strength
[qa 00:42:52] PASS {"kind": "gesture", "phase": "commit", "reason": "stale-buttons", "transformMode": "scale", "handle": "halfExtents.0", "samples": 25, "rejected": 0, "pointer": [655, 389, 579.9296875, 365.640625], "firstRevision": 240, "lastRevision": 264, "field": {"enabled": true, "position": [3, 1, 0], "rotation"  [gesture] a box face handle changed one half-extent
[qa 00:43:01] PASS {"kind": "control", "create": "linearDrag", "id": "drag", "reason": null, "laws": 4, "mode": "packaged", "t": 169440}  [control] Drag is created
[qa 00:43:09] PASS {"kind": "gesture", "phase": "commit", "reason": "stale-buttons", "transformMode": "scale", "handle": "coefficient", "samples": 26, "rejected": 0, "pointer": [619, 356, 619.5, 277.53125], "firstRevision": 266, "lastRevision": 291, "field": {"enabled": true, "position": [0, 1, 0], "rotation": [0, 0,   [gesture] the drag gauge set the coefficient
[qa 00:43:09] captured handles-06-drag.png
[qa 00:43:12] PASS {"kind": "gesture", "phase": "cancel", "reason": "escape", "transformMode": "scale", "handle": "edgeFade", "samples": 2, "restoredRevision": 294, "field": {"enabled": true, "position": [0, 1, 0], "rotation": [0, 0, 0, 1], "region": {"kind": "sphere", "radius": 1.5}, "edgeFade": 0.25, "expression": {  [gesture] Escape cancelled the fade drag and restored its start
[qa 00:43:13] PASS {"kind": "history", "action": "undo", "ok": true, "label": "Change drag", "law": "drag", "reason": null, "revision": 295, "tick": 0, "laws": [{"id": "drag", "enabled": true, "position": [0, 1, 0], "rotation": [0, 0, 0, 1], "region": {"kind": "sphere", "radius": 1.5}, "edgeFade": 0.25, "expression":   [history] the cancelled drag left no undo entry: undo reaches the coefficient drag
[qa 00:43:14] segment: handles: save, relaunch, open
[qa 00:43:35] PASS {"kind": "document", "action": "save-as", "outcome": "saved", "file": "m3-handles.lawsmith.json", "generation": 1, "revision": 296, "laterEdits": 0, "recoveryRetired": true, "bytes": 4295, "captureMs": 0, "writeMs": 8.024, "saveMs": 12, "mode": "packaged", "t": 203206}  [document] Save As wrote the edited multi-law scene
[qa 00:43:40] launched pid 18092, window at 0,21, log handles-b.log
[qa 00:43:47] PASS {"kind": "document", "action": "open", "outcome": "committed", "file": "m3-handles.lawsmith.json", "generation": 2, "title": "Falling stream", "bytes": 4295, "readMs": 0.159, "parseMs": 0, "candidateMs": 1, "commitMs": 2, "openMs": 3.159, "mode": "packaged", "t": 9391}  [document] the saved scene opened transactionally
PASS saved file holds drag exactly as last applied
PASS saved file holds pull exactly as last applied
PASS saved file holds sideways exactly as last applied
PASS saved file holds swirl exactly as last applied
[qa 00:43:47] PASS {"kind": "sim-control", "action": "load", "tick": 0, "playing": false, "run": 1, "laws": [{"id": "drag", "enabled": true, "position": [0, 1, 0], "rotation": [0, 0, 0, 1], "region": {"kind": "sphere", "radius": 1.5}, "edgeFade": 0.25, "expression": {"kind": "linearDrag", "coefficient": 8.837624234335  [sim-control] the reopened scene holds the four edited laws plus the recipe law at tick 0
[qa 00:43:49] PASS {"kind": "selection", "selected": true, "field": "swirl", "mode": "packaged", "t": 10849}  [selection] swirl is selected
[qa 00:43:58] PASS {"kind": "history", "action": "undo", "ok": true, "label": "Resize law", "law": "swirl", "reason": null, "revision": 29, "tick": 0, "laws": [{"id": "drag", "enabled": true, "position": [0, 1, 0], "rotation": [0, 0, 0, 1], "region": {"kind": "sphere", "radius": 1.5}, "edgeFade": 0.25, "expression": {  [history] undo works after load: the reopened half-height returns
[qa 00:44:00] captured handles-07-reopened.png
[qa 00:44:01] PASS {"kind": "fixtures", "elapsedMs": 1029, "root": [{"id": "drag", "enabled": true, "position": [0, 1, 0], "rotation": [0, 0, 0, 1], "region": {"kind": "sphere", "radius": 1.5}, "edgeFade": 0.25, "expression": {"kind": "linearDrag", "coefficient": 8.83762423433551}}, {"id": "pull", "enabled": true, "po  [fixtures] reset and 30/60/144 Hz fixtures agree exactly on the reopened multi-law scene
[qa 00:44:04] m3-handles complete
