[qa 02:07:04] segment: authoring: undo and identity
[qa 02:07:22] launched pid 80256, window at 0,21, log auth-a.log
[qa 02:07:31] PASS {"kind": "gesture", "phase": "commit", "reason": "stale-buttons", "transformMode": "translate", "handle": null, "samples": 25, "rejected": 0, "pointer": null, "firstRevision": 1, "lastRevision": 25, "field": {"enabled": true, "position": [1.5382446034865964, 1, 0], "rotation": [0, 0, 0, 1], "region"  [gesture] one move gesture
[qa 02:07:32] PASS {"kind": "history", "action": "undo", "ok": true, "label": "Move law", "law": "sideways", "reason": null, "revision": 26, "tick": 0, "laws": [{"id": "sideways", "enabled": true, "position": [3, 1, 0], "rotation": [0, 0, 0, 1], "region": {"kind": "box", "halfExtents": [1.5, 2, 1.5]}, "edgeFade": 0.25  [history] one undo restores the law to where the drag began
[qa 02:07:33] PASS {"kind": "history", "action": "redo", "ok": true, "label": "Move law", "law": "sideways", "reason": null, "revision": 27, "tick": 0, "laws": [{"id": "sideways", "enabled": true, "position": [1.5382446034865964, 1, 0], "rotation": [0, 0, 0, 1], "region": {"kind": "box", "halfExtents": [1.5, 2, 1.5]},  [history] redo restores the dragged position exactly
[qa 02:07:34] PASS {"kind": "history", "action": "undo", "ok": true, "label": "Move law", "law": "sideways", "reason": null, "revision": 28, "tick": 0, "laws": [{"id": "sideways", "enabled": true, "position": [3, 1, 0], "rotation": [0, 0, 0, 1], "region": {"kind": "box", "halfExtents": [1.5, 2, 1.5]}, "edgeFade": 0.25  [history] a second undo is the same entry again
[qa 02:07:40] PASS {"kind": "history", "action": "undo", "ok": true, "label": "Move law", "law": "sideways", "reason": null, "revision": 30, "tick": 432, "laws": [{"id": "sideways", "enabled": true, "position": [3, 1, 0], "rotation": [0, 0, 0, 1], "region": {"kind": "box", "halfExtents": [1.5, 2, 1.5]}, "edgeFade": 0.  [history] undo while playing applies at the current tick
[qa 02:07:44] PASS {"kind": "sim-control", "action": "pause", "reason": "control", "tick": 897, "mode": "packaged", "t": 24028}  [sim-control] the run kept advancing after the undo
[qa 02:07:46] PASS {"kind": "control", "duplicate": "sideways", "created": "sideways-2", "reason": null, "laws": 2, "mode": "packaged", "t": 26630}  [control] duplicate creates the next free ID
[qa 02:07:48] PASS {"kind": "control", "delete": "sideways-2", "ok": true, "laws": 1, "mode": "packaged", "t": 28184}  [control] delete removes the selected copy through the command path
[qa 02:07:49] PASS {"kind": "history", "action": "undo", "ok": true, "label": "Delete law", "law": "sideways-2", "reason": null, "revision": 34, "tick": 897, "laws": [{"id": "sideways", "enabled": true, "position": [3, 1, 0], "rotation": [0, 0, 0, 1], "region": {"kind": "box", "halfExtents": [1.5, 2, 1.5]}, "edgeFade"  [history] undo of delete brings back sideways-2 with its ID
[qa 02:07:50] PASS {"kind": "history", "action": "undo", "ok": true, "label": "Duplicate law", "law": "sideways-2", "reason": null, "revision": 35, "tick": 897, "laws": [{"id": "sideways", "enabled": true, "position": [3, 1, 0], "rotation": [0, 0, 0, 1], "region": {"kind": "box", "halfExtents": [1.5, 2, 1.5]}, "edgeFa  [history] undo of duplicate removes the copy
[qa 02:07:51] PASS {"kind": "history", "action": "redo", "ok": true, "label": "Duplicate law", "law": "sideways-2", "reason": null, "revision": 37, "tick": 897, "laws": [{"id": "sideways", "enabled": true, "position": [3, 1, 0], "rotation": [0, 0, 0, 1], "region": {"kind": "box", "halfExtents": [1.5, 2, 1.5]}, "edgeFa  [history] redo of duplicate recreates the same ID
[qa 02:07:51] captured auth-01-duplicate.png
[qa 02:07:51] segment: authoring: presentation versus semantics
[qa 02:08:10] PASS {"kind": "digest", "reason": "color", "generation": 1, "revision": 38, "semanticSha256": "f4296950486d582f2673bf0533e358953aedaf7784b01b5e84b06546f1ed2c6c", "mode": "packaged", "t": 50513}  [digest] a color change keeps the semantic digest
[qa 02:08:11] PASS {"kind": "digest", "reason": "visibility", "generation": 1, "revision": 39, "semanticSha256": "f4296950486d582f2673bf0533e358953aedaf7784b01b5e84b06546f1ed2c6c", "mode": "packaged", "t": 51080}  [digest] hiding the law keeps the semantic digest
[qa 02:08:12] PASS {"kind": "digest", "reason": "arrows", "generation": 1, "revision": 40, "semanticSha256": "f4296950486d582f2673bf0533e358953aedaf7784b01b5e84b06546f1ed2c6c", "mode": "packaged", "t": 52634}  [digest] turning arrows off keeps the semantic digest
[qa 02:08:16] PASS {"kind": "digest", "reason": "label", "generation": 1, "revision": 41, "semanticSha256": "f4296950486d582f2673bf0533e358953aedaf7784b01b5e84b06546f1ed2c6c", "mode": "packaged", "t": 55330}  [digest] renaming the law keeps the semantic digest
[qa 02:08:25] PASS {"kind": "digest", "reason": "label", "generation": 1, "revision": 41, "semanticSha256": "f4296950486d582f2673bf0533e358953aedaf7784b01b5e84b06546f1ed2c6c", "mode": "packaged", "t": 55330}  [digest] moving the camera made no document edit
[qa 02:08:25] PASS  the camera moved without a document edit
[qa 02:08:26] captured auth-02-presentation.png
[qa 02:08:26] PASS {"kind": "digest", "reason": "enabled", "generation": 1, "revision": 42, "semanticSha256": "449b4d17e15c4b84d7354abd878b2d4acc92a1b226c54a4b91e22f64efe42b00", "mode": "packaged", "t": 66313}  [digest] disabling the law changes the semantic digest
[qa 02:08:30] PASS {"kind": "control", "law": "sideways", "precise": "Move law", "rejected": "position components must be within \u00b11000 m", "mode": "packaged", "t": 69020}  [control] an out-of-range position is rejected
[qa 02:08:31] captured auth-03-rejected-value.png
[qa 02:08:35] PASS {"kind": "control", "law": "sideways", "precise": "Move law", "revision": 43, "field": {"id": "sideways", "enabled": false, "position": [2.5, 1, 0], "rotation": [0, 0, 0, 1], "region": {"kind": "box", "halfExtents": [1.5, 2, 1.5]}, "edgeFade": 0.25, "expression": {"kind": "directional", "direction":  [control] a valid precise value is one validated edit
[qa 02:08:37] m2-authoring complete
