[qa 02:15:30] segment: defining demonstration (about 90 s)
[qa 02:15:43] launched pid 42725, window at 0,21, log demo-a.log
[qa 02:15:43] PASS {"kind": "recovery", "action": "launch", "current": "absent", "previous": "absent", "mode": "packaged", "t": 2246}  [recovery] launch finds no unsaved work in isolated recovery
[qa 02:15:46] recording m2-demo for 100 s (overlay windows skipped by the hit test: 20141)
[qa 02:15:47] captured demo-01-start.png
[qa 02:15:54] PASS {"kind": "pacing", "intervalMs": [17, 17, 18], "maxIntervalMs": 18, "workP95Ms": 2, "stallsOver50ms": 0, "devicePixelRatio": 2, "pixelRatio": 1.5, "tick": 598, "playing": true, "bodies": 64, "stepMs": [0, 1, 1], "editMs": null, "editSamples": 0, "simWallRatio": 1, "droppedMs": 0, "mode": "packaged",  [pacing] a stream of 20–100 bodies is live
[qa 02:15:55] captured demo-02-stream.png
[qa 02:16:03] PASS {"kind": "gesture", "phase": "commit", "reason": "stale-buttons", "transformMode": "translate", "handle": null, "samples": 24, "rejected": 0, "pointer": null, "firstRevision": 1, "lastRevision": 24, "field": {"enabled": true, "position": [0.4721851806791708, 1, 0], "rotation": [0, 0, 0, 1], "region"  [gesture] one move gesture committed through the command path
[qa 02:16:07] captured demo-03-bent.png
[qa 02:16:16] PASS {"kind": "gesture", "phase": "commit", "reason": "stale-buttons", "transformMode": "rotate", "handle": null, "samples": 25, "rejected": 0, "pointer": null, "firstRevision": 25, "lastRevision": 49, "field": {"enabled": true, "position": [0.4721851806791708, 1, 0], "rotation": [0, 0, 0.349998558416475  [gesture] one rotate gesture turned the law by more than 20 degrees
[qa 02:16:22] captured demo-04-rotated.png
[qa 02:16:25] PASS {"kind": "control", "law": "sideways", "enabled": false, "revision": 50, "mode": "packaged", "t": 44334}  [control] the law is disabled through a semantic command
[qa 02:16:29] captured demo-05-disabled.png
[qa 02:16:29] PASS {"kind": "control", "law": "sideways", "enabled": true, "revision": 51, "mode": "packaged", "t": 48008}  [control] the law is enabled again
[qa 02:16:33] PASS {"kind": "sim-control", "action": "reset", "tick": 0, "run": 1, "laws": [{"id": "sideways", "enabled": true, "position": [0.4721851806791708, 1, 0], "rotation": [0, 0, 0.34999855841647554, 0.9367502383807484], "region": {"kind": "box", "halfExtents": [1.5, 2, 1.5]}, "edgeFade": 0.25, "expression": {  [sim-control] reset pauses at tick 0 with the authored configuration
[qa 02:16:44] run A digests: {"kind": "run-digest", "run": 1, "tick": 600, "editsSinceReset": 0, "bodies": 64, "stateSha256": "c1de4d4d1e6b919586bebcca520162c47412d9d8b4214b259c2e0636c1ff2cde", "engineSha256": "e629d41f6148c674b7 {"kind": "run-digest", "run": 1, "tick": 1200, "editsSinceReset": 0, "bodies": 64, "stateSha256": "f2d1449e1bb9a3088de0401cf8906a4d9a8f79679f3df8544690000bebbf8eca", "engineSha256": "d11649ecea011bd59 
[qa 02:16:49] PASS {"kind": "document", "action": "save-as", "outcome": "saved", "file": "m2-demo.lawsmith.json", "generation": 1, "revision": 51, "laterEdits": 0, "recoveryRetired": true, "bytes": 2555, "captureMs": 0, "writeMs": 7.712, "saveMs": 12, "mode": "packaged", "t": 67085}  [document] Save As wrote the captured revision and bound the file
[qa 02:16:49] captured demo-06-saved.png
[qa 02:16:51] quit with nothing unsaved: no alert was needed
[qa 02:16:54] launched pid 61907, window at 0,21, log demo-b.log
[qa 02:16:54] PASS {"kind": "recovery", "action": "launch", "current": "absent", "previous": "absent", "mode": "packaged", "t": 2232}  [recovery] saved work is not offered as unsaved after restart
[qa 02:17:01] PASS {"kind": "document", "action": "open", "outcome": "committed", "file": "m2-demo.lawsmith.json", "generation": 2, "title": "Falling stream", "bytes": 2555, "readMs": 0.123, "parseMs": 1, "candidateMs": 0, "commitMs": 1, "openMs": 2.123, "mode": "packaged", "t": 9301}  [document] the saved file opened transactionally within the 500 ms gate
[qa 02:17:01] PASS {"kind": "sim-control", "action": "load", "tick": 0, "playing": false, "run": 1, "laws": [{"id": "sideways", "enabled": true, "position": [0.4721851806791708, 1, 0], "rotation": [0, 0, 0.34999855841647554, 0.9367502383807484], "region": {"kind": "box", "halfExtents": [1.5, 2, 1.5]}, "edgeFade": 0.25  [sim-control] an opened scene starts paused at tick 0
[qa 02:17:02] captured demo-07-reopened.png
PASS equal-tick after native reopen at tick 600: state c1de4d4d/c1de4d4d, engine e629d41f/e629d41f
PASS equal-tick after native reopen at tick 1200: state f2d1449e/f2d1449e, engine d11649ec/d11649ec
[qa 02:17:14] captured demo-08-reopened-running.png
[qa 02:17:16] PASS {"kind": "fixtures", "elapsedMs": 816, "root": [{"id": "sideways", "enabled": true, "position": [0.4721851806791708, 1, 0], "rotation": [0, 0, 0.34999855841647554, 0.9367502383807484], "region": {"kind": "box", "halfExtents": [1.5, 2, 1.5]}, "edgeFade": 0.25, "expression": {"kind": "directional", "d  [fixtures] reset and 30/60/144 Hz cadence fixtures agree exactly on the reopened scene
[qa 02:17:16] waiting for m2-demo to finish
[qa 02:17:29] recording m2-demo.mp4 written
[qa 02:17:31] m2-demo complete
