[qa 02:10:57] segment: guard: cancel, coalesce, discard
[qa 02:11:15] launched pid 85441, window at 0,21, log guard-a.log
[qa 02:11:19] PASS {"kind": "recovery", "action": "write", "generation": 1, "revision": 1, "bytes": 2812, "captureMs": 0, "ackMs": 10, "mode": "packaged", "t": 4841}  [recovery] the edit is kept in a recovery snapshot
[qa 02:11:20] captured guard-01-alert.png
[qa 02:11:22] PASS {"kind": "guard", "frozen": false, "tick": 0, "mode": "packaged", "t": 8283}  [guard] close then Cancel keeps the app open with edits unfrozen
[qa 02:11:25] PASS {"kind": "guard", "frozen": false, "tick": 0, "mode": "packaged", "t": 11690}  [guard] quit then Cancel keeps the app open with edits unfrozen
[qa 02:11:28] PASS {"kind": "guard", "frozen": false, "tick": 0, "mode": "packaged", "t": 14475}  [guard] dock then Cancel keeps the app open with edits unfrozen
[qa 02:11:28] PASS  recovery eligibility survived three canceled requests
[qa 02:11:29] PASS {"kind": "history", "action": "undo", "ok": true, "label": "Disable law", "law": "sideways", "reason": null, "revision": 2, "tick": 0, "laws": [{"id": "sideways", "enabled": true, "position": [3, 1, 0], "rotation": [0, 0, 0, 1], "region": {"kind": "box", "halfExtents": [1.5, 2, 1.5]}, "edgeFade": 0.  [history] undo still works after the canceled guards
[qa 02:11:30] PASS {"kind": "history", "action": "redo", "ok": true, "label": "Disable law", "law": "sideways", "reason": null, "revision": 3, "tick": 0, "laws": [{"id": "sideways", "enabled": false, "position": [3, 1, 0], "rotation": [0, 0, 0, 1], "region": {"kind": "box", "halfExtents": [1.5, 2, 1.5]}, "edgeFade": 0  [history] redo restores the edit
[qa 02:11:33] PASS  simultaneous Close and Quit coalesced into one guard
[qa 02:11:34] PASS {"kind": "recovery", "action": "discard", "generation": 1, "mode": "packaged", "t": 21735}  [recovery] Don't Save retired this generation's recovery
[qa 02:11:37] launched pid 94224, window at 0,21, log guard-b.log
[qa 02:11:37] PASS {"kind": "recovery", "action": "launch", "current": "absent", "previous": "absent", "mode": "packaged", "t": 2234}  [recovery] saved or discarded work is not offered after restart
[qa 02:11:39] segment: guard: save
[qa 02:11:57] launched pid 9988, window at 0,21, log guard-c.log
[qa 02:12:07] PASS {"kind": "document", "action": "save-as", "outcome": "saved", "file": "guard-saved.lawsmith.json", "generation": 1, "revision": 1, "laterEdits": 0, "recoveryRetired": true, "bytes": 2504, "captureMs": 0, "writeMs": 8.075, "saveMs": 16, "mode": "packaged", "t": 11022}  [document] Save in the guard saved through Save As before quitting
[qa 02:12:09] launched pid 20170, window at 0,21, log guard-d.log
[qa 02:12:09] PASS {"kind": "recovery", "action": "launch", "current": "absent", "previous": "absent", "mode": "packaged", "t": 2237}  [recovery] saved or discarded work is not offered after restart
[qa 02:12:12] segment: recovery after a crash
[qa 02:12:30] launched pid 34936, window at 0,21, log guard-e.log
[qa 02:12:36] PASS {"kind": "recovery", "action": "write", "generation": 1, "revision": 2, "bytes": 2811, "captureMs": 0, "ackMs": 11, "mode": "packaged", "t": 7877}  [recovery] the latest revision is in recovery before the crash
[qa 02:12:36] the test instance was killed (simulated crash)
[qa 02:12:39] launched pid 40251, window at 0,21, log guard-f.log
[qa 02:12:40] PASS {"kind": "recovery", "action": "launch", "current": {"generation": 1, "revision": 2}, "previous": {"generation": 1, "revision": 1}, "mode": "packaged", "t": 2218}  [recovery] the crashed session's work is found at launch
[qa 02:12:41] captured guard-02-recovery-offer.png
[qa 02:12:43] PASS  editing is frozen while the recovery offer waits
[qa 02:12:44] PASS {"kind": "document", "action": "recover", "outcome": "committed", "file": null, "generation": 2, "title": "Falling stream", "mode": "packaged", "t": 7257}  [document] Recover opens the work unbound, paused at tick 0
[qa 02:12:46] PASS {"kind": "recovery", "action": "write", "generation": 2, "revision": 0, "bytes": 2811, "captureMs": 0, "ackMs": 10, "mode": "packaged", "t": 7768}  [recovery] recovered work is written as a snapshot of this session
[qa 02:12:46] captured guard-03-recovered.png
[qa 02:12:51] launched pid 46533, window at 0,21, log guard-g.log
[qa 02:12:51] PASS {"kind": "recovery", "action": "launch", "current": "absent", "previous": "absent", "mode": "packaged", "t": 2244}  [recovery] saved or discarded work is not offered after restart
[qa 02:12:53] segment: corrupt newest snapshot
[qa 02:13:11] launched pid 56573, window at 0,21, log guard-h.log
[qa 02:13:18] the newest snapshot was overwritten with invalid bytes
[qa 02:13:20] launched pid 60553, window at 0,21, log guard-i.log
[qa 02:13:21] PASS {"kind": "recovery", "action": "launch", "current": {"invalid": "JSON Parse error: Unexpected identifier \"not\""}, "previous": {"generation": 1, "revision": 1}, "mode": "packaged", "t": 2232}  [recovery] the corrupt newest copy is reported and the previous one found
[qa 02:13:22] captured guard-04-older-offer.png
[qa 02:13:25] PASS {"kind": "recovery", "action": "offer-resolved", "outcome": true, "mode": "packaged", "t": 5609}  [recovery] the offer is resolved by Discard
[qa 02:13:30] launched pid 64495, window at 0,21, log guard-j.log
[qa 02:13:30] PASS {"kind": "recovery", "action": "launch", "current": "absent", "previous": "absent", "mode": "packaged", "t": 2235}  [recovery] saved or discarded work is not offered after restart
[qa 02:13:32] segment: recover the older copy over a corrupt newest one
[qa 02:13:50] launched pid 73868, window at 0,21, log guard-m.log
[qa 02:13:57] the newest snapshot was overwritten with invalid bytes
[qa 02:13:59] launched pid 79782, window at 0,21, log guard-n.log
[qa 02:14:00] PASS {"kind": "recovery", "action": "launch", "current": {"invalid": "JSON Parse error: Unexpected identifier \"not\""}, "previous": {"generation": 1, "revision": 1}, "mode": "packaged", "t": 2233}  [recovery] the corrupt newest copy is reported and the previous one found
[qa 02:14:02] PASS {"kind": "document", "action": "recover", "outcome": "committed", "file": null, "generation": 2, "title": "Falling stream", "mode": "packaged", "t": 4459}  [document] Recover opens the older copy
[qa 02:14:03] PASS {"kind": "recovery", "action": "write", "generation": 2, "revision": 0, "bytes": 2812, "captureMs": 1, "ackMs": 10, "mode": "packaged", "t": 4970}  [recovery] the recovered work is written as a snapshot of this session
[qa 02:14:03] the test instance was killed after its first recovery write
[qa 02:14:06] launched pid 87040, window at 0,21, log guard-o.log
[qa 02:14:07] PASS {"kind": "recovery", "action": "launch", "current": {"generation": 2, "revision": 0}, "previous": {"generation": 1, "revision": 1}, "mode": "packaged", "t": 2221}  [recovery] the recovered older copy is still a valid previous snapshot
[qa 02:14:09] PASS {"kind": "recovery", "action": "offer-resolved", "outcome": true, "mode": "packaged", "t": 4399}  [recovery] the offer is resolved by Discard
[qa 02:14:14] launched pid 91826, window at 0,21, log guard-p.log
[qa 02:14:14] PASS {"kind": "recovery", "action": "launch", "current": "absent", "previous": "absent", "mode": "packaged", "t": 2235}  [recovery] saved or discarded work is not offered after restart
[qa 02:14:17] segment: open replaces unsaved work
[qa 02:14:35] launched pid 10327, window at 0,21, log guard-k.log
[qa 02:14:44] PASS {"kind": "document", "action": "open", "outcome": "canceled", "stage": "guard", "mode": "packaged", "t": 11790}  [document] a canceled replacement keeps the scene and frees the candidate
[qa 02:14:52] PASS {"kind": "document", "action": "open", "outcome": "committed", "file": "calibration.lawsmith.json", "generation": 2, "title": "Falling stream", "bytes": 2503, "readMs": 0.093, "parseMs": 0, "candidateMs": 1, "commitMs": 1, "openMs": 2.093, "mode": "packaged", "t": 19632}  [document] Don't Save lets the opened scene replace the unsaved one
[qa 02:14:57] launched pid 21361, window at 0,21, log guard-l.log
[qa 02:14:57] PASS {"kind": "recovery", "action": "launch", "current": "absent", "previous": "absent", "mode": "packaged", "t": 2245}  [recovery] saved or discarded work is not offered after restart
[qa 02:14:59] segment: dock quit with an unretired recovery copy
[qa 02:15:17] launched pid 31412, window at 0,21, log guard-q.log
[qa 02:15:21] PASS {"kind": "recovery", "action": "write", "generation": 1, "revision": 1, "bytes": 2812, "captureMs": 0, "ackMs": 9, "mode": "packaged", "t": 4844}  [recovery] the edit is kept in a recovery snapshot
[qa 02:15:25] PASS {"kind": "document", "action": "save-as", "outcome": "saved", "file": "guard-unretired.lawsmith.json", "generation": 1, "revision": 1, "laterEdits": 0, "recoveryRetired": false, "bytes": 2504, "captureMs": 0, "writeMs": 7.344, "saveMs": 12, "mode": "packaged", "t": 9780}  [document] the save succeeds but its recovery copy cannot be removed
[qa 02:15:27] PASS  Dock Quit ran the guard, which stayed open while the copy could not be removed
[qa 02:15:27] PASS {"kind": "recovery", "action": "retire", "generation": 1, "through": 1, "mode": "packaged", "t": 12253}  [recovery] the guard retried the retirement before exiting
[qa 02:15:30] launched pid 37158, window at 0,21, log guard-r.log
[qa 02:15:30] PASS {"kind": "recovery", "action": "launch", "current": "absent", "previous": "absent", "mode": "packaged", "t": 2237}  [recovery] saved work is not offered after restart
[qa 02:15:30] PASS  a clean Dock Quit with nothing in recovery quit at once, without the guard
[qa 02:15:30] m2-guard complete
