[qa 01:58:13] segment: P1 at 1600×1000 under More Space (about 7 minutes)
[qa 01:58:28] display → 1728×1117: set 1728x1117@120
[qa 01:58:34] launched pid 8952, window at 224,104, log p1.log
[qa 01:58:43] PASS {"kind": "document", "action": "open", "outcome": "committed", "file": "p1-workshop.lawsmith.json", "generation": 2, "title": "P1 Workshop", "bytes": 116788, "readMs": 0.401, "parseMs": 4, "candidateMs": 5, "commitMs": 3, "openMs": 12.401, "mode": "packaged", "t": 10782}  [document] the P1 scene opened
[qa 01:58:44] PASS {"kind": "layout", "viewport": [1600, 1000], "devicePixelRatio": 2, "controls": {"drag-region": [0, 0, 1016, 40], "tools": [1024, 5, 564, 30], "undo": [1024, 5, 75.7, 28], "redo": [1103.8, 5, 81.1, 28], "frame-view": [1418.3, 5, 74.3, 28], "reset-view": [1500.7, 5, 87.3, 28], "panel": [12, 52, 284,   [layout] the content viewport is 1600×1000 CSS at DPR 2, with drag-0 selected
[qa 01:58:55] PASS {"kind": "pacing", "intervalMs": [17, 18, 18], "maxIntervalMs": 18, "workP95Ms": 5, "stallsOver50ms": 3, "devicePixelRatio": 2, "pixelRatio": 1.5, "tick": 1086, "playing": true, "bodies": 200, "stepMs": [1, 2, 2], "editMs": null, "editSamples": 0, "simWallRatio": 1.002, "droppedMs": 0, "mode": "pack  [pacing] 200 bodies are live
[qa 01:58:56] captured p1-1600x1000.png
[qa 01:59:06] P1 run 1 measuring
[qa 01:59:14] the synthetic release was lost; sending it again
[qa 01:59:25] the synthetic release was lost; sending it again
[qa 01:59:35] the synthetic release was lost; sending it again
[qa 02:00:07] PASS {"kind": "p0-run", "run": 1, "invalid": null, "incomplete": null, "wallMs": 60016, "ticks": 7202, "simWallRatio": 1, "droppedMs": 0, "bodies": 200, "arrows": 96, "workload": {"title": "P1 Workshop", "laws": 16, "lawKinds": ["box", "cylinderY", "directional", "linearDrag", "softRadial", "sphere", "vo  [p0-run] P1 run 1 is valid with the declared workload and meets the M3 gates
[qa 02:00:17] P1 run 2 measuring
[qa 02:00:26] the synthetic release was lost; sending it again
[qa 02:00:36] the synthetic release was lost; sending it again
[qa 02:00:56] the synthetic release was lost; sending it again
[qa 02:01:07] the synthetic release was lost; sending it again
[qa 02:01:19] PASS {"kind": "p0-run", "run": 2, "invalid": null, "incomplete": null, "wallMs": 60001, "ticks": 7200, "simWallRatio": 1, "droppedMs": 0, "bodies": 200, "arrows": 96, "workload": {"title": "P1 Workshop", "laws": 16, "lawKinds": ["box", "cylinderY", "directional", "linearDrag", "softRadial", "sphere", "vo  [p0-run] P1 run 2 is valid with the declared workload and meets the M3 gates
[qa 02:01:29] P1 run 3 measuring
[qa 02:02:17] the synthetic release was lost; sending it again
[qa 02:02:29] PASS {"kind": "p0-run", "run": 3, "invalid": null, "incomplete": null, "wallMs": 60002, "ticks": 7200, "simWallRatio": 1, "droppedMs": 0, "bodies": 200, "arrows": 96, "workload": {"title": "P1 Workshop", "laws": 16, "lawKinds": ["box", "cylinderY", "directional", "linearDrag", "softRadial", "sphere", "vo  [p0-run] P1 run 3 is valid with the declared workload and meets the M3 gates
[qa 02:02:32] display → 1168×755: set 1168x755@120
[qa 02:02:35] display restored to 1168x755@120
[qa 02:02:35] m3-p1 complete
[qa 02:02:35] display restored to 1168x755@120
