npm notice run lawsmith@0.0.0 npx
npm notice run 'vitest' run tests/comparisonRemediation.test.ts -t F2

 RUN  v5.0.3 <checkout>

 ❯ tests/comparisonRemediation.test.ts (9 tests | 4 failed | 4 skipped) 399ms
   × F2: immediate replay after suffix refusal at 0, gesture=false 184ms
   × F2: immediate replay after suffix refusal at 0, gesture=true 21ms
   × F2: immediate replay after suffix refusal at 7, gesture=false 147ms
   × F2: immediate replay after suffix refusal at 7, gesture=true 16ms

⎯⎯⎯⎯⎯⎯⎯ Failed Tests 4 ⎯⎯⎯⎯⎯⎯⎯

 FAIL  tests/comparisonRemediation.test.ts > F2: immediate replay after suffix refusal at 0, gesture=false
 FAIL  tests/comparisonRemediation.test.ts > F2: immediate replay after suffix refusal at 0, gesture=true
AssertionError: expected [Function] to not throw an error but 'Error: Cannot detach queued edits.' was thrown

- Expected:
undefined

+ Received:
"Error: Cannot detach queued edits."

 ❯ tests/comparisonRemediation.test.ts:76:41
     74|   const worlds = worldCounts().allocated, old = c.host;
     75|   // No intervening Comparison.settle(): replay must resolve the refus…
     76|   expect(() => c.replayAlternate()).not.toThrow();
       |                                         ^
     77|   expect(old.pendingCount).toBe(0); expect(c.controller.liveHost).toBe…
     78|   while (c.replaying) c.advance();

⎯⎯⎯⎯⎯⎯⎯⎯⎯⎯⎯⎯⎯⎯⎯⎯⎯⎯⎯⎯⎯⎯⎯⎯[1/4]⎯

 FAIL  tests/comparisonRemediation.test.ts > F2: immediate replay after suffix refusal at 7, gesture=false
 FAIL  tests/comparisonRemediation.test.ts > F2: immediate replay after suffix refusal at 7, gesture=true
AssertionError: expected 1 to be +0 // Object.is equality

- Expected
+ Received

- 0
+ 1

 ❯ tests/comparisonRemediation.test.ts:77:28
     75|   // No intervening Comparison.settle(): replay must resolve the refus…
     76|   expect(() => c.replayAlternate()).not.toThrow();
     77|   expect(old.pendingCount).toBe(0); expect(c.controller.liveHost).toBe…
       |                            ^
     78|   while (c.replaying) c.advance();
     79|   expect(firstDivergence(end, observe(c.host))).toBeNull(); expect(c.h…

⎯⎯⎯⎯⎯⎯⎯⎯⎯⎯⎯⎯⎯⎯⎯⎯⎯⎯⎯⎯⎯⎯⎯⎯[2/4]⎯


 Test Files  1 failed (1)
      Tests  4 failed | 1 passed | 4 skipped (9)
   Start at  05:08:47
   Duration  601ms (tests 79%, transform 15%, import 6%)
