npm notice run lawsmith@0.0.0 npx
npm notice run 'vitest' run tests/comparisonRemediation.test.ts -t F3

 RUN  v5.0.3 <checkout>

 ❯ tests/comparisonRemediation.test.ts (10 tests | 1 failed | 9 skipped) 68ms
   × F3: completed-step hook preserves original B probes before next-boundary laws; late observation fails 45ms

⎯⎯⎯⎯⎯⎯⎯ Failed Tests 1 ⎯⎯⎯⎯⎯⎯⎯

 FAIL  tests/comparisonRemediation.test.ts > F3: completed-step hook preserves original B probes before next-boundary laws; late observation fails
AssertionError: expected [] to deeply equal [ …(8) ]

- Expected
+ Received

- [
-   {
-     "alive": [
-       1,
-       1,
-       1,
-       1,
-       1,
-       1,
-       1,
-       1,
-     ],
-     "tick": 1,
-     "v": [
-       0,
-       0,
-       0,
-       0,
-       0,
-       0,
-       0,
-       0,
-       0,
-       0,
-       0,
-       0,
-       0,
-       0,
-       0,
-       0,
-       0,
-       0,
-       0,
-       0,
-       0,
-       0,
-       0,
-       0,
-     ],
-     "x": [
-       -50.41734640276991,
-       -6.230792578076944,
-       -1.9179662447422743,
-       -14.39088359544985,
-       -5.02127303997986,
-       -8.53163586021401,
-       -37.9977906208951,
-       3.908189262729138,
-       7.139695868594572,
-       -28.90326794143766,
-       4.076525532407686,
-       6.1050525340251625,
-       14.190322688082233,
-       9.08377248980105,
-       2.1540697566233575,
-       26.10398565325886,
-       -5.026797734666616,
-       -5.680456280708313,
-       43.43321543931961,
-       4.831968670478091,
-       4.792697540251538,
-       -42.392161241034046,
-       7.651111696846783,
-       8.978319289628416,
-     ],
-   },
-   {
-     "alive": [
-       1,
-       1,
-       1,
-       1,
-       1,
-       1,
-       1,
-       1,
-     ],
-     "tick": 2,
-     "v": [
-       0,
-       0,
-       0,
-       0,
-       0,
-       0,
-       0,
-       0,
-       0,
-       0,
-       0,
-       0,
-       0,
-       0,
-       0,
-       0,
-       0,
-       0,
-       0,
-       0,
-       0,
-       0,
-       0,
-       0,
-     ],
-     "x": [
-       -50.41734640276991,
-       -6.230792578076944,
-       -1.9179662447422743,
-       -14.39088359544985,
-       -5.02127303997986,
-       -8.53163586021401,
-       -37.9977906208951,
-       3.908189262729138,
-       7.139695868594572,
-       -28.90326794143766,
-       4.076525532407686,
-       6.1050525340251625,
-       14.190322688082233,
-       9.08377248980105,
-       2.1540697566233575,
-       26.10398565325886,
-       -5.026797734666616,
-       -5.680456280708313,
-       43.43321543931961,
-       4.831968670478091,
-       4.792697540251538,
-       -42.392161241034046,
-       7.651111696846783,
-       8.978319289628416,
-     ],
-   },
-   {
-     "alive": [
-       1,
-       1,
-       1,
-       1,
-       1,
-       1,
-       1,
-       1,
-     ],
-     "tick": 3,
-     "v": [
-       0,
-       0,
-       0,
-       0,
-       0,
-       0,
-       0,
-       0,
-       0,
-       0,
-       0,
-       0,
-       0,
-       0,
-       0,
-       0,
-       0,
-       0,
-       0,
-       0,
-       0,
-       0,
-       0,
-       0,
-     ],
-     "x": [
-       -50.41734640276991,
-       -6.230792578076944,
-       -1.9179662447422743,
-       -14.39088359544985,
-       -5.02127303997986,
-       -8.53163586021401,
-       -37.9977906208951,
-       3.908189262729138,
-       7.139695868594572,
-       -28.90326794143766,
-       4.076525532407686,
-       6.1050525340251625,
-       14.190322688082233,
-       9.08377248980105,
-       2.1540697566233575,
-       26.10398565325886,
-       -5.026797734666616,
-       -5.680456280708313,
-       43.43321543931961,
-       4.831968670478091,
-       4.792697540251538,
-       -42.392161241034046,
-       7.651111696846783,
-       8.978319289628416,
-     ],
-   },
-   {
-     "alive": [
-       1,
-       1,
-       1,
-       1,
-       1,
-       1,
-       1,
-       1,
-     ],
-     "tick": 4,
-     "v": [
-       0,
-       0,
-       0,
-       0,
-       0.016666666666666666,
-       0,
-       0,
-       0.016666666666666666,
-       0,
-       0,
-       0.016666666666666666,
-       0,
-       0,
-       0.016666666666666666,
-       0,
-       0,
-       0.016666666666666666,
-       0,
-       0,
-       0.016666666666666666,
-       0,
-       0,
-       0.016666666666666666,
-       0,
-     ],
-     "x": [
-       -50.41734640276991,
-       -6.230792578076944,
-       -1.9179662447422743,
-       -14.39088359544985,
-       -5.021134151090972,
-       -8.53163586021401,
-       -37.9977906208951,
-       3.908328151618027,
-       7.139695868594572,
-       -28.90326794143766,
-       4.076664421296575,
-       6.1050525340251625,
-       14.190322688082233,
-       9.083911378689939,
-       2.1540697566233575,
-       26.10398565325886,
-       -5.026658845777727,
-       -5.680456280708313,
-       43.43321543931961,
-       4.832107559366979,
-       4.792697540251538,
-       -42.392161241034046,
-       7.651250585735672,
-       8.978319289628416,
-     ],
-   },
-   {
-     "alive": [
-       1,
-       1,
-       1,
-       1,
-       1,
-       1,
-       1,
-       1,
-     ],
-     "tick": 5,
-     "v": [
-       0.0025,
-       0,
-       0,
-       0.0025,
-       0.03333333333333333,
-       0,
-       0.0025,
-       0.03333333333333333,
-       0,
-       0.0025,
-       0.03333333333333333,
-       0,
-       0.0025,
-       0.03333333333333333,
-       0,
-       0.0025,
-       0.03333333333333333,
-       0,
-       0.0025,
-       0.03333333333333333,
-       0,
-       0.0025,
-       0.03333333333333333,
-       0,
-     ],
-     "x": [
-       -50.41732556943658,
-       -6.230792578076944,
-       -1.9179662447422743,
-       -14.390862762116516,
-       -5.020856373313194,
-       -8.53163586021401,
-       -37.99776978756177,
-       3.908605929395805,
-       7.139695868594572,
-       -28.903247108104328,
-       4.076942199074352,
-       6.1050525340251625,
-       14.190343521415567,
-       9.084189156467716,
-       2.1540697566233575,
-       26.104006486592194,
-       -5.026381067999949,
-       -5.680456280708313,
-       43.43323627265294,
-       4.832385337144757,
-       4.792697540251538,
-       -42.392140407700715,
-       7.6515283635134494,
-       8.978319289628416,
-     ],
-   },
-   {
-     "alive": [
-       1,
-       1,
-       1,
-       1,
-       1,
-       1,
-       1,
-       1,
-     ],
-     "tick": 6,
-     "v": [
-       0.005,
-       0,
-       0,
-       0.004956476027098344,
-       0.03294670416661746,
-       0,
-       0.004956476027098344,
-       0.03294670416661746,
-       0,
-       0.004956476027098344,
-       0.03294670416661746,
-       0,
-       0.004956476027098344,
-       0.03294670416661746,
-       0,
-       0.004956476027098344,
-       0.03294670416661746,
-       0,
-       0.004956476027098344,
-       0.03294670416661746,
-       0,
-       0.004956476027098344,
-       0.03294670416661746,
-       0,
-     ],
-     "x": [
-       -50.41728390276991,
-       -6.230792578076944,
-       -1.9179662447422743,
-       -14.390821458149624,
-       -5.020581817445139,
-       -8.53163586021401,
-       -37.99772848359488,
-       3.90888048526386,
-       7.139695868594572,
-       -28.903205804137436,
-       4.077216754942407,
-       6.1050525340251625,
-       14.19038482538246,
-       9.08446371233577,
-       2.1540697566233575,
-       26.104047790559086,
-       -5.026106512131895,
-       -5.680456280708313,
-       43.43327757661984,
-       4.832659893012812,
-       4.792697540251538,
-       -42.39209910373382,
-       7.651802919381504,
-       8.978319289628416,
-     ],
-   },
-   {
-     "alive": [
-       1,
-       1,
-       1,
-       1,
-       1,
-       1,
-       1,
-       1,
-     ],
-     "tick": 7,
-     "v": [
-       0.0075,
-       0,
-       0,
-       0.007384459695814252,
-       0.032564559463278256,
-       0,
-       0.007384459695814252,
-       0.032564559463278256,
-       0,
-       0.007384459695814252,
-       0.032564559463278256,
-       0,
-       0.007384459695814252,
-       0.032564559463278256,
-       0,
-       0.007384459695814252,
-       0.032564559463278256,
-       0,
-       0.007384459695814252,
-       0.032564559463278256,
-       0,
-       0.007384459695814252,
-       0.032564559463278256,
-       0,
-     ],
-     "x": [
-       -50.41722140276991,
-       -6.230792578076944,
-       -1.9179662447422743,
-       -14.390759920985492,
-       -5.020310446116278,
-       -8.53163586021401,
-       -37.99766694643075,
-       3.909151856592721,
-       7.139695868594572,
-       -28.903144266973303,
-       4.077488126271268,
-       6.1050525340251625,
-       14.190446362546592,
-       9.084735083664631,
-       2.1540697566233575,
-       26.10410932772322,
-       -5.025835140803034,
-       -5.680456280708313,
-       43.433339113783966,
-       4.832931264341672,
-       4.792697540251538,
-       -42.39203756656969,
-       7.652074290710365,
-       8.978319289628416,
-     ],
-   },
-   {
-     "alive": [
-       1,
-       1,
-       1,
-       1,
-       1,
-       1,
-       1,
-       1,
-     ],
-     "tick": 8,
-     "v": [
-       0.01,
-       0,
-       0,
-       0.009784281485451098,
-       0.032186847208585556,
-       0,
-       0.009784281485451098,
-       0.032186847208585556,
-       0,
-       0.009784281485451098,
-       0.032186847208585556,
-       0,
-       0.009784281485451098,
-       0.032186847208585556,
-       0,
-       0.009784281485451098,
-       0.032186847208585556,
-       0,
-       0.009784281485451098,
-       0.032186847208585556,
-       0,
-       0.009784281485451098,
-       0.032186847208585556,
-       0,
-     ],
-     "x": [
-       -50.417138069436575,
-       -6.230792578076944,
-       -1.9179662447422743,
-       -14.390678385306446,
-       -5.02004222238954,
-       -8.53163586021401,
-       -37.997585410751704,
-       3.909420080319459,
-       7.139695868594572,
-       -28.90306273129426,
-       4.0777563499980065,
-       6.1050525340251625,
-       14.190527898225637,
-       9.08500330739137,
-       2.1540697566233575,
-       26.104190863402263,
-       -5.025566917076295,
-       -5.680456280708313,
-       43.43342064946301,
-       4.833199488068411,
-       4.792697540251538,
-       -42.39195603089065,
-       7.652342514437104,
-       8.978319289628416,
-     ],
-   },
- ]
+ []

 ❯ tests/comparisonRemediation.test.ts:119:18
    117|   c.replayAlternate(); const replayed = probes(), actual: ReturnType<t…
    118|   while (c.replaying) (c.advance as (stepped: (host: typeof c.host) =>…
    119|   expect(actual).toEqual(expected); expect(firstDivergence(end, observ…
       |                  ^
    120|   // Accepted M6A late-observation negative control: move observation …
    121|   c.replayAlternate(); const late = probes(), wrong: ReturnType<typeof…

⎯⎯⎯⎯⎯⎯⎯⎯⎯⎯⎯⎯⎯⎯⎯⎯⎯⎯⎯⎯⎯⎯⎯⎯[1/1]⎯


 Test Files  1 failed (1)
      Tests  1 failed | 9 skipped (10)
   Start at  05:09:49
   Duration  277ms (transform 46%, tests 38%, import 16%, worker 1%)

