[lawsmith] {"kind":"runtime","mode":"packaged","origin":"tauri://localhost","isSecureContext":true,"navigatorGpu":true,"runtime":{"arch":"aarch64","build":"release","tauri":"3.0.0-alpha.4","webview":"22625.2.5.11.1"},"userAgent":"Mozilla/5.0 (Macintosh; Intel Mac OS X 10_15_7) AppleWebKit/605.1.15 (KHTML, like Gecko)","timerResolutionMs":1,"t":133}
[lawsmith] {"kind":"backend","backend":"WebGPU","coordinateSystemIsWebGPU":true,"compatibilityMode":false,"samples":4,"adapter":{"vendor":"apple","architecture":"apple","device":"apple","description":"apple"},"features":["bgra8unorm-storage","clip-distances","core-features-and-limits","depth-clip-control","depth32float-stencil8","float32-blendable","float32-filterable","indirect-first-instance","rg11b10ufloat-renderable","shader-f16","texture-compression-astc","texture-compression-astc-sliced-3d","texture-compression-bc","texture-compression-bc-sliced-3d","texture-compression-etc2","texture-formats-tier1","texture-formats-tier2","timestamp-query"],"mode":"packaged","t":135}
[lawsmith] {"kind":"rapier","version":"0.21.0","profile":"lawsmith-m1-rapier-0.21.0","fieldKernel":"directional-box-v1","effectiveProfile":{"dt":0.008333333767950535,"numSolverIterations":4,"numInternalPgsIterations":1,"maxCcdSubsteps":1,"lengthUnit":1,"normalizedAllowedLinearError":0.004999999888241291,"normalizedPredictionDistance":0.019999999552965164,"contactErp":0.0728205069899559},"mode":"packaged","t":155}
[lawsmith] {"kind":"render-probe","distinctColors":68,"gpuErrors":0,"mode":"packaged","t":2072}
[lawsmith] {"kind":"ready","rendererInitMs":25,"rapierInitMs":19,"firstFrameMs":1978,"mode":"packaged","t":2089}
[lawsmith] {"kind":"control","transformMode":"translate","mode":"packaged","t":3724}
[lawsmith] {"kind":"gesture","phase":"begin","transformMode":"translate","field":{"enabled":true,"position":[3,1,0],"rotation":[0,0,0,1],"halfExtents":[1.5,2,1.5]},"mode":"packaged","t":4469}
[lawsmith] {"kind":"gesture","phase":"cancel","reason":"escape","transformMode":"translate","samples":25,"restoredRevision":26,"field":{"enabled":true,"position":[3,1,0],"rotation":[0,0,0,1],"halfExtents":[1.5,2,1.5]},"mode":"packaged","t":5807}
[lawsmith] {"kind":"law-applied","revision":26,"appliedRevision":26,"tick":0,"sequence":26,"field":{"enabled":true,"position":[3,1,0],"rotation":[0,0,0,1],"halfExtents":[1.5,2,1.5]},"mode":"packaged","t":5809}
[lawsmith] {"kind":"pacing","intervalMs":[17,18,18],"maxIntervalMs":20,"workP95Ms":3,"stallsOver50ms":0,"devicePixelRatio":2,"pixelRatio":1.5,"tick":0,"playing":false,"bodies":0,"stepMs":[0,0,0],"editMs":[9,17,18],"editSamples":26,"simWallRatio":0,"droppedMs":0,"mode":"packaged","t":7089}
[lawsmith] {"kind":"pacing","intervalMs":[17,18,18],"maxIntervalMs":18,"workP95Ms":3,"stallsOver50ms":0,"devicePixelRatio":2,"pixelRatio":1.5,"tick":0,"playing":false,"bodies":0,"stepMs":[0,0,0],"editMs":[9,17,18],"editSamples":26,"simWallRatio":0,"droppedMs":0,"mode":"packaged","t":12129}
[lawsmith] {"kind":"pacing","intervalMs":[17,18,18],"maxIntervalMs":18,"workP95Ms":2,"stallsOver50ms":0,"devicePixelRatio":2,"pixelRatio":1.5,"tick":0,"playing":false,"bodies":0,"stepMs":[0,0,0],"editMs":[9,17,18],"editSamples":26,"simWallRatio":0,"droppedMs":0,"mode":"packaged","t":17168}
[lawsmith] {"kind":"pacing","intervalMs":[17,17,18],"maxIntervalMs":18,"workP95Ms":2,"stallsOver50ms":0,"devicePixelRatio":2,"pixelRatio":1.5,"tick":0,"playing":false,"bodies":0,"stepMs":[0,0,0],"editMs":[9,17,18],"editSamples":26,"simWallRatio":0,"droppedMs":0,"mode":"packaged","t":22208}
[lawsmith] {"kind":"pacing","intervalMs":[17,18,18],"maxIntervalMs":18,"workP95Ms":2,"stallsOver50ms":0,"devicePixelRatio":2,"pixelRatio":1.5,"tick":0,"playing":false,"bodies":0,"stepMs":[0,0,0],"editMs":[9,17,18],"editSamples":26,"simWallRatio":0,"droppedMs":0,"mode":"packaged","t":27249}
[lawsmith] {"kind":"pacing","intervalMs":[17,18,18],"maxIntervalMs":18,"workP95Ms":2,"stallsOver50ms":0,"devicePixelRatio":2,"pixelRatio":1.5,"tick":0,"playing":false,"bodies":0,"stepMs":[0,0,0],"editMs":[9,17,18],"editSamples":26,"simWallRatio":0,"droppedMs":0,"mode":"packaged","t":32288}
[lawsmith] {"kind":"pacing","intervalMs":[17,18,18],"maxIntervalMs":18,"workP95Ms":2,"stallsOver50ms":0,"devicePixelRatio":2,"pixelRatio":1.5,"tick":0,"playing":false,"bodies":0,"stepMs":[0,0,0],"editMs":[9,17,18],"editSamples":26,"simWallRatio":0,"droppedMs":0,"mode":"packaged","t":37328}
[lawsmith] {"kind":"pacing","intervalMs":[17,17,18],"maxIntervalMs":18,"workP95Ms":2,"stallsOver50ms":0,"devicePixelRatio":2,"pixelRatio":1.5,"tick":0,"playing":false,"bodies":0,"stepMs":[0,0,0],"editMs":[9,17,18],"editSamples":26,"simWallRatio":0,"droppedMs":0,"mode":"packaged","t":42369}
[lawsmith] {"kind":"pacing","intervalMs":[17,18,18],"maxIntervalMs":18,"workP95Ms":2,"stallsOver50ms":0,"devicePixelRatio":2,"pixelRatio":1.5,"tick":0,"playing":false,"bodies":0,"stepMs":[0,0,0],"editMs":[9,17,18],"editSamples":26,"simWallRatio":0,"droppedMs":0,"mode":"packaged","t":47408}
[lawsmith] {"kind":"pacing","intervalMs":[17,18,18],"maxIntervalMs":18,"workP95Ms":2,"stallsOver50ms":0,"devicePixelRatio":2,"pixelRatio":1.5,"tick":0,"playing":false,"bodies":0,"stepMs":[0,0,0],"editMs":[9,17,18],"editSamples":26,"simWallRatio":0,"droppedMs":0,"mode":"packaged","t":52449}
[lawsmith] {"kind":"pacing","intervalMs":[17,17,18],"maxIntervalMs":18,"workP95Ms":2,"stallsOver50ms":0,"devicePixelRatio":2,"pixelRatio":1.5,"tick":0,"playing":false,"bodies":0,"stepMs":[0,0,0],"editMs":[9,17,18],"editSamples":26,"simWallRatio":0,"droppedMs":0,"mode":"packaged","t":57488}
[lawsmith] {"kind":"pacing","intervalMs":[17,18,18],"maxIntervalMs":18,"workP95Ms":2,"stallsOver50ms":0,"devicePixelRatio":2,"pixelRatio":1.5,"tick":0,"playing":false,"bodies":0,"stepMs":[0,0,0],"editMs":[9,17,18],"editSamples":26,"simWallRatio":0,"droppedMs":0,"mode":"packaged","t":62529}
[lawsmith] {"kind":"pacing","intervalMs":[17,18,18],"maxIntervalMs":18,"workP95Ms":2,"stallsOver50ms":0,"devicePixelRatio":2,"pixelRatio":1.5,"tick":0,"playing":false,"bodies":0,"stepMs":[0,0,0],"editMs":[9,17,18],"editSamples":26,"simWallRatio":0,"droppedMs":0,"mode":"packaged","t":67568}
[lawsmith] {"kind":"pacing","intervalMs":[17,17,18],"maxIntervalMs":18,"workP95Ms":2,"stallsOver50ms":0,"devicePixelRatio":2,"pixelRatio":1.5,"tick":0,"playing":false,"bodies":0,"stepMs":[0,0,0],"editMs":[9,17,18],"editSamples":26,"simWallRatio":0,"droppedMs":0,"mode":"packaged","t":72608}
[lawsmith] {"kind":"pacing","intervalMs":[17,18,18],"maxIntervalMs":18,"workP95Ms":2,"stallsOver50ms":0,"devicePixelRatio":2,"pixelRatio":1.5,"tick":0,"playing":false,"bodies":0,"stepMs":[0,0,0],"editMs":[9,17,18],"editSamples":26,"simWallRatio":0,"droppedMs":0,"mode":"packaged","t":77648}
[lawsmith] {"kind":"pacing","intervalMs":[17,18,18],"maxIntervalMs":18,"workP95Ms":1,"stallsOver50ms":0,"devicePixelRatio":2,"pixelRatio":1.5,"tick":0,"playing":false,"bodies":0,"stepMs":[0,0,0],"editMs":[9,17,18],"editSamples":26,"simWallRatio":0,"droppedMs":0,"mode":"packaged","t":82689}
[lawsmith] {"kind":"pacing","intervalMs":[17,18,18],"maxIntervalMs":18,"workP95Ms":1,"stallsOver50ms":0,"devicePixelRatio":2,"pixelRatio":1.5,"tick":0,"playing":false,"bodies":0,"stepMs":[0,0,0],"editMs":[9,17,18],"editSamples":26,"simWallRatio":0,"droppedMs":0,"mode":"packaged","t":87729}
[lawsmith] {"kind":"pacing","intervalMs":[17,18,18],"maxIntervalMs":18,"workP95Ms":2,"stallsOver50ms":0,"devicePixelRatio":2,"pixelRatio":1.5,"tick":0,"playing":false,"bodies":0,"stepMs":[0,0,0],"editMs":[9,17,18],"editSamples":26,"simWallRatio":0,"droppedMs":0,"mode":"packaged","t":92769}
[lawsmith] {"kind":"pacing","intervalMs":[17,18,18],"maxIntervalMs":18,"workP95Ms":2,"stallsOver50ms":0,"devicePixelRatio":2,"pixelRatio":1.5,"tick":0,"playing":false,"bodies":0,"stepMs":[0,0,0],"editMs":[9,17,18],"editSamples":26,"simWallRatio":0,"droppedMs":0,"mode":"packaged","t":97808}
[lawsmith] {"kind":"pacing","intervalMs":[17,18,18],"maxIntervalMs":18,"workP95Ms":2,"stallsOver50ms":0,"devicePixelRatio":2,"pixelRatio":1.5,"tick":0,"playing":false,"bodies":0,"stepMs":[0,0,0],"editMs":[9,17,18],"editSamples":26,"simWallRatio":0,"droppedMs":0,"mode":"packaged","t":102849}
[lawsmith] {"kind":"pacing","intervalMs":[17,18,18],"maxIntervalMs":18,"workP95Ms":2,"stallsOver50ms":0,"devicePixelRatio":2,"pixelRatio":1.5,"tick":0,"playing":false,"bodies":0,"stepMs":[0,0,0],"editMs":[9,17,18],"editSamples":26,"simWallRatio":0,"droppedMs":0,"mode":"packaged","t":107888}
[lawsmith] {"kind":"pacing","intervalMs":[17,17,18],"maxIntervalMs":18,"workP95Ms":2,"stallsOver50ms":0,"devicePixelRatio":2,"pixelRatio":1.5,"tick":0,"playing":false,"bodies":0,"stepMs":[0,0,0],"editMs":[9,17,18],"editSamples":26,"simWallRatio":0,"droppedMs":0,"mode":"packaged","t":112928}
[lawsmith] {"kind":"pacing","intervalMs":[17,18,18],"maxIntervalMs":18,"workP95Ms":2,"stallsOver50ms":0,"devicePixelRatio":2,"pixelRatio":1.5,"tick":0,"playing":false,"bodies":0,"stepMs":[0,0,0],"editMs":[9,17,18],"editSamples":26,"simWallRatio":0,"droppedMs":0,"mode":"packaged","t":117968}
[lawsmith] {"kind":"pacing","intervalMs":[17,18,18],"maxIntervalMs":18,"workP95Ms":2,"stallsOver50ms":0,"devicePixelRatio":2,"pixelRatio":1.5,"tick":0,"playing":false,"bodies":0,"stepMs":[0,0,0],"editMs":[9,17,18],"editSamples":26,"simWallRatio":0,"droppedMs":0,"mode":"packaged","t":123008}
[lawsmith] {"kind":"pacing","intervalMs":[17,17,18],"maxIntervalMs":18,"workP95Ms":2,"stallsOver50ms":0,"devicePixelRatio":2,"pixelRatio":1.5,"tick":0,"playing":false,"bodies":0,"stepMs":[0,0,0],"editMs":[9,17,18],"editSamples":26,"simWallRatio":0,"droppedMs":0,"mode":"packaged","t":128049}
[lawsmith] {"kind":"pacing","intervalMs":[17,18,18],"maxIntervalMs":18,"workP95Ms":2,"stallsOver50ms":0,"devicePixelRatio":2,"pixelRatio":1.5,"tick":0,"playing":false,"bodies":0,"stepMs":[0,0,0],"editMs":[9,17,18],"editSamples":26,"simWallRatio":0,"droppedMs":0,"mode":"packaged","t":133089}
[lawsmith] {"kind":"pacing","intervalMs":[17,18,18],"maxIntervalMs":18,"workP95Ms":2,"stallsOver50ms":0,"devicePixelRatio":2,"pixelRatio":1.5,"tick":0,"playing":false,"bodies":0,"stepMs":[0,0,0],"editMs":[9,17,18],"editSamples":26,"simWallRatio":0,"droppedMs":0,"mode":"packaged","t":138128}
[lawsmith] {"kind":"pacing","intervalMs":[17,18,18],"maxIntervalMs":18,"workP95Ms":1,"stallsOver50ms":0,"devicePixelRatio":2,"pixelRatio":1.5,"tick":0,"playing":false,"bodies":0,"stepMs":[0,0,0],"editMs":[9,17,18],"editSamples":26,"simWallRatio":0,"droppedMs":0,"mode":"packaged","t":143169}
[lawsmith] {"kind":"pacing","intervalMs":[17,18,18],"maxIntervalMs":18,"workP95Ms":2,"stallsOver50ms":0,"devicePixelRatio":2,"pixelRatio":1.5,"tick":0,"playing":false,"bodies":0,"stepMs":[0,0,0],"editMs":[9,17,18],"editSamples":26,"simWallRatio":0,"droppedMs":0,"mode":"packaged","t":148208}
[lawsmith] {"kind":"pacing","intervalMs":[17,18,18],"maxIntervalMs":18,"workP95Ms":1,"stallsOver50ms":0,"devicePixelRatio":2,"pixelRatio":1.5,"tick":0,"playing":false,"bodies":0,"stepMs":[0,0,0],"editMs":[9,17,18],"editSamples":26,"simWallRatio":0,"droppedMs":0,"mode":"packaged","t":153249}
[lawsmith] {"kind":"pacing","intervalMs":[17,18,18],"maxIntervalMs":18,"workP95Ms":1,"stallsOver50ms":0,"devicePixelRatio":2,"pixelRatio":1.5,"tick":0,"playing":false,"bodies":0,"stepMs":[0,0,0],"editMs":[9,17,18],"editSamples":26,"simWallRatio":0,"droppedMs":0,"mode":"packaged","t":158289}
[lawsmith] {"kind":"pacing","intervalMs":[17,18,18],"maxIntervalMs":18,"workP95Ms":1,"stallsOver50ms":0,"devicePixelRatio":2,"pixelRatio":1.5,"tick":0,"playing":false,"bodies":0,"stepMs":[0,0,0],"editMs":[9,17,18],"editSamples":26,"simWallRatio":0,"droppedMs":0,"mode":"packaged","t":163329}
[lawsmith] {"kind":"pacing","intervalMs":[17,18,18],"maxIntervalMs":18,"workP95Ms":1,"stallsOver50ms":0,"devicePixelRatio":2,"pixelRatio":1.5,"tick":0,"playing":false,"bodies":0,"stepMs":[0,0,0],"editMs":[9,17,18],"editSamples":26,"simWallRatio":0,"droppedMs":0,"mode":"packaged","t":168368}
[lawsmith] {"kind":"pacing","intervalMs":[17,18,18],"maxIntervalMs":18,"workP95Ms":1,"stallsOver50ms":0,"devicePixelRatio":2,"pixelRatio":1.5,"tick":0,"playing":false,"bodies":0,"stepMs":[0,0,0],"editMs":[9,17,18],"editSamples":26,"simWallRatio":0,"droppedMs":0,"mode":"packaged","t":173408}
[lawsmith] {"kind":"pacing","intervalMs":[17,18,18],"maxIntervalMs":18,"workP95Ms":1,"stallsOver50ms":0,"devicePixelRatio":2,"pixelRatio":1.5,"tick":0,"playing":false,"bodies":0,"stepMs":[0,0,0],"editMs":[9,17,18],"editSamples":26,"simWallRatio":0,"droppedMs":0,"mode":"packaged","t":178449}
[lawsmith] {"kind":"pacing","intervalMs":[17,18,18],"maxIntervalMs":18,"workP95Ms":1,"stallsOver50ms":0,"devicePixelRatio":2,"pixelRatio":1.5,"tick":0,"playing":false,"bodies":0,"stepMs":[0,0,0],"editMs":[9,17,18],"editSamples":26,"simWallRatio":0,"droppedMs":0,"mode":"packaged","t":183489}
[lawsmith] {"kind":"pacing","intervalMs":[17,18,18],"maxIntervalMs":18,"workP95Ms":1,"stallsOver50ms":0,"devicePixelRatio":2,"pixelRatio":1.5,"tick":0,"playing":false,"bodies":0,"stepMs":[0,0,0],"editMs":[9,17,18],"editSamples":26,"simWallRatio":0,"droppedMs":0,"mode":"packaged","t":188529}
[lawsmith] {"kind":"pacing","intervalMs":[17,18,18],"maxIntervalMs":18,"workP95Ms":1,"stallsOver50ms":0,"devicePixelRatio":2,"pixelRatio":1.5,"tick":0,"playing":false,"bodies":0,"stepMs":[0,0,0],"editMs":[9,17,18],"editSamples":26,"simWallRatio":0,"droppedMs":0,"mode":"packaged","t":193568}
[lawsmith] {"kind":"pacing","intervalMs":[17,17,18],"maxIntervalMs":18,"workP95Ms":1,"stallsOver50ms":0,"devicePixelRatio":2,"pixelRatio":1.5,"tick":0,"playing":false,"bodies":0,"stepMs":[0,0,0],"editMs":[9,17,18],"editSamples":26,"simWallRatio":0,"droppedMs":0,"mode":"packaged","t":198608}
[lawsmith] {"kind":"pacing","intervalMs":[17,18,18],"maxIntervalMs":18,"workP95Ms":1,"stallsOver50ms":0,"devicePixelRatio":2,"pixelRatio":1.5,"tick":0,"playing":false,"bodies":0,"stepMs":[0,0,0],"editMs":[9,17,18],"editSamples":26,"simWallRatio":0,"droppedMs":0,"mode":"packaged","t":203649}
[lawsmith] {"kind":"pacing","intervalMs":[17,18,18],"maxIntervalMs":18,"workP95Ms":2,"stallsOver50ms":0,"devicePixelRatio":2,"pixelRatio":1.5,"tick":0,"playing":false,"bodies":0,"stepMs":[0,0,0],"editMs":[9,17,18],"editSamples":26,"simWallRatio":0,"droppedMs":0,"mode":"packaged","t":208689}
[lawsmith] {"kind":"pacing","intervalMs":[17,18,18],"maxIntervalMs":18,"workP95Ms":2,"stallsOver50ms":0,"devicePixelRatio":2,"pixelRatio":1.5,"tick":0,"playing":false,"bodies":0,"stepMs":[0,0,0],"editMs":[9,17,18],"editSamples":26,"simWallRatio":0,"droppedMs":0,"mode":"packaged","t":213729}
[lawsmith] {"kind":"pacing","intervalMs":[17,18,18],"maxIntervalMs":18,"workP95Ms":2,"stallsOver50ms":0,"devicePixelRatio":2,"pixelRatio":1.5,"tick":0,"playing":false,"bodies":0,"stepMs":[0,0,0],"editMs":[9,17,18],"editSamples":26,"simWallRatio":0,"droppedMs":0,"mode":"packaged","t":218769}
[lawsmith] {"kind":"pacing","intervalMs":[17,17,18],"maxIntervalMs":18,"workP95Ms":2,"stallsOver50ms":0,"devicePixelRatio":2,"pixelRatio":1.5,"tick":0,"playing":false,"bodies":0,"stepMs":[0,0,0],"editMs":[9,17,18],"editSamples":26,"simWallRatio":0,"droppedMs":0,"mode":"packaged","t":223808}
[lawsmith] {"kind":"pacing","intervalMs":[17,18,18],"maxIntervalMs":18,"workP95Ms":2,"stallsOver50ms":0,"devicePixelRatio":2,"pixelRatio":1.5,"tick":0,"playing":false,"bodies":0,"stepMs":[0,0,0],"editMs":[9,17,18],"editSamples":26,"simWallRatio":0,"droppedMs":0,"mode":"packaged","t":228849}
[lawsmith] {"kind":"pacing","intervalMs":[17,18,18],"maxIntervalMs":18,"workP95Ms":2,"stallsOver50ms":0,"devicePixelRatio":2,"pixelRatio":1.5,"tick":0,"playing":false,"bodies":0,"stepMs":[0,0,0],"editMs":[9,17,18],"editSamples":26,"simWallRatio":0,"droppedMs":0,"mode":"packaged","t":233889}
[lawsmith] {"kind":"pacing","intervalMs":[17,18,18],"maxIntervalMs":18,"workP95Ms":2,"stallsOver50ms":0,"devicePixelRatio":2,"pixelRatio":1.5,"tick":0,"playing":false,"bodies":0,"stepMs":[0,0,0],"editMs":[9,17,18],"editSamples":26,"simWallRatio":0,"droppedMs":0,"mode":"packaged","t":238928}
[lawsmith] {"kind":"pacing","intervalMs":[17,17,18],"maxIntervalMs":18,"workP95Ms":2,"stallsOver50ms":0,"devicePixelRatio":2,"pixelRatio":1.5,"tick":0,"playing":false,"bodies":0,"stepMs":[0,0,0],"editMs":[9,17,18],"editSamples":26,"simWallRatio":0,"droppedMs":0,"mode":"packaged","t":243969}
