[lawsmith] {"kind":"runtime","mode":"packaged","origin":"tauri://localhost","isSecureContext":true,"navigatorGpu":true,"runtime":{"arch":"aarch64","build":"release","tauri":"3.0.0-alpha.4","webview":"22625.2.5.11.1"},"userAgent":"Mozilla/5.0 (Macintosh; Intel Mac OS X 10_15_7) AppleWebKit/605.1.15 (KHTML, like Gecko)","timerResolutionMs":1,"t":106}
[lawsmith] {"kind":"backend","backend":"WebGPU","coordinateSystemIsWebGPU":true,"compatibilityMode":false,"samples":4,"adapter":{"vendor":"apple","architecture":"apple","device":"apple","description":"apple"},"features":["bgra8unorm-storage","clip-distances","core-features-and-limits","depth-clip-control","depth32float-stencil8","float32-blendable","float32-filterable","indirect-first-instance","rg11b10ufloat-renderable","shader-f16","texture-compression-astc","texture-compression-astc-sliced-3d","texture-compression-bc","texture-compression-bc-sliced-3d","texture-compression-etc2","texture-formats-tier1","texture-formats-tier2","timestamp-query"],"mode":"packaged","t":109}
[lawsmith] {"kind":"rapier","version":"0.21.0","profile":"lawsmith-m1-rapier-0.21.0","fieldKernel":"directional-box-v1","effectiveProfile":{"dt":0.008333333767950535,"numSolverIterations":4,"numInternalPgsIterations":1,"maxCcdSubsteps":1,"lengthUnit":1,"normalizedAllowedLinearError":0.004999999888241291,"normalizedPredictionDistance":0.019999999552965164,"contactErp":0.0728205069899559},"mode":"packaged","t":127}
[lawsmith] {"kind":"render-probe","distinctColors":72,"gpuErrors":0,"mode":"packaged","t":2033}
[lawsmith] {"kind":"ready","rendererInitMs":24,"rapierInitMs":18,"firstFrameMs":1967,"mode":"packaged","t":2052}
[lawsmith] {"kind":"lifecycle","signal":"window-blur","tick":0,"playing":false,"mode":"packaged","t":3452}
[lawsmith] {"kind":"lifecycle","signal":"native-focus","focused":false,"minimized":false,"visible":true,"tick":0,"mode":"packaged","t":3456}
[lawsmith] {"kind":"pacing","intervalMs":[17,18,19],"maxIntervalMs":22,"workP95Ms":3,"stallsOver50ms":0,"devicePixelRatio":2,"pixelRatio":1.5,"tick":0,"playing":false,"bodies":0,"stepMs":[0,0,0],"editMs":null,"editSamples":0,"simWallRatio":0,"droppedMs":0,"mode":"packaged","t":7053}
[lawsmith] {"kind":"pacing","intervalMs":[17,18,18],"maxIntervalMs":18,"workP95Ms":2,"stallsOver50ms":0,"devicePixelRatio":2,"pixelRatio":1.5,"tick":0,"playing":false,"bodies":0,"stepMs":[0,0,0],"editMs":null,"editSamples":0,"simWallRatio":0,"droppedMs":0,"mode":"packaged","t":12093}
[lawsmith] {"kind":"pacing","intervalMs":[17,18,18],"maxIntervalMs":18,"workP95Ms":2,"stallsOver50ms":0,"devicePixelRatio":2,"pixelRatio":1.5,"tick":0,"playing":false,"bodies":0,"stepMs":[0,0,0],"editMs":null,"editSamples":0,"simWallRatio":0,"droppedMs":0,"mode":"packaged","t":17133}
[lawsmith] {"kind":"pacing","intervalMs":[17,18,18],"maxIntervalMs":19,"workP95Ms":1,"stallsOver50ms":0,"devicePixelRatio":2,"pixelRatio":1.5,"tick":0,"playing":false,"bodies":0,"stepMs":[0,0,0],"editMs":null,"editSamples":0,"simWallRatio":0,"droppedMs":0,"mode":"packaged","t":22172}
[lawsmith] {"kind":"pacing","intervalMs":[17,18,18],"maxIntervalMs":18,"workP95Ms":1,"stallsOver50ms":0,"devicePixelRatio":2,"pixelRatio":1.5,"tick":0,"playing":false,"bodies":0,"stepMs":[0,0,0],"editMs":null,"editSamples":0,"simWallRatio":0,"droppedMs":0,"mode":"packaged","t":27213}
[lawsmith] {"kind":"pacing","intervalMs":[17,18,18],"maxIntervalMs":18,"workP95Ms":1,"stallsOver50ms":0,"devicePixelRatio":2,"pixelRatio":1.5,"tick":0,"playing":false,"bodies":0,"stepMs":[0,0,0],"editMs":null,"editSamples":0,"simWallRatio":0,"droppedMs":0,"mode":"packaged","t":32253}
[lawsmith] {"kind":"pacing","intervalMs":[17,17,18],"maxIntervalMs":18,"workP95Ms":1,"stallsOver50ms":0,"devicePixelRatio":2,"pixelRatio":1.5,"tick":0,"playing":false,"bodies":0,"stepMs":[0,0,0],"editMs":null,"editSamples":0,"simWallRatio":0,"droppedMs":0,"mode":"packaged","t":37292}
[lawsmith] {"kind":"pacing","intervalMs":[17,18,18],"maxIntervalMs":18,"workP95Ms":1,"stallsOver50ms":0,"devicePixelRatio":2,"pixelRatio":1.5,"tick":0,"playing":false,"bodies":0,"stepMs":[0,0,0],"editMs":null,"editSamples":0,"simWallRatio":0,"droppedMs":0,"mode":"packaged","t":42333}
[lawsmith] {"kind":"pacing","intervalMs":[17,18,18],"maxIntervalMs":18,"workP95Ms":1,"stallsOver50ms":0,"devicePixelRatio":2,"pixelRatio":1.5,"tick":0,"playing":false,"bodies":0,"stepMs":[0,0,0],"editMs":null,"editSamples":0,"simWallRatio":0,"droppedMs":0,"mode":"packaged","t":47373}
[lawsmith] {"kind":"pacing","intervalMs":[17,18,18],"maxIntervalMs":19,"workP95Ms":1,"stallsOver50ms":0,"devicePixelRatio":2,"pixelRatio":1.5,"tick":0,"playing":false,"bodies":0,"stepMs":[0,0,0],"editMs":null,"editSamples":0,"simWallRatio":0,"droppedMs":0,"mode":"packaged","t":52412}
[lawsmith] {"kind":"lifecycle","signal":"window-focus","tick":0,"mode":"packaged","t":53981}
[lawsmith] {"kind":"lifecycle","signal":"native-focus","focused":true,"minimized":false,"visible":true,"tick":0,"mode":"packaged","t":53986}
[lawsmith] {"kind":"sim-control","action":"play","reason":"keyboard","tick":0,"mode":"packaged","t":56003}
[lawsmith] {"kind":"pacing","intervalMs":[17,17,18],"maxIntervalMs":28,"workP95Ms":2,"stallsOver50ms":0,"devicePixelRatio":2,"pixelRatio":1.5,"tick":172,"playing":true,"bodies":22,"stepMs":[0,1,1],"editMs":null,"editSamples":0,"simWallRatio":0.358,"droppedMs":0,"mode":"packaged","t":57452}
[lawsmith] {"kind":"orbit","camera":[3.916,7,13.662],"mode":"packaged","t":57568}
[lawsmith] {"kind":"orbit","camera":[-4.115,7,13.604],"mode":"packaged","t":58785}
[lawsmith] {"kind":"orbit","camera":[-12.203,7,7.286],"mode":"packaged","t":59877}
[lawsmith] {"kind":"run-digest","run":0,"tick":600,"editsSinceReset":0,"bodies":64,"stateSha256":"95ff02d66f208149a621fda3439b5fda5222c04d157d26d74e508b4fab00467e","engineSha256":"935d92ed16b6dbbbf4ab5b1b0594c9c9b8d6d2f91567c8bad871851916663d09","mode":"packaged","t":61013}
[lawsmith] {"kind":"orbit","camera":[-12.272,10.307,0.88],"mode":"packaged","t":61143}
[lawsmith] {"kind":"orbit","camera":[-9.489,10.244,7.905],"mode":"packaged","t":62468}
[lawsmith] {"kind":"pacing","intervalMs":[17,18,18],"maxIntervalMs":18,"workP95Ms":2,"stallsOver50ms":0,"devicePixelRatio":2,"pixelRatio":1.5,"tick":776,"playing":true,"bodies":64,"stepMs":[0,1,1],"editMs":null,"editSamples":0,"simWallRatio":1,"droppedMs":0,"mode":"packaged","t":62493}
[lawsmith] {"kind":"orbit","camera":[-12.497,7.85,5.907],"mode":"packaged","t":63710}
[lawsmith] {"kind":"run-digest","run":0,"tick":1200,"editsSinceReset":0,"bodies":64,"stateSha256":"c0871e511bfaf8dfd1bf67792f5bca4bd4a97b7e004ce5883880b1d88924c855","engineSha256":"95c100da14eb5fde78e15f668ff1c27cbadc16eb8703e21941a146f1f892618b","mode":"packaged","t":66013}
[lawsmith] {"kind":"lifecycle","signal":"window-blur","tick":1250,"playing":true,"mode":"packaged","t":66444}
[lawsmith] {"kind":"sim-control","action":"pause","reason":"window-blur","tick":1250,"mode":"packaged","t":66445}
[lawsmith] {"kind":"lifecycle","signal":"native-focus","focused":false,"minimized":false,"visible":true,"tick":1250,"mode":"packaged","t":66447}
[lawsmith] {"kind":"pacing","intervalMs":[17,18,18],"maxIntervalMs":19,"workP95Ms":2,"stallsOver50ms":0,"devicePixelRatio":2,"pixelRatio":1.5,"tick":1250,"playing":false,"bodies":64,"stepMs":[0,1,1],"editMs":null,"editSamples":0,"simWallRatio":0.725,"droppedMs":0,"mode":"packaged","t":67533}
[lawsmith] {"kind":"pacing","intervalMs":[17,17,18],"maxIntervalMs":19,"workP95Ms":2,"stallsOver50ms":0,"devicePixelRatio":2,"pixelRatio":1.5,"tick":1250,"playing":false,"bodies":64,"stepMs":[0,1,1],"editMs":null,"editSamples":0,"simWallRatio":0,"droppedMs":0,"mode":"packaged","t":72573}
[lawsmith] {"kind":"pacing","intervalMs":[17,17,18],"maxIntervalMs":21,"workP95Ms":2,"stallsOver50ms":0,"devicePixelRatio":2,"pixelRatio":1.5,"tick":1250,"playing":false,"bodies":64,"stepMs":[0,1,1],"editMs":null,"editSamples":0,"simWallRatio":0,"droppedMs":0,"mode":"packaged","t":77612}
[lawsmith] {"kind":"pacing","intervalMs":[17,18,18],"maxIntervalMs":18,"workP95Ms":1,"stallsOver50ms":0,"devicePixelRatio":2,"pixelRatio":1.5,"tick":1250,"playing":false,"bodies":64,"stepMs":[0,1,1],"editMs":null,"editSamples":0,"simWallRatio":0,"droppedMs":0,"mode":"packaged","t":82653}
[lawsmith] {"kind":"pacing","intervalMs":[17,18,18],"maxIntervalMs":18,"workP95Ms":1,"stallsOver50ms":0,"devicePixelRatio":2,"pixelRatio":1.5,"tick":1250,"playing":false,"bodies":64,"stepMs":[0,1,1],"editMs":null,"editSamples":0,"simWallRatio":0,"droppedMs":0,"mode":"packaged","t":87693}
[lawsmith] {"kind":"pacing","intervalMs":[17,18,18],"maxIntervalMs":18,"workP95Ms":1,"stallsOver50ms":0,"devicePixelRatio":2,"pixelRatio":1.5,"tick":1250,"playing":false,"bodies":64,"stepMs":[0,1,1],"editMs":null,"editSamples":0,"simWallRatio":0,"droppedMs":0,"mode":"packaged","t":92733}
[lawsmith] {"kind":"lifecycle","signal":"window-focus","tick":1250,"mode":"packaged","t":94266}
[lawsmith] {"kind":"lifecycle","signal":"native-focus","focused":true,"minimized":false,"visible":true,"tick":1250,"mode":"packaged","t":94267}
[lawsmith] {"kind":"control","transformMode":"translate","mode":"packaged","t":95910}
[lawsmith] {"kind":"stall","intervalMs":62,"tick":1250,"playing":false,"previousFrame":{"workMs":0,"prepMs":0,"maxStepMs":0,"steps":0},"thisFrame":{"workMs":1,"prepMs":0,"maxStepMs":0,"steps":0},"mode":"packaged","t":95957}
[lawsmith] {"kind":"gesture","phase":"begin","transformMode":"translate","field":{"enabled":true,"position":[3,1,0],"rotation":[0,0,0,1],"halfExtents":[1.5,2,1.5]},"camera":[-13.911827156601866,7.528879978172285,-1.354544718883105],"mode":"packaged","t":97185}
[lawsmith] {"kind":"pacing","intervalMs":[17,17,18],"maxIntervalMs":62,"workP95Ms":2,"stallsOver50ms":1,"devicePixelRatio":2,"pixelRatio":1.5,"tick":1250,"playing":false,"bodies":64,"stepMs":[0,1,1],"editMs":[2,10,10],"editSamples":22,"simWallRatio":0,"droppedMs":0,"mode":"packaged","t":97772}
[lawsmith] {"kind":"gesture","phase":"commit","reason":"pointerup","transformMode":"translate","samples":62,"rejected":0,"firstRevision":1,"lastRevision":62,"field":{"enabled":true,"position":[3,1,1.9729010504141569],"rotation":[0,0,0,1],"halfExtents":[1.5,2,1.5]},"camera":[-13.911827156601866,7.528879978172285,-1.354544718883105],"mode":"packaged","t":99126}
[lawsmith] {"kind":"law-applied","revision":62,"appliedRevision":62,"tick":1250,"sequence":37,"field":{"enabled":true,"position":[3,1,1.9729010504141569],"rotation":[0,0,0,1],"halfExtents":[1.5,2,1.5]},"mode":"packaged","t":99127}
[lawsmith] {"kind":"control","transformMode":"rotate","mode":"packaged","t":100620}
[lawsmith] {"kind":"gesture","phase":"begin","transformMode":"rotate","field":{"enabled":true,"position":[3,1,1.9729010504141569],"rotation":[0,0,0,1],"halfExtents":[1.5,2,1.5]},"camera":[-13.911827156601866,7.528879978172285,-1.354544718883105],"mode":"packaged","t":102068}
[lawsmith] {"kind":"pacing","intervalMs":[17,18,18],"maxIntervalMs":18,"workP95Ms":2,"stallsOver50ms":1,"devicePixelRatio":2,"pixelRatio":1.5,"tick":1250,"playing":false,"bodies":64,"stepMs":[0,1,1],"editMs":[2,10,11],"editSamples":71,"simWallRatio":0,"droppedMs":0,"mode":"packaged","t":102812}
[lawsmith] {"kind":"gesture","phase":"commit","reason":"pointerup","transformMode":"rotate","samples":173,"rejected":0,"firstRevision":63,"lastRevision":235,"field":{"enabled":true,"position":[3,1,1.9729010504141569],"rotation":[0.46518096065928694,-0.1795850106645497,0.09152555812984056,0.8619622787533907],"halfExtents":[1.5,2,1.5]},"camera":[-13.911827156601866,7.528879978172285,-1.354544718883105],"mode":"packaged","t":105451}
[lawsmith] {"kind":"law-applied","revision":235,"appliedRevision":235,"tick":1250,"sequence":142,"field":{"enabled":true,"position":[3,1,1.9729010504141569],"rotation":[0.4651809606592868,-0.17958501066454965,0.09152555812984055,0.8619622787533905],"halfExtents":[1.5,2,1.5]},"mode":"packaged","t":105452}
[lawsmith] {"kind":"gesture","phase":"begin","transformMode":"rotate","field":{"enabled":true,"position":[3,1,1.9729010504141569],"rotation":[0.4651809606592868,-0.17958501066454965,0.09152555812984055,0.8619622787533905],"halfExtents":[1.5,2,1.5]},"camera":[-13.911827156601866,7.528879978172285,-1.354544718883105],"mode":"packaged","t":107493}
[lawsmith] {"kind":"pacing","intervalMs":[17,18,18],"maxIntervalMs":18,"workP95Ms":1,"stallsOver50ms":1,"devicePixelRatio":2,"pixelRatio":1.5,"tick":1250,"playing":false,"bodies":64,"stepMs":[0,1,1],"editMs":[2,10,11],"editSamples":146,"simWallRatio":0,"droppedMs":0,"mode":"packaged","t":107852}
[lawsmith] {"kind":"gesture","phase":"commit","reason":"pointerup","transformMode":"rotate","samples":134,"rejected":0,"firstRevision":236,"lastRevision":369,"field":{"enabled":true,"position":[3,1,1.9729010504141569],"rotation":[0.4970201519122864,0.040187943569822616,0.4566813822196032,0.7367482697086635],"halfExtents":[1.5,2,1.5]},"camera":[-13.911827156601866,7.528879978172285,-1.354544718883105],"mode":"packaged","t":111418}
[lawsmith] {"kind":"law-applied","revision":369,"appliedRevision":369,"tick":1250,"sequence":240,"field":{"enabled":true,"position":[3,1,1.9729010504141569],"rotation":[0.4970201519122863,0.04018794356982261,0.45668138221960314,0.7367482697086634],"halfExtents":[1.5,2,1.5]},"mode":"packaged","t":111418}
[lawsmith] {"kind":"sim-control","action":"play","reason":"keyboard","tick":1250,"mode":"packaged","t":111921}
[lawsmith] {"kind":"pacing","intervalMs":[17,18,18],"maxIntervalMs":18,"workP95Ms":2,"stallsOver50ms":1,"devicePixelRatio":2,"pixelRatio":1.5,"tick":1364,"playing":true,"bodies":64,"stepMs":[0,1,1],"editMs":[2,11,16],"editSamples":240,"simWallRatio":0.238,"droppedMs":0,"mode":"packaged","t":112893}
[lawsmith] {"kind":"gesture","phase":"begin","transformMode":"rotate","field":{"enabled":true,"position":[3,1,1.9729010504141569],"rotation":[0.4970201519122863,0.04018794356982261,0.45668138221960314,0.7367482697086634],"halfExtents":[1.5,2,1.5]},"camera":[-13.911827156601866,7.528879978172285,-1.354544718883105],"mode":"packaged","t":114027}
[lawsmith] {"kind":"pacing","intervalMs":[17,18,18],"maxIntervalMs":18,"workP95Ms":2,"stallsOver50ms":1,"devicePixelRatio":2,"pixelRatio":1.5,"tick":1970,"playing":true,"bodies":64,"stepMs":[0,1,1],"editMs":[2,11,16],"editSamples":240,"simWallRatio":1,"droppedMs":0,"mode":"packaged","t":117933}
[lawsmith] {"kind":"gesture","phase":"commit","reason":"pointerup","transformMode":"rotate","samples":456,"rejected":0,"firstRevision":370,"lastRevision":825,"field":{"enabled":true,"position":[3,1,1.9729010504141569],"rotation":[0.6174955627599796,0.39670689036352885,0.487950429335007,0.47246931288880295],"halfExtents":[1.5,2,1.5]},"camera":[-13.911827156601866,7.528879978172285,-1.354544718883105],"mode":"packaged","t":121626}
[lawsmith] {"kind":"law-applied","revision":825,"appliedRevision":825,"tick":2411,"sequence":541,"field":{"enabled":true,"position":[3,1,1.9729010504141569],"rotation":[0.6174955627599796,0.3967068903635288,0.487950429335007,0.4724693128888029],"halfExtents":[1.5,2,1.5]},"mode":"packaged","t":121627}
[lawsmith] {"kind":"control","transformMode":"scale","mode":"packaged","t":122669}
[lawsmith] {"kind":"pacing","intervalMs":[17,18,18],"maxIntervalMs":19,"workP95Ms":2,"stallsOver50ms":1,"devicePixelRatio":2,"pixelRatio":1.5,"tick":2574,"playing":true,"bodies":64,"stepMs":[0,1,1],"editMs":[2,11,16],"editSamples":240,"simWallRatio":1.002,"droppedMs":0,"mode":"packaged","t":122972}
[lawsmith] {"kind":"gesture","phase":"begin","transformMode":"scale","field":{"enabled":true,"position":[3,1,1.9729010504141569],"rotation":[0.6174955627599796,0.3967068903635288,0.487950429335007,0.4724693128888029],"halfExtents":[1.5,2,1.5]},"camera":[-13.911827156601866,7.528879978172285,-1.354544718883105],"mode":"packaged","t":123668}
[lawsmith] {"kind":"gesture","phase":"commit","reason":"pointerup","transformMode":"scale","samples":230,"rejected":0,"firstRevision":826,"lastRevision":1055,"field":{"enabled":true,"position":[3,1,1.9729010504141569],"rotation":[0.6174955627599796,0.3967068903635288,0.487950429335007,0.4724693128888029],"halfExtents":[1.5,2,8.294157029282395]},"camera":[-13.911827156601866,7.528879978172285,-1.354544718883105],"mode":"packaged","t":126784}
[lawsmith] {"kind":"law-applied","revision":1055,"appliedRevision":1055,"tick":3032,"sequence":674,"field":{"enabled":true,"position":[3,1,1.9729010504141569],"rotation":[0.6174955627599796,0.3967068903635288,0.487950429335007,0.47246931288880284],"halfExtents":[1.5,2,8.294157029282395]},"mode":"packaged","t":126784}
[lawsmith] {"kind":"gesture","phase":"begin","transformMode":"scale","field":{"enabled":true,"position":[3,1,1.9729010504141569],"rotation":[0.6174955627599796,0.3967068903635288,0.487950429335007,0.47246931288880284],"halfExtents":[1.5,2,8.294157029282395]},"camera":[-13.911827156601866,7.528879978172285,-1.354544718883105],"mode":"packaged","t":127835}
[lawsmith] {"kind":"pacing","intervalMs":[17,17,18],"maxIntervalMs":18,"workP95Ms":2,"stallsOver50ms":1,"devicePixelRatio":2,"pixelRatio":1.5,"tick":3179,"playing":true,"bodies":64,"stepMs":[0,1,1],"editMs":[2,11,17],"editSamples":240,"simWallRatio":1,"droppedMs":0,"mode":"packaged","t":128012}
[lawsmith] {"kind":"gesture","phase":"commit","reason":"pointerup","transformMode":"scale","samples":162,"rejected":0,"firstRevision":1056,"lastRevision":1217,"field":{"enabled":true,"position":[3,1,1.9729010504141569],"rotation":[0.6174955627599796,0.3967068903635288,0.487950429335007,0.47246931288880284],"halfExtents":[1.5,4.545744309586312,8.294157029282395]},"camera":[-13.911827156601866,7.528879978172285,-1.354544718883105],"mode":"packaged","t":130284}
[lawsmith] {"kind":"law-applied","revision":1217,"appliedRevision":1217,"tick":3452,"sequence":775,"field":{"enabled":true,"position":[3,1,1.9729010504141569],"rotation":[0.6174955627599796,0.3967068903635288,0.487950429335007,0.47246931288880284],"halfExtents":[1.5,4.545744309586312,8.294157029282395]},"mode":"packaged","t":130285}
[lawsmith] {"kind":"pacing","intervalMs":[17,18,18],"maxIntervalMs":18,"workP95Ms":2,"stallsOver50ms":1,"devicePixelRatio":2,"pixelRatio":1.5,"tick":3784,"playing":true,"bodies":64,"stepMs":[0,1,1],"editMs":[2,11,16],"editSamples":240,"simWallRatio":1,"droppedMs":0,"mode":"packaged","t":133053}
[lawsmith] {"kind":"lifecycle","signal":"window-blur","tick":4000,"playing":true,"mode":"packaged","t":134861}
[lawsmith] {"kind":"sim-control","action":"pause","reason":"window-blur","tick":4000,"mode":"packaged","t":134861}
[lawsmith] {"kind":"lifecycle","signal":"native-focus","focused":false,"minimized":false,"visible":true,"tick":4000,"mode":"packaged","t":134864}
[lawsmith] {"kind":"pacing","intervalMs":[17,17,18],"maxIntervalMs":19,"workP95Ms":2,"stallsOver50ms":1,"devicePixelRatio":2,"pixelRatio":1.5,"tick":4000,"playing":false,"bodies":64,"stepMs":[0,1,1],"editMs":[2,11,16],"editSamples":240,"simWallRatio":0.194,"droppedMs":0,"mode":"packaged","t":138093}
[lawsmith] {"kind":"pacing","intervalMs":[17,17,18],"maxIntervalMs":18,"workP95Ms":1,"stallsOver50ms":1,"devicePixelRatio":2,"pixelRatio":1.5,"tick":4000,"playing":false,"bodies":64,"stepMs":[0,1,1],"editMs":[2,11,16],"editSamples":240,"simWallRatio":0,"droppedMs":0,"mode":"packaged","t":143133}
[lawsmith] {"kind":"pacing","intervalMs":[17,17,18],"maxIntervalMs":19,"workP95Ms":1,"stallsOver50ms":1,"devicePixelRatio":2,"pixelRatio":1.5,"tick":4000,"playing":false,"bodies":64,"stepMs":[0,1,1],"editMs":[2,11,16],"editSamples":240,"simWallRatio":0,"droppedMs":0,"mode":"packaged","t":148173}
[lawsmith] {"kind":"pacing","intervalMs":[17,18,18],"maxIntervalMs":18,"workP95Ms":1,"stallsOver50ms":1,"devicePixelRatio":2,"pixelRatio":1.5,"tick":4000,"playing":false,"bodies":64,"stepMs":[0,1,1],"editMs":[2,11,16],"editSamples":240,"simWallRatio":0,"droppedMs":0,"mode":"packaged","t":153212}
[lawsmith] {"kind":"lifecycle","signal":"window-focus","tick":4000,"mode":"packaged","t":157465}
[lawsmith] {"kind":"lifecycle","signal":"native-focus","focused":true,"minimized":false,"visible":true,"tick":4000,"mode":"packaged","t":157466}
[lawsmith] {"kind":"pacing","intervalMs":[17,18,18],"maxIntervalMs":19,"workP95Ms":1,"stallsOver50ms":1,"devicePixelRatio":2,"pixelRatio":1.5,"tick":4000,"playing":false,"bodies":64,"stepMs":[0,1,1],"editMs":[2,11,16],"editSamples":240,"simWallRatio":0,"droppedMs":0,"mode":"packaged","t":158252}
[lawsmith] {"kind":"sim-control","action":"play","reason":"keyboard","tick":4000,"mode":"packaged","t":161787}
[lawsmith] {"kind":"stall","intervalMs":82,"tick":4155,"playing":true,"previousFrame":{"workMs":1,"prepMs":0,"maxStepMs":0,"steps":2},"thisFrame":{"workMs":2,"prepMs":1,"maxStepMs":1,"steps":8},"mode":"packaged","t":163111}
[lawsmith] {"kind":"pacing","intervalMs":[17,18,22],"maxIntervalMs":82,"workP95Ms":2,"stallsOver50ms":2,"devicePixelRatio":2,"pixelRatio":1.5,"tick":4175,"playing":true,"bodies":64,"stepMs":[0,1,1],"editMs":[2,11,16],"editSamples":240,"simWallRatio":0.359,"droppedMs":23.333,"mode":"packaged","t":163293}
[lawsmith] {"kind":"lifecycle","signal":"visibility","state":"hidden","tick":4351,"mode":"packaged","t":164759}
[lawsmith] {"kind":"sim-control","action":"pause","reason":"hidden","tick":4351,"mode":"packaged","t":164759}
[lawsmith] {"kind":"lifecycle","signal":"window-blur","tick":4351,"playing":false,"mode":"packaged","t":164998}
[lawsmith] {"kind":"lifecycle","signal":"native-focus","focused":false,"minimized":false,"visible":true,"tick":4351,"mode":"packaged","t":164999}
[lawsmith] {"kind":"lifecycle","signal":"visibility","state":"visible","tick":4351,"mode":"packaged","t":168091}
[lawsmith] {"kind":"stall","intervalMs":3348,"tick":4351,"playing":false,"previousFrame":{"workMs":1,"prepMs":0,"maxStepMs":0,"steps":2},"thisFrame":{"workMs":1,"prepMs":0,"maxStepMs":0,"steps":0},"mode":"packaged","t":168093}
[lawsmith] {"kind":"lifecycle","signal":"window-focus","tick":4351,"mode":"packaged","t":168113}
[lawsmith] {"kind":"lifecycle","signal":"native-focus","focused":true,"minimized":false,"visible":true,"tick":4351,"mode":"packaged","t":168116}
[lawsmith] {"kind":"lifecycle","signal":"visibility","state":"hidden","tick":4351,"mode":"packaged","t":168410}
[lawsmith] {"kind":"pacing","intervalMs":[17,18,25],"maxIntervalMs":3348,"workP95Ms":2,"stallsOver50ms":3,"devicePixelRatio":2,"pixelRatio":1.5,"tick":4351,"playing":false,"bodies":64,"stepMs":[0,1,1],"editMs":[2,11,16],"editSamples":240,"simWallRatio":0.395,"droppedMs":23.333,"mode":"packaged","t":168593}
[lawsmith] {"kind":"lifecycle","signal":"window-blur","tick":4351,"playing":false,"mode":"packaged","t":170910}
[lawsmith] {"kind":"lifecycle","signal":"native-focus","focused":false,"minimized":false,"visible":true,"tick":4351,"mode":"packaged","t":170911}
[lawsmith] {"kind":"lifecycle","signal":"visibility","state":"visible","tick":4351,"mode":"packaged","t":171079}
[lawsmith] {"kind":"stall","intervalMs":2684,"tick":4351,"playing":false,"previousFrame":{"workMs":1,"prepMs":0,"maxStepMs":0,"steps":0},"thisFrame":{"workMs":1,"prepMs":0,"maxStepMs":0,"steps":0},"mode":"packaged","t":171080}
[lawsmith] {"kind":"lifecycle","signal":"visibility","state":"hidden","tick":4351,"mode":"packaged","t":171314}
[lawsmith] {"kind":"lifecycle","signal":"window-focus","tick":4351,"mode":"packaged","t":172793}
[lawsmith] {"kind":"lifecycle","signal":"visibility","state":"visible","tick":4351,"mode":"packaged","t":172849}
[lawsmith] {"kind":"lifecycle","signal":"native-focus","focused":true,"minimized":false,"visible":true,"tick":4351,"mode":"packaged","t":172849}
[lawsmith] {"kind":"stall","intervalMs":1542,"tick":4351,"playing":false,"previousFrame":{"workMs":1,"prepMs":0,"maxStepMs":0,"steps":0},"thisFrame":{"workMs":1,"prepMs":0,"maxStepMs":0,"steps":0},"mode":"packaged","t":172850}
[lawsmith] {"kind":"pacing","intervalMs":[17,18,1542],"maxIntervalMs":3348,"workP95Ms":2,"stallsOver50ms":5,"devicePixelRatio":2,"pixelRatio":1.5,"tick":4351,"playing":false,"bodies":64,"stepMs":[0,1,1],"editMs":[2,11,16],"editSamples":240,"simWallRatio":0.212,"droppedMs":23.333,"mode":"packaged","t":173856}
[lawsmith] {"kind":"lifecycle","signal":"window-blur","tick":4351,"playing":false,"mode":"packaged","t":175546}
[lawsmith] {"kind":"lifecycle","signal":"native-focus","focused":false,"minimized":false,"visible":true,"tick":4351,"mode":"packaged","t":175547}
[lawsmith] {"kind":"pacing","intervalMs":[17,17,18],"maxIntervalMs":18,"workP95Ms":2,"stallsOver50ms":5,"devicePixelRatio":2,"pixelRatio":1.5,"tick":4351,"playing":false,"bodies":64,"stepMs":[0,1,1],"editMs":[2,11,16],"editSamples":240,"simWallRatio":0,"droppedMs":23.333,"mode":"packaged","t":178897}
[lawsmith] {"kind":"pacing","intervalMs":[17,18,18],"maxIntervalMs":18,"workP95Ms":2,"stallsOver50ms":5,"devicePixelRatio":2,"pixelRatio":1.5,"tick":4351,"playing":false,"bodies":64,"stepMs":[0,1,1],"editMs":[2,11,16],"editSamples":240,"simWallRatio":0,"droppedMs":23.333,"mode":"packaged","t":183937}
[lawsmith] {"kind":"pacing","intervalMs":[17,18,18],"maxIntervalMs":18,"workP95Ms":1,"stallsOver50ms":5,"devicePixelRatio":2,"pixelRatio":1.5,"tick":4351,"playing":false,"bodies":64,"stepMs":[0,1,1],"editMs":[2,11,16],"editSamples":240,"simWallRatio":0,"droppedMs":23.333,"mode":"packaged","t":188977}
[lawsmith] {"kind":"pacing","intervalMs":[17,18,18],"maxIntervalMs":20,"workP95Ms":1,"stallsOver50ms":5,"devicePixelRatio":2,"pixelRatio":1.5,"tick":4351,"playing":false,"bodies":64,"stepMs":[0,1,1],"editMs":[2,11,16],"editSamples":240,"simWallRatio":0,"droppedMs":23.333,"mode":"packaged","t":194017}
[lawsmith] {"kind":"pacing","intervalMs":[17,18,18],"maxIntervalMs":18,"workP95Ms":1,"stallsOver50ms":5,"devicePixelRatio":2,"pixelRatio":1.5,"tick":4351,"playing":false,"bodies":64,"stepMs":[0,1,1],"editMs":[2,11,16],"editSamples":240,"simWallRatio":0,"droppedMs":23.333,"mode":"packaged","t":199057}
[lawsmith] {"kind":"pacing","intervalMs":[17,18,18],"maxIntervalMs":18,"workP95Ms":1,"stallsOver50ms":5,"devicePixelRatio":2,"pixelRatio":1.5,"tick":4351,"playing":false,"bodies":64,"stepMs":[0,1,1],"editMs":[2,11,16],"editSamples":240,"simWallRatio":0,"droppedMs":23.333,"mode":"packaged","t":204097}
[lawsmith] {"kind":"pacing","intervalMs":[17,18,18],"maxIntervalMs":18,"workP95Ms":1,"stallsOver50ms":5,"devicePixelRatio":2,"pixelRatio":1.5,"tick":4351,"playing":false,"bodies":64,"stepMs":[0,1,1],"editMs":[2,11,16],"editSamples":240,"simWallRatio":0,"droppedMs":23.333,"mode":"packaged","t":209137}
[lawsmith] {"kind":"pacing","intervalMs":[17,17,18],"maxIntervalMs":18,"workP95Ms":1,"stallsOver50ms":5,"devicePixelRatio":2,"pixelRatio":1.5,"tick":4351,"playing":false,"bodies":64,"stepMs":[0,1,1],"editMs":[2,11,16],"editSamples":240,"simWallRatio":0,"droppedMs":23.333,"mode":"packaged","t":214177}
[lawsmith] {"kind":"pacing","intervalMs":[17,18,18],"maxIntervalMs":19,"workP95Ms":1,"stallsOver50ms":5,"devicePixelRatio":2,"pixelRatio":1.5,"tick":4351,"playing":false,"bodies":64,"stepMs":[0,1,1],"editMs":[2,11,16],"editSamples":240,"simWallRatio":0,"droppedMs":23.333,"mode":"packaged","t":219216}
[lawsmith] {"kind":"pacing","intervalMs":[17,17,18],"maxIntervalMs":18,"workP95Ms":2,"stallsOver50ms":5,"devicePixelRatio":2,"pixelRatio":1.5,"tick":4351,"playing":false,"bodies":64,"stepMs":[0,1,1],"editMs":[2,11,16],"editSamples":240,"simWallRatio":0,"droppedMs":23.333,"mode":"packaged","t":224257}
[lawsmith] {"kind":"pacing","intervalMs":[17,18,18],"maxIntervalMs":19,"workP95Ms":1,"stallsOver50ms":5,"devicePixelRatio":2,"pixelRatio":1.5,"tick":4351,"playing":false,"bodies":64,"stepMs":[0,1,1],"editMs":[2,11,16],"editSamples":240,"simWallRatio":0,"droppedMs":23.333,"mode":"packaged","t":229297}
[lawsmith] {"kind":"pacing","intervalMs":[17,17,18],"maxIntervalMs":19,"workP95Ms":1,"stallsOver50ms":5,"devicePixelRatio":2,"pixelRatio":1.5,"tick":4351,"playing":false,"bodies":64,"stepMs":[0,1,1],"editMs":[2,11,16],"editSamples":240,"simWallRatio":0,"droppedMs":23.333,"mode":"packaged","t":234337}
[lawsmith] {"kind":"pacing","intervalMs":[17,17,18],"maxIntervalMs":18,"workP95Ms":1,"stallsOver50ms":5,"devicePixelRatio":2,"pixelRatio":1.5,"tick":4351,"playing":false,"bodies":64,"stepMs":[0,1,1],"editMs":[2,11,16],"editSamples":240,"simWallRatio":0,"droppedMs":23.333,"mode":"packaged","t":239377}
[lawsmith] {"kind":"pacing","intervalMs":[17,17,18],"maxIntervalMs":18,"workP95Ms":1,"stallsOver50ms":5,"devicePixelRatio":2,"pixelRatio":1.5,"tick":4351,"playing":false,"bodies":64,"stepMs":[0,1,1],"editMs":[2,11,16],"editSamples":240,"simWallRatio":0,"droppedMs":23.333,"mode":"packaged","t":244417}
[lawsmith] {"kind":"pacing","intervalMs":[17,17,18],"maxIntervalMs":18,"workP95Ms":1,"stallsOver50ms":5,"devicePixelRatio":2,"pixelRatio":1.5,"tick":4351,"playing":false,"bodies":64,"stepMs":[0,1,1],"editMs":[2,11,16],"editSamples":240,"simWallRatio":0,"droppedMs":23.333,"mode":"packaged","t":249457}
[lawsmith] {"kind":"pacing","intervalMs":[17,18,18],"maxIntervalMs":18,"workP95Ms":1,"stallsOver50ms":5,"devicePixelRatio":2,"pixelRatio":1.5,"tick":4351,"playing":false,"bodies":64,"stepMs":[0,1,1],"editMs":[2,11,16],"editSamples":240,"simWallRatio":0,"droppedMs":23.333,"mode":"packaged","t":254497}
[lawsmith] {"kind":"pacing","intervalMs":[17,18,18],"maxIntervalMs":19,"workP95Ms":1,"stallsOver50ms":5,"devicePixelRatio":2,"pixelRatio":1.5,"tick":4351,"playing":false,"bodies":64,"stepMs":[0,1,1],"editMs":[2,11,16],"editSamples":240,"simWallRatio":0,"droppedMs":23.333,"mode":"packaged","t":259537}
[lawsmith] {"kind":"pacing","intervalMs":[17,17,18],"maxIntervalMs":18,"workP95Ms":1,"stallsOver50ms":5,"devicePixelRatio":2,"pixelRatio":1.5,"tick":4351,"playing":false,"bodies":64,"stepMs":[0,1,1],"editMs":[2,11,16],"editSamples":240,"simWallRatio":0,"droppedMs":23.333,"mode":"packaged","t":264577}
[lawsmith] {"kind":"pacing","intervalMs":[17,17,18],"maxIntervalMs":19,"workP95Ms":1,"stallsOver50ms":5,"devicePixelRatio":2,"pixelRatio":1.5,"tick":4351,"playing":false,"bodies":64,"stepMs":[0,1,1],"editMs":[2,11,16],"editSamples":240,"simWallRatio":0,"droppedMs":23.333,"mode":"packaged","t":269616}
[lawsmith] {"kind":"pacing","intervalMs":[17,18,18],"maxIntervalMs":19,"workP95Ms":1,"stallsOver50ms":5,"devicePixelRatio":2,"pixelRatio":1.5,"tick":4351,"playing":false,"bodies":64,"stepMs":[0,1,1],"editMs":[2,11,16],"editSamples":240,"simWallRatio":0,"droppedMs":23.333,"mode":"packaged","t":274657}
[lawsmith] {"kind":"pacing","intervalMs":[17,18,18],"maxIntervalMs":18,"workP95Ms":2,"stallsOver50ms":5,"devicePixelRatio":2,"pixelRatio":1.5,"tick":4351,"playing":false,"bodies":64,"stepMs":[0,1,1],"editMs":[2,11,16],"editSamples":240,"simWallRatio":0,"droppedMs":23.333,"mode":"packaged","t":279697}
[lawsmith] {"kind":"pacing","intervalMs":[17,17,18],"maxIntervalMs":19,"workP95Ms":2,"stallsOver50ms":5,"devicePixelRatio":2,"pixelRatio":1.5,"tick":4351,"playing":false,"bodies":64,"stepMs":[0,1,1],"editMs":[2,11,16],"editSamples":240,"simWallRatio":0,"droppedMs":23.333,"mode":"packaged","t":284737}
[lawsmith] {"kind":"pacing","intervalMs":[17,18,18],"maxIntervalMs":18,"workP95Ms":2,"stallsOver50ms":5,"devicePixelRatio":2,"pixelRatio":1.5,"tick":4351,"playing":false,"bodies":64,"stepMs":[0,1,1],"editMs":[2,11,16],"editSamples":240,"simWallRatio":0,"droppedMs":23.333,"mode":"packaged","t":289778}
[lawsmith] {"kind":"pacing","intervalMs":[17,17,18],"maxIntervalMs":18,"workP95Ms":2,"stallsOver50ms":5,"devicePixelRatio":2,"pixelRatio":1.5,"tick":4351,"playing":false,"bodies":64,"stepMs":[0,1,1],"editMs":[2,11,16],"editSamples":240,"simWallRatio":0,"droppedMs":23.333,"mode":"packaged","t":294817}
[lawsmith] {"kind":"pacing","intervalMs":[17,17,18],"maxIntervalMs":18,"workP95Ms":2,"stallsOver50ms":5,"devicePixelRatio":2,"pixelRatio":1.5,"tick":4351,"playing":false,"bodies":64,"stepMs":[0,1,1],"editMs":[2,11,16],"editSamples":240,"simWallRatio":0,"droppedMs":23.333,"mode":"packaged","t":299857}
[lawsmith] {"kind":"pacing","intervalMs":[17,17,18],"maxIntervalMs":18,"workP95Ms":2,"stallsOver50ms":5,"devicePixelRatio":2,"pixelRatio":1.5,"tick":4351,"playing":false,"bodies":64,"stepMs":[0,1,1],"editMs":[2,11,16],"editSamples":240,"simWallRatio":0,"droppedMs":23.333,"mode":"packaged","t":304897}
[lawsmith] {"kind":"pacing","intervalMs":[17,17,18],"maxIntervalMs":19,"workP95Ms":2,"stallsOver50ms":5,"devicePixelRatio":2,"pixelRatio":1.5,"tick":4351,"playing":false,"bodies":64,"stepMs":[0,1,1],"editMs":[2,11,16],"editSamples":240,"simWallRatio":0,"droppedMs":23.333,"mode":"packaged","t":309936}
[lawsmith] {"kind":"pacing","intervalMs":[17,17,18],"maxIntervalMs":18,"workP95Ms":2,"stallsOver50ms":5,"devicePixelRatio":2,"pixelRatio":1.5,"tick":4351,"playing":false,"bodies":64,"stepMs":[0,1,1],"editMs":[2,11,16],"editSamples":240,"simWallRatio":0,"droppedMs":23.333,"mode":"packaged","t":314977}
[lawsmith] {"kind":"pacing","intervalMs":[17,17,18],"maxIntervalMs":19,"workP95Ms":2,"stallsOver50ms":5,"devicePixelRatio":2,"pixelRatio":1.5,"tick":4351,"playing":false,"bodies":64,"stepMs":[0,1,1],"editMs":[2,11,16],"editSamples":240,"simWallRatio":0,"droppedMs":23.333,"mode":"packaged","t":320017}
