[qa 18:54:35] segment: M7 two futures and packaged authority fixtures
[qa 18:54:50] More Space, 60 Hz: set 1728x1117@60
[qa 18:54:56] launched pid 32534, window at 224,104, log m7-compare.log
[qa 18:54:56] PASS {"kind": "qualification", "identity": {"app": "Lawsmith 0.0.0", "build": "packaged", "bundle": "index-DsgD8sW5.js sha256:abf7bc7d07e211663b9b4ef6ad5180be1b45dcb0d65b2b3f396243aab992559a", "tauri": "tauri 3.0.0-alpha.4; tauri-runtime 3.0.0-alpha.3; tauri-runtime-wry 3.0.0-alpha.4; wry 0.57.0; tao 0.3  [qualification] qualified packaged runtime identity
[qa 18:54:56] PASS {"kind": "backend", "backend": "WebGPU", "coordinateSystemIsWebGPU": true, "compatibilityMode": false, "samples": 4, "adapter": {"vendor": "apple", "architecture": "apple", "device": "apple", "description": "apple"}, "features": ["bgra8unorm-storage", "clip-distances", "core-features-and-limits", "d  [backend] packaged WebGPU backend
[qa 18:55:13] PASS {"kind": "document", "action": "open", "outcome": "committed", "file": "two-futures.lawsmith.json", "generation": 2, "title": "Two Futures", "bytes": 2378, "readMs": 0.046, "parseMs": 0, "candidateMs": 1, "commitMs": 2, "openMs": 3.046, "mode": "packaged", "t": 14857}  [document] fixture opened
[qa 18:55:14] PASS {"kind": "layout", "playing": false, "authority": {"tick": 0, "cursor": 0, "stateHash": "5c1105c0661578a4", "engineHash": "6418751f337aef28"}, "viewport": [1280, 800], "devicePixelRatio": 2, "controls": {"drag-region": [0, 0, 696, 40], "tools": [704, 5, 564, 30], "undo": [704, 5, 75.7, 28], "redo":   [layout] 1280×800 and known law selected
[qa 18:55:15] recording m7-two-futures for 100 s (overlay windows skipped by the hit test: 1979)
[qa 18:55:19] PASS {"kind": "comparison", "action": "baseline-committed", "worlds": 1, "generation": 1, "buffers": 8, "frames": 601, "identities": 1, "bytes": 26802006, "suffix": 0, "suffixBytes": 0, "historyBytes": 0, "horizon": 600, "metrics": {"ticks": 600, "elapsedMs": 22, "batches": 4, "bytes": 26802006, "endpoin  [comparison] 600 tick baseline committed
[qa 18:55:20] captured m7-01-common-fork.png
[qa 18:55:30] PASS {"kind": "layout", "playing": false, "authority": {"tick": 0, "cursor": 1, "stateHash": "243bc43fe2aa83d3", "engineHash": "6418751f337aef28"}, "viewport": [1280, 800], "devicePixelRatio": 2, "controls": {"drag-region": [0, 0, 696, 40], "tools": [704, 5, 564, 30], "undo": [704, 5, 75.7, 28], "redo":   [layout] B intervention recorded without moving source
[qa 18:55:36] PASS {"kind": "layout", "playing": false, "authority": {"tick": 396, "cursor": 1, "stateHash": "b3f27a65f1ad3fc6", "engineHash": "16e6e7c5f2cfcdc2"}, "viewport": [1280, 800], "devicePixelRatio": 2, "controls": {"drag-region": [0, 0, 696, 40], "tools": [704, 5, 564, 30], "undo": [704, 5, 75.7, 28], "redo"  [layout] equal tick intervention
M7 separation: PASS (structured native log)
[qa 18:55:37] captured m7-02-divergence.png
M7 ghosts: PASS (structured native log)
M7 replay: PASS (structured native log)
[qa 18:55:46] captured m7-03-replayed.png
[qa 18:55:49] PASS {"kind": "layout", "playing": false, "authority": {"tick": 0, "cursor": 0, "stateHash": "5c1105c0661578a4", "engineHash": "6418751f337aef28"}, "viewport": [1280, 800], "devicePixelRatio": 2, "controls": {"drag-region": [0, 0, 696, 40], "tools": [704, 5, 564, 30], "undo": [704, 5, 75.7, 28], "redo":   [layout] New Alternate deliberately clears edits
[qa 18:55:49] captured m7-04-new.png
[qa 18:55:53] PASS {"kind": "layout", "playing": false, "authority": {"tick": 0, "cursor": 0, "stateHash": "5c1105c0661578a4", "engineHash": "6418751f337aef28"}, "viewport": [1280, 800], "devicePixelRatio": 2, "controls": {"drag-region": [0, 0, 696, 40], "tools": [704, 5, 564, 30], "undo": [704, 5, 75.7, 28], "redo":   [layout] real extension retains fork and reaches 1200
[qa 18:55:53] PASS {"kind": "layout", "playing": false, "authority": {"tick": 0, "cursor": 0, "stateHash": "5c1105c0661578a4", "engineHash": "6418751f337aef28"}, "viewport": [1280, 800], "devicePixelRatio": 2, "controls": {"drag-region": [0, 0, 696, 40], "tools": [704, 5, 564, 30], "undo": [704, 5, 75.7, 28], "redo":   [layout] no fabricated baseline frame
[qa 18:55:59] PASS {"kind": "document", "action": "export-alternate", "outcome": "saved", "file": "two-futures-alternate.lawsmith.json", "mode": "packaged", "t": 64995}  [document] ordinary alternate setup export
[qa 18:56:01] PASS {"kind": "layout", "playing": false, "authority": {"tick": 0, "cursor": 0, "stateHash": "5c1105c0661578a4", "engineHash": "6418751f337aef28"}, "viewport": [1280, 800], "devicePixelRatio": 2, "controls": {"drag-region": [0, 0, 696, 40], "tools": [704, 5, 564, 30], "undo": [704, 5, 75.7, 28], "redo":   [layout] source restored at entry address
[qa 18:56:01] waiting for m7-two-futures to finish
[qa 18:56:57] recording m7-two-futures.mp4 written
[qa 18:57:00] PASS {"kind": "m7-fixtures", "complete": true, "mode": "packaged", "t": 127545}  [m7-fixtures] packaged independent M7 fixtures completed
M7 fixtures: PASS (structured native log)
[qa 18:57:00] 20 view/context cycles
[qa 18:57:03] PASS {"kind": "comparison", "action": "baseline-committed", "worlds": 1, "generation": 1, "buffers": 8, "frames": 601, "identities": 1, "bytes": 26802006, "suffix": 0, "suffixBytes": 0, "historyBytes": 0, "horizon": 600, "metrics": {"ticks": 600, "elapsedMs": 9, "batches": 3, "bytes": 26802006, "endpoint  [comparison] 600 tick baseline committed
M7 replay: PASS (structured native log)
[qa 18:57:18] PASS {"kind": "comparison", "action": "baseline-committed", "worlds": 1, "generation": 1, "buffers": 8, "frames": 601, "identities": 1, "bytes": 26802006, "suffix": 0, "suffixBytes": 0, "historyBytes": 0, "horizon": 600, "metrics": {"ticks": 600, "elapsedMs": 7, "batches": 3, "bytes": 26802006, "endpoint  [comparison] 600 tick baseline committed
M7 replay: PASS (structured native log)
[qa 18:57:32] PASS {"kind": "comparison", "action": "baseline-committed", "worlds": 1, "generation": 1, "buffers": 8, "frames": 601, "identities": 1, "bytes": 26802006, "suffix": 0, "suffixBytes": 0, "historyBytes": 0, "horizon": 600, "metrics": {"ticks": 600, "elapsedMs": 8, "batches": 3, "bytes": 26802006, "endpoint  [comparison] 600 tick baseline committed
M7 replay: PASS (structured native log)
[qa 18:57:46] PASS {"kind": "comparison", "action": "baseline-committed", "worlds": 1, "generation": 1, "buffers": 8, "frames": 601, "identities": 1, "bytes": 26802006, "suffix": 0, "suffixBytes": 0, "historyBytes": 0, "horizon": 600, "metrics": {"ticks": 600, "elapsedMs": 8, "batches": 3, "bytes": 26802006, "endpoint  [comparison] 600 tick baseline committed
M7 replay: PASS (structured native log)
[qa 18:58:00] PASS {"kind": "comparison", "action": "baseline-committed", "worlds": 1, "generation": 1, "buffers": 8, "frames": 601, "identities": 1, "bytes": 26802006, "suffix": 0, "suffixBytes": 0, "historyBytes": 0, "horizon": 600, "metrics": {"ticks": 600, "elapsedMs": 8, "batches": 3, "bytes": 26802006, "endpoint  [comparison] 600 tick baseline committed
M7 replay: PASS (structured native log)
[qa 18:58:14] PASS {"kind": "comparison", "action": "baseline-committed", "worlds": 1, "generation": 1, "buffers": 8, "frames": 601, "identities": 1, "bytes": 26802006, "suffix": 0, "suffixBytes": 0, "historyBytes": 0, "horizon": 600, "metrics": {"ticks": 600, "elapsedMs": 5, "batches": 3, "bytes": 26802006, "endpoint  [comparison] 600 tick baseline committed
M7 replay: PASS (structured native log)
[qa 18:58:28] PASS {"kind": "comparison", "action": "baseline-committed", "worlds": 1, "generation": 1, "buffers": 8, "frames": 601, "identities": 1, "bytes": 26802006, "suffix": 0, "suffixBytes": 0, "historyBytes": 0, "horizon": 600, "metrics": {"ticks": 600, "elapsedMs": 4, "batches": 3, "bytes": 26802006, "endpoint  [comparison] 600 tick baseline committed
M7 replay: PASS (structured native log)
[qa 18:58:42] PASS {"kind": "comparison", "action": "baseline-committed", "worlds": 1, "generation": 1, "buffers": 8, "frames": 601, "identities": 1, "bytes": 26802006, "suffix": 0, "suffixBytes": 0, "historyBytes": 0, "horizon": 600, "metrics": {"ticks": 600, "elapsedMs": 9, "batches": 3, "bytes": 26802006, "endpoint  [comparison] 600 tick baseline committed
M7 replay: PASS (structured native log)
[qa 18:58:57] PASS {"kind": "comparison", "action": "baseline-committed", "worlds": 1, "generation": 1, "buffers": 8, "frames": 601, "identities": 1, "bytes": 26802006, "suffix": 0, "suffixBytes": 0, "historyBytes": 0, "horizon": 600, "metrics": {"ticks": 600, "elapsedMs": 6, "batches": 3, "bytes": 26802006, "endpoint  [comparison] 600 tick baseline committed
M7 replay: PASS (structured native log)
[qa 18:59:11] PASS {"kind": "comparison", "action": "baseline-committed", "worlds": 1, "generation": 1, "buffers": 8, "frames": 601, "identities": 1, "bytes": 26802006, "suffix": 0, "suffixBytes": 0, "historyBytes": 0, "horizon": 600, "metrics": {"ticks": 600, "elapsedMs": 7, "batches": 3, "bytes": 26802006, "endpoint  [comparison] 600 tick baseline committed
M7 replay: PASS (structured native log)
[qa 18:59:25] PASS {"kind": "comparison", "action": "baseline-committed", "worlds": 1, "generation": 1, "buffers": 8, "frames": 601, "identities": 1, "bytes": 26802006, "suffix": 0, "suffixBytes": 0, "historyBytes": 0, "horizon": 600, "metrics": {"ticks": 600, "elapsedMs": 4, "batches": 3, "bytes": 26802006, "endpoint  [comparison] 600 tick baseline committed
M7 replay: PASS (structured native log)
[qa 18:59:40] PASS {"kind": "comparison", "action": "baseline-committed", "worlds": 1, "generation": 1, "buffers": 8, "frames": 601, "identities": 1, "bytes": 26802006, "suffix": 0, "suffixBytes": 0, "historyBytes": 0, "horizon": 600, "metrics": {"ticks": 600, "elapsedMs": 5, "batches": 3, "bytes": 26802006, "endpoint  [comparison] 600 tick baseline committed
M7 replay: PASS (structured native log)
[qa 18:59:54] PASS {"kind": "comparison", "action": "baseline-committed", "worlds": 1, "generation": 1, "buffers": 8, "frames": 601, "identities": 1, "bytes": 26802006, "suffix": 0, "suffixBytes": 0, "historyBytes": 0, "horizon": 600, "metrics": {"ticks": 600, "elapsedMs": 9, "batches": 3, "bytes": 26802006, "endpoint  [comparison] 600 tick baseline committed
M7 replay: PASS (structured native log)
[qa 19:00:08] PASS {"kind": "comparison", "action": "baseline-committed", "worlds": 1, "generation": 1, "buffers": 8, "frames": 601, "identities": 1, "bytes": 26802006, "suffix": 0, "suffixBytes": 0, "historyBytes": 0, "horizon": 600, "metrics": {"ticks": 600, "elapsedMs": 4, "batches": 3, "bytes": 26802006, "endpoint  [comparison] 600 tick baseline committed
M7 replay: PASS (structured native log)
[qa 19:00:23] PASS {"kind": "comparison", "action": "baseline-committed", "worlds": 1, "generation": 1, "buffers": 8, "frames": 601, "identities": 1, "bytes": 26802006, "suffix": 0, "suffixBytes": 0, "historyBytes": 0, "horizon": 600, "metrics": {"ticks": 600, "elapsedMs": 6, "batches": 3, "bytes": 26802006, "endpoint  [comparison] 600 tick baseline committed
M7 replay: PASS (structured native log)
[qa 19:00:37] PASS {"kind": "comparison", "action": "baseline-committed", "worlds": 1, "generation": 1, "buffers": 8, "frames": 601, "identities": 1, "bytes": 26802006, "suffix": 0, "suffixBytes": 0, "historyBytes": 0, "horizon": 600, "metrics": {"ticks": 600, "elapsedMs": 10, "batches": 3, "bytes": 26802006, "endpoin  [comparison] 600 tick baseline committed
M7 replay: PASS (structured native log)
[qa 19:00:52] PASS {"kind": "comparison", "action": "baseline-committed", "worlds": 1, "generation": 1, "buffers": 8, "frames": 601, "identities": 1, "bytes": 26802006, "suffix": 0, "suffixBytes": 0, "historyBytes": 0, "horizon": 600, "metrics": {"ticks": 600, "elapsedMs": 6, "batches": 3, "bytes": 26802006, "endpoint  [comparison] 600 tick baseline committed
M7 replay: PASS (structured native log)
[qa 19:01:07] PASS {"kind": "comparison", "action": "baseline-committed", "worlds": 1, "generation": 1, "buffers": 8, "frames": 601, "identities": 1, "bytes": 26802006, "suffix": 0, "suffixBytes": 0, "historyBytes": 0, "horizon": 600, "metrics": {"ticks": 600, "elapsedMs": 4, "batches": 3, "bytes": 26802006, "endpoint  [comparison] 600 tick baseline committed
M7 replay: PASS (structured native log)
[qa 19:01:22] PASS {"kind": "comparison", "action": "baseline-committed", "worlds": 1, "generation": 1, "buffers": 8, "frames": 601, "identities": 1, "bytes": 26802006, "suffix": 0, "suffixBytes": 0, "historyBytes": 0, "horizon": 600, "metrics": {"ticks": 600, "elapsedMs": 4, "batches": 3, "bytes": 26802006, "endpoint  [comparison] 600 tick baseline committed
M7 replay: PASS (structured native log)
[qa 19:01:37] PASS {"kind": "comparison", "action": "baseline-committed", "worlds": 1, "generation": 1, "buffers": 8, "frames": 601, "identities": 1, "bytes": 26802006, "suffix": 0, "suffixBytes": 0, "historyBytes": 0, "horizon": 600, "metrics": {"ticks": 600, "elapsedMs": 5, "batches": 3, "bytes": 26802006, "endpoint  [comparison] 600 tick baseline committed
M7 replay: PASS (structured native log)
M7 resources: PASS (structured native log)
[qa 19:01:50] captured m7-05-closed.png
[qa 19:01:52] m7-compare complete
