[qa 22:04:08] segment: M7 two futures and packaged authority fixtures
[qa 22:04:09] More Space, 60 Hz: set 1728x1117@60
[qa 22:04:15] launched pid 91985, window at 224,104, log m7-compare.log
[qa 22:04:15] PASS {"kind": "qualification", "identity": {"app": "Lawsmith 0.0.0", "build": "packaged", "bundle": "index-TQqm3bzE.js sha256:6d3ea8e48e7cc8b8bdf1fb7520ba240bfef37e3ded4eb466787e959bd6613632", "tauri": "tauri 3.0.0-alpha.4; tauri-runtime 3.0.0-alpha.3; tauri-runtime-wry 3.0.0-alpha.4; wry 0.57.0; tao 0.3  [qualification] qualified packaged runtime identity
[qa 22:04:15] PASS {"kind": "backend", "backend": "WebGPU", "coordinateSystemIsWebGPU": true, "compatibilityMode": false, "samples": 4, "adapter": {"vendor": "apple", "architecture": "apple", "device": "apple", "description": "apple"}, "features": ["bgra8unorm-storage", "clip-distances", "core-features-and-limits", "d  [backend] packaged WebGPU backend
[qa 22:04:32] PASS {"kind": "document", "action": "open", "outcome": "committed", "file": "two-futures.lawsmith.json", "generation": 2, "title": "Two Futures", "bytes": 2378, "readMs": 0.06, "parseMs": 1, "candidateMs": 1, "commitMs": 1, "openMs": 3.06, "mode": "packaged", "t": 15296}  [document] fixture opened
[qa 22:04:34] PASS {"kind": "layout", "playing": false, "authority": {"tick": 0, "cursor": 0, "stateHash": "5c1105c0661578a4", "engineHash": "6418751f337aef28"}, "viewport": [1280, 800], "devicePixelRatio": 2, "controls": {"drag-region": [0, 0, 696, 40], "tools": [704, 5, 564, 30], "undo": [704, 5, 75.7, 28], "redo":   [layout] 1280×800 and known law selected
[qa 22:04:36] recording m7-two-futures for 100 s (overlay windows skipped by the hit test: 4040)
[qa 22:04:42] PASS {"kind": "comparison", "action": "baseline-committed", "worlds": 1, "generation": 1, "buffers": 8, "frames": 601, "identities": 1, "bytes": 26802006, "suffix": 0, "suffixBytes": 0, "historyBytes": 0, "horizon": 600, "metrics": {"ticks": 600, "elapsedMs": 46, "batches": 4, "bytes": 26802006, "endpoin  [comparison] 600 tick baseline committed
[qa 22:04:46] captured m7-01-common-fork.png
[qa 22:05:04] PASS {"kind": "layout", "playing": false, "authority": {"tick": 0, "cursor": 1, "stateHash": "243bc43fe2aa83d3", "engineHash": "6418751f337aef28"}, "viewport": [1280, 800], "devicePixelRatio": 2, "controls": {"drag-region": [0, 0, 696, 40], "tools": [704, 5, 564, 30], "undo": [704, 5, 75.7, 28], "redo":   [layout] B intervention recorded without moving source
[qa 22:05:12] PASS {"kind": "layout", "playing": false, "authority": {"tick": 486, "cursor": 1, "stateHash": "20053561de1d07e6", "engineHash": "5fbb1dc46869aad2"}, "viewport": [1280, 800], "devicePixelRatio": 2, "controls": {"drag-region": [0, 0, 696, 40], "tools": [704, 5, 564, 30], "undo": [704, 5, 75.7, 28], "redo"  [layout] equal tick intervention
[qa 22:05:13] captured m7-02-divergence.png
[qa 22:05:22] the synthetic click on alternate-replay was lost (no comparison event); sending it again
[qa 22:05:30] captured m7-03-replayed.png
[qa 22:05:34] PASS {"kind": "layout", "playing": false, "authority": {"tick": 0, "cursor": 0, "stateHash": "5c1105c0661578a4", "engineHash": "6418751f337aef28"}, "viewport": [1280, 800], "devicePixelRatio": 2, "controls": {"drag-region": [0, 0, 696, 40], "tools": [704, 5, 564, 30], "undo": [704, 5, 75.7, 28], "redo":   [layout] New Alternate deliberately clears edits
[qa 22:05:34] captured m7-04-new.png
[qa 22:05:39] PASS {"kind": "layout", "playing": false, "authority": {"tick": 0, "cursor": 0, "stateHash": "5c1105c0661578a4", "engineHash": "6418751f337aef28"}, "viewport": [1280, 800], "devicePixelRatio": 2, "controls": {"drag-region": [0, 0, 696, 40], "tools": [704, 5, 564, 30], "undo": [704, 5, 75.7, 28], "redo":   [layout] real extension retains fork and reaches 1200
[qa 22:05:39] PASS {"kind": "layout", "playing": false, "authority": {"tick": 0, "cursor": 0, "stateHash": "5c1105c0661578a4", "engineHash": "6418751f337aef28"}, "viewport": [1280, 800], "devicePixelRatio": 2, "controls": {"drag-region": [0, 0, 696, 40], "tools": [704, 5, 564, 30], "undo": [704, 5, 75.7, 28], "redo":   [layout] no fabricated baseline frame
[qa 22:05:48] PASS {"kind": "document", "action": "export-alternate", "outcome": "saved", "file": "two-futures-alternate.lawsmith.json", "mode": "packaged", "t": 94657}  [document] ordinary alternate setup export
[qa 22:05:52] PASS {"kind": "layout", "playing": false, "authority": {"tick": 0, "cursor": 0, "stateHash": "5c1105c0661578a4", "engineHash": "6418751f337aef28"}, "viewport": [1280, 800], "devicePixelRatio": 2, "controls": {"drag-region": [0, 0, 696, 40], "tools": [704, 5, 564, 30], "undo": [704, 5, 75.7, 28], "redo":   [layout] source restored at entry address
[qa 22:05:52] waiting for m7-two-futures to finish
[qa 22:06:21] recording m7-two-futures.mp4 written
[qa 22:06:24] PASS {"kind": "m7-fixtures", "complete": true, "mode": "packaged", "t": 132843}  [m7-fixtures] packaged independent M7 fixtures completed
[qa 22:06:25] 20 view/context cycles
[qa 22:06:28] PASS {"kind": "comparison", "action": "baseline-committed", "worlds": 1, "generation": 1, "buffers": 8, "frames": 601, "identities": 1, "bytes": 26802006, "suffix": 0, "suffixBytes": 0, "historyBytes": 0, "horizon": 600, "metrics": {"ticks": 600, "elapsedMs": 5, "batches": 3, "bytes": 26802006, "endpoint  [comparison] 600 tick baseline committed
[qa 22:06:45] PASS {"kind": "comparison", "action": "baseline-committed", "worlds": 1, "generation": 1, "buffers": 8, "frames": 601, "identities": 1, "bytes": 26802006, "suffix": 0, "suffixBytes": 0, "historyBytes": 0, "horizon": 600, "metrics": {"ticks": 600, "elapsedMs": 6, "batches": 3, "bytes": 26802006, "endpoint  [comparison] 600 tick baseline committed
[qa 22:07:00] PASS {"kind": "comparison", "action": "baseline-committed", "worlds": 1, "generation": 1, "buffers": 8, "frames": 601, "identities": 1, "bytes": 26802006, "suffix": 0, "suffixBytes": 0, "historyBytes": 0, "horizon": 600, "metrics": {"ticks": 600, "elapsedMs": 5, "batches": 3, "bytes": 26802006, "endpoint  [comparison] 600 tick baseline committed
[qa 22:07:14] PASS {"kind": "comparison", "action": "baseline-committed", "worlds": 1, "generation": 1, "buffers": 8, "frames": 601, "identities": 1, "bytes": 26802006, "suffix": 0, "suffixBytes": 0, "historyBytes": 0, "horizon": 600, "metrics": {"ticks": 600, "elapsedMs": 6, "batches": 3, "bytes": 26802006, "endpoint  [comparison] 600 tick baseline committed
[qa 22:07:28] PASS {"kind": "comparison", "action": "baseline-committed", "worlds": 1, "generation": 1, "buffers": 8, "frames": 601, "identities": 1, "bytes": 26802006, "suffix": 0, "suffixBytes": 0, "historyBytes": 0, "horizon": 600, "metrics": {"ticks": 600, "elapsedMs": 7, "batches": 3, "bytes": 26802006, "endpoint  [comparison] 600 tick baseline committed
[qa 22:07:42] PASS {"kind": "comparison", "action": "baseline-committed", "worlds": 1, "generation": 1, "buffers": 8, "frames": 601, "identities": 1, "bytes": 26802006, "suffix": 0, "suffixBytes": 0, "historyBytes": 0, "horizon": 600, "metrics": {"ticks": 600, "elapsedMs": 4, "batches": 3, "bytes": 26802006, "endpoint  [comparison] 600 tick baseline committed
[qa 22:07:56] PASS {"kind": "comparison", "action": "baseline-committed", "worlds": 1, "generation": 1, "buffers": 8, "frames": 601, "identities": 1, "bytes": 26802006, "suffix": 0, "suffixBytes": 0, "historyBytes": 0, "horizon": 600, "metrics": {"ticks": 600, "elapsedMs": 6, "batches": 3, "bytes": 26802006, "endpoint  [comparison] 600 tick baseline committed
[qa 22:08:11] PASS {"kind": "comparison", "action": "baseline-committed", "worlds": 1, "generation": 1, "buffers": 8, "frames": 601, "identities": 1, "bytes": 26802006, "suffix": 0, "suffixBytes": 0, "historyBytes": 0, "horizon": 600, "metrics": {"ticks": 600, "elapsedMs": 4, "batches": 3, "bytes": 26802006, "endpoint  [comparison] 600 tick baseline committed
[qa 22:08:26] PASS {"kind": "comparison", "action": "baseline-committed", "worlds": 1, "generation": 1, "buffers": 8, "frames": 601, "identities": 1, "bytes": 26802006, "suffix": 0, "suffixBytes": 0, "historyBytes": 0, "horizon": 600, "metrics": {"ticks": 600, "elapsedMs": 4, "batches": 3, "bytes": 26802006, "endpoint  [comparison] 600 tick baseline committed
[qa 22:08:40] PASS {"kind": "comparison", "action": "baseline-committed", "worlds": 1, "generation": 1, "buffers": 8, "frames": 601, "identities": 1, "bytes": 26802006, "suffix": 0, "suffixBytes": 0, "historyBytes": 0, "horizon": 600, "metrics": {"ticks": 600, "elapsedMs": 6, "batches": 3, "bytes": 26802006, "endpoint  [comparison] 600 tick baseline committed
[qa 22:08:55] PASS {"kind": "comparison", "action": "baseline-committed", "worlds": 1, "generation": 1, "buffers": 8, "frames": 601, "identities": 1, "bytes": 26802006, "suffix": 0, "suffixBytes": 0, "historyBytes": 0, "horizon": 600, "metrics": {"ticks": 600, "elapsedMs": 4, "batches": 3, "bytes": 26802006, "endpoint  [comparison] 600 tick baseline committed
[qa 22:09:09] PASS {"kind": "comparison", "action": "baseline-committed", "worlds": 1, "generation": 1, "buffers": 8, "frames": 601, "identities": 1, "bytes": 26802006, "suffix": 0, "suffixBytes": 0, "historyBytes": 0, "horizon": 600, "metrics": {"ticks": 600, "elapsedMs": 5, "batches": 3, "bytes": 26802006, "endpoint  [comparison] 600 tick baseline committed
[qa 22:09:28] PASS {"kind": "comparison", "action": "baseline-committed", "worlds": 1, "generation": 1, "buffers": 8, "frames": 601, "identities": 1, "bytes": 26802006, "suffix": 0, "suffixBytes": 0, "historyBytes": 0, "horizon": 600, "metrics": {"ticks": 600, "elapsedMs": 6, "batches": 3, "bytes": 26802006, "endpoint  [comparison] 600 tick baseline committed
[qa 22:09:42] PASS {"kind": "comparison", "action": "baseline-committed", "worlds": 1, "generation": 1, "buffers": 8, "frames": 601, "identities": 1, "bytes": 26802006, "suffix": 0, "suffixBytes": 0, "historyBytes": 0, "horizon": 600, "metrics": {"ticks": 600, "elapsedMs": 4, "batches": 3, "bytes": 26802006, "endpoint  [comparison] 600 tick baseline committed
[qa 22:09:57] PASS {"kind": "comparison", "action": "baseline-committed", "worlds": 1, "generation": 1, "buffers": 8, "frames": 601, "identities": 1, "bytes": 26802006, "suffix": 0, "suffixBytes": 0, "historyBytes": 0, "horizon": 600, "metrics": {"ticks": 600, "elapsedMs": 3, "batches": 3, "bytes": 26802006, "endpoint  [comparison] 600 tick baseline committed
[qa 22:10:11] PASS {"kind": "comparison", "action": "baseline-committed", "worlds": 1, "generation": 1, "buffers": 8, "frames": 601, "identities": 1, "bytes": 26802006, "suffix": 0, "suffixBytes": 0, "historyBytes": 0, "horizon": 600, "metrics": {"ticks": 600, "elapsedMs": 5, "batches": 3, "bytes": 26802006, "endpoint  [comparison] 600 tick baseline committed
[qa 22:10:26] PASS {"kind": "comparison", "action": "baseline-committed", "worlds": 1, "generation": 1, "buffers": 8, "frames": 601, "identities": 1, "bytes": 26802006, "suffix": 0, "suffixBytes": 0, "historyBytes": 0, "horizon": 600, "metrics": {"ticks": 600, "elapsedMs": 4, "batches": 3, "bytes": 26802006, "endpoint  [comparison] 600 tick baseline committed
[qa 22:10:41] PASS {"kind": "comparison", "action": "baseline-committed", "worlds": 1, "generation": 1, "buffers": 8, "frames": 601, "identities": 1, "bytes": 26802006, "suffix": 0, "suffixBytes": 0, "historyBytes": 0, "horizon": 600, "metrics": {"ticks": 600, "elapsedMs": 7, "batches": 3, "bytes": 26802006, "endpoint  [comparison] 600 tick baseline committed
[qa 22:10:55] PASS {"kind": "comparison", "action": "baseline-committed", "worlds": 1, "generation": 1, "buffers": 8, "frames": 601, "identities": 1, "bytes": 26802006, "suffix": 0, "suffixBytes": 0, "historyBytes": 0, "horizon": 600, "metrics": {"ticks": 600, "elapsedMs": 4, "batches": 3, "bytes": 26802006, "endpoint  [comparison] 600 tick baseline committed
[qa 22:11:12] PASS {"kind": "comparison", "action": "baseline-committed", "worlds": 1, "generation": 1, "buffers": 8, "frames": 601, "identities": 1, "bytes": 26802006, "suffix": 0, "suffixBytes": 0, "historyBytes": 0, "horizon": 600, "metrics": {"ticks": 600, "elapsedMs": 5, "batches": 3, "bytes": 26802006, "endpoint  [comparison] 600 tick baseline committed
[qa 22:11:25] captured m7-05-closed.png
[qa 22:11:27] m7-compare complete
