[qa 23:46:03] segment: guard: cancel, coalesce, discard
[qa 23:46:22] launched pid 31615, window at 0,21, log guard-a.log
[qa 23:46:26] PASS {"kind": "recovery", "action": "write", "generation": 1, "revision": 1, "bytes": 2812, "captureMs": 0, "ackMs": 49, "mode": "packaged", "t": 6617}  [recovery] the edit is kept in a recovery snapshot
[qa 23:46:28] captured guard-01-alert.png
[qa 23:46:30] PASS {"kind": "guard", "frozen": false, "tick": 0, "mode": "packaged", "t": 10417}  [guard] close then Cancel keeps the app open with edits unfrozen
[qa 23:46:34] PASS {"kind": "guard", "frozen": false, "tick": 0, "mode": "packaged", "t": 14302}  [guard] quit then Cancel keeps the app open with edits unfrozen
[qa 23:46:37] PASS {"kind": "guard", "frozen": false, "tick": 0, "mode": "packaged", "t": 17341}  [guard] dock then Cancel keeps the app open with edits unfrozen
[qa 23:46:37] PASS  recovery eligibility survived three canceled requests
[qa 23:46:38] PASS {"kind": "history", "action": "undo", "ok": true, "label": "Disable law", "law": "sideways", "reason": null, "revision": 2, "tick": 0, "laws": [{"id": "sideways", "enabled": true, "position": [3, 1, 0], "rotation": [0, 0, 0, 1], "region": {"kind": "box", "halfExtents": [1.5, 2, 1.5]}, "edgeFade": 0.  [history] undo still works after the canceled guards
[qa 23:46:40] PASS {"kind": "history", "action": "redo", "ok": true, "label": "Disable law", "law": "sideways", "reason": null, "revision": 3, "tick": 0, "laws": [{"id": "sideways", "enabled": false, "position": [3, 1, 0], "rotation": [0, 0, 0, 1], "region": {"kind": "box", "halfExtents": [1.5, 2, 1.5]}, "edgeFade": 0  [history] redo restores the edit
[qa 23:46:43] PASS  simultaneous Close and Quit coalesced into one guard
[qa 23:46:44] PASS {"kind": "recovery", "action": "discard", "generation": 1, "mode": "packaged", "t": 25342}  [recovery] Don't Save retired this generation's recovery
[qa 23:46:48] launched pid 34043, window at 0,21, log guard-b.log
[qa 23:46:48] PASS {"kind": "recovery", "action": "launch", "current": "absent", "previous": "absent", "mode": "packaged", "t": 3546}  [recovery] saved or discarded work is not offered after restart
[qa 23:46:51] segment: guard: save
[qa 23:47:10] launched pid 35778, window at 0,21, log guard-c.log
[qa 23:47:20] PASS {"kind": "document", "action": "save-as", "outcome": "saved", "file": "guard-saved.lawsmith.json", "generation": 1, "revision": 1, "laterEdits": 0, "recoveryRetired": true, "bytes": 2504, "captureMs": 0, "writeMs": 6.777, "saveMs": 14, "mode": "packaged", "t": 12798}  [document] Save in the guard saved through Save As before quitting
[qa 23:47:24] launched pid 37313, window at 0,21, log guard-d.log
[qa 23:47:24] PASS {"kind": "recovery", "action": "launch", "current": "absent", "previous": "absent", "mode": "packaged", "t": 3537}  [recovery] saved or discarded work is not offered after restart
[qa 23:47:27] segment: recovery after a crash
[qa 23:47:46] launched pid 37723, window at 0,21, log guard-e.log
[qa 23:47:53] PASS {"kind": "recovery", "action": "write", "generation": 1, "revision": 2, "bytes": 2811, "captureMs": 0, "ackMs": 10, "mode": "packaged", "t": 9336}  [recovery] the latest revision is in recovery before the crash
[qa 23:47:53] the test instance was killed (simulated crash)
[qa 23:47:57] launched pid 38316, window at 0,21, log guard-f.log
[qa 23:47:58] PASS {"kind": "recovery", "action": "launch", "current": {"generation": 1, "revision": 2}, "previous": {"generation": 1, "revision": 1}, "mode": "packaged", "t": 3512}  [recovery] the crashed session's work is found at launch
[qa 23:47:59] captured guard-02-recovery-offer.png
[qa 23:48:01] PASS  editing is frozen while the recovery offer waits
[qa 23:48:03] PASS {"kind": "document", "action": "recover", "outcome": "committed", "file": null, "generation": 2, "title": "Falling stream", "mode": "packaged", "t": 9301}  [document] Recover opens the work unbound, paused at tick 0
[qa 23:48:04] PASS {"kind": "recovery", "action": "write", "generation": 2, "revision": 0, "bytes": 2811, "captureMs": 0, "ackMs": 9, "mode": "packaged", "t": 9811}  [recovery] recovered work is written as a snapshot of this session
[qa 23:48:04] captured guard-03-recovered.png
[qa 23:48:10] launched pid 38904, window at 0,21, log guard-g.log
[qa 23:48:10] PASS {"kind": "recovery", "action": "launch", "current": "absent", "previous": "absent", "mode": "packaged", "t": 3549}  [recovery] saved or discarded work is not offered after restart
[qa 23:48:13] segment: corrupt newest snapshot
[qa 23:48:32] launched pid 43150, window at 0,21, log guard-h.log
[qa 23:48:39] the newest snapshot was overwritten with invalid bytes
[qa 23:48:43] launched pid 43618, window at 0,21, log guard-i.log
[qa 23:48:44] PASS {"kind": "recovery", "action": "launch", "current": {"invalid": "JSON Parse error: Unexpected identifier \"not\""}, "previous": {"generation": 1, "revision": 1}, "mode": "packaged", "t": 3540}  [recovery] the corrupt newest copy is reported and the previous one found
[qa 23:48:45] captured guard-04-older-offer.png
[qa 23:48:48] PASS {"kind": "recovery", "action": "offer-resolved", "outcome": true, "mode": "packaged", "t": 7072}  [recovery] the offer is resolved by Discard
[qa 23:48:54] launched pid 43924, window at 0,21, log guard-j.log
[qa 23:48:54] PASS {"kind": "recovery", "action": "launch", "current": "absent", "previous": "absent", "mode": "packaged", "t": 3518}  [recovery] saved or discarded work is not offered after restart
[qa 23:48:56] segment: recover the older copy over a corrupt newest one
[qa 23:49:16] launched pid 44299, window at 0,21, log guard-m.log
[qa 23:49:23] the newest snapshot was overwritten with invalid bytes
[qa 23:49:27] launched pid 47122, window at 0,21, log guard-n.log
[qa 23:49:27] PASS {"kind": "recovery", "action": "launch", "current": {"invalid": "JSON Parse error: Unexpected identifier \"not\""}, "previous": {"generation": 1, "revision": 1}, "mode": "packaged", "t": 3538}  [recovery] the corrupt newest copy is reported and the previous one found
[qa 23:49:29] PASS {"kind": "document", "action": "recover", "outcome": "committed", "file": null, "generation": 2, "title": "Falling stream", "mode": "packaged", "t": 5823}  [document] Recover opens the older copy
[qa 23:49:31] PASS {"kind": "recovery", "action": "write", "generation": 2, "revision": 0, "bytes": 2812, "captureMs": 0, "ackMs": 9, "mode": "packaged", "t": 6334}  [recovery] the recovered work is written as a snapshot of this session
[qa 23:49:31] the test instance was killed after its first recovery write
[qa 23:49:35] launched pid 48687, window at 0,21, log guard-o.log
[qa 23:49:36] PASS {"kind": "recovery", "action": "launch", "current": {"generation": 2, "revision": 0}, "previous": {"generation": 1, "revision": 1}, "mode": "packaged", "t": 3545}  [recovery] the recovered older copy is still a valid previous snapshot
[qa 23:49:38] PASS {"kind": "recovery", "action": "offer-resolved", "outcome": true, "mode": "packaged", "t": 6241}  [recovery] the offer is resolved by Discard
[qa 23:49:45] launched pid 49024, window at 0,21, log guard-p.log
[qa 23:49:45] PASS {"kind": "recovery", "action": "launch", "current": "absent", "previous": "absent", "mode": "packaged", "t": 3744}  [recovery] saved or discarded work is not offered after restart
[qa 23:49:48] segment: open replaces unsaved work
[qa 23:50:07] launched pid 49655, window at 0,21, log guard-k.log
[qa 23:50:20] PASS {"kind": "document", "action": "open", "outcome": "canceled", "stage": "guard", "mode": "packaged", "t": 16294}  [document] a canceled replacement keeps the scene and frees the candidate
[qa 23:50:30] PASS {"kind": "document", "action": "open", "outcome": "committed", "file": "calibration.lawsmith.json", "generation": 2, "title": "Falling stream", "bytes": 2503, "readMs": 0.168, "parseMs": 1, "candidateMs": 1, "commitMs": 2, "openMs": 4.168, "mode": "packaged", "t": 27016}  [document] Don't Save lets the opened scene replace the unsaved one
[qa 23:50:37] launched pid 50761, window at 0,21, log guard-l.log
[qa 23:50:37] PASS {"kind": "recovery", "action": "launch", "current": "absent", "previous": "absent", "mode": "packaged", "t": 3673}  [recovery] saved or discarded work is not offered after restart
[qa 23:50:40] segment: dock quit with an unretired recovery copy
[qa 23:50:59] launched pid 53383, window at 0,21, log guard-q.log
[qa 23:51:03] PASS {"kind": "recovery", "action": "write", "generation": 1, "revision": 1, "bytes": 2812, "captureMs": 0, "ackMs": 10, "mode": "packaged", "t": 6369}  [recovery] the edit is kept in a recovery snapshot
[qa 23:51:08] PASS {"kind": "document", "action": "save-as", "outcome": "saved", "file": "guard-unretired.lawsmith.json", "generation": 1, "revision": 1, "laterEdits": 0, "recoveryRetired": false, "bytes": 2504, "captureMs": 1, "writeMs": 10.092, "saveMs": 20, "mode": "packaged", "t": 11459}  [document] the save succeeds but its recovery copy cannot be removed
[qa 23:51:09] PASS  Dock Quit ran the guard, which stayed open while the copy could not be removed
[qa 23:51:10] PASS {"kind": "recovery", "action": "retire", "generation": 1, "through": 1, "mode": "packaged", "t": 13980}  [recovery] the guard retried the retirement before exiting
[qa 23:51:14] launched pid 55339, window at 0,21, log guard-r.log
[qa 23:51:14] PASS {"kind": "recovery", "action": "launch", "current": "absent", "previous": "absent", "mode": "packaged", "t": 3515}  [recovery] saved work is not offered after restart
[qa 23:51:14] PASS  a clean Dock Quit with nothing in recovery quit at once, without the guard
[qa 23:51:14] m2-guard complete
