[qa 19:16:58] segment: record an intervention on the lab scene
[qa 19:17:17] launched pid 46787, window at 0,21, log m6b-seek.log
[qa 19:17:30] PASS {"kind": "document", "action": "open", "outcome": "committed", "file": "m6a-lab.lawsmith.json", "generation": 2, "title": "M6A lab", "bytes": 4415, "readMs": 0.054, "parseMs": 1, "candidateMs": 1, "commitMs": 5, "openMs": 7.054, "mode": "packaged", "t": 12228}  [document] the M6A lab opened transactionally
[qa 19:17:30] PASS {"kind": "qualification", "identity": {"app": "Lawsmith 0.0.0", "build": "packaged", "bundle": "index-DsgD8sW5.js sha256:abf7bc7d07e211663b9b4ef6ad5180be1b45dcb0d65b2b3f396243aab992559a", "tauri": "tauri 3.0.0-alpha.4; tauri-runtime 3.0.0-alpha.3; tauri-runtime-wry 3.0.0-alpha.4; wry 0.57.0; tao 0.3  [qualification] the packaged build reports a complete, qualified identity
[qa 19:17:32] recording m6b-seek for 170 s (overlay windows skipped by the hit test: 2380)
[qa 19:17:51] PASS {"kind": "gesture", "phase": "commit", "reason": "stale-buttons", "transformMode": "translate", "handle": null, "samples": 24, "rejected": 0, "pointer": null, "firstRevision": 1, "lastRevision": 24, "field": {"enabled": true, "position": [-0.06829895702384414, 1, 0], "rotation": [0, 0, 0, 1], "regio  [gesture] the push dragged across the stream while it played
[qa 19:18:08] PASS {"kind": "recording", "action": "stopped", "runId": "run-92899d7b-2d3d-4b5a-b355-16f6f04bd526", "title": "M6A lab", "commands": 28, "finalTick": 3165, "lastAppliedSequence": 28, "stopped": "user", "finalCheck": {"stateSha256": "e4c442125b9e2ba9864fb3b6c3ea425cfe62bc2b8d23b84e2727b192b09f7637", "engi  [recording] stopped by the user, with a final check
[qa 19:18:08] recorded run-92899d7b-2d3d-4b5a-b355-16f6f04bd526 to tick 3165; the drag began after tick 441 and ended by tick 1899
[qa 19:18:08] segment: replay: seek before the intervention, play through it, seek forward to its result and back
[qa 19:18:26] PASS {"kind": "layout", "playing": false, "authority": {"tick": 0, "cursor": 0, "stateHash": "c2946dec66ba469d", "engineHash": "1b79a5ce1689ba83"}, "viewport": [1168, 734], "devicePixelRatio": 2, "controls": {"drag-region": [0, 0, 584, 40], "tools": [592, 5, 564, 30], "undo": [592, 5, 75.7, 28], "redo":   [layout] the replay offers a timeline over the whole recording
[qa 19:18:26] captured seek-01-replay.png
[qa 19:18:28] seek: committed {'tick': 321, 'cursor': 0} from root {'tick': 0, 'cursor': 0} steps 321 ms 23
[qa 19:18:28] PASS {"kind": "seek", "action": "committed", "id": 1, "reason": "timeline", "target": {"tick": 321, "cursor": 0}, "elapsedMs": 23, "source": {"kind": "root", "address": {"tick": 0, "cursor": 0}}, "steps": 321, "batches": 3, "maxBatchMs": 8, "workMs": 19, "restoreMs": 1, "progressShownAfterMs": null, "rej  [seek] before the intervention: nothing cached yet, so rebuilt from the root, out of sight
[qa 19:18:29] PASS {"kind": "layout", "playing": false, "authority": {"tick": 321, "cursor": 0, "stateHash": "7f52e32087014e7a", "engineHash": "4b8f3a7145370d1a"}, "viewport": [1168, 734], "devicePixelRatio": 2, "controls": {"drag-region": [0, 0, 584, 40], "tools": [592, 5, 564, 30], "undo": [592, 5, 75.7, 28], "redo"  [layout] the replay shows the requested address, paused, read-only
[qa 19:18:29] captured seek-02-before-intervention.png
[qa 19:18:39] seek: committed {'tick': 2100, 'cursor': 24} from checkpoint {'tick': 960, 'cursor': 0} steps 1140 ms 189
[qa 19:18:39] PASS {"kind": "seek", "action": "committed", "id": 2, "reason": "timeline", "target": {"tick": 2100, "cursor": 24}, "elapsedMs": 189, "source": {"kind": "checkpoint", "address": {"tick": 960, "cursor": 0}}, "steps": 1140, "batches": 22, "maxBatchMs": 9, "workMs": 174, "restoreMs": 4, "progressShownAfterM  [seek] forward to the intervention's result, from a checkpoint
[qa 19:18:40] captured seek-03-after-intervention.png
[qa 19:18:41] seek: committed {'tick': 470, 'cursor': 0} from checkpoint {'tick': 240, 'cursor': 0} steps 230 ms 32
[qa 19:18:41] PASS {"kind": "seek", "action": "committed", "id": 3, "reason": "timeline", "target": {"tick": 470, "cursor": 0}, "elapsedMs": 32, "source": {"kind": "checkpoint", "address": {"tick": 240, "cursor": 0}}, "steps": 230, "batches": 4, "maxBatchMs": 8, "workMs": 28, "restoreMs": 2, "progressShownAfterMs": nu  [seek] back before it again, restored from a checkpoint at or before the target
[qa 19:18:49] segment: trails start again after a seek, and rebuild from steps
[qa 19:19:13] PASS {"kind": "layout", "playing": false, "authority": {"tick": 1596, "cursor": 19, "stateHash": "f3251a4f596e38d0", "engineHash": "368e25647bd72d17"}, "viewport": [1168, 734], "devicePixelRatio": 2, "controls": {"drag-region": [0, 0, 584, 40], "tools": [592, 5, 564, 30], "undo": [592, 5, 75.7, 28], "red  [layout] trails are stored and drawn while the replay plays
[qa 19:19:15] seek: committed {'tick': 1943, 'cursor': 24} from checkpoint {'tick': 1920, 'cursor': 24} steps 23 ms 7
[qa 19:19:16] PASS {"kind": "layout", "playing": false, "authority": {"tick": 1943, "cursor": 24, "stateHash": "e91aa406a1b04b16", "engineHash": "dd425f8052f1eb3b"}, "viewport": [1168, 734], "devicePixelRatio": 2, "controls": {"drag-region": [0, 0, 584, 40], "tools": [592, 5, 564, 30], "undo": [592, 5, 75.7, 28], "red  [layout] after the seek no trail is stored or drawn, and the status says they start again
[qa 19:19:16] captured seek-04-trails-start-again.png
[qa 19:19:22] PASS {"kind": "layout", "playing": false, "authority": {"tick": 2321, "cursor": 25, "stateHash": "2405d24f31d8c87a", "engineHash": "d0bfe51c42406041"}, "viewport": [1168, 734], "devicePixelRatio": 2, "controls": {"drag-region": [0, 0, 584, 40], "tools": [592, 5, 564, 30], "undo": [592, 5, 75.7, 28], "red  [layout] steps rebuild trails from the seek's address on
[qa 19:19:22] captured seek-05-trails-rebuilt.png
[qa 19:19:24] segment: scrub: every commit is the newest request, and the last one is shown
[qa 19:19:53] PASS  [m6bq latest] every commit was the newest request; the last request is shown: 20 requests, 0 superseded, 20 committed (stale []); the last 24 at {'tick': 2432, 'cursor': 25}, shown {'tick': 2432, 'cursor': 25}
[qa 19:19:53] captured seek-06-scrubbed.png
[qa 19:19:53] segment: play on to the recorded end
[qa 19:20:10] seek: committed {'tick': 2867, 'cursor': 26} from checkpoint {'tick': 2400, 'cursor': 25} steps 467 ms 68
[qa 19:20:14] PASS {"kind": "replay-complete", "runId": "run-92899d7b-2d3d-4b5a-b355-16f6f04bd526", "tick": 3165, "cursor": 28, "finalTick": 3165, "lastAppliedSequence": 28, "check": {"kind": "match"}, "stateSha256": "e4c442125b9e2ba9864fb3b6c3ea425cfe62bc2b8d23b84e2727b192b09f7637", "engineSha256": "04c3e6c4560c306f9  [replay-complete] the replay reached the recorded end exactly after the seeks
[qa 19:20:14] captured seek-07-end.png
[qa 19:20:14] waiting for m6b-seek to finish
[qa 19:20:29] recording m6b-seek.mp4 written
[qa 19:20:29] PASS  [m6bq seeks] every committed seek held exactly its target; nothing superseded or canceled committed: 25 requested, 25 committed {'root': 1, 'checkpoint': 24}, 0 superseded, 0 canceled
[qa 19:20:30] segment: the app's M6B fixtures on this recording (Shift+C)
[qa 19:20:39] PASS {"kind": "m6b-fixtures", "elapsedMs": 7151, "runId": "run-92899d7b-2d3d-4b5a-b355-16f6f04bd526", "finalTick": 3165, "commands": 28, "oracleMs": 375, "compared": 48, "sources": {"root": 4, "checkpoint": 44}, "divergent": [], "targets": [[3165, 26, "root", 64], [2165, 24, "checkpoint", 64], [472, 0, "  [m6b-fixtures] the M6B fixtures in this runtime pass
[qa 19:20:39] PASS  [m6bq retained] the retained authoring world's digests, at every switch since the replay began, never changed: 68 digests identical, state e4c442125b9e engine 04c3e6c4560c, by switch {'replay': 22, 'return': 22, 'replay-restart': 24}
[qa 19:20:39] PASS  [m6bq checkpoints] every replay checkpoint equals the live recording's, including those from restored worlds: every replay checkpoint equals the live one at its address, by origin {'seek-root': 3, 'seek-checkpoint': 9}
[qa 19:20:39] fixtures: compared 48 {'root': 4, 'checkpoint': 44} cached drawn ms (p50 p95 p99 max) [31, 45, 51, 51] {'recordingSeconds': 26.375, 'applies': False, 'drawnP95Ms': 45, 'pass': True} uncached {'action': 'committed', 'elapsedMs': 399, 'workMs': 373, 'steps': 3165, 'batches': 47, 'firstBatchMs': 8, 'batchMs': [8, 8, 9, 9], 'progressShownAfterMs': 100} {'batches': True, 'progress': True} cancel {'exercised': True, 'action': 'canceled', 'elapsedMs': 117, 'shownUnchanged': True, 'worlds': 2} peak worlds 3
[qa 19:20:43] the guard asks about the scene
[qa 19:20:45] the guard asks about the recording
[qa 19:20:46] m6b-seek complete
