[qa 14:32:08] segment: session A: record a real intervention
[qa 14:32:27] launched pid 1505, window at 0,21, log m6a-rec.log
[qa 14:32:35] PASS {"kind": "document", "action": "open", "outcome": "committed", "file": "m6a-lab.lawsmith.json", "generation": 2, "title": "M6A lab", "bytes": 4415, "readMs": 0.126, "parseMs": 1, "candidateMs": 2, "commitMs": 3, "openMs": 6.126, "mode": "packaged", "t": 11066}  [document] the M6A lab opened transactionally
[qa 14:32:35] PASS {"kind": "qualification", "identity": {"app": "Lawsmith 0.0.0", "build": "packaged", "bundle": "index-_JsT4sJa.js sha256:4414b3375cbbf6aeb3eecf052045d3d0943018c0bfc34ad0fafdaf17e1e1e9c6", "tauri": "tauri 3.0.0-alpha.4; tauri-runtime 3.0.0-alpha.3; tauri-runtime-wry 3.0.0-alpha.4; wry 0.57.0; tao 0.3  [qualification] the packaged build reports a complete, qualified identity
[qa 14:32:36] recording m6a-record for 110 s (overlay windows skipped by the hit test: 24758)
[qa 14:32:37] PASS {"kind": "layout", "viewport": [1168, 734], "devicePixelRatio": 2, "controls": {"drag-region": [0, 0, 584, 40], "tools": [592, 5, 564, 30], "undo": [592, 5, 75.7, 28], "redo": [671.8, 5, 81.1, 28], "frame-view": [986.3, 5, 74.3, 28], "reset-view": [1068.7, 5, 87.3, 28], "panel": [12, 52, 284, 532],   [layout] idle: Record from tick 0 and Open recording are offered
[qa 14:32:38] captured record-01-idle.png
[qa 14:32:40] PASS {"kind": "recording", "action": "start", "runId": "run-165930dc-f6b3-40bf-838b-4a2a14da8518", "tick": 0, "cursor": 0, "bytes": 6015, "qualified": true, "laws": [{"id": "calm", "enabled": true, "position": [-3, 0, 0], "rotation": [0, 0, 0, 1], "region": {"kind": "sphere", "radius": 1.2}, "edgeFade":   [recording] Record from tick 0 started a new experiment at (0, 0)
[qa 14:32:54] PASS {"kind": "gesture", "phase": "commit", "reason": "stale-buttons", "transformMode": "translate", "handle": null, "samples": 25, "rejected": 0, "pointer": null, "firstRevision": 1, "lastRevision": 25, "field": {"enabled": true, "position": [-0.06829895702384392, 1, 0], "rotation": [0, 0, 0, 1], "regio  [gesture] the push was dragged while the stream played: one gesture of many samples
[qa 14:32:56] PASS {"kind": "control", "law": "storm-bottle", "enabled": false, "revision": 26, "mode": "packaged", "t": 32828}  [control] the Storm Bottle disabled, live
[qa 14:33:00] PASS {"kind": "control", "law": "storm-bottle", "enabled": true, "revision": 27, "mode": "packaged", "t": 36097}  [control] and enabled again
[qa 14:33:22] PASS {"kind": "control", "law": "storm-bottle", "ingredient": "Add gain", "path": [1], "revision": 28, "field": {"id": "storm-bottle", "enabled": true, "position": [3.2, 1.6, 0], "rotation": [0, 0, 0, 1], "region": {"kind": "cylinderY", "radius": 1.4, "halfHeight": 1.8}, "edgeFade": 0.25, "expression": {  [control] paused: the swirl got a gain
[qa 14:33:26] PASS {"kind": "control", "law": "storm-bottle", "ingredient": "Change gain", "path": [1], "revision": 29, "field": {"id": "storm-bottle", "enabled": true, "position": [3.2, 1.6, 0], "rotation": [0, 0, 0, 1], "region": {"kind": "cylinderY", "radius": 1.4, "halfHeight": 1.8}, "edgeFade": 0.25, "expression"  [control] and, at the same tick, a triangle
[qa 14:33:26] captured record-02-recording.png
[qa 14:33:31] PASS {"kind": "history", "action": "undo", "ok": true, "label": "Change gain", "law": "storm-bottle", "reason": null, "revision": 30, "tick": 2874, "laws": [{"id": "calm", "enabled": true, "position": [-3, 0, 0], "rotation": [0, 0, 0, 1], "region": {"kind": "sphere", "radius": 1.2}, "edgeFade": 0.2, "exp  [history] live undo of the triangle, while playing
[qa 14:33:46] PASS {"kind": "control", "law": "push", "enabled": true, "revision": 32, "mode": "packaged", "t": 82283}  [control] two paused edits at the final tick
[qa 14:33:47] PASS {"kind": "layout", "viewport": [1168, 734], "devicePixelRatio": 2, "controls": {"drag-region": [0, 0, 584, 40], "tools": [592, 5, 564, 30], "undo": [592, 5, 75.7, 28], "redo": [671.8, 5, 81.1, 28], "frame-view": [986.3, 5, 74.3, 28], "reset-view": [1068.7, 5, 87.3, 28], "panel": [12, 52, 284, 532],   [layout] recording: Stop, and progress toward the limits
[qa 14:33:49] PASS {"kind": "recording", "action": "stopped", "runId": "run-165930dc-f6b3-40bf-838b-4a2a14da8518", "title": "M6A lab", "commands": 32, "finalTick": 3298, "lastAppliedSequence": 32, "stopped": "user", "finalCheck": {"stateSha256": "055d2c6cdc184e1c2f7a35a09eb62573134d22267a30e943064003765fe5d677", "engi  [recording] Stop froze the record at its final address, with a final check
[qa 14:33:49] recorded run-165930dc-f6b3-40bf-838b-4a2a14da8518: final address (3298, 32)
[qa 14:33:52] PASS {"kind": "layout", "viewport": [1168, 734], "devicePixelRatio": 2, "controls": {"drag-region": [0, 0, 584, 40], "tools": [592, 5, 564, 30], "undo": [592, 5, 75.7, 28], "redo": [671.8, 5, 81.1, 28], "frame-view": [986.3, 5, 74.3, 28], "reset-view": [1068.7, 5, 87.3, 28], "panel": [12, 52, 284, 532],   [layout] the post-stop edit left the record's final address
[qa 14:33:52] PASS {"kind": "control", "law": "push", "enabled": false, "revision": 33, "mode": "packaged", "t": 86966}  [control] the post-stop edit applied to the live scene
[qa 14:33:52] captured record-03-stopped.png
[qa 14:33:52] segment: session A: replay shows the recording, then Return to authoring
[qa 14:34:10] PASS {"kind": "context", "reason": "replay", "worlds": 2, "peakWorlds": 2, "authoring": 1, "replay": 1, "candidates": 0, "selected": "replay", "recording": "recorded", "tick": 0, "cursor": 0, "runId": "run-165930dc-f6b3-40bf-838b-4a2a14da8518", "qualified": true, "mode": "packaged", "t": 106248}  [context] replay: a second world from the frozen root, the authoring world kept
[qa 14:34:14] PASS {"kind": "layout", "viewport": [1168, 734], "devicePixelRatio": 2, "controls": {"drag-region": [0, 0, 584, 40], "tools": [592, 5, 564, 30], "undo": [592, 5, 75.7, 28], "redo": [671.8, 5, 81.1, 28], "frame-view": [986.3, 5, 74.3, 28], "reset-view": [1068.7, 5, 87.3, 28], "panel": [12, 52, 284, 532],   [layout] the replay shows the root's push (enabled, at -1.5), not the newer authored one
[qa 14:34:14] PASS {"kind": "layout", "viewport": [1168, 734], "devicePixelRatio": 2, "controls": {"drag-region": [0, 0, 584, 40], "tools": [592, 5, 564, 30], "undo": [592, 5, 75.7, 28], "redo": [671.8, 5, 81.1, 28], "frame-view": [986.3, 5, 74.3, 28], "reset-view": [1068.7, 5, 87.3, 28], "panel": [12, 52, 284, 532],   [layout] read-only replay: its title, Replay from start and Return to authoring, no Record
[qa 14:34:14] captured replay-01-root.png
[qa 14:34:43] PASS {"kind": "replay-complete", "runId": "run-165930dc-f6b3-40bf-838b-4a2a14da8518", "tick": 3298, "cursor": 32, "finalTick": 3298, "lastAppliedSequence": 32, "check": {"kind": "match"}, "stateSha256": "055d2c6cdc184e1c2f7a35a09eb62573134d22267a30e943064003765fe5d677", "engineSha256": "d87d3aa0774b1f5a4  [replay-complete] the replay reached the frozen address and matched the recorded end
[qa 14:34:45] PASS {"kind": "layout", "viewport": [1168, 734], "devicePixelRatio": 2, "controls": {"drag-region": [0, 0, 584, 40], "tools": [592, 5, 564, 30], "undo": [592, 5, 75.7, 28], "redo": [671.8, 5, 81.1, 28], "frame-view": [986.3, 5, 74.3, 28], "reset-view": [1068.7, 5, 87.3, 28], "panel": [12, 52, 284, 532],   [layout] at the end: read-only, paused, the check shown
[qa 14:34:45] captured replay-02-end.png
[qa 14:34:46] PASS {"kind": "file-control", "action": "save", "outcome": "refused", "reason": "replay", "mode": "packaged", "t": 141741}  [file-control] ⌘S during replay saves nothing: ordinary Save Scene is off
[qa 14:34:47] PASS {"kind": "context", "reason": "return", "worlds": 1, "peakWorlds": 2, "authoring": 1, "replay": 0, "candidates": 0, "selected": "authoring", "recording": "recorded", "tick": 3298, "cursor": 33, "runId": null, "qualified": false, "mode": "packaged", "t": 143743}  [context] Return to authoring freed the replay world
[qa 14:34:50] PASS {"kind": "layout", "viewport": [1168, 734], "devicePixelRatio": 2, "controls": {"drag-region": [0, 0, 584, 40], "tools": [592, 5, 564, 30], "undo": [592, 5, 75.7, 28], "redo": [671.8, 5, 81.1, 28], "frame-view": [986.3, 5, 74.3, 28], "reset-view": [1068.7, 5, 87.3, 28], "panel": [12, 52, 284, 532],   [layout] the retained authoring scene is back: the push disabled after the stop
[qa 14:34:50] PASS  [m6aq retained] the authoring world, revision and history are identical before and after the replay: 1 replays left the authoring world, revision and history identical
[qa 14:34:50] captured replay-03-returned.png
[qa 14:34:50] segment: session A: save the recording and quit
[qa 14:35:11] PASS {"kind": "document", "action": "save-recording", "outcome": "saved", "file": "m6a-qa.lawsmith-run.json", "runId": "run-165930dc-f6b3-40bf-838b-4a2a14da8518", "bytes": 18016, "commands": 32, "finalTick": 3298, "lastAppliedSequence": 32, "stopped": "user", "writeMs": 11.338, "saveMs": 18, "mode": "pac  [document] Save Recording wrote the run file
[qa 14:35:11] waiting for m6a-record to finish
[qa 14:35:17] recording m6a-record.mp4 written
[qa 14:35:17] PASS  [m6aq runfile] the saved run holds the multi-boundary drag, same-tick and terminal commands, the triangle and its undo: {"format": "lawsmith.run", "runId": "run-165930dc-f6b3-40bf-838b-4a2a14da8518", "commands": 32, "finalTick": 3298, "lastAppliedSequence": 32, "stopped": "user", "finalCheck": {"engineSha256": "d87d3aa0774b1f5a4b576b5ea06bc9f767becff39c3807fcee68e89cb1c4cc83", "stateSha256": "055d2c6cdc184e1c2f7a35a09eb62573134d22267a30e943064003765fe5d677"}, "multiBoundaryTransactions": {"tx-1": [741, 771, 801, 831, 859, 888, 918, 945, 975, 1003, 1031, 1061, 1089, 1119, 1147, 1176, 1203, 1205, 1233, 1261, 1291, 1320, 1350, 1379, 1407]}, "sameTickGroups": {"2549": [28, 29], "3298": [31, 32]}, "triangleCommands": [29], "triangleUndone": true, "disableCommands": [26, 31], "terminalCommands": [31, 32], "rootLaws": ["calm", "push", "storm-bottle"], "qualification": {"app": "Lawsmith 0.0.0", "arch": "aarch64", "build": "packaged", "bundle": "index-_JsT4sJa.js sha256:4414b3375cbbf6aeb3eecf052045d3d0943018c0bfc34ad0fafdaf17e1e1e9c6", "os": "macOS 27.2 (26B5091g)", "tauri": "tauri 3.0.0-alpha.4; tauri-runtime 3.0.0-alpha.3; tauri-runtime-wry 3.0.0-alpha.4; wry 0.57.0; tao 0.37.1", "webkit": "22625.2.5.11.1"}}
[qa 14:35:18] the guard asks about the scene
[qa 14:35:19] segment: session B: a fresh launch opens and replays it
[qa 14:35:38] launched pid 51957, window at 0,21, log m6a-replay.log
[qa 14:35:41] recording m6a-replay for 80 s (overlay windows skipped by the hit test: 24775)
[qa 14:35:49] PASS {"kind": "document", "action": "open-recording", "outcome": "committed", "file": "m6a-qa.lawsmith-run.json", "runId": "run-165930dc-f6b3-40bf-838b-4a2a14da8518", "commands": 32, "finalTick": 3298, "lastAppliedSequence": 32, "bytes": 18016, "readMs": 0.086, "parseMs": 4, "candidateMs": 2, "commitMs":  [document] Open Recording validated and committed the run
[qa 14:35:49] PASS {"kind": "context", "reason": "open-recording", "worlds": 2, "peakWorlds": 2, "authoring": 1, "replay": 1, "candidates": 0, "selected": "replay", "recording": "recorded", "tick": 0, "cursor": 0, "runId": "run-165930dc-f6b3-40bf-838b-4a2a14da8518", "qualified": true, "mode": "packaged", "t": 14294}  [context] it replays from tick 0, beside the untouched default scene
[qa 14:35:52] the synthetic click on probes-toggle was lost (no visualization event); sending it again
[qa 14:36:07] PASS {"kind": "sim-control", "action": "pause", "reason": "native-focus-lost", "tick": 376, "mode": "packaged", "t": 26957}  [sim-control] Hide paused the replay; nothing advanced while hidden
[qa 14:36:07] PASS {"kind": "layout", "viewport": [1168, 734], "devicePixelRatio": 2, "controls": {"drag-region": [0, 0, 584, 40], "tools": [592, 5, 564, 30], "undo": [592, 5, 75.7, 28], "redo": [671.8, 5, 81.1, 28], "frame-view": [986.3, 5, 74.3, 28], "reset-view": [1068.7, 5, 87.3, 28], "panel": [12, 52, 284, 532],   [layout] still paused at the same tick after coming back: Play stays explicit
[qa 14:36:33] PASS {"kind": "replay-complete", "runId": "run-165930dc-f6b3-40bf-838b-4a2a14da8518", "tick": 3298, "cursor": 32, "finalTick": 3298, "lastAppliedSequence": 32, "check": {"kind": "match"}, "stateSha256": "055d2c6cdc184e1c2f7a35a09eb62573134d22267a30e943064003765fe5d677", "engineSha256": "d87d3aa0774b1f5a4  [replay-complete] after a fresh launch, the same final address and a matching end check
[qa 14:36:33] captured replay-04-fresh-end.png
[qa 14:36:33] PASS  [m6aq final] the fresh replay's end digests equal the recording's final check: (3298, 32) state 055d2c6cdc18 engine d87d3aa0774b
[qa 14:36:33] PASS  [m6aq checkpoints] every live checkpoint of the recording has an equal replay checkpoint: 13 checkpoints equal at [(240, 0), (480, 0), (720, 0), (960, 8), (1200, 16), (1440, 25), (1680, 25), (1920, 26), (2160, 26), (2400, 27), (2640, 29), (2880, 30), (3120, 30)]
[qa 14:36:33] waiting for m6a-replay to finish
[qa 14:37:04] recording m6a-replay.mp4 written
[qa 14:37:04] segment: session B: the runtime's own M6A fixtures
[qa 14:37:12] PASS {"kind": "m6a-fixtures", "elapsedMs": 4236, "oracle": {"runId": "run-165930dc-f6b3-40bf-838b-4a2a14da8518", "units": 3298, "divergence": null, "end": {"address": {"tick": 3298, "cursor": 32}, "complete": true, "stateSha256": "055d2c6cdc184e1c2f7a35a09eb62573134d22267a30e943064003765fe5d677", "engine  [m6a-fixtures] the linear oracle agrees with itself and the record; 20+20 cycles and 20 imports hold the counts
[qa 14:37:13] PASS {"kind": "visual-resources", "contexts": {"worlds": 1, "peakWorlds": 3, "authoring": 1, "replay": 0, "candidates": 0, "selected": "authoring", "recording": "recorded"}, "render": {"geometries": 38, "textures": 5, "objects": 119}, "probes": {"enabled": true, "count": 2000, "seed": 1, "live": 2000}, "  [visual-resources] steady state after the cycles: one authoring world, no replay or candidate
[qa 14:37:15] m6a-record complete
