[qa 14:37:17] segment: a recording and a dirty scene; Quit from authoring
[qa 14:37:36] launched pid 50192, window at 0,21, log m6a-guard.log
[qa 14:37:57] PASS {"kind": "control", "law": "calm", "enabled": false, "revision": 3, "mode": "packaged", "t": 24840}  [control] the scene is edited after the recording: dirty
[qa 14:38:00] the guard asks about the scene
[qa 14:38:02] the guard asks about the recording
[qa 14:38:03] PASS  [guard] the scene was asked first (Discard, staged), then the recording (Cancel): [["scene", "discard"], ["recording", "cancel"]]
[qa 14:38:04] PASS {"kind": "layout", "viewport": [1168, 734], "devicePixelRatio": 2, "controls": {"drag-region": [0, 0, 584, 40], "tools": [592, 5, 564, 30], "undo": [592, 5, 75.7, 28], "redo": [671.8, 5, 81.1, 28], "frame-view": [986.3, 5, 74.3, 28], "reset-view": [1068.7, 5, 87.3, 28], "panel": [12, 52, 284, 532],   [layout] the recording is kept, unsaved, in authoring
[qa 14:38:04] PASS  [recovery] the staged Discard was not committed: the recovery snapshots are still there (current.lawsmith-recovery.json
previous.lawsmith-recovery.json)
[qa 14:38:04] captured guard-01-canceled.png
[qa 14:38:05] segment: from replay: Save Recording, then Cancel the scene
[qa 14:38:30] the guard asks about the recording
[qa 14:38:34] the guard asks about the scene
[qa 14:38:36] PASS  [guard] from replay the recording was asked first (Save Recording), then the scene (Cancel): [["recording", "save"], ["scene", "cancel"]]
[qa 14:38:36] PASS {"kind": "document", "action": "save-recording", "outcome": "saved", "file": "guard-run.lawsmith-run.json", "runId": "run-d2196cd0-bf88-4ba1-8faa-5e9c8185d5d0", "bytes": 7181, "commands": 2, "finalTick": 861, "lastAppliedSequence": 2, "stopped": "user", "writeMs": 12.658, "saveMs": 20, "mode": "pack  [document] the guard saved the recording
[qa 14:38:37] PASS {"kind": "layout", "viewport": [1168, 734], "devicePixelRatio": 2, "controls": {"drag-region": [0, 0, 584, 40], "tools": [592, 5, 564, 30], "undo": [592, 5, 75.7, 28], "redo": [671.8, 5, 81.1, 28], "frame-view": [986.3, 5, 74.3, 28], "reset-view": [1068.7, 5, 87.3, 28], "panel": [12, 52, 284, 532],   [layout] the same paused replay, at the same address; the recording now saved
[qa 14:38:37] captured guard-02-replay-kept.png
[qa 14:38:38] segment: files opened from replay: invalid, foreign and scene-shaped ones change nothing
[qa 14:39:01] PASS {"kind": "document", "outcome": "rejected", "action": "open-recording", "incompatible": false, "file": "broken.lawsmith-run.json", "path": "commands[1].sequence", "reason": "must be 2: sequences start at 1 and increase by one", "mode": "packaged", "t": 88687}  [document] a malformed run is refused at its path
[qa 14:39:02] PASS {"kind": "layout", "viewport": [1168, 734], "devicePixelRatio": 2, "controls": {"drag-region": [0, 0, 584, 40], "tools": [592, 5, 564, 30], "undo": [592, 5, 75.7, 28], "redo": [671.8, 5, 81.1, 28], "frame-view": [986.3, 5, 74.3, 28], "reset-view": [1068.7, 5, 87.3, 28], "panel": [12, 52, 284, 532],   [layout] after broken.lawsmith-run.json: the same replay, run and address, and no candidate left
[qa 14:39:09] PASS {"kind": "document", "outcome": "rejected", "action": "open-recording", "incompatible": true, "file": "foreign.lawsmith-run.json", "path": "qualification", "reason": "it was recorded by a different Lawsmith build or runtime: webkit \"22625.2.5.11.1.1\" (here \"22625.2.5.11.1\"). Exact replay is qual  [document] a run from another runtime is refused as incompatible, never replayed as exact
[qa 14:39:10] PASS {"kind": "layout", "viewport": [1168, 734], "devicePixelRatio": 2, "controls": {"drag-region": [0, 0, 584, 40], "tools": [592, 5, 564, 30], "undo": [592, 5, 75.7, 28], "redo": [671.8, 5, 81.1, 28], "frame-view": [986.3, 5, 74.3, 28], "reset-view": [1068.7, 5, 87.3, 28], "panel": [12, 52, 284, 532],   [layout] after foreign.lawsmith-run.json: the same replay, run and address, and no candidate left
[qa 14:39:17] PASS {"kind": "document", "outcome": "rejected", "action": "open-recording", "incompatible": false, "file": "m6a-lab.lawsmith.json", "path": "format", "reason": "this is a Lawsmith scene, not a recording; open it with Open Scene", "mode": "packaged", "t": 105267}  [document] a scene opened as a recording is refused with the right command named
[qa 14:39:18] PASS {"kind": "layout", "viewport": [1168, 734], "devicePixelRatio": 2, "controls": {"drag-region": [0, 0, 584, 40], "tools": [592, 5, 564, 30], "undo": [592, 5, 75.7, 28], "redo": [671.8, 5, 81.1, 28], "frame-view": [986.3, 5, 74.3, 28], "reset-view": [1068.7, 5, 87.3, 28], "panel": [12, 52, 284, 532],   [layout] after m6a-lab.lawsmith.json: the same replay, run and address, and no candidate left
[qa 14:39:26] PASS {"kind": "document", "action": "open-recording", "outcome": "committed", "file": "guard-run.lawsmith-run.json", "runId": "run-d2196cd0-bf88-4ba1-8faa-5e9c8185d5d0", "commands": 2, "finalTick": 861, "lastAppliedSequence": 2, "bytes": 7181, "readMs": 0.512, "parseMs": 2, "candidateMs": 3, "commitMs":   [document] the saved run opened from replay, with no question (it is saved)
[qa 14:39:27] PASS {"kind": "layout", "viewport": [1168, 734], "devicePixelRatio": 2, "controls": {"drag-region": [0, 0, 584, 40], "tools": [592, 5, 564, 30], "undo": [592, 5, 75.7, 28], "redo": [671.8, 5, 81.1, 28], "frame-view": [986.3, 5, 74.3, 28], "reset-view": [1068.7, 5, 87.3, 28], "panel": [12, 52, 284, 532],   [layout] a fresh replay of it, from tick 0
[qa 14:39:27] captured guard-03-imports.png
[qa 14:39:27] segment: Quit from replay saves the main authored scene, never the replay
[qa 14:39:44] the guard asks about the scene
PASS  [file] the saved scene is the authored one (calm disabled), not the replay's root
[qa 14:39:49] launched pid 80106, window at 0,21, log m6a-guard-relaunch.log
[qa 14:39:49] PASS {"kind": "recovery", "action": "launch", "current": "absent", "previous": "absent", "mode": "packaged", "t": 3576}  [recovery] the relaunch finds no recovery to offer: the saved scene retired it
[qa 14:39:53] m6a-guard complete
