[qa 15:30:11] segment: authoring: undo and identity
[qa 15:30:20] launched pid 91001, window at 0,21, log auth-a.log
[qa 15:30:29] PASS {"kind": "gesture", "phase": "commit", "reason": "stale-buttons", "transformMode": "translate", "handle": null, "samples": 28, "rejected": 0, "pointer": null, "firstRevision": 1, "lastRevision": 28, "field": {"enabled": true, "position": [1.7659984003524403, 1, 0], "rotation": [0, 0, 0, 1], "region"  [gesture] one move gesture
[qa 15:30:30] PASS {"kind": "history", "action": "undo", "ok": true, "label": "Move law", "law": "sideways", "reason": null, "revision": 29, "tick": 0, "laws": [{"id": "sideways", "enabled": true, "position": [3, 1, 0], "rotation": [0, 0, 0, 1], "region": {"kind": "box", "halfExtents": [1.5, 2, 1.5]}, "edgeFade": 0.25  [history] one undo restores the law to where the drag began
[qa 15:30:31] PASS {"kind": "history", "action": "redo", "ok": true, "label": "Move law", "law": "sideways", "reason": null, "revision": 30, "tick": 0, "laws": [{"id": "sideways", "enabled": true, "position": [1.7659984003524403, 1, 0], "rotation": [0, 0, 0, 1], "region": {"kind": "box", "halfExtents": [1.5, 2, 1.5]},  [history] redo restores the dragged position exactly
[qa 15:30:32] PASS {"kind": "history", "action": "undo", "ok": true, "label": "Move law", "law": "sideways", "reason": null, "revision": 31, "tick": 0, "laws": [{"id": "sideways", "enabled": true, "position": [3, 1, 0], "rotation": [0, 0, 0, 1], "region": {"kind": "box", "halfExtents": [1.5, 2, 1.5]}, "edgeFade": 0.25  [history] a second undo is the same entry again
[qa 15:30:38] PASS {"kind": "history", "action": "undo", "ok": true, "label": "Move law", "law": "sideways", "reason": null, "revision": 33, "tick": 431, "laws": [{"id": "sideways", "enabled": true, "position": [3, 1, 0], "rotation": [0, 0, 0, 1], "region": {"kind": "box", "halfExtents": [1.5, 2, 1.5]}, "edgeFade": 0.  [history] undo while playing applies at the current tick
[qa 15:30:42] PASS {"kind": "sim-control", "action": "pause", "reason": "control", "tick": 893, "mode": "packaged", "t": 25280}  [sim-control] the run kept advancing after the undo
[qa 15:30:45] PASS {"kind": "control", "duplicate": "sideways", "created": "sideways-2", "reason": null, "laws": 2, "mode": "packaged", "t": 27843}  [control] duplicate creates the next free ID
[qa 15:30:46] PASS {"kind": "control", "delete": "sideways-2", "ok": true, "laws": 1, "mode": "packaged", "t": 29360}  [control] delete removes the selected copy through the command path
[qa 15:30:47] PASS {"kind": "history", "action": "undo", "ok": true, "label": "Delete law", "law": "sideways-2", "reason": null, "revision": 37, "tick": 893, "laws": [{"id": "sideways", "enabled": true, "position": [3, 1, 0], "rotation": [0, 0, 0, 1], "region": {"kind": "box", "halfExtents": [1.5, 2, 1.5]}, "edgeFade"  [history] undo of delete brings back sideways-2 with its ID
[qa 15:30:48] PASS {"kind": "history", "action": "undo", "ok": true, "label": "Duplicate law", "law": "sideways-2", "reason": null, "revision": 38, "tick": 893, "laws": [{"id": "sideways", "enabled": true, "position": [3, 1, 0], "rotation": [0, 0, 0, 1], "region": {"kind": "box", "halfExtents": [1.5, 2, 1.5]}, "edgeFa  [history] undo of duplicate removes the copy
[qa 15:30:49] PASS {"kind": "history", "action": "redo", "ok": true, "label": "Duplicate law", "law": "sideways-2", "reason": null, "revision": 40, "tick": 893, "laws": [{"id": "sideways", "enabled": true, "position": [3, 1, 0], "rotation": [0, 0, 0, 1], "region": {"kind": "box", "halfExtents": [1.5, 2, 1.5]}, "edgeFa  [history] redo of duplicate recreates the same ID
[qa 15:30:49] captured auth-01-duplicate.png
[qa 15:30:49] segment: authoring: presentation versus semantics
[qa 15:31:08] PASS {"kind": "digest", "reason": "color", "generation": 1, "revision": 41, "semanticSha256": "f4296950486d582f2673bf0533e358953aedaf7784b01b5e84b06546f1ed2c6c", "mode": "packaged", "t": 51636}  [digest] a color change keeps the semantic digest
[qa 15:31:09] PASS {"kind": "digest", "reason": "visibility", "generation": 1, "revision": 42, "semanticSha256": "f4296950486d582f2673bf0533e358953aedaf7784b01b5e84b06546f1ed2c6c", "mode": "packaged", "t": 52184}  [digest] hiding the law keeps the semantic digest
[qa 15:31:10] PASS {"kind": "digest", "reason": "arrows", "generation": 1, "revision": 43, "semanticSha256": "f4296950486d582f2673bf0533e358953aedaf7784b01b5e84b06546f1ed2c6c", "mode": "packaged", "t": 53719}  [digest] turning arrows off keeps the semantic digest
[qa 15:31:14] PASS {"kind": "digest", "reason": "label", "generation": 1, "revision": 44, "semanticSha256": "f4296950486d582f2673bf0533e358953aedaf7784b01b5e84b06546f1ed2c6c", "mode": "packaged", "t": 56414}  [digest] renaming the law keeps the semantic digest
[qa 15:31:23] PASS {"kind": "digest", "reason": "label", "generation": 1, "revision": 44, "semanticSha256": "f4296950486d582f2673bf0533e358953aedaf7784b01b5e84b06546f1ed2c6c", "mode": "packaged", "t": 56414}  [digest] moving the camera made no document edit
[qa 15:31:23] PASS  the camera moved without a document edit
[qa 15:31:24] captured auth-02-presentation.png
[qa 15:31:24] PASS {"kind": "digest", "reason": "enabled", "generation": 1, "revision": 45, "semanticSha256": "449b4d17e15c4b84d7354abd878b2d4acc92a1b226c54a4b91e22f64efe42b00", "mode": "packaged", "t": 67368}  [digest] disabling the law changes the semantic digest
[qa 15:31:28] PASS {"kind": "control", "law": "sideways", "precise": "Move law", "rejected": "position components must be within \u00b11000 m", "mode": "packaged", "t": 70043}  [control] an out-of-range position is rejected
[qa 15:31:29] captured auth-03-rejected-value.png
[qa 15:31:33] PASS {"kind": "control", "law": "sideways", "precise": "Move law", "revision": 46, "field": {"id": "sideways", "enabled": false, "position": [2.5, 1, 0], "rotation": [0, 0, 0, 1], "region": {"kind": "box", "halfExtents": [1.5, 2, 1.5]}, "edgeFade": 0.25, "expression": {"kind": "directional", "direction":  [control] a valid precise value is one validated edit
[qa 15:31:35] m2-authoring complete
