[qa 15:22:33] segment: invalid imports, canceled and refused saves
[qa 15:22:52] launched pid 80385, window at 0,21, log files-a.log
[qa 15:23:03] PASS {"kind": "document", "outcome": "rejected", "action": "open", "file": "bad-unknown-capability.lawsmith.json", "path": "requiredCapabilities[3]", "reason": "this scene requires \"primitive.unknown.v9\", which this build does not support", "mode": "packaged", "t": 11386}  [document] bad-unknown-capability is rejected before replacing anything
[qa 15:23:13] PASS {"kind": "document", "outcome": "rejected", "action": "open", "file": "bad-zero-rotation.lawsmith.json", "path": "semantic.fields[0].pose.rotation", "reason": "rotation must be a finite nonzero quaternion", "mode": "packaged", "t": 21439}  [document] bad-zero-rotation is rejected before replacing anything
[qa 15:23:23] PASS {"kind": "document", "outcome": "rejected", "action": "open", "file": "bad-not-json.lawsmith.json", "path": "", "reason": "the file is not valid JSON (JSON Parse error: Property name must be a string literal)", "mode": "packaged", "t": 31294}  [document] bad-not-json is rejected before replacing anything
[qa 15:23:33] PASS {"kind": "document", "outcome": "failed", "action": "open", "failure": "not-utf8", "stage": "decode", "message": "the file is not UTF-8 (invalid utf-8 sequence of 1 bytes from index 155)", "mode": "packaged", "t": 41123}  [document] bad-latin1 is rejected before replacing anything
[qa 15:23:43] PASS {"kind": "document", "outcome": "failed", "action": "open", "failure": "too-large", "stage": "open", "message": "the file is larger than 5242880 bytes", "mode": "packaged", "t": 50985}  [document] bad-oversized is rejected before replacing anything
[qa 15:23:43] PASS {"kind": "digest", "reason": "startup", "generation": 1, "revision": 0, "semanticSha256": "ac7733bd9477e6e1a1e867470c0ac624e071a3330e921216c246f1b5240307ac", "mode": "packaged", "t": 3518}  [digest] the current scene's semantics never changed
[qa 15:23:44] captured files-01-rejected-import.png
[qa 15:23:47] PASS {"kind": "document", "action": "save-as", "outcome": "canceled", "file": null, "mode": "packaged", "t": 58019}  [document] a canceled Save As writes nothing
[qa 15:23:52] PASS {"kind": "document", "action": "save-as", "outcome": "refused-name", "name": "refused-name.json", "mode": "packaged", "t": 62336}  [document] a name without .lawsmith.json is refused
[qa 15:23:52] PASS  no file was written for the refused name
[qa 15:23:52] captured files-02-refused-name.png
[qa 15:23:57] PASS {"kind": "document", "action": "save-as", "outcome": "saved", "file": "bundled-roundtrip.lawsmith.json", "generation": 1, "revision": 0, "laterEdits": 0, "recoveryRetired": true, "bytes": 2503, "captureMs": 5, "writeMs": 16.761, "saveMs": 23, "mode": "packaged", "t": 67535}  [document] the untouched bundled scene saves
[qa 15:23:57] PASS  the saved bundled scene is byte-identical to the bundled file
[qa 15:23:59] segment: full disk
[qa 15:24:19] launched pid 82246, window at 0,21, log files-b.log
[qa 15:24:29] PASS {"kind": "document", "action": "open", "outcome": "committed", "file": "on-full-disk.lawsmith.json", "generation": 2, "title": "Falling stream", "bytes": 2503, "readMs": 2.457, "parseMs": 0, "candidateMs": 1, "commitMs": 1, "openMs": 4.457, "mode": "packaged", "t": 10740}  [document] the file on the full disk opened, through a symlink, and bound
[qa 15:24:32] PASS {"kind": "document", "outcome": "failed", "action": "save", "file": "on-full-disk.lawsmith.json", "revision": 1, "failure": "disk-full", "stage": "create-temp", "message": "No space left on device (os error 28)", "mode": "packaged", "t": 16590}  [document] Save to the symlinked file on a full disk fails and says so
[qa 15:24:32] PASS  the existing file is byte-identical after the failed save
[qa 15:24:32] PASS  no temporary file was left on the full disk
[qa 15:24:32] captured files-03-disk-full.png
[qa 15:24:34] PASS {"kind": "control", "law": "sideways", "enabled": true, "revision": 2, "mode": "packaged", "t": 18598}  [control] editing still works after the failed save
[qa 15:24:39] PASS {"kind": "document", "action": "save-as", "outcome": "saved", "file": "after-disk-full.lawsmith.json", "generation": 2, "revision": 2, "laterEdits": 0, "recoveryRetired": true, "bytes": 2503, "captureMs": 1, "writeMs": 15.85, "saveMs": 18, "mode": "packaged", "t": 23169}  [document] Save As to another writable location works after the failure
[qa 15:24:41] segment: read-only recovery directory
[qa 15:25:00] launched pid 83293, window at 0,21, log files-c.log
[qa 15:25:04] PASS {"kind": "recovery", "action": "write", "outcome": "failed", "generation": 1, "revision": 1, "failure": "permission", "stage": "create-temp", "message": "Permission denied (os error 13)", "mode": "packaged", "t": 6205}  [recovery] a recovery write that is denied is reported
[qa 15:25:05] captured files-04-recovery-unavailable.png
[qa 15:25:10] PASS {"kind": "document", "action": "save-as", "outcome": "saved", "file": "after-recovery-failure.lawsmith.json", "generation": 1, "revision": 1, "laterEdits": 0, "recoveryRetired": true, "bytes": 2504, "captureMs": 1, "writeMs": 15.754, "saveMs": 20, "mode": "packaged", "t": 12220}  [document] explicit Save As works while recovery is unavailable
[qa 15:25:12] m2-files complete
