[qa 15:14:00] segment: examples: radial catch, release and repulsion
[qa 15:15:14] launched pid 71337, window at 0,21, log demo3.log
[qa 15:15:27] PASS {"kind": "document", "action": "open", "outcome": "committed", "file": "catch-and-release.lawsmith.json", "generation": 2, "title": "Catch and Release", "bytes": 2504, "readMs": 0.071, "parseMs": 1, "candidateMs": 1, "commitMs": 2, "openMs": 4.071, "mode": "packaged", "t": 11210}  [document] catch-and-release opened transactionally
[qa 15:15:27] PASS {"kind": "sim-control", "action": "load", "tick": 0, "playing": false, "run": 1, "laws": [{"id": "pull", "enabled": true, "position": [1, 2.8, 0], "rotation": [0, 0, 0, 1], "region": {"kind": "sphere", "radius": 1.6}, "edgeFade": 0.25, "expression": {"kind": "softRadial", "strength": 12, "coreRadius  [sim-control] catch-and-release starts paused at tick 0
[qa 15:15:28] recording m3-radial for 55 s (overlay windows skipped by the hit test: 25093)
[qa 15:15:35] PASS {"kind": "pacing", "intervalMs": [17, 18, 18], "maxIntervalMs": 18, "workP95Ms": 2, "stallsOver50ms": 2, "devicePixelRatio": 2, "pixelRatio": 1.5, "tick": 593, "playing": true, "bodies": 64, "stepMs": [0, 1, 1], "editMs": null, "editSamples": 0, "simWallRatio": 0.998, "droppedMs": 0, "mode": "packag  [pacing] the stream runs through the pull without limiting
[qa 15:15:35] captured radial-01-catch.png
[qa 15:15:44] PASS {"kind": "gesture", "phase": "commit", "reason": "stale-buttons", "transformMode": "translate", "handle": null, "samples": 26, "rejected": 0, "pointer": null, "firstRevision": 1, "lastRevision": 26, "field": {"enabled": true, "position": [3.280291900698978, 2.8, 0], "rotation": [0, 0, 0, 1], "region  [gesture] the pull moved out of the stream
[qa 15:15:48] captured radial-02-release.png
[qa 15:16:07] PASS {"kind": "gesture", "phase": "commit", "reason": "stale-buttons", "transformMode": "scale", "handle": "strength", "samples": 25, "rejected": 0, "pointer": [625, 277, 702, 294.3359375], "firstRevision": 55, "lastRevision": 79, "field": {"enabled": true, "position": [0.6516514009075736, 2.8, 0], "rota  [gesture] the strength handle made the pull a push
[qa 15:16:12] captured radial-03-repel.png
[qa 15:16:12] waiting for m3-radial to finish
[qa 15:16:24] recording m3-radial.mp4 written
[qa 15:16:25] segment: examples: vortex and its axis
[qa 15:16:35] PASS {"kind": "document", "action": "open", "outcome": "committed", "file": "swirl.lawsmith.json", "generation": 3, "title": "Swirl", "bytes": 2533, "readMs": 0.191, "parseMs": 0, "candidateMs": 2, "commitMs": 2, "openMs": 4.191, "mode": "packaged", "t": 84520}  [document] swirl opened transactionally
[qa 15:16:35] PASS {"kind": "sim-control", "action": "load", "tick": 0, "playing": false, "run": 2, "laws": [{"id": "swirl", "enabled": true, "position": [0.5, 2.5, 0], "rotation": [0, 0, 0, 1], "region": {"kind": "cylinderY", "radius": 1.2, "halfHeight": 1.5}, "edgeFade": 0.25, "expression": {"kind": "vortexY", "stre  [sim-control] swirl starts paused at tick 0
[qa 15:16:37] recording m3-vortex for 42 s (overlay windows skipped by the hit test: 25099)
[qa 15:16:39] PASS {"kind": "layout", "viewport": [1168, 734], "devicePixelRatio": 2, "controls": {"drag-region": [0, 0, 584, 40], "tools": [592, 5, 564, 30], "undo": [592, 5, 75.7, 28], "redo": [671.8, 5, 81.1, 28], "frame-view": [986.3, 5, 74.3, 28], "reset-view": [1068.7, 5, 87.3, 28], "panel": [12, 52, 284, 532],   [layout] the swirl's cylinder support spans its radius and half-height
[qa 15:16:46] captured vortex-01-counterclockwise.png
[qa 15:16:54] PASS {"kind": "gesture", "phase": "commit", "reason": "stale-buttons", "transformMode": "scale", "handle": "strength", "samples": 25, "rejected": 0, "pointer": [655, 290, 582.640625, 320.359375], "firstRevision": 1, "lastRevision": 25, "field": {"enabled": true, "position": [0.5, 2.5, 0], "rotation": [0,  [gesture] the strength handle reversed the circulation
[qa 15:16:59] captured vortex-02-clockwise.png
[qa 15:17:07] PASS {"kind": "gesture", "phase": "commit", "reason": "stale-buttons", "transformMode": "scale", "handle": "radius", "samples": 24, "rejected": 0, "pointer": [553, 277, 629.0078125, 295.1484375], "firstRevision": 26, "lastRevision": 49, "field": {"enabled": true, "position": [0.5, 2.5, 0], "rotation": [0  [gesture] the cylinder radius handle resized the support
[qa 15:17:10] captured vortex-03-narrower.png
[qa 15:17:10] waiting for m3-vortex to finish
[qa 15:17:19] recording m3-vortex.mp4 written
[qa 15:17:20] segment: examples: drag pocket
[qa 15:17:35] PASS {"kind": "document", "action": "open", "outcome": "committed", "file": "drag-pocket.lawsmith.json", "generation": 4, "title": "Drag Pocket", "bytes": 2507, "readMs": 1.931, "parseMs": 4, "candidateMs": 1, "commitMs": 2, "openMs": 8.931, "mode": "packaged", "t": 144541}  [document] drag-pocket opened transactionally
[qa 15:17:35] PASS {"kind": "sim-control", "action": "load", "tick": 0, "playing": false, "run": 3, "laws": [{"id": "drag", "enabled": true, "position": [-1, 2.8, 0], "rotation": [0, 0, 0, 1], "region": {"kind": "box", "halfExtents": [1.2, 1.2, 1.2]}, "edgeFade": 0.25, "expression": {"kind": "linearDrag", "coefficient  [sim-control] drag-pocket starts paused at tick 0
[qa 15:17:37] recording m3-drag for 50 s (overlay windows skipped by the hit test: 25105)
[qa 15:17:44] captured drag-01-pocket.png
[qa 15:17:53] PASS {"kind": "gesture", "phase": "commit", "reason": "stale-buttons", "transformMode": "scale", "handle": "coefficient", "samples": 26, "rejected": 0, "pointer": [565, 228, 565, 139.3046875], "firstRevision": 1, "lastRevision": 26, "field": {"enabled": true, "position": [-1, 2.8, 0], "rotation": [0, 0,   [gesture] the drag gauge raised the coefficient
[qa 15:17:58] captured drag-02-stronger.png
[qa 15:18:07] PASS {"kind": "gesture", "phase": "commit", "reason": "stale-buttons", "transformMode": "rotate", "handle": null, "samples": 25, "rejected": 0, "pointer": null, "firstRevision": 27, "lastRevision": 51, "field": {"enabled": true, "position": [-1, 2.8, 0], "rotation": [0, 0, 0.34185906063978844, 0.93975123  [gesture] the drag region turned about Z by more than 20 degrees through the rotate gizmo
[qa 15:18:11] PASS {"kind": "layout", "viewport": [1168, 734], "devicePixelRatio": 2, "controls": {"drag-region": [0, 0, 584, 40], "tools": [592, 5, 564, 30], "undo": [592, 5, 75.7, 28], "redo": [671.8, 5, 81.1, 28], "frame-view": [986.3, 5, 74.3, 28], "reset-view": [1068.7, 5, 87.3, 28], "panel": [12, 52, 284, 532],   [layout] the rotated drag region draws no drive arrows, only coefficient dots
[qa 15:18:11] captured drag-03-rotated-box.png
[qa 15:18:11] waiting for m3-drag to finish
[qa 15:18:28] recording m3-drag.mp4 written
[qa 15:18:28] segment: examples: overlap
[qa 15:18:39] PASS {"kind": "document", "action": "open", "outcome": "committed", "file": "overlap.lawsmith.json", "generation": 5, "title": "Overlap", "bytes": 3556, "readMs": 1.913, "parseMs": 5, "candidateMs": 2, "commitMs": 1, "openMs": 9.913, "mode": "packaged", "t": 207691}  [document] overlap opened transactionally
[qa 15:18:39] PASS {"kind": "sim-control", "action": "load", "tick": 0, "playing": false, "run": 4, "laws": [{"id": "drag", "enabled": true, "position": [0, 2.5, 0], "rotation": [0, 0, 0, 1], "region": {"kind": "sphere", "radius": 2.2}, "edgeFade": 0.25, "expression": {"kind": "linearDrag", "coefficient": 1.2}}, {"id"  [sim-control] overlap starts paused at tick 0
[qa 15:18:40] recording m3-overlap for 46 s (overlay windows skipped by the hit test: 25111)
[qa 15:18:48] captured overlap-01-three-laws.png
[qa 15:18:50] PASS {"kind": "control", "law": "pull", "enabled": false, "revision": 1, "mode": "packaged", "t": 218475}  [control] the pull is disabled: the swirl and drag still act
[qa 15:18:54] captured overlap-02-without-pull.png
[qa 15:18:55] PASS {"kind": "control", "law": "pull", "enabled": true, "revision": 2, "mode": "packaged", "t": 224230}  [control] the pull is enabled again
[qa 15:18:58] PASS {"kind": "layout", "viewport": [1168, 734], "devicePixelRatio": 2, "controls": {"drag-region": [0, 0, 584, 40], "tools": [592, 5, 564, 30], "undo": [592, 5, 75.7, 28], "redo": [671.8, 5, 81.1, 28], "frame-view": [986.3, 5, 74.3, 28], "reset-view": [1068.7, 5, 87.3, 28], "panel": [12, 52, 284, 532],   [layout] the overlap's drag law is selected, with its handles
[qa 15:19:06] PASS {"kind": "gesture", "phase": "commit", "reason": "stale-buttons", "transformMode": "scale", "handle": "coefficient", "samples": 26, "rejected": 0, "pointer": [637, 283, 638.46875, 204.53125], "firstRevision": 3, "lastRevision": 28, "field": {"enabled": true, "position": [0, 2.5, 0], "rotation": [0,   [gesture] the overlap's drag gauge changed its coefficient
[qa 15:19:11] captured overlap-03-drag-tuned.png
[qa 15:19:11] waiting for m3-overlap to finish
[qa 15:19:27] recording m3-overlap.mp4 written
[qa 15:19:27] segment: examples: collisions
[qa 15:19:37] PASS {"kind": "document", "action": "open", "outcome": "committed", "file": "collisions.lawsmith.json", "generation": 6, "title": "Collisions", "bytes": 3016, "readMs": 1.919, "parseMs": 1, "candidateMs": 1, "commitMs": 1, "openMs": 4.919, "mode": "packaged", "t": 266572}  [document] collisions opened transactionally
[qa 15:19:37] PASS {"kind": "sim-control", "action": "load", "tick": 0, "playing": false, "run": 5, "laws": [{"id": "drag", "enabled": true, "position": [0, 2, 0], "rotation": [0, 0, 0, 1], "region": {"kind": "sphere", "radius": 1.8}, "edgeFade": 0.25, "expression": {"kind": "linearDrag", "coefficient": 3}}, {"id": "p  [sim-control] collisions starts paused at tick 0
[qa 15:19:39] recording m3-collisions for 42 s (overlay windows skipped by the hit test: 25117)
[qa 15:19:49] captured collisions-01-clump.png
[qa 15:19:53] PASS {"kind": "layout", "viewport": [1168, 734], "devicePixelRatio": 2, "controls": {"drag-region": [0, 0, 584, 40], "tools": [592, 5, 564, 30], "undo": [592, 5, 75.7, 28], "redo": [671.8, 5, 81.1, 28], "frame-view": [986.3, 5, 74.3, 28], "reset-view": [1068.7, 5, 87.3, 28], "panel": [12, 52, 284, 532],   [layout] the collision scene's pull is selected, with its handles
[qa 15:20:02] PASS {"kind": "gesture", "phase": "commit", "reason": "stale-buttons", "transformMode": "scale", "handle": "strength", "samples": 26, "rejected": 0, "pointer": [589, 314, 665.0078125, 335], "firstRevision": 1, "lastRevision": 26, "field": {"enabled": true, "position": [0, 2, 0], "rotation": [0, 0, 0, 1],  [gesture] the pull's strength handle loosened the clump
[qa 15:20:07] captured collisions-02-loosened.png
[qa 15:20:10] PASS {"kind": "fixtures", "elapsedMs": 3184, "root": [{"id": "drag", "enabled": true, "position": [0, 2, 0], "rotation": [0, 0, 0, 1], "region": {"kind": "sphere", "radius": 1.8}, "edgeFade": 0.25, "expression": {"kind": "linearDrag", "coefficient": 3}}, {"id": "pull", "enabled": true, "position": [0, 2,  [fixtures] reset and cadence fixtures agree exactly on the collision scene
[qa 15:20:10] waiting for m3-collisions to finish
[qa 15:20:22] recording m3-collisions.mp4 written
[qa 15:20:24] m3-demo complete
