[qa 15:40:55] segment: a body entering and leaving a drag pocket
[qa 15:41:14] launched pid 4814, window at 0,21, log explain4.log
[qa 15:41:26] PASS {"kind": "document", "action": "open", "outcome": "committed", "file": "drag-pocket.lawsmith.json", "generation": 2, "title": "Drag Pocket", "bytes": 2507, "readMs": 0.1, "parseMs": 0, "candidateMs": 1, "commitMs": 3, "openMs": 4.1, "mode": "packaged", "t": 11269}  [document] drag-pocket opened transactionally
[qa 15:41:28] recording m4-drag for 75 s (overlay windows skipped by the hit test: 25453)
[qa 15:41:36] PASS {"kind": "explain-select", "body": "stream:55", "reason": "click", "tick": 480, "playing": false, "trails": "selected", "mode": "packaged", "t": 25211}  [explain-select] a click explains stream:55
[qa 15:41:36] captured drag-00-chosen.png
[qa 15:41:54] PASS tick 509→510 λ 1 β 0.9989830762754011 contacts []  [explanation] inside the pocket the drag share is −λβK·v at the sampled velocity, and the shares sum to force/mass
[qa 15:41:54] captured drag-01-inside.png
[qa 15:41:57] PASS tick 509→510 λ 1 β 0.9989830762754011 contacts []  [explanation] the readout shows a next-step preview
[qa 15:42:05] PASS {"kind": "gesture", "phase": "commit", "reason": "stale-buttons", "transformMode": "scale", "handle": "coefficient", "samples": 26, "rejected": 0, "pointer": [565, 228, 565, 139.3046875], "firstRevision": 1, "lastRevision": 26, "field": {"enabled": true, "position": [-1, 2.8, 0], "rotation": [0, 0,   [gesture] a paused drag of the coefficient gauge raised the drag
[qa 15:42:06] PASS tick 509→510 λ 1 β 0.9989830762754011 contacts []  [explanation] after the paused edit the next-step preview changed and the last step did not
[qa 15:42:06] captured drag-02-preview-after-edit.png
[qa 15:42:14] PASS tick 907→908 λ 1 β 1 contacts ['floor']  [explanation] the body left the pocket with less sideways velocity, its trail behind it
[qa 15:42:14] captured drag-03-left.png
[qa 15:42:14] waiting for m4-drag to finish
[qa 15:42:45] recording m4-drag.mp4 written
[qa 15:42:45] segment: a body under three overlapping laws
[qa 15:42:56] PASS {"kind": "document", "action": "open", "outcome": "committed", "file": "overlap.lawsmith.json", "generation": 3, "title": "Overlap", "bytes": 3556, "readMs": 1.796, "parseMs": 6, "candidateMs": 2, "commitMs": 1, "openMs": 10.796, "mode": "packaged", "t": 105873}  [document] overlap opened transactionally
[qa 15:42:59] recording m4-overlap for 40 s (overlay windows skipped by the hit test: 25459)
[qa 15:43:06] PASS {"kind": "explain-select", "body": "stream:55", "reason": "nearest", "tick": 540, "playing": false, "trails": "selected", "mode": "packaged", "t": 115335}  [explain-select] B explains the body nearest the laws' center
[qa 15:43:08] PASS tick 540→541 λ 1 β 0.9950166250831947 contacts []  [explanation] the pull, swirl and drag act together; every share uses the step's one β and λ
[qa 15:43:08] captured overlap-01-shares.png
[qa 15:43:15] captured overlap-02-later.png
[qa 15:43:15] waiting for m4-overlap to finish
[qa 15:43:39] recording m4-overlap.mp4 written
[qa 15:43:39] segment: a collision: law shares and contacts kept apart
[qa 15:43:52] PASS {"kind": "document", "action": "open", "outcome": "committed", "file": "why-it-moves.lawsmith.json", "generation": 4, "title": "Why It Moves", "bytes": 3630, "readMs": 2.328, "parseMs": 1, "candidateMs": 1, "commitMs": 5, "openMs": 9.328, "mode": "packaged", "t": 156930}  [document] why-it-moves opened transactionally
[qa 15:44:05] PASS {"kind": "explain-select", "body": "stream:100", "reason": "click", "tick": 1020, "playing": false, "trails": "selected", "mode": "packaged", "t": 173885}  [explain-select] a click explains stream:100
[qa 15:44:06] recording m4-collision for 70 s (overlay windows skipped by the hit test: 25464)
[qa 15:44:57] PASS tick 1106→1107 λ 1 β 0.997607056985004 contacts []  [explanation] on the way the pull and the drag pocket act in one step: two shares under one β and λ
[qa 15:44:57] captured collision-00-overlap.png
[qa 15:45:27] PASS tick 1196→1197 λ 1 β 1 contacts ['floor']  [explanation] the landed body names its contact, and the law acceleration alone misses its velocity after the step
[qa 15:45:27] captured collision-01-contact.png
[qa 15:45:33] captured collision-02-heap.png
[qa 15:45:33] waiting for m4-collision to finish
[qa 15:45:37] recording m4-collision.mp4 written
[qa 15:45:37] segment: the limiter against a capped arrow
[qa 15:46:04] PASS {"kind": "document", "action": "open", "outcome": "committed", "file": "m4-limiter.lawsmith.json", "generation": 5, "title": "M4 Limiter", "bytes": 3149, "readMs": 2.171, "parseMs": 1, "candidateMs": 1, "commitMs": 2, "openMs": 6.171, "mode": "packaged", "t": 289452}  [document] m4-limiter opened transactionally
[qa 15:46:07] recording m4-limiter for 70 s (overlay windows skipped by the hit test: 25469)
[qa 15:46:12] PASS {"kind": "explain-select", "body": "stream:26", "reason": "click", "tick": 272, "playing": false, "trails": "selected", "mode": "packaged", "t": 301684}  [explain-select] a click explains stream:26
[qa 15:46:25] PASS tick 285→286 λ 1 β 1 contacts []  [explanation] in the push the drawn arrow is capped (∥) while the limiter is idle (λ = 1)
[qa 15:46:26] captured limiter-01-capped.png
[qa 15:47:00] PASS tick 325→326 λ 0.2333742346470963 β 0.6784821497915061 contacts []  [explanation] in the thick drag the limiter is active (λ < 1) and every share is scaled by it
[qa 15:47:00] captured limiter-02-limited.png
[qa 15:47:00] waiting for m4-limiter to finish
[qa 15:47:19] recording m4-limiter.mp4 written
[qa 15:47:19] segment: probes, trails and the selected-law arrow filter
[qa 15:47:31] PASS {"kind": "document", "action": "open", "outcome": "committed", "file": "overlap.lawsmith.json", "generation": 6, "title": "Overlap", "bytes": 3556, "readMs": 2.212, "parseMs": 1, "candidateMs": 1, "commitMs": 2, "openMs": 6.212, "mode": "packaged", "t": 376286}  [document] overlap opened transactionally
[qa 15:47:33] recording m4-probes for 45 s (overlay windows skipped by the hit test: 25474)
[qa 15:47:37] PASS {"kind": "visualization", "change": "probes", "contexts": {"worlds": 1, "peakWorlds": 2, "authoring": 1, "replay": 0, "candidates": 0, "selected": "authoring", "recording": "idle"}, "render": {"geometries": 40, "textures": 5, "objects": 140}, "probes": {"enabled": true, "count": 2000, "seed": 1, "li  [visualization] 2,000 probes are on, as visualization state: no revision, nothing dirty
[qa 15:47:42] captured probes-01-on.png
[qa 15:47:43] PASS {"kind": "visualization", "change": "trails", "contexts": {"worlds": 1, "peakWorlds": 2, "authoring": 1, "replay": 0, "candidates": 0, "selected": "authoring", "recording": "idle"}, "render": {"geometries": 40, "textures": 5, "objects": 140}, "probes": {"enabled": true, "count": 2000, "seed": 1, "li  [visualization] 32 trails are on
[qa 15:47:48] captured trails-01-all.png
[qa 15:47:50] PASS {"kind": "visualization", "change": "arrows", "contexts": {"worlds": 1, "peakWorlds": 2, "authoring": 1, "replay": 0, "candidates": 0, "selected": "authoring", "recording": "idle"}, "render": {"geometries": 40, "textures": 5, "objects": 140}, "probes": {"enabled": true, "count": 2000, "seed": 1, "li  [visualization] only the selected law draws arrows
[qa 15:47:51] PASS {"kind": "layout", "viewport": [1168, 734], "devicePixelRatio": 2, "controls": {"drag-region": [0, 0, 584, 40], "tools": [592, 5, 564, 30], "undo": [592, 5, 75.7, 28], "redo": [671.8, 5, 81.1, 28], "frame-view": [986.3, 5, 74.3, 28], "reset-view": [1068.7, 5, 87.3, 28], "panel": [12, 52, 284, 532],   [layout] the filter draws only the selected law's samples, and every law is still enabled
[qa 15:47:51] captured filter-01-selected-law.png
[qa 15:47:56] PASS {"kind": "visualization", "change": "trails", "contexts": {"worlds": 1, "peakWorlds": 2, "authoring": 1, "replay": 0, "candidates": 0, "selected": "authoring", "recording": "idle"}, "render": {"geometries": 40, "textures": 5, "objects": 140}, "probes": {"enabled": false, "count": 2000, "seed": 1, "l  [visualization] probes and trails are off again without touching a law
[qa 15:47:56] waiting for m4-probes to finish
[qa 15:48:19] recording m4-probes.mp4 written
[qa 15:48:20] segment: bounded buffers through toggles, resets and loads (T11)
[qa 15:49:48] PASS {"kind": "document", "action": "open", "outcome": "committed", "file": "why-it-moves.lawsmith.json", "generation": 7, "title": "Why It Moves", "bytes": 3630, "readMs": 2.183, "parseMs": 0, "candidateMs": 1, "commitMs": 2, "openMs": 5.183, "mode": "packaged", "t": 513283}  [document] why-it-moves opened transactionally
[qa 15:49:56] PASS {"kind": "visual-resources", "contexts": {"worlds": 1, "peakWorlds": 2, "authoring": 1, "replay": 0, "candidates": 0, "selected": "authoring", "recording": "idle"}, "render": {"geometries": 41, "textures": 5, "objects": 134}, "probes": {"enabled": true, "count": 2000, "seed": 1, "live": 2000}, "trai  [visual-resources] after 10 toggle-and-reset cycles and two loads the buffers are the ones allocated at start
[qa 15:49:59] segment: the runtime's own fixtures: invariance (AC6), reset (T04), trails and shares (T08)
[qa 15:50:26] PASS {"kind": "document", "action": "open", "outcome": "committed", "file": "overlap.lawsmith.json", "generation": 8, "title": "Overlap", "bytes": 3556, "readMs": 2.231, "parseMs": 0, "candidateMs": 1, "commitMs": 2, "openMs": 5.231, "mode": "packaged", "t": 551624}  [document] overlap opened transactionally
[qa 15:50:30] PASS {"kind": "fixtures", "elapsedMs": 3381, "root": [{"id": "drag", "enabled": true, "position": [0, 2.5, 0], "rotation": [0, 0, 0, 1], "region": {"kind": "sphere", "radius": 2.2}, "edgeFade": 0.25, "expression": {"kind": "linearDrag", "coefficient": 1.2}}, {"id": "pull", "enabled": true, "position": [0  [fixtures] quiet and busy views, and a reset across a view change, agree exactly; trails and shares check out
[qa 15:50:34] m4-explain complete
