[qa 18:51:31] segment: a recording and a dirty scene; Quit from authoring
[qa 18:51:45] launched pid 16841, window at 0,21, log m6a-guard.log
[qa 18:52:03] PASS {"kind": "control", "duplicate": "push", "created": "push-2", "reason": null, "laws": 4, "mode": "packaged", "t": 21300}  [control] a law created during the recording
[qa 18:52:16] PASS {"kind": "control", "law": "calm", "enabled": false, "revision": 4, "mode": "packaged", "t": 34331}  [control] the scene is edited after the recording: dirty
[qa 18:52:20] the guard asks about the scene
[qa 18:52:21] the guard asks about the recording
[qa 18:52:23] PASS  [guard] the scene was asked first (Discard, staged), then the recording (Cancel): [["scene", "discard"], ["recording", "cancel"]]
[qa 18:52:24] PASS {"kind": "layout", "playing": false, "authority": {"tick": 871, "cursor": 4, "stateHash": "273cfad7a8fbf0ca", "engineHash": "d4485ac3abb323cd"}, "viewport": [1168, 734], "devicePixelRatio": 2, "controls": {"drag-region": [0, 0, 584, 40], "tools": [592, 5, 564, 30], "undo": [592, 5, 75.7, 28], "redo"  [layout] the recording is kept, unsaved, in authoring
[qa 18:52:24] PASS  [recovery] the staged Discard was not committed: the recovery snapshots are still there (current.lawsmith-recovery.json
previous.lawsmith-recovery.json)
[qa 18:52:24] captured guard-01-canceled.png
[qa 18:52:24] segment: from replay: Save Recording, then Cancel the scene
[qa 18:52:49] PASS {"kind": "layout", "playing": false, "authority": {"tick": 398, "cursor": 2, "stateHash": "425de063c79092e0", "engineHash": "4001a551f1d56246"}, "viewport": [1168, 734], "devicePixelRatio": 2, "controls": {"drag-region": [0, 0, 584, 40], "tools": [592, 5, 564, 30], "undo": [592, 5, 75.7, 28], "redo"  [layout] the replay names the law the recording created as its record carries it, not by its ID
[qa 18:52:50] the guard asks about the recording
[qa 18:52:56] the guard asks about the scene
[qa 18:52:57] PASS  [guard] from replay the recording was asked first (Save Recording), then the scene (Cancel): [["recording", "save"], ["scene", "cancel"]]
[qa 18:52:57] PASS {"kind": "document", "action": "save-recording", "outcome": "saved", "file": "guard-run.lawsmith-run.json", "runId": "run-976a09ac-10ef-4139-aa2b-d45480582249", "bytes": 7620, "commands": 3, "finalTick": 871, "lastAppliedSequence": 3, "stopped": "user", "writeMs": 11.999, "saveMs": 13, "mode": "pack  [document] the guard saved the recording
[qa 18:52:59] PASS {"kind": "layout", "playing": false, "authority": {"tick": 398, "cursor": 2, "stateHash": "425de063c79092e0", "engineHash": "4001a551f1d56246"}, "viewport": [1168, 734], "devicePixelRatio": 2, "controls": {"drag-region": [0, 0, 584, 40], "tools": [592, 5, 564, 30], "undo": [592, 5, 75.7, 28], "redo"  [layout] the same paused replay, at the same address; the recording now saved
[qa 18:52:59] captured guard-02-replay-kept.png
[qa 18:52:59] segment: files opened from replay: invalid, foreign and scene-shaped ones change nothing
[qa 18:53:27] PASS {"kind": "document", "outcome": "rejected", "action": "open-recording", "incompatible": false, "file": "broken.lawsmith-run.json", "path": "commands[1].sequence", "reason": "must be 2: sequences start at 1 and increase by one", "mode": "packaged", "t": 102030}  [document] a malformed run is refused at its path
[qa 18:53:28] PASS {"kind": "layout", "playing": false, "authority": {"tick": 398, "cursor": 2, "stateHash": "425de063c79092e0", "engineHash": "4001a551f1d56246"}, "viewport": [1168, 734], "devicePixelRatio": 2, "controls": {"drag-region": [0, 0, 584, 40], "tools": [592, 5, 564, 30], "undo": [592, 5, 75.7, 28], "redo"  [layout] after broken.lawsmith-run.json: the same replay, run and address, and no candidate left
[qa 18:53:40] PASS {"kind": "document", "outcome": "rejected", "action": "open-recording", "incompatible": true, "file": "foreign.lawsmith-run.json", "path": "qualification", "reason": "it was recorded by a different Lawsmith build or runtime: webkit \"22625.2.7.1.1\" (here \"22625.2.7.1\"). Exact replay is qualified   [document] a run from another runtime is refused as incompatible, never replayed as exact
[qa 18:53:41] PASS {"kind": "layout", "playing": false, "authority": {"tick": 398, "cursor": 2, "stateHash": "425de063c79092e0", "engineHash": "4001a551f1d56246"}, "viewport": [1168, 734], "devicePixelRatio": 2, "controls": {"drag-region": [0, 0, 584, 40], "tools": [592, 5, 564, 30], "undo": [592, 5, 75.7, 28], "redo"  [layout] after foreign.lawsmith-run.json: the same replay, run and address, and no candidate left
[qa 18:53:54] PASS {"kind": "document", "outcome": "rejected", "action": "open-recording", "incompatible": false, "file": "m6a-lab.lawsmith.json", "path": "format", "reason": "this is a Lawsmith scene, not a recording; open it with Open Scene", "mode": "packaged", "t": 128609}  [document] a scene opened as a recording is refused with the right command named
[qa 18:53:55] PASS {"kind": "layout", "playing": false, "authority": {"tick": 398, "cursor": 2, "stateHash": "425de063c79092e0", "engineHash": "4001a551f1d56246"}, "viewport": [1168, 734], "devicePixelRatio": 2, "controls": {"drag-region": [0, 0, 584, 40], "tools": [592, 5, 564, 30], "undo": [592, 5, 75.7, 28], "redo"  [layout] after m6a-lab.lawsmith.json: the same replay, run and address, and no candidate left
[qa 18:54:07] PASS {"kind": "document", "action": "open-recording", "outcome": "committed", "file": "guard-run.lawsmith-run.json", "runId": "run-976a09ac-10ef-4139-aa2b-d45480582249", "commands": 3, "finalTick": 871, "lastAppliedSequence": 3, "bytes": 7620, "readMs": 0.168, "parseMs": 4, "candidateMs": 1, "commitMs":   [document] the saved run opened from replay, with no question (it is saved)
[qa 18:54:08] PASS {"kind": "layout", "playing": false, "authority": {"tick": 0, "cursor": 0, "stateHash": "c2946dec66ba469d", "engineHash": "1b79a5ce1689ba83"}, "viewport": [1168, 734], "devicePixelRatio": 2, "controls": {"drag-region": [0, 0, 584, 40], "tools": [592, 5, 564, 30], "undo": [592, 5, 75.7, 28], "redo":   [layout] a fresh replay of it, from tick 0
[qa 18:54:08] captured guard-03-imports.png
[qa 18:54:08] segment: Quit from replay saves the main authored scene, never the replay
[qa 18:54:26] the guard asks about the scene
PASS  [file] the saved scene is the authored one (calm disabled), not the replay's root
[qa 18:54:31] launched pid 31787, window at 0,21, log m6a-guard-relaunch.log
[qa 18:54:31] PASS {"kind": "recovery", "action": "launch", "current": "absent", "previous": "absent", "mode": "packaged", "t": 3558}  [recovery] the relaunch finds no recovery to offer: the saved scene retired it
[qa 18:54:34] m6a-guard complete
