[qa 22:37:24] segment: session A: record a real intervention
[qa 22:37:43] launched pid 44873, window at 0,21, log m6a-rec.log
[qa 22:37:53] PASS {"kind": "document", "action": "open", "outcome": "committed", "file": "m6a-lab.lawsmith.json", "generation": 2, "title": "M6A lab", "bytes": 4415, "readMs": 0.086, "parseMs": 1, "candidateMs": 2, "commitMs": 5, "openMs": 8.086, "mode": "packaged", "t": 10543}  [document] the M6A lab opened transactionally
[qa 22:37:53] PASS {"kind": "qualification", "identity": {"app": "Lawsmith 0.0.0", "build": "packaged", "bundle": "index-TQqm3bzE.js sha256:6d3ea8e48e7cc8b8bdf1fb7520ba240bfef37e3ded4eb466787e959bd6613632", "tauri": "tauri 3.0.0-alpha.4; tauri-runtime 3.0.0-alpha.3; tauri-runtime-wry 3.0.0-alpha.4; wry 0.57.0; tao 0.3  [qualification] the packaged build reports a complete, qualified identity
[qa 22:37:55] recording m6a-record for 110 s (overlay windows skipped by the hit test: 4348)
[qa 22:37:56] PASS {"kind": "layout", "playing": false, "authority": {"tick": 0, "cursor": 0, "stateHash": "c2946dec66ba469d", "engineHash": "1b79a5ce1689ba83"}, "viewport": [1168, 734], "devicePixelRatio": 2, "controls": {"drag-region": [0, 0, 584, 40], "tools": [592, 5, 564, 30], "undo": [592, 5, 75.7, 28], "redo":   [layout] idle: Record from tick 0 and Open recording are offered
[qa 22:37:56] captured record-01-idle.png
[qa 22:37:57] PASS {"kind": "recording", "action": "start", "runId": "run-93a5cc3e-50da-43de-9ba3-69e087b3eeaa", "tick": 0, "cursor": 0, "bytes": 6033, "qualified": true, "laws": [{"id": "calm", "enabled": true, "position": [-3, 0, 0], "rotation": [0, 0, 0, 1], "region": {"kind": "sphere", "radius": 1.2}, "edgeFade":   [recording] Record from tick 0 started a new experiment at (0, 0)
[qa 22:38:11] PASS {"kind": "gesture", "phase": "commit", "reason": "stale-buttons", "transformMode": "translate", "handle": null, "samples": 24, "rejected": 0, "pointer": null, "firstRevision": 1, "lastRevision": 24, "field": {"enabled": true, "position": [0.14481195106623934, 1, 0], "rotation": [0, 0, 0, 1], "region  [gesture] the push was dragged while the stream played: one gesture of many samples
[qa 22:38:14] PASS {"kind": "control", "law": "storm-bottle", "enabled": false, "revision": 25, "mode": "packaged", "t": 34179}  [control] the Storm Bottle disabled, live
[qa 22:38:17] PASS {"kind": "control", "law": "storm-bottle", "enabled": true, "revision": 26, "mode": "packaged", "t": 37349}  [control] and enabled again
[qa 22:38:33] PASS {"kind": "control", "law": "storm-bottle", "ingredient": "Add gain", "path": [1], "revision": 27, "field": {"id": "storm-bottle", "enabled": true, "position": [3.2, 1.6, 0], "rotation": [0, 0, 0, 1], "region": {"kind": "cylinderY", "radius": 1.4, "halfHeight": 1.8}, "edgeFade": 0.25, "expression": {  [control] paused: the swirl got a gain
[qa 22:38:36] PASS {"kind": "control", "law": "storm-bottle", "ingredient": "Change gain", "path": [1], "revision": 28, "field": {"id": "storm-bottle", "enabled": true, "position": [3.2, 1.6, 0], "rotation": [0, 0, 0, 1], "region": {"kind": "cylinderY", "radius": 1.4, "halfHeight": 1.8}, "edgeFade": 0.25, "expression"  [control] and, at the same tick, a triangle
[qa 22:38:36] captured record-02-recording.png
[qa 22:38:41] PASS {"kind": "history", "action": "undo", "ok": true, "label": "Change gain", "law": "storm-bottle", "reason": null, "revision": 29, "tick": 2813, "laws": [{"id": "calm", "enabled": true, "position": [-3, 0, 0], "rotation": [0, 0, 0, 1], "region": {"kind": "sphere", "radius": 1.2}, "edgeFade": 0.2, "exp  [history] live undo of the triangle, while playing
[qa 22:38:58] PASS {"kind": "control", "law": "push", "enabled": true, "revision": 31, "mode": "packaged", "t": 77922}  [control] two paused edits at the final tick
[qa 22:38:59] PASS {"kind": "layout", "playing": false, "authority": {"tick": 3262, "cursor": 31, "stateHash": "3688660bf2a237bb", "engineHash": "518104839d148957"}, "viewport": [1168, 734], "devicePixelRatio": 2, "controls": {"drag-region": [0, 0, 584, 40], "tools": [592, 5, 564, 30], "undo": [592, 5, 75.7, 28], "red  [layout] recording: Stop, and progress toward the limits
[qa 22:39:03] PASS {"kind": "recording", "action": "stopped", "runId": "run-93a5cc3e-50da-43de-9ba3-69e087b3eeaa", "title": "M6A lab", "commands": 31, "finalTick": 3262, "lastAppliedSequence": 31, "stopped": "user", "finalCheck": {"stateSha256": "ff313159ddbf99ff1d56f6763a427fb304bef105f1acf2343bc0e344d8888d74", "engi  [recording] Stop froze the record at its final address, with a final check
[qa 22:39:04] recorded run-93a5cc3e-50da-43de-9ba3-69e087b3eeaa: final address (3262, 31)
[qa 22:39:08] PASS {"kind": "layout", "playing": false, "authority": {"tick": 3262, "cursor": 32, "stateHash": "ee6b8d62cdba321d", "engineHash": "518104839d148957"}, "viewport": [1168, 734], "devicePixelRatio": 2, "controls": {"drag-region": [0, 0, 584, 40], "tools": [592, 5, 564, 30], "undo": [592, 5, 75.7, 28], "red  [layout] the post-stop edit left the record's final address
[qa 22:39:08] PASS {"kind": "control", "law": "push", "enabled": false, "revision": 32, "mode": "packaged", "t": 86930}  [control] the post-stop edit applied to the live scene
[qa 22:39:09] captured record-03-stopped.png
[qa 22:39:09] segment: session A: replay shows the recording, then Return to authoring
[qa 22:39:28] PASS {"kind": "context", "reason": "replay", "worlds": 2, "peakWorlds": 2, "authoring": 1, "replay": 1, "candidates": 0, "seeking": 0, "checkpoints": 0, "checkpointBytes": 0, "selected": "replay", "recording": "recorded", "comparison": null, "tick": 0, "cursor": 0, "runId": "run-93a5cc3e-50da-43de-9ba3-6  [context] replay: a second world from the frozen root, the authoring world kept
[qa 22:39:33] PASS {"kind": "layout", "playing": false, "authority": {"tick": 0, "cursor": 0, "stateHash": "c2946dec66ba469d", "engineHash": "1b79a5ce1689ba83"}, "viewport": [1168, 734], "devicePixelRatio": 2, "controls": {"drag-region": [0, 0, 584, 40], "tools": [592, 5, 564, 30], "undo": [592, 5, 75.7, 28], "redo":   [layout] the replay shows the root's push (enabled, at -1.5), not the newer authored one
[qa 22:39:33] PASS {"kind": "layout", "playing": false, "authority": {"tick": 0, "cursor": 0, "stateHash": "c2946dec66ba469d", "engineHash": "1b79a5ce1689ba83"}, "viewport": [1168, 734], "devicePixelRatio": 2, "controls": {"drag-region": [0, 0, 584, 40], "tools": [592, 5, 564, 30], "undo": [592, 5, 75.7, 28], "redo":   [layout] read-only replay: its title, Replay from start and Return to authoring, no Record
[qa 22:39:33] captured replay-01-root.png
[qa 22:40:03] PASS {"kind": "replay-complete", "runId": "run-93a5cc3e-50da-43de-9ba3-69e087b3eeaa", "tick": 3262, "cursor": 31, "finalTick": 3262, "lastAppliedSequence": 31, "check": {"kind": "match"}, "stateSha256": "ff313159ddbf99ff1d56f6763a427fb304bef105f1acf2343bc0e344d8888d74", "engineSha256": "1919ba709b9bd168d  [replay-complete] the replay reached the frozen address and matched the recorded end
[qa 22:40:05] PASS {"kind": "layout", "playing": false, "authority": {"tick": 3262, "cursor": 31, "stateHash": "3688660bf2a237bb", "engineHash": "518104839d148957"}, "viewport": [1168, 734], "devicePixelRatio": 2, "controls": {"drag-region": [0, 0, 584, 40], "tools": [592, 5, 564, 30], "undo": [592, 5, 75.7, 28], "red  [layout] at the end: read-only, paused, the check shown
[qa 22:40:05] captured replay-02-end.png
[qa 22:40:06] PASS {"kind": "file-control", "action": "save", "outcome": "refused", "reason": "replay", "mode": "packaged", "t": 146079}  [file-control] ⌘S during replay saves nothing: ordinary Save Scene is off
[qa 22:40:08] PASS {"kind": "context", "reason": "return", "worlds": 1, "peakWorlds": 2, "authoring": 1, "replay": 0, "candidates": 0, "seeking": 0, "checkpoints": 13, "checkpointBytes": 1162432, "selected": "authoring", "recording": "recorded", "comparison": null, "tick": 3262, "cursor": 32, "runId": null, "qualified  [context] Return to authoring freed the replay world
[qa 22:40:11] PASS {"kind": "layout", "playing": false, "authority": {"tick": 3262, "cursor": 32, "stateHash": "ee6b8d62cdba321d", "engineHash": "518104839d148957"}, "viewport": [1168, 734], "devicePixelRatio": 2, "controls": {"drag-region": [0, 0, 584, 40], "tools": [592, 5, 564, 30], "undo": [592, 5, 75.7, 28], "red  [layout] the retained authoring scene is back: the push disabled after the stop
[qa 22:40:11] PASS  [m6aq retained] the authoring world, revision and history are identical before and after the replay: 1 replays left the authoring world, revision and history identical
[qa 22:40:12] captured replay-03-returned.png
[qa 22:40:12] segment: session A: save the recording and quit
[qa 22:40:35] PASS {"kind": "document", "action": "save-recording", "outcome": "saved", "file": "m6a-qa.lawsmith-run.json", "runId": "run-93a5cc3e-50da-43de-9ba3-69e087b3eeaa", "bytes": 17641, "commands": 31, "finalTick": 3262, "lastAppliedSequence": 31, "stopped": "user", "writeMs": 9.912, "saveMs": 13, "mode": "pack  [document] Save Recording wrote the run file
[qa 22:40:35] waiting for m6a-record to finish
[qa 22:40:42] recording m6a-record.mp4 written
[qa 22:40:42] PASS  [m6aq runfile] the saved run holds the multi-boundary drag, same-tick and terminal commands, the triangle and its undo: {"format": "lawsmith.run", "runId": "run-93a5cc3e-50da-43de-9ba3-69e087b3eeaa", "commands": 31, "finalTick": 3262, "lastAppliedSequence": 31, "stopped": "user", "finalCheck": {"engineSha256": "1919ba709b9bd168d92b61a500149cd64b8b99f38079790ed732ec4e12e7d41f", "stateSha256": "ff313159ddbf99ff1d56f6763a427fb304bef105f1acf2343bc0e344d8888d74"}, "multiBoundaryTransactions": {"tx-1": [711, 739, 768, 798, 825, 855, 884, 914, 942, 972, 999, 1029, 1058, 1086, 1116, 1143, 1173, 1203, 1231, 1262, 1290, 1317, 1347, 1375]}, "sameTickGroups": {"2486": [27, 28], "3262": [30, 31]}, "triangleCommands": [28], "triangleUndone": true, "disableCommands": [25, 30], "terminalCommands": [30, 31], "rootLaws": ["calm", "push", "storm-bottle"], "createdLaws": [], "qualification": {"app": "Lawsmith 0.0.0", "arch": "aarch64", "build": "packaged", "bundle": "index-TQqm3bzE.js sha256:6d3ea8e48e7cc8b8bdf1fb7520ba240bfef37e3ded4eb466787e959bd6613632", "os": "macOS 27.2 (26B5101f)", "tauri": "tauri 3.0.0-alpha.4; tauri-runtime 3.0.0-alpha.3; tauri-runtime-wry 3.0.0-alpha.4; wry 0.57.0; tao 0.37.1", "webkit": "22625.2.7.1"}}
[qa 22:40:44] the guard asks about the scene
[qa 22:40:46] segment: session B: a fresh launch opens and replays it
[qa 22:41:05] launched pid 58362, window at 0,21, log m6a-replay.log
[qa 22:41:07] recording m6a-replay for 80 s (overlay windows skipped by the hit test: 4390)
[qa 22:41:09] a window of pid 1066 covers (936,140) during this segment; bringing the app under test back
[qa 22:41:09] FAIL: refused input at (936,140): topmost is {"owner":"Control Center","pid":1066,"layer":24,"id":4393,"name":"","bounds":{"X":829,"Height":145,"Y":26,"Width":319}} 3
