[qa 04:04:07] segment: authoring: undo and identity
[qa 04:04:27] launched pid 54212, window at 0,21, log auth-a.log
[qa 04:04:36] PASS {"kind": "gesture", "phase": "commit", "reason": "stale-buttons", "transformMode": "translate", "handle": null, "samples": 24, "rejected": 0, "pointer": null, "firstRevision": 1, "lastRevision": 24, "field": {"enabled": true, "position": [1.7659984003524407, 1, 0], "rotation": [0, 0, 0, 1], "region"  [gesture] one move gesture
[qa 04:04:37] PASS {"kind": "history", "action": "undo", "ok": true, "label": "Move law", "law": "sideways", "reason": null, "revision": 25, "tick": 0, "laws": [{"id": "sideways", "enabled": true, "position": [3, 1, 0], "rotation": [0, 0, 0, 1], "region": {"kind": "box", "halfExtents": [1.5, 2, 1.5]}, "edgeFade": 0.25  [history] one undo restores the law to where the drag began
[qa 04:04:38] PASS {"kind": "history", "action": "redo", "ok": true, "label": "Move law", "law": "sideways", "reason": null, "revision": 26, "tick": 0, "laws": [{"id": "sideways", "enabled": true, "position": [1.7659984003524407, 1, 0], "rotation": [0, 0, 0, 1], "region": {"kind": "box", "halfExtents": [1.5, 2, 1.5]},  [history] redo restores the dragged position exactly
[qa 04:04:39] PASS {"kind": "history", "action": "undo", "ok": true, "label": "Move law", "law": "sideways", "reason": null, "revision": 27, "tick": 0, "laws": [{"id": "sideways", "enabled": true, "position": [3, 1, 0], "rotation": [0, 0, 0, 1], "region": {"kind": "box", "halfExtents": [1.5, 2, 1.5]}, "edgeFade": 0.25  [history] a second undo is the same entry again
[qa 04:04:45] PASS {"kind": "history", "action": "undo", "ok": true, "label": "Move law", "law": "sideways", "reason": null, "revision": 29, "tick": 433, "laws": [{"id": "sideways", "enabled": true, "position": [3, 1, 0], "rotation": [0, 0, 0, 1], "region": {"kind": "box", "halfExtents": [1.5, 2, 1.5]}, "edgeFade": 0.  [history] undo while playing applies at the current tick
[qa 04:04:54] PASS {"kind": "sim-control", "action": "pause", "reason": "control", "tick": 1557, "mode": "packaged", "t": 30805}  [sim-control] the run kept advancing after the undo
[qa 04:04:57] PASS {"kind": "control", "duplicate": "sideways", "created": "sideways-2", "reason": null, "laws": 2, "mode": "packaged", "t": 33378}  [control] duplicate creates the next free ID
[qa 04:04:58] PASS {"kind": "control", "delete": "sideways-2", "ok": true, "laws": 1, "mode": "packaged", "t": 34929}  [control] delete removes the selected copy through the command path
[qa 04:04:59] PASS {"kind": "history", "action": "undo", "ok": true, "label": "Delete law", "law": "sideways-2", "reason": null, "revision": 33, "tick": 1557, "laws": [{"id": "sideways", "enabled": true, "position": [3, 1, 0], "rotation": [0, 0, 0, 1], "region": {"kind": "box", "halfExtents": [1.5, 2, 1.5]}, "edgeFade  [history] undo of delete brings back sideways-2 with its ID
[qa 04:05:00] PASS {"kind": "history", "action": "undo", "ok": true, "label": "Duplicate law", "law": "sideways-2", "reason": null, "revision": 34, "tick": 1557, "laws": [{"id": "sideways", "enabled": true, "position": [3, 1, 0], "rotation": [0, 0, 0, 1], "region": {"kind": "box", "halfExtents": [1.5, 2, 1.5]}, "edgeF  [history] undo of duplicate removes the copy
[qa 04:05:01] PASS {"kind": "history", "action": "redo", "ok": true, "label": "Duplicate law", "law": "sideways-2", "reason": null, "revision": 36, "tick": 1557, "laws": [{"id": "sideways", "enabled": true, "position": [3, 1, 0], "rotation": [0, 0, 0, 1], "region": {"kind": "box", "halfExtents": [1.5, 2, 1.5]}, "edgeF  [history] redo of duplicate recreates the same ID
[qa 04:05:01] captured auth-01-duplicate.png
[qa 04:05:01] segment: authoring: presentation versus semantics
[qa 04:05:21] PASS {"kind": "digest", "reason": "color", "generation": 1, "revision": 37, "semanticSha256": "f4296950486d582f2673bf0533e358953aedaf7784b01b5e84b06546f1ed2c6c", "mode": "packaged", "t": 57240}  [digest] a color change keeps the semantic digest
[qa 04:05:21] PASS {"kind": "digest", "reason": "visibility", "generation": 1, "revision": 38, "semanticSha256": "f4296950486d582f2673bf0533e358953aedaf7784b01b5e84b06546f1ed2c6c", "mode": "packaged", "t": 57789}  [digest] hiding the law keeps the semantic digest
[qa 04:05:23] PASS {"kind": "digest", "reason": "arrows", "generation": 1, "revision": 39, "semanticSha256": "f4296950486d582f2673bf0533e358953aedaf7784b01b5e84b06546f1ed2c6c", "mode": "packaged", "t": 59304}  [digest] turning arrows off keeps the semantic digest
[qa 04:05:26] PASS {"kind": "digest", "reason": "label", "generation": 1, "revision": 40, "semanticSha256": "f4296950486d582f2673bf0533e358953aedaf7784b01b5e84b06546f1ed2c6c", "mode": "packaged", "t": 61948}  [digest] renaming the law keeps the semantic digest
[qa 04:05:36] PASS {"kind": "digest", "reason": "label", "generation": 1, "revision": 40, "semanticSha256": "f4296950486d582f2673bf0533e358953aedaf7784b01b5e84b06546f1ed2c6c", "mode": "packaged", "t": 61948}  [digest] moving the camera made no document edit
[qa 04:05:36] PASS  the camera moved without a document edit
[qa 04:05:36] captured auth-02-presentation.png
[qa 04:05:36] PASS {"kind": "digest", "reason": "enabled", "generation": 1, "revision": 41, "semanticSha256": "449b4d17e15c4b84d7354abd878b2d4acc92a1b226c54a4b91e22f64efe42b00", "mode": "packaged", "t": 73090}  [digest] disabling the law changes the semantic digest
[qa 04:05:40] PASS {"kind": "control", "law": "sideways", "precise": "Move law", "rejected": "position components must be within \u00b11000 m", "mode": "packaged", "t": 75764}  [control] an out-of-range position is rejected
[qa 04:05:41] captured auth-03-rejected-value.png
[qa 04:05:45] PASS {"kind": "control", "law": "sideways", "precise": "Move law", "revision": 42, "field": {"id": "sideways", "enabled": false, "position": [2.5, 1, 0], "rotation": [0, 0, 0, 1], "region": {"kind": "box", "halfExtents": [1.5, 2, 1.5]}, "edgeFade": 0.25, "expression": {"kind": "directional", "direction":  [control] a valid precise value is one validated edit
[qa 04:05:47] m2-authoring complete
