[qa 04:08:33] segment: guard: cancel, coalesce, discard
[qa 04:08:53] launched pid 60505, window at 0,21, log guard-a.log
[qa 04:08:56] PASS {"kind": "recovery", "action": "write", "generation": 1, "revision": 1, "bytes": 2812, "captureMs": 1, "ackMs": 10, "mode": "packaged", "t": 6160}  [recovery] the edit is kept in a recovery snapshot
[qa 04:08:58] captured guard-01-alert.png
[qa 04:08:59] PASS {"kind": "guard", "frozen": false, "tick": 0, "mode": "packaged", "t": 9484}  [guard] close then Cancel keeps the app open with edits unfrozen
[qa 04:09:03] PASS {"kind": "guard", "frozen": false, "tick": 0, "mode": "packaged", "t": 12851}  [guard] quit then Cancel keeps the app open with edits unfrozen
[qa 04:09:05] PASS {"kind": "guard", "frozen": false, "tick": 0, "mode": "packaged", "t": 15620}  [guard] dock then Cancel keeps the app open with edits unfrozen
[qa 04:09:06] PASS  recovery eligibility survived three canceled requests
[qa 04:09:07] PASS {"kind": "history", "action": "undo", "ok": true, "label": "Disable law", "law": "sideways", "reason": null, "revision": 2, "tick": 0, "laws": [{"id": "sideways", "enabled": true, "position": [3, 1, 0], "rotation": [0, 0, 0, 1], "region": {"kind": "box", "halfExtents": [1.5, 2, 1.5]}, "edgeFade": 0.  [history] undo still works after the canceled guards
[qa 04:09:08] PASS {"kind": "history", "action": "redo", "ok": true, "label": "Disable law", "law": "sideways", "reason": null, "revision": 3, "tick": 0, "laws": [{"id": "sideways", "enabled": false, "position": [3, 1, 0], "rotation": [0, 0, 0, 1], "region": {"kind": "box", "halfExtents": [1.5, 2, 1.5]}, "edgeFade": 0  [history] redo restores the edit
[qa 04:09:11] PASS  simultaneous Close and Quit coalesced into one guard
[qa 04:09:12] PASS {"kind": "recovery", "action": "discard", "generation": 1, "mode": "packaged", "t": 22685}  [recovery] Don't Save retired this generation's recovery
[qa 04:09:16] launched pid 61149, window at 0,21, log guard-b.log
[qa 04:09:16] PASS {"kind": "recovery", "action": "launch", "current": "absent", "previous": "absent", "mode": "packaged", "t": 3529}  [recovery] saved or discarded work is not offered after restart
[qa 04:09:18] segment: guard: save
[qa 04:09:37] launched pid 61612, window at 0,21, log guard-c.log
[qa 04:09:46] PASS {"kind": "document", "action": "save-as", "outcome": "saved", "file": "guard-saved.lawsmith.json", "generation": 1, "revision": 1, "laterEdits": 0, "recoveryRetired": true, "bytes": 2504, "captureMs": 0, "writeMs": 7.644, "saveMs": 13, "mode": "packaged", "t": 12107}  [document] Save in the guard saved through Save As before quitting
[qa 04:09:50] launched pid 61991, window at 0,21, log guard-d.log
[qa 04:09:51] PASS {"kind": "recovery", "action": "launch", "current": "absent", "previous": "absent", "mode": "packaged", "t": 3543}  [recovery] saved or discarded work is not offered after restart
[qa 04:09:53] segment: recovery after a crash
[qa 04:10:12] launched pid 62444, window at 0,21, log guard-e.log
[qa 04:10:19] PASS {"kind": "recovery", "action": "write", "generation": 1, "revision": 2, "bytes": 2811, "captureMs": 0, "ackMs": 10, "mode": "packaged", "t": 9145}  [recovery] the latest revision is in recovery before the crash
[qa 04:10:19] the test instance was killed (simulated crash)
[qa 04:10:23] launched pid 62763, window at 0,21, log guard-f.log
[qa 04:10:24] PASS {"kind": "recovery", "action": "launch", "current": {"generation": 1, "revision": 2}, "previous": {"generation": 1, "revision": 1}, "mode": "packaged", "t": 3532}  [recovery] the crashed session's work is found at launch
[qa 04:10:25] captured guard-02-recovery-offer.png
[qa 04:10:26] PASS  editing is frozen while the recovery offer waits
[qa 04:10:28] PASS {"kind": "document", "action": "recover", "outcome": "committed", "file": null, "generation": 2, "title": "Falling stream", "mode": "packaged", "t": 8428}  [document] Recover opens the work unbound, paused at tick 0
[qa 04:10:29] PASS {"kind": "recovery", "action": "write", "generation": 2, "revision": 0, "bytes": 2811, "captureMs": 0, "ackMs": 8, "mode": "packaged", "t": 8937}  [recovery] recovered work is written as a snapshot of this session
[qa 04:10:30] captured guard-03-recovered.png
[qa 04:10:35] launched pid 63155, window at 0,21, log guard-g.log
[qa 04:10:35] PASS {"kind": "recovery", "action": "launch", "current": "absent", "previous": "absent", "mode": "packaged", "t": 3532}  [recovery] saved or discarded work is not offered after restart
[qa 04:10:38] segment: corrupt newest snapshot
[qa 04:10:57] launched pid 63611, window at 0,21, log guard-h.log
[qa 04:11:04] the newest snapshot was overwritten with invalid bytes
[qa 04:11:08] launched pid 63925, window at 0,21, log guard-i.log
[qa 04:11:08] PASS {"kind": "recovery", "action": "launch", "current": {"invalid": "JSON Parse error: Unexpected identifier \"not\""}, "previous": {"generation": 1, "revision": 1}, "mode": "packaged", "t": 3569}  [recovery] the corrupt newest copy is reported and the previous one found
[qa 04:11:09] captured guard-04-older-offer.png
[qa 04:11:12] PASS {"kind": "recovery", "action": "offer-resolved", "outcome": true, "mode": "packaged", "t": 6821}  [recovery] the offer is resolved by Discard
[qa 04:11:18] launched pid 64262, window at 0,21, log guard-j.log
[qa 04:11:18] PASS {"kind": "recovery", "action": "launch", "current": "absent", "previous": "absent", "mode": "packaged", "t": 3530}  [recovery] saved or discarded work is not offered after restart
[qa 04:11:21] segment: recover the older copy over a corrupt newest one
[qa 04:11:40] launched pid 64714, window at 0,21, log guard-m.log
[qa 04:11:46] the newest snapshot was overwritten with invalid bytes
[qa 04:11:50] launched pid 65070, window at 0,21, log guard-n.log
[qa 04:11:51] PASS {"kind": "recovery", "action": "launch", "current": {"invalid": "JSON Parse error: Unexpected identifier \"not\""}, "previous": {"generation": 1, "revision": 1}, "mode": "packaged", "t": 3525}  [recovery] the corrupt newest copy is reported and the previous one found
[qa 04:11:53] PASS {"kind": "document", "action": "recover", "outcome": "committed", "file": null, "generation": 2, "title": "Falling stream", "mode": "packaged", "t": 5730}  [document] Recover opens the older copy
[qa 04:11:54] PASS {"kind": "recovery", "action": "write", "generation": 2, "revision": 0, "bytes": 2812, "captureMs": 1, "ackMs": 9, "mode": "packaged", "t": 6240}  [recovery] the recovered work is written as a snapshot of this session
[qa 04:11:54] the test instance was killed after its first recovery write
[qa 04:11:58] launched pid 65345, window at 0,21, log guard-o.log
[qa 04:11:59] PASS {"kind": "recovery", "action": "launch", "current": {"generation": 2, "revision": 0}, "previous": {"generation": 1, "revision": 1}, "mode": "packaged", "t": 3526}  [recovery] the recovered older copy is still a valid previous snapshot
[qa 04:12:02] PASS {"kind": "recovery", "action": "offer-resolved", "outcome": true, "mode": "packaged", "t": 5686}  [recovery] the offer is resolved by Discard
[qa 04:12:08] launched pid 65652, window at 0,21, log guard-p.log
[qa 04:12:08] PASS {"kind": "recovery", "action": "launch", "current": "absent", "previous": "absent", "mode": "packaged", "t": 3546}  [recovery] saved or discarded work is not offered after restart
[qa 04:12:10] segment: open replaces unsaved work
[qa 04:12:29] launched pid 66104, window at 0,21, log guard-k.log
[qa 04:12:39] PASS {"kind": "document", "action": "open", "outcome": "canceled", "stage": "guard", "mode": "packaged", "t": 13650}  [document] a canceled replacement keeps the scene and frees the candidate
[qa 04:12:48] PASS {"kind": "document", "action": "open", "outcome": "committed", "file": "calibration.lawsmith.json", "generation": 2, "title": "Falling stream", "bytes": 2503, "readMs": 0.19, "parseMs": 0, "candidateMs": 1, "commitMs": 1, "openMs": 2.19, "mode": "packaged", "t": 22073}  [document] Don't Save lets the opened scene replace the unsaved one
[qa 04:12:54] launched pid 66678, window at 0,21, log guard-l.log
[qa 04:12:54] PASS {"kind": "recovery", "action": "launch", "current": "absent", "previous": "absent", "mode": "packaged", "t": 3532}  [recovery] saved or discarded work is not offered after restart
[qa 04:12:56] segment: dock quit with an unretired recovery copy
[qa 04:13:16] launched pid 67217, window at 0,21, log guard-q.log
[qa 04:13:19] PASS {"kind": "recovery", "action": "write", "generation": 1, "revision": 1, "bytes": 2812, "captureMs": 0, "ackMs": 10, "mode": "packaged", "t": 6224}  [recovery] the edit is kept in a recovery snapshot
[qa 04:13:24] PASS {"kind": "document", "action": "save-as", "outcome": "saved", "file": "guard-unretired.lawsmith.json", "generation": 1, "revision": 1, "laterEdits": 0, "recoveryRetired": false, "bytes": 2504, "captureMs": 0, "writeMs": 8.652, "saveMs": 15, "mode": "packaged", "t": 11113}  [document] the save succeeds but its recovery copy cannot be removed
[qa 04:13:25] PASS  Dock Quit ran the guard, which stayed open while the copy could not be removed
[qa 04:13:26] PASS {"kind": "recovery", "action": "retire", "generation": 1, "through": 1, "mode": "packaged", "t": 13583}  [recovery] the guard retried the retirement before exiting
[qa 04:13:30] launched pid 67580, window at 0,21, log guard-r.log
[qa 04:13:30] PASS {"kind": "recovery", "action": "launch", "current": "absent", "previous": "absent", "mode": "packaged", "t": 3541}  [recovery] saved work is not offered after restart
[qa 04:13:30] PASS  a clean Dock Quit with nothing in recovery quit at once, without the guard
[qa 04:13:30] m2-guard complete
