[qa 03:56:29] segment: examples: radial catch, release and repulsion
[qa 03:56:48] launched pid 43833, window at 0,21, log demo3.log
[qa 03:57:00] PASS {"kind": "document", "action": "open", "outcome": "committed", "file": "catch-and-release.lawsmith.json", "generation": 2, "title": "Catch and Release", "bytes": 2504, "readMs": 0.17, "parseMs": 0, "candidateMs": 1, "commitMs": 3, "openMs": 4.17, "mode": "packaged", "t": 11327}  [document] catch-and-release opened transactionally
[qa 03:57:00] PASS {"kind": "sim-control", "action": "load", "tick": 0, "playing": false, "run": 1, "laws": [{"id": "pull", "enabled": true, "position": [1, 2.8, 0], "rotation": [0, 0, 0, 1], "region": {"kind": "sphere", "radius": 1.6}, "edgeFade": 0.25, "expression": {"kind": "softRadial", "strength": 12, "coreRadius  [sim-control] catch-and-release starts paused at tick 0
[qa 03:57:02] recording m3-radial for 55 s (overlay windows skipped by the hit test: 30422)
[qa 03:57:08] PASS {"kind": "pacing", "intervalMs": [17, 17, 18], "maxIntervalMs": 23, "workP95Ms": 2, "stallsOver50ms": 2, "devicePixelRatio": 2, "pixelRatio": 1.5, "tick": 590, "playing": true, "bodies": 64, "stepMs": [0, 1, 1], "editMs": null, "editSamples": 0, "simWallRatio": 1, "droppedMs": 0, "mode": "packaged",  [pacing] the stream runs through the pull without limiting
[qa 03:57:08] captured radial-01-catch.png
[qa 03:57:18] PASS {"kind": "gesture", "phase": "commit", "reason": "stale-buttons", "transformMode": "translate", "handle": null, "samples": 28, "rejected": 0, "pointer": null, "firstRevision": 1, "lastRevision": 28, "field": {"enabled": true, "position": [3.5724076435994716, 2.8, 0], "rotation": [0, 0, 0, 1], "regio  [gesture] the pull moved out of the stream
[qa 03:57:22] captured radial-02-release.png
[qa 03:57:41] PASS {"kind": "gesture", "phase": "commit", "reason": "stale-buttons", "transformMode": "scale", "handle": "strength", "samples": 25, "rejected": 0, "pointer": [643, 281, 720, 298.3359375], "firstRevision": 54, "lastRevision": 78, "field": {"enabled": true, "position": [1.0147646540271946, 2.8, 0], "rota  [gesture] the strength handle made the pull a push
[qa 03:57:46] captured radial-03-repel.png
[qa 03:57:46] waiting for m3-radial to finish
[qa 03:57:58] recording m3-radial.mp4 written
[qa 03:57:58] segment: examples: vortex and its axis
[qa 03:58:09] PASS {"kind": "document", "action": "open", "outcome": "committed", "file": "swirl.lawsmith.json", "generation": 3, "title": "Swirl", "bytes": 2533, "readMs": 1.674, "parseMs": 1, "candidateMs": 2, "commitMs": 3, "openMs": 7.674, "mode": "packaged", "t": 84785}  [document] swirl opened transactionally
[qa 03:58:09] PASS {"kind": "sim-control", "action": "load", "tick": 0, "playing": false, "run": 2, "laws": [{"id": "swirl", "enabled": true, "position": [0.5, 2.5, 0], "rotation": [0, 0, 0, 1], "region": {"kind": "cylinderY", "radius": 1.2, "halfHeight": 1.5}, "edgeFade": 0.25, "expression": {"kind": "vortexY", "stre  [sim-control] swirl starts paused at tick 0
[qa 03:58:11] recording m3-vortex for 42 s (overlay windows skipped by the hit test: 30430)
[qa 03:58:12] PASS {"kind": "layout", "viewport": [1168, 734], "devicePixelRatio": 2, "controls": {"drag-region": [0, 0, 584, 40], "tools": [592, 5, 564, 30], "undo": [592, 5, 75.7, 28], "redo": [671.8, 5, 81.1, 28], "frame-view": [986.3, 5, 74.3, 28], "reset-view": [1068.7, 5, 87.3, 28], "panel": [12, 52, 284, 532],   [layout] the swirl's cylinder support spans its radius and half-height
[qa 03:58:19] captured vortex-01-counterclockwise.png
[qa 03:58:28] PASS {"kind": "gesture", "phase": "commit", "reason": "stale-buttons", "transformMode": "scale", "handle": "strength", "samples": 28, "rejected": 0, "pointer": [655, 290, 582.640625, 320.359375], "firstRevision": 1, "lastRevision": 28, "field": {"enabled": true, "position": [0.5, 2.5, 0], "rotation": [0,  [gesture] the strength handle reversed the circulation
[qa 03:58:33] captured vortex-02-clockwise.png
[qa 03:58:41] PASS {"kind": "gesture", "phase": "commit", "reason": "stale-buttons", "transformMode": "scale", "handle": "radius", "samples": 26, "rejected": 0, "pointer": [553, 277, 629.0078125, 295.1484375], "firstRevision": 29, "lastRevision": 54, "field": {"enabled": true, "position": [0.5, 2.5, 0], "rotation": [0  [gesture] the cylinder radius handle resized the support
[qa 03:58:44] captured vortex-03-narrower.png
[qa 03:58:44] waiting for m3-vortex to finish
[qa 03:58:53] recording m3-vortex.mp4 written
[qa 03:58:53] segment: examples: drag pocket
[qa 03:59:09] PASS {"kind": "document", "action": "open", "outcome": "committed", "file": "drag-pocket.lawsmith.json", "generation": 4, "title": "Drag Pocket", "bytes": 2507, "readMs": 2.031, "parseMs": 5, "candidateMs": 1, "commitMs": 3, "openMs": 11.031, "mode": "packaged", "t": 145117}  [document] drag-pocket opened transactionally
[qa 03:59:09] PASS {"kind": "sim-control", "action": "load", "tick": 0, "playing": false, "run": 3, "laws": [{"id": "drag", "enabled": true, "position": [-1, 2.8, 0], "rotation": [0, 0, 0, 1], "region": {"kind": "box", "halfExtents": [1.2, 1.2, 1.2]}, "edgeFade": 0.25, "expression": {"kind": "linearDrag", "coefficient  [sim-control] drag-pocket starts paused at tick 0
[qa 03:59:11] recording m3-drag for 50 s (overlay windows skipped by the hit test: 30438)
[qa 03:59:18] captured drag-01-pocket.png
[qa 03:59:27] PASS {"kind": "gesture", "phase": "commit", "reason": "stale-buttons", "transformMode": "scale", "handle": "coefficient", "samples": 26, "rejected": 0, "pointer": [565, 228, 565, 139.3046875], "firstRevision": 1, "lastRevision": 26, "field": {"enabled": true, "position": [-1, 2.8, 0], "rotation": [0, 0,   [gesture] the drag gauge raised the coefficient
[qa 03:59:32] captured drag-02-stronger.png
[qa 03:59:41] the synthetic release was lost; sending it again
[qa 03:59:42] PASS {"kind": "gesture", "phase": "commit", "reason": "stale-buttons", "transformMode": "rotate", "handle": null, "samples": 25, "rejected": 0, "pointer": null, "firstRevision": 27, "lastRevision": 51, "field": {"enabled": true, "position": [-1, 2.8, 0], "rotation": [0, 0, 0.34185906063978844, 0.93975123  [gesture] the drag region turned about Z by more than 20 degrees through the rotate gizmo
[qa 03:59:46] PASS {"kind": "layout", "viewport": [1168, 734], "devicePixelRatio": 2, "controls": {"drag-region": [0, 0, 584, 40], "tools": [592, 5, 564, 30], "undo": [592, 5, 75.7, 28], "redo": [671.8, 5, 81.1, 28], "frame-view": [986.3, 5, 74.3, 28], "reset-view": [1068.7, 5, 87.3, 28], "panel": [12, 52, 284, 532],   [layout] the rotated drag region draws no drive arrows, only coefficient dots
[qa 03:59:46] captured drag-03-rotated-box.png
[qa 03:59:46] waiting for m3-drag to finish
[qa 04:00:02] recording m3-drag.mp4 written
[qa 04:00:02] segment: examples: overlap
[qa 04:00:14] PASS {"kind": "document", "action": "open", "outcome": "committed", "file": "overlap.lawsmith.json", "generation": 5, "title": "Overlap", "bytes": 3556, "readMs": 1.995, "parseMs": 8, "candidateMs": 3, "commitMs": 2, "openMs": 14.995, "mode": "packaged", "t": 209375}  [document] overlap opened transactionally
[qa 04:00:14] PASS {"kind": "sim-control", "action": "load", "tick": 0, "playing": false, "run": 4, "laws": [{"id": "drag", "enabled": true, "position": [0, 2.5, 0], "rotation": [0, 0, 0, 1], "region": {"kind": "sphere", "radius": 2.2}, "edgeFade": 0.25, "expression": {"kind": "linearDrag", "coefficient": 1.2}}, {"id"  [sim-control] overlap starts paused at tick 0
[qa 04:00:15] recording m3-overlap for 46 s (overlay windows skipped by the hit test: 30446)
[qa 04:00:23] captured overlap-01-three-laws.png
[qa 04:00:25] PASS {"kind": "control", "law": "pull", "enabled": false, "revision": 1, "mode": "packaged", "t": 220209}  [control] the pull is disabled: the swirl and drag still act
[qa 04:00:29] captured overlap-02-without-pull.png
[qa 04:00:30] PASS {"kind": "control", "law": "pull", "enabled": true, "revision": 2, "mode": "packaged", "t": 225978}  [control] the pull is enabled again
[qa 04:00:33] PASS {"kind": "layout", "viewport": [1168, 734], "devicePixelRatio": 2, "controls": {"drag-region": [0, 0, 584, 40], "tools": [592, 5, 564, 30], "undo": [592, 5, 75.7, 28], "redo": [671.8, 5, 81.1, 28], "frame-view": [986.3, 5, 74.3, 28], "reset-view": [1068.7, 5, 87.3, 28], "panel": [12, 52, 284, 532],   [layout] the overlap's drag law is selected, with its handles
[qa 04:00:42] PASS {"kind": "gesture", "phase": "commit", "reason": "stale-buttons", "transformMode": "scale", "handle": "coefficient", "samples": 27, "rejected": 0, "pointer": [637, 283, 638.46875, 204.53125], "firstRevision": 3, "lastRevision": 29, "field": {"enabled": true, "position": [0, 2.5, 0], "rotation": [0,   [gesture] the overlap's drag gauge changed its coefficient
[qa 04:00:46] captured overlap-03-drag-tuned.png
[qa 04:00:46] waiting for m3-overlap to finish
[qa 04:01:02] recording m3-overlap.mp4 written
[qa 04:01:02] segment: examples: collisions
[qa 04:01:13] PASS {"kind": "document", "action": "open", "outcome": "committed", "file": "collisions.lawsmith.json", "generation": 6, "title": "Collisions", "bytes": 3016, "readMs": 2.041, "parseMs": 1, "candidateMs": 2, "commitMs": 4, "openMs": 9.041, "mode": "packaged", "t": 268863}  [document] collisions opened transactionally
[qa 04:01:13] PASS {"kind": "sim-control", "action": "load", "tick": 0, "playing": false, "run": 5, "laws": [{"id": "drag", "enabled": true, "position": [0, 2, 0], "rotation": [0, 0, 0, 1], "region": {"kind": "sphere", "radius": 1.8}, "edgeFade": 0.25, "expression": {"kind": "linearDrag", "coefficient": 3}}, {"id": "p  [sim-control] collisions starts paused at tick 0
[qa 04:01:15] recording m3-collisions for 42 s (overlay windows skipped by the hit test: 30454)
[qa 04:01:25] captured collisions-01-clump.png
[qa 04:01:29] PASS {"kind": "layout", "viewport": [1168, 734], "devicePixelRatio": 2, "controls": {"drag-region": [0, 0, 584, 40], "tools": [592, 5, 564, 30], "undo": [592, 5, 75.7, 28], "redo": [671.8, 5, 81.1, 28], "frame-view": [986.3, 5, 74.3, 28], "reset-view": [1068.7, 5, 87.3, 28], "panel": [12, 52, 284, 532],   [layout] the collision scene's pull is selected, with its handles
[qa 04:01:38] PASS {"kind": "gesture", "phase": "commit", "reason": "stale-buttons", "transformMode": "scale", "handle": "strength", "samples": 27, "rejected": 0, "pointer": [589, 314, 665.0078125, 335], "firstRevision": 1, "lastRevision": 27, "field": {"enabled": true, "position": [0, 2, 0], "rotation": [0, 0, 0, 1],  [gesture] the pull's strength handle loosened the clump
[qa 04:01:43] captured collisions-02-loosened.png
[qa 04:01:47] PASS {"kind": "fixtures", "elapsedMs": 3262, "root": [{"id": "drag", "enabled": true, "position": [0, 2, 0], "rotation": [0, 0, 0, 1], "region": {"kind": "sphere", "radius": 1.8}, "edgeFade": 0.25, "expression": {"kind": "linearDrag", "coefficient": 3}}, {"id": "pull", "enabled": true, "position": [0, 2,  [fixtures] reset and cadence fixtures agree exactly on the collision scene
[qa 04:01:47] waiting for m3-collisions to finish
[qa 04:01:57] recording m3-collisions.mp4 written
[qa 04:02:00] m3-demo complete
