[qa 03:30:07] segment: P0 with every overlay off, then P2, at 1600×1000 under More Space (about 15 minutes)
[qa 03:30:23] display → 1728×1117: set 1728x1117@120
[qa 03:30:30] launched pid 7944, window at 224,104, log perf4.log
[qa 03:30:33] PASS {"kind": "layout", "viewport": [1600, 1000], "devicePixelRatio": 2, "controls": {"drag-region": [0, 0, 1016, 40], "tools": [1024, 5, 564, 30], "undo": [1024, 5, 75.7, 28], "redo": [1103.8, 5, 81.1, 28], "frame-view": [1418.3, 5, 74.3, 28], "reset-view": [1500.7, 5, 87.3, 28], "panel": [12, 52, 284,   [layout] the content viewport is 1600×1000 CSS at DPR 2
[qa 03:30:35] PASS {"kind": "visualization", "change": "trails", "contexts": {"worlds": 1, "peakWorlds": 1, "authoring": 1, "replay": 0, "candidates": 0, "seeking": 0, "checkpoints": 0, "checkpointBytes": 0, "selected": "authoring", "recording": "idle"}, "render": {"geometries": 34, "textures": 5, "objects": 119}, "pr  [visualization] every M4 overlay is off: no probes, no trails, nothing explained
[qa 03:30:56] PASS {"kind": "pacing", "intervalMs": [17, 18, 18], "maxIntervalMs": 18, "workP95Ms": 2, "stallsOver50ms": 0, "devicePixelRatio": 2, "pixelRatio": 1.5, "tick": 2270, "playing": true, "bodies": 64, "stepMs": [0, 1, 1], "editMs": [3, 16, 16], "editSamples": 25, "simWallRatio": 1, "droppedMs": 0, "mode": "p  [pacing] the stream is at full strength with the law inside it
[qa 03:30:56] captured p0-1600x1000.png
[qa 03:31:07] P0 run 1 measuring
[qa 03:31:54] the synthetic release was lost; sending it again
[qa 03:32:07] PASS {"kind": "p0-run", "run": 1, "invalid": null, "incomplete": null, "wallMs": 60000, "ticks": 7200, "simWallRatio": 1, "droppedMs": 0, "bodies": 64, "arrows": 125, "workload": {"title": "Falling stream", "laws": 1, "lawKinds": ["box", "directional"], "primitiveLeaves": 1, "fixedColliders": 1, "authore  [p0-run] P0 run 1 is valid and meets its gates
[qa 03:32:17] P0 run 2 measuring
[qa 03:32:45] the synthetic release was lost; sending it again
[qa 03:33:05] the synthetic release was lost; sending it again
[qa 03:33:17] PASS {"kind": "p0-run", "run": 2, "invalid": null, "incomplete": null, "wallMs": 60001, "ticks": 7200, "simWallRatio": 1, "droppedMs": 0, "bodies": 64, "arrows": 125, "workload": {"title": "Falling stream", "laws": 1, "lawKinds": ["box", "directional"], "primitiveLeaves": 1, "fixedColliders": 1, "authore  [p0-run] P0 run 2 is valid and meets its gates
[qa 03:33:28] P0 run 3 measuring
[qa 03:34:06] the synthetic release was lost; sending it again
[qa 03:34:28] PASS {"kind": "p0-run", "run": 3, "invalid": null, "incomplete": null, "wallMs": 60000, "ticks": 7200, "simWallRatio": 1, "droppedMs": 0, "bodies": 64, "arrows": 125, "workload": {"title": "Falling stream", "laws": 1, "lawKinds": ["box", "directional"], "primitiveLeaves": 1, "fixedColliders": 1, "authore  [p0-run] P0 run 3 is valid and meets its gates
[qa 03:34:38] PASS {"kind": "document", "action": "open", "outcome": "committed", "file": "p2-probes.lawsmith.json", "generation": 2, "title": "P2 Probes", "bytes": 55498, "readMs": 0.278, "parseMs": 3, "candidateMs": 3, "commitMs": 5, "openMs": 11.278, "mode": "packaged", "t": 251274}  [document] p2-probes opened
[qa 03:34:39] PASS {"kind": "layout", "viewport": [1600, 1000], "devicePixelRatio": 2, "controls": {"drag-region": [0, 0, 1016, 40], "tools": [1024, 5, 564, 30], "undo": [1024, 5, 75.7, 28], "redo": [1103.8, 5, 81.1, 28], "frame-view": [1418.3, 5, 74.3, 28], "reset-view": [1500.7, 5, 87.3, 28], "panel": [12, 52, 284,   [layout] P2 opens with its drag law selected
[qa 03:34:53] PASS {"kind": "visualization", "change": "trails", "contexts": {"worlds": 1, "peakWorlds": 2, "authoring": 1, "replay": 0, "candidates": 0, "seeking": 0, "checkpoints": 0, "checkpointBytes": 0, "selected": "authoring", "recording": "idle"}, "render": {"geometries": 45, "textures": 5, "objects": 150}, "pr  [visualization] P2's overlays: 2,000 probes and 32 trails
[qa 03:34:53] PASS {"kind": "pacing", "intervalMs": [17, 17, 18], "maxIntervalMs": 18, "workP95Ms": 5, "stallsOver50ms": 5, "devicePixelRatio": 2, "pixelRatio": 1.5, "tick": 1072, "playing": true, "bodies": 100, "stepMs": [0, 1, 1], "editMs": [6, 16, 17], "editSamples": 240, "simWallRatio": 1, "droppedMs": 0, "mode":   [pacing] 100 bodies are live
[qa 03:34:54] captured p2-1600x1000.png
[qa 03:35:04] P2 run 1 measuring
[qa 03:35:42] the synthetic release was lost; sending it again
[qa 03:36:04] PASS {"kind": "p0-run", "run": 4, "invalid": null, "incomplete": null, "wallMs": 60000, "ticks": 7199, "simWallRatio": 1, "droppedMs": 0, "bodies": 100, "arrows": 24, "workload": {"title": "P2 Probes", "laws": 4, "lawKinds": ["box", "cylinderY", "directional", "linearDrag", "softRadial", "sphere", "vorte  [p0-run] P2 run 1 is valid and meets its gates
[qa 03:36:15] P2 run 2 measuring
[qa 03:36:23] the synthetic release was lost; sending it again
[qa 03:37:15] PASS {"kind": "p0-run", "run": 5, "invalid": null, "incomplete": null, "wallMs": 60001, "ticks": 7200, "simWallRatio": 1, "droppedMs": 0, "bodies": 100, "arrows": 24, "workload": {"title": "P2 Probes", "laws": 4, "lawKinds": ["box", "cylinderY", "directional", "linearDrag", "softRadial", "sphere", "vorte  [p0-run] P2 run 2 is valid and meets its gates
[qa 03:37:25] P2 run 3 measuring
[qa 03:37:43] the synthetic release was lost; sending it again
[qa 03:38:25] PASS {"kind": "p0-run", "run": 6, "invalid": null, "incomplete": null, "wallMs": 60000, "ticks": 7200, "simWallRatio": 1, "droppedMs": 0, "bodies": 100, "arrows": 24, "workload": {"title": "P2 Probes", "laws": 4, "lawKinds": ["box", "cylinderY", "directional", "linearDrag", "softRadial", "sphere", "vorte  [p0-run] P2 run 3 is valid and meets its gates
[qa 03:38:29] display → 1168×755: set 1168x755@120
[qa 03:38:33] display restored to 1168x755@120
[qa 03:38:33] m4-perf complete
[qa 03:38:33] display restored to 1168x755@120
