[qa 03:09:34] segment: session A: record a real intervention
[qa 03:09:54] launched pid 76777, window at 0,21, log m6a-rec.log
[qa 03:10:04] PASS {"kind": "document", "action": "open", "outcome": "committed", "file": "m6a-lab.lawsmith.json", "generation": 2, "title": "M6A lab", "bytes": 4415, "readMs": 0.092, "parseMs": 0, "candidateMs": 1, "commitMs": 3, "openMs": 4.092, "mode": "packaged", "t": 10758}  [document] the M6A lab opened transactionally
[qa 03:10:04] PASS {"kind": "qualification", "identity": {"app": "Lawsmith 0.0.0", "build": "packaged", "bundle": "index-BiDBAne9.js sha256:a0c4f337ff9e92ae8b7e25e8b06aaa9771529a9a093cd3f64bf16220dc3900ec", "tauri": "tauri 3.0.0-alpha.4; tauri-runtime 3.0.0-alpha.3; tauri-runtime-wry 3.0.0-alpha.4; wry 0.57.0; tao 0.3  [qualification] the packaged build reports a complete, qualified identity
[qa 03:10:05] recording m6a-record for 110 s (overlay windows skipped by the hit test: 30035)
[qa 03:10:07] PASS {"kind": "layout", "viewport": [1168, 734], "devicePixelRatio": 2, "controls": {"drag-region": [0, 0, 584, 40], "tools": [592, 5, 564, 30], "undo": [592, 5, 75.7, 28], "redo": [671.8, 5, 81.1, 28], "frame-view": [986.3, 5, 74.3, 28], "reset-view": [1068.7, 5, 87.3, 28], "panel": [12, 52, 284, 532],   [layout] idle: Record from tick 0 and Open recording are offered
[qa 03:10:07] captured record-01-idle.png
[qa 03:10:09] PASS {"kind": "recording", "action": "start", "runId": "run-1c67bdb1-a152-4699-9540-47f83106e999", "tick": 0, "cursor": 0, "bytes": 6036, "qualified": true, "laws": [{"id": "calm", "enabled": true, "position": [-3, 0, 0], "rotation": [0, 0, 0, 1], "region": {"kind": "sphere", "radius": 1.2}, "edgeFade":   [recording] Record from tick 0 started a new experiment at (0, 0)
[qa 03:10:23] PASS {"kind": "gesture", "phase": "commit", "reason": "stale-buttons", "transformMode": "translate", "handle": null, "samples": 26, "rejected": 0, "pointer": null, "firstRevision": 1, "lastRevision": 26, "field": {"enabled": true, "position": [0.14481195106623934, 1, 0], "rotation": [0, 0, 0, 1], "region  [gesture] the push was dragged while the stream played: one gesture of many samples
[qa 03:10:25] PASS {"kind": "control", "law": "storm-bottle", "enabled": false, "revision": 27, "mode": "packaged", "t": 35189}  [control] the Storm Bottle disabled, live
[qa 03:10:29] PASS {"kind": "control", "law": "storm-bottle", "enabled": true, "revision": 28, "mode": "packaged", "t": 38406}  [control] and enabled again
[qa 03:10:46] PASS {"kind": "control", "law": "storm-bottle", "ingredient": "Add gain", "path": [1], "revision": 29, "field": {"id": "storm-bottle", "enabled": true, "position": [3.2, 1.6, 0], "rotation": [0, 0, 0, 1], "region": {"kind": "cylinderY", "radius": 1.4, "halfHeight": 1.8}, "edgeFade": 0.25, "expression": {  [control] paused: the swirl got a gain
[qa 03:10:49] PASS {"kind": "control", "law": "storm-bottle", "ingredient": "Change gain", "path": [1], "revision": 30, "field": {"id": "storm-bottle", "enabled": true, "position": [3.2, 1.6, 0], "rotation": [0, 0, 0, 1], "region": {"kind": "cylinderY", "radius": 1.4, "halfHeight": 1.8}, "edgeFade": 0.25, "expression"  [control] and, at the same tick, a triangle
[qa 03:10:49] captured record-02-recording.png
[qa 03:10:54] PASS {"kind": "history", "action": "undo", "ok": true, "label": "Change gain", "law": "storm-bottle", "reason": null, "revision": 31, "tick": 2819, "laws": [{"id": "calm", "enabled": true, "position": [-3, 0, 0], "rotation": [0, 0, 0, 1], "region": {"kind": "sphere", "radius": 1.2}, "edgeFade": 0.2, "exp  [history] live undo of the triangle, while playing
[qa 03:11:13] PASS {"kind": "control", "law": "push", "enabled": true, "revision": 33, "mode": "packaged", "t": 82772}  [control] two paused edits at the final tick
[qa 03:11:14] PASS {"kind": "layout", "viewport": [1168, 734], "devicePixelRatio": 2, "controls": {"drag-region": [0, 0, 584, 40], "tools": [592, 5, 564, 30], "undo": [592, 5, 75.7, 28], "redo": [671.8, 5, 81.1, 28], "frame-view": [986.3, 5, 74.3, 28], "reset-view": [1068.7, 5, 87.3, 28], "panel": [12, 52, 284, 532],   [layout] recording: Stop, and progress toward the limits
[qa 03:11:16] PASS {"kind": "recording", "action": "stopped", "runId": "run-1c67bdb1-a152-4699-9540-47f83106e999", "title": "M6A lab", "commands": 31, "finalTick": 3653, "lastAppliedSequence": 31, "stopped": "user", "finalCheck": {"stateSha256": "d535df2891dfa3dd5f2b4929410c8d8ddb2ccb22a8b1eff6e8e21433b7a87779", "engi  [recording] Stop froze the record at its final address, with a final check
[qa 03:11:16] recorded run-1c67bdb1-a152-4699-9540-47f83106e999: final address (3653, 31)
[qa 03:11:19] PASS {"kind": "layout", "viewport": [1168, 734], "devicePixelRatio": 2, "controls": {"drag-region": [0, 0, 584, 40], "tools": [592, 5, 564, 30], "undo": [592, 5, 75.7, 28], "redo": [671.8, 5, 81.1, 28], "frame-view": [986.3, 5, 74.3, 28], "reset-view": [1068.7, 5, 87.3, 28], "panel": [12, 52, 284, 532],   [layout] the post-stop edit left the record's final address
[qa 03:11:19] PASS {"kind": "control", "law": "push", "enabled": false, "revision": 34, "mode": "packaged", "t": 87429}  [control] the post-stop edit applied to the live scene
[qa 03:11:19] captured record-03-stopped.png
[qa 03:11:19] segment: session A: replay shows the recording, then Return to authoring
[qa 03:11:37] PASS {"kind": "context", "reason": "replay", "worlds": 2, "peakWorlds": 2, "authoring": 1, "replay": 1, "candidates": 0, "seeking": 0, "checkpoints": 0, "checkpointBytes": 0, "selected": "replay", "recording": "recorded", "tick": 0, "cursor": 0, "runId": "run-1c67bdb1-a152-4699-9540-47f83106e999", "quali  [context] replay: a second world from the frozen root, the authoring world kept
[qa 03:11:41] PASS {"kind": "layout", "viewport": [1168, 734], "devicePixelRatio": 2, "controls": {"drag-region": [0, 0, 584, 40], "tools": [592, 5, 564, 30], "undo": [592, 5, 75.7, 28], "redo": [671.8, 5, 81.1, 28], "frame-view": [986.3, 5, 74.3, 28], "reset-view": [1068.7, 5, 87.3, 28], "panel": [12, 52, 284, 532],   [layout] the replay shows the root's push (enabled, at -1.5), not the newer authored one
[qa 03:11:42] PASS {"kind": "layout", "viewport": [1168, 734], "devicePixelRatio": 2, "controls": {"drag-region": [0, 0, 584, 40], "tools": [592, 5, 564, 30], "undo": [592, 5, 75.7, 28], "redo": [671.8, 5, 81.1, 28], "frame-view": [986.3, 5, 74.3, 28], "reset-view": [1068.7, 5, 87.3, 28], "panel": [12, 52, 284, 532],   [layout] read-only replay: its title, Replay from start and Return to authoring, no Record
[qa 03:11:42] captured replay-01-root.png
[qa 03:12:14] PASS {"kind": "replay-complete", "runId": "run-1c67bdb1-a152-4699-9540-47f83106e999", "tick": 3653, "cursor": 31, "finalTick": 3653, "lastAppliedSequence": 31, "check": {"kind": "match"}, "stateSha256": "d535df2891dfa3dd5f2b4929410c8d8ddb2ccb22a8b1eff6e8e21433b7a87779", "engineSha256": "dce0938eb88607cce  [replay-complete] the replay reached the frozen address and matched the recorded end
[qa 03:12:15] PASS {"kind": "layout", "viewport": [1168, 734], "devicePixelRatio": 2, "controls": {"drag-region": [0, 0, 584, 40], "tools": [592, 5, 564, 30], "undo": [592, 5, 75.7, 28], "redo": [671.8, 5, 81.1, 28], "frame-view": [986.3, 5, 74.3, 28], "reset-view": [1068.7, 5, 87.3, 28], "panel": [12, 52, 284, 532],   [layout] at the end: read-only, paused, the check shown
[qa 03:12:16] captured replay-02-end.png
[qa 03:12:17] PASS {"kind": "file-control", "action": "save", "outcome": "refused", "reason": "replay", "mode": "packaged", "t": 146245}  [file-control] ⌘S during replay saves nothing: ordinary Save Scene is off
[qa 03:12:18] PASS {"kind": "context", "reason": "return", "worlds": 1, "peakWorlds": 2, "authoring": 1, "replay": 0, "candidates": 0, "seeking": 0, "checkpoints": 15, "checkpointBytes": 1353577, "selected": "authoring", "recording": "recorded", "tick": 3653, "cursor": 32, "runId": null, "qualified": false, "mode": "p  [context] Return to authoring freed the replay world
[qa 03:12:21] PASS {"kind": "layout", "viewport": [1168, 734], "devicePixelRatio": 2, "controls": {"drag-region": [0, 0, 584, 40], "tools": [592, 5, 564, 30], "undo": [592, 5, 75.7, 28], "redo": [671.8, 5, 81.1, 28], "frame-view": [986.3, 5, 74.3, 28], "reset-view": [1068.7, 5, 87.3, 28], "panel": [12, 52, 284, 532],   [layout] the retained authoring scene is back: the push disabled after the stop
[qa 03:12:21] PASS  [m6aq retained] the authoring world, revision and history are identical before and after the replay: 1 replays left the authoring world, revision and history identical
[qa 03:12:21] captured replay-03-returned.png
[qa 03:12:21] segment: session A: save the recording and quit
[qa 03:12:42] PASS {"kind": "document", "action": "save-recording", "outcome": "saved", "file": "m6a-qa.lawsmith-run.json", "runId": "run-1c67bdb1-a152-4699-9540-47f83106e999", "bytes": 17645, "commands": 31, "finalTick": 3653, "lastAppliedSequence": 31, "stopped": "user", "writeMs": 7.733, "saveMs": 12, "mode": "pack  [document] Save Recording wrote the run file
[qa 03:12:42] waiting for m6a-record to finish
[qa 03:12:48] recording m6a-record.mp4 written
[qa 03:12:48] PASS  [m6aq runfile] the saved run holds the multi-boundary drag, same-tick and terminal commands, the triangle and its undo: {"format": "lawsmith.run", "runId": "run-1c67bdb1-a152-4699-9540-47f83106e999", "commands": 31, "finalTick": 3653, "lastAppliedSequence": 31, "stopped": "user", "finalCheck": {"engineSha256": "dce0938eb88607ccef531eb9a9bbf8f4672b66e1facda995312889d86902d2ff", "stateSha256": "d535df2891dfa3dd5f2b4929410c8d8ddb2ccb22a8b1eff6e8e21433b7a87779"}, "multiBoundaryTransactions": {"tx-1": [718, 746, 774, 803, 834, 861, 892, 919, 950, 978, 1006, 1034, 1064, 1093, 1122, 1151, 1180, 1209, 1238, 1268, 1296, 1326, 1354, 1382]}, "sameTickGroups": {"2498": [27, 28], "3653": [30, 31]}, "triangleCommands": [28], "triangleUndone": true, "disableCommands": [25, 30], "terminalCommands": [30, 31], "rootLaws": ["calm", "push", "storm-bottle"], "createdLaws": [], "qualification": {"app": "Lawsmith 0.0.0", "arch": "aarch64", "build": "packaged", "bundle": "index-BiDBAne9.js sha256:a0c4f337ff9e92ae8b7e25e8b06aaa9771529a9a093cd3f64bf16220dc3900ec", "os": "macOS 27.2 (26B5091g)", "tauri": "tauri 3.0.0-alpha.4; tauri-runtime 3.0.0-alpha.3; tauri-runtime-wry 3.0.0-alpha.4; wry 0.57.0; tao 0.37.1", "webkit": "22625.2.5.11.1"}}
[qa 03:12:49] the guard asks about the scene
[qa 03:12:50] segment: session B: a fresh launch opens and replays it
[qa 03:13:11] launched pid 83597, window at 0,21, log m6a-replay.log
[qa 03:13:14] recording m6a-replay for 80 s (overlay windows skipped by the hit test: 30094)
[qa 03:13:23] PASS {"kind": "document", "action": "open-recording", "outcome": "committed", "file": "m6a-qa.lawsmith-run.json", "runId": "run-1c67bdb1-a152-4699-9540-47f83106e999", "commands": 31, "finalTick": 3653, "lastAppliedSequence": 31, "bytes": 17645, "readMs": 0.226, "parseMs": 4, "candidateMs": 3, "commitMs":  [document] Open Recording validated and committed the run
[qa 03:13:23] PASS {"kind": "context", "reason": "open-recording", "worlds": 2, "peakWorlds": 2, "authoring": 1, "replay": 1, "candidates": 0, "seeking": 0, "checkpoints": 0, "checkpointBytes": 0, "selected": "replay", "recording": "recorded", "tick": 0, "cursor": 0, "runId": "run-1c67bdb1-a152-4699-9540-47f83106e999"  [context] it replays from tick 0, beside the untouched default scene
[qa 03:13:42] PASS {"kind": "sim-control", "action": "pause", "reason": "hidden", "tick": 372, "mode": "packaged", "t": 29771}  [sim-control] Hide paused the replay; nothing advanced while hidden
[qa 03:13:42] PASS {"kind": "layout", "viewport": [1168, 734], "devicePixelRatio": 2, "controls": {"drag-region": [0, 0, 584, 40], "tools": [592, 5, 564, 30], "undo": [592, 5, 75.7, 28], "redo": [671.8, 5, 81.1, 28], "frame-view": [986.3, 5, 74.3, 28], "reset-view": [1068.7, 5, 87.3, 28], "panel": [12, 52, 284, 532],   [layout] still paused at the same tick after coming back: Play stays explicit
[qa 03:14:12] PASS {"kind": "replay-complete", "runId": "run-1c67bdb1-a152-4699-9540-47f83106e999", "tick": 3653, "cursor": 31, "finalTick": 3653, "lastAppliedSequence": 31, "check": {"kind": "match"}, "stateSha256": "d535df2891dfa3dd5f2b4929410c8d8ddb2ccb22a8b1eff6e8e21433b7a87779", "engineSha256": "dce0938eb88607cce  [replay-complete] after a fresh launch, the same final address and a matching end check
[qa 03:14:12] captured replay-04-fresh-end.png
[qa 03:14:12] PASS  [m6aq final] the fresh replay's end digests equal the recording's final check: (3653, 31) state d535df2891df engine dce0938eb886
[qa 03:14:12] PASS  [m6aq checkpoints] every live checkpoint of the recording has an equal replay checkpoint: 15 checkpoints equal at [(240, 0), (480, 0), (720, 1), (960, 9), (1200, 17), (1440, 24), (1680, 24), (1920, 25), (2160, 25), (2400, 26), (2640, 28), (2880, 29), (3120, 29), (3360, 29), (3600, 29)]
[qa 03:14:12] waiting for m6a-replay to finish
[qa 03:14:37] recording m6a-replay.mp4 written
[qa 03:14:37] segment: session B: the runtime's own M6A fixtures
[qa 03:14:44] PASS {"kind": "m6a-fixtures", "elapsedMs": 4320, "oracle": {"runId": "run-1c67bdb1-a152-4699-9540-47f83106e999", "units": 3653, "divergence": null, "end": {"address": {"tick": 3653, "cursor": 31}, "complete": true, "stateSha256": "d535df2891dfa3dd5f2b4929410c8d8ddb2ccb22a8b1eff6e8e21433b7a87779", "engine  [m6a-fixtures] the linear oracle agrees with itself and the record; 20+20 cycles and 20 imports hold the counts
[qa 03:14:45] PASS {"kind": "visual-resources", "contexts": {"worlds": 1, "peakWorlds": 3, "authoring": 1, "replay": 0, "candidates": 0, "seeking": 0, "checkpoints": 0, "checkpointBytes": 0, "selected": "authoring", "recording": "recorded"}, "render": {"geometries": 38, "textures": 5, "objects": 119}, "probes": {"enab  [visual-resources] steady state after the cycles: one authoring world, no replay or candidate
[qa 03:14:47] m6a-record complete
