[qa 03:08:25] segment: the recording controls at 1280×800 and at the minimum window
[qa 03:08:35] display → 1728×1117: set 1728x1117@120
[qa 03:08:42] launched pid 74699, window at 224,104, log m6a-legible.log
[qa 03:08:56] PASS {"kind": "layout", "viewport": [1280, 800], "devicePixelRatio": 2, "controls": {"drag-region": [0, 0, 696, 40], "tools": [704, 5, 564, 30], "undo": [704, 5, 75.7, 28], "redo": [783.8, 5, 81.1, 28], "frame-view": [1098.3, 5, 74.3, 28], "reset-view": [1180.7, 5, 87.3, 28], "panel": [12, 52, 284, 598],  [layout] the content viewport is 1280×800 CSS, the Storm Bottle selected
[qa 03:08:57] PASS {"kind": "layout", "viewport": [1280, 800], "devicePixelRatio": 2, "controls": {"drag-region": [0, 0, 696, 40], "tools": [704, 5, 564, 30], "undo": [704, 5, 75.7, 28], "redo": [783.8, 5, 81.1, 28], "frame-view": [1098.3, 5, 74.3, 28], "reset-view": [1180.7, 5, 87.3, 28], "panel": [12, 52, 284, 598],  [layout] idle at 1280×800: the recording controls are inside the window and clear of every other region and the selected law
[qa 03:08:58] run cluster idle at 1280×800: [913.1, 52, 354.9, 89.6]; selected support [616.6, 244.9, 930.4, 637.7]
[qa 03:08:58] captured m6a-1280x800-idle.png
[qa 03:09:04] PASS {"kind": "layout", "viewport": [1280, 800], "devicePixelRatio": 2, "controls": {"drag-region": [0, 0, 696, 40], "tools": [704, 5, 564, 30], "undo": [704, 5, 75.7, 28], "redo": [783.8, 5, 81.1, 28], "frame-view": [1098.3, 5, 74.3, 28], "reset-view": [1180.7, 5, 87.3, 28], "panel": [12, 52, 284, 598],  [layout] recording at 1280×800: the recording controls are inside the window and clear of every other region and the selected law
[qa 03:09:04] run cluster recording at 1280×800: [1020.3, 52, 247.7, 97.6]; selected support [616.6, 244.9, 930.4, 637.7]
[qa 03:09:04] captured m6a-1280x800-recording.png
[qa 03:09:09] PASS {"kind": "layout", "viewport": [1280, 800], "devicePixelRatio": 2, "controls": {"drag-region": [0, 0, 696, 40], "tools": [704, 5, 564, 30], "undo": [704, 5, 75.7, 28], "redo": [783.8, 5, 81.1, 28], "frame-view": [1098.3, 5, 74.3, 28], "reset-view": [1180.7, 5, 87.3, 28], "panel": [12, 52, 284, 598],  [layout] recorded at 1280×800: the recording controls are inside the window and clear of every other region and the selected law
[qa 03:09:09] run cluster recorded at 1280×800: [828, 52, 440, 123.6]; selected support [616.6, 244.9, 930.4, 637.7]
[qa 03:09:19] PASS {"kind": "layout", "viewport": [1280, 800], "devicePixelRatio": 2, "controls": {"drag-region": [0, 0, 696, 40], "tools": [704, 5, 564, 30], "undo": [704, 5, 75.7, 28], "redo": [783.8, 5, 81.1, 28], "frame-view": [1098.3, 5, 74.3, 28], "reset-view": [1180.7, 5, 87.3, 28], "panel": [12, 52, 284, 598],  [layout] replay at 1280×800: the recording controls are inside the window and clear of every other region and the selected law
[qa 03:09:20] run cluster replay at 1280×800: [828, 52, 440, 172.3]; selected support [616.6, 244.9, 930.4, 637.7]
[qa 03:09:20] captured m6a-1280x800-replay-end.png
[qa 03:09:22] PASS {"kind": "layout", "viewport": [900, 600], "devicePixelRatio": 2, "controls": {"drag-region": [0, 0, 316, 40], "tools": [324, 5, 564, 30], "undo": [324, 5, 75.7, 28], "redo": [403.8, 5, 81.1, 28], "frame-view": [718.3, 5, 74.3, 28], "reset-view": [800.7, 5, 87.3, 28], "panel": [12, 52, 284, 398], "f  [layout] replay at 900×600: the recording controls are inside the window and clear of every other UI region
[qa 03:09:22] run cluster replay at 900×600: [448, 52, 440, 172.3]; selected support [432.4, 183.6, 667.8, 478.3]
[qa 03:09:22] captured m6a-900x600-replay-end.png
[qa 03:09:25] PASS {"kind": "layout", "viewport": [900, 600], "devicePixelRatio": 2, "controls": {"drag-region": [0, 0, 316, 40], "tools": [324, 5, 564, 30], "undo": [324, 5, 75.7, 28], "redo": [403.8, 5, 81.1, 28], "frame-view": [718.3, 5, 74.3, 28], "reset-view": [800.7, 5, 87.3, 28], "panel": [12, 52, 284, 398], "f  [layout] recorded at 900×600: the recording controls are inside the window and clear of every other UI region
[qa 03:09:25] run cluster recorded at 900×600: [448, 52, 440, 123.6]; selected support [432.4, 183.6, 667.8, 478.3]
[qa 03:09:29] the guard asks about the recording
[qa 03:09:31] display → 1168×755: set 1168x755@120
[qa 03:09:34] display restored to 1168x755@120
[qa 03:09:34] m6a-legible complete
[qa 03:09:34] display restored to 1168x755@120
