[lawsmith] {"kind":"runtime","mode":"packaged","origin":"tauri://localhost","isSecureContext":true,"navigatorGpu":true,"runtime":{"arch":"aarch64","build":"release","tauri":"3.0.0-alpha.4","webview":"22625.2.5.11.1"},"userAgent":"Mozilla/5.0 (Macintosh; Intel Mac OS X 10_15_7) AppleWebKit/605.1.15 (KHTML, like Gecko)","t":83}
[lawsmith] {"kind":"backend","backend":"WebGPU","coordinateSystemIsWebGPU":true,"compatibilityMode":false,"samples":4,"adapter":{"vendor":"apple","architecture":"apple","device":"apple","description":"apple"},"features":["bgra8unorm-storage","clip-distances","core-features-and-limits","depth-clip-control","depth32float-stencil8","float32-blendable","float32-filterable","indirect-first-instance","rg11b10ufloat-renderable","shader-f16","texture-compression-astc","texture-compression-astc-sliced-3d","texture-compression-bc","texture-compression-bc-sliced-3d","texture-compression-etc2","texture-formats-tier1","texture-formats-tier2","timestamp-query"],"mode":"packaged","t":85}
[lawsmith] {"kind":"rapier","version":"0.21.0","effectiveProfile":{"dt":0.008333333767950535,"numSolverIterations":4,"numInternalPgsIterations":1,"maxCcdSubsteps":1,"lengthUnit":1,"normalizedAllowedLinearError":0.004999999888241291,"normalizedPredictionDistance":0.019999999552965164},"mode":"packaged","t":103}
[lawsmith] {"kind":"render-probe","distinctColors":95,"gpuErrors":0,"mode":"packaged","t":1146}
[lawsmith] {"kind":"ready","rendererInitMs":3,"rapierInitMs":18,"firstFrameMs":1097,"mode":"packaged","t":1179}
[lawsmith] {"kind":"pacing","intervalMs":[17,17,18],"maxIntervalMs":23,"workP95Ms":2,"stallsOver50ms":0,"devicePixelRatio":2,"pixelRatio":1.5,"mode":"packaged","t":6162}
[lawsmith] {"kind":"pacing","intervalMs":[17,17,18],"maxIntervalMs":19,"workP95Ms":2,"stallsOver50ms":0,"devicePixelRatio":2,"pixelRatio":1.5,"mode":"packaged","t":11201}
[lawsmith] {"kind":"pacing","intervalMs":[17,18,18],"maxIntervalMs":19,"workP95Ms":2,"stallsOver50ms":0,"devicePixelRatio":2,"pixelRatio":1.5,"mode":"packaged","t":16241}
[lawsmith] {"kind":"pacing","intervalMs":[17,17,18],"maxIntervalMs":19,"workP95Ms":2,"stallsOver50ms":0,"devicePixelRatio":2,"pixelRatio":1.5,"mode":"packaged","t":21280}
[lawsmith] {"kind":"pacing","intervalMs":[17,18,18],"maxIntervalMs":20,"workP95Ms":2,"stallsOver50ms":0,"devicePixelRatio":2,"pixelRatio":1.5,"mode":"packaged","t":26321}
[lawsmith] {"kind":"pacing","intervalMs":[17,18,18],"maxIntervalMs":19,"workP95Ms":2,"stallsOver50ms":0,"devicePixelRatio":2,"pixelRatio":1.5,"mode":"packaged","t":31361}
[lawsmith] {"kind":"pacing","intervalMs":[17,18,18],"maxIntervalMs":18,"workP95Ms":2,"stallsOver50ms":0,"devicePixelRatio":2,"pixelRatio":1.5,"mode":"packaged","t":36401}
[lawsmith] {"kind":"pacing","intervalMs":[17,18,18],"maxIntervalMs":19,"workP95Ms":2,"stallsOver50ms":0,"devicePixelRatio":2,"pixelRatio":1.5,"mode":"packaged","t":41441}
[lawsmith] {"kind":"pacing","intervalMs":[17,18,19],"maxIntervalMs":19,"workP95Ms":2,"stallsOver50ms":0,"devicePixelRatio":2,"pixelRatio":1.5,"mode":"packaged","t":46481}
[lawsmith] {"kind":"pacing","intervalMs":[17,18,19],"maxIntervalMs":19,"workP95Ms":2,"stallsOver50ms":0,"devicePixelRatio":2,"pixelRatio":1.5,"mode":"packaged","t":51521}
[lawsmith] {"kind":"pacing","intervalMs":[17,18,18],"maxIntervalMs":19,"workP95Ms":2,"stallsOver50ms":0,"devicePixelRatio":2,"pixelRatio":1.5,"mode":"packaged","t":56561}
[lawsmith] {"kind":"pacing","intervalMs":[17,18,18],"maxIntervalMs":18,"workP95Ms":2,"stallsOver50ms":0,"devicePixelRatio":2,"pixelRatio":1.5,"mode":"packaged","t":61601}
[lawsmith] {"kind":"pacing","intervalMs":[17,17,18],"maxIntervalMs":20,"workP95Ms":2,"stallsOver50ms":0,"devicePixelRatio":2,"pixelRatio":1.5,"mode":"packaged","t":66641}
[lawsmith] {"kind":"pacing","intervalMs":[17,18,18],"maxIntervalMs":18,"workP95Ms":2,"stallsOver50ms":0,"devicePixelRatio":2,"pixelRatio":1.5,"mode":"packaged","t":71681}
[lawsmith] {"kind":"pacing","intervalMs":[17,18,18],"maxIntervalMs":19,"workP95Ms":2,"stallsOver50ms":0,"devicePixelRatio":2,"pixelRatio":1.5,"mode":"packaged","t":76722}
[lawsmith] {"kind":"pacing","intervalMs":[17,18,18],"maxIntervalMs":19,"workP95Ms":2,"stallsOver50ms":0,"devicePixelRatio":2,"pixelRatio":1.5,"mode":"packaged","t":81762}
[lawsmith] {"kind":"pacing","intervalMs":[17,18,18],"maxIntervalMs":19,"workP95Ms":2,"stallsOver50ms":0,"devicePixelRatio":2,"pixelRatio":1.5,"mode":"packaged","t":86801}
[lawsmith] {"kind":"pacing","intervalMs":[17,18,18],"maxIntervalMs":19,"workP95Ms":2,"stallsOver50ms":0,"devicePixelRatio":2,"pixelRatio":1.5,"mode":"packaged","t":91842}
[lawsmith] {"kind":"pacing","intervalMs":[17,18,18],"maxIntervalMs":19,"workP95Ms":2,"stallsOver50ms":0,"devicePixelRatio":2,"pixelRatio":1.5,"mode":"packaged","t":96881}
[lawsmith] {"kind":"pacing","intervalMs":[17,17,18],"maxIntervalMs":19,"workP95Ms":2,"stallsOver50ms":0,"devicePixelRatio":2,"pixelRatio":1.5,"mode":"packaged","t":101921}
[lawsmith] {"kind":"pacing","intervalMs":[17,18,18],"maxIntervalMs":19,"workP95Ms":2,"stallsOver50ms":0,"devicePixelRatio":2,"pixelRatio":1.5,"mode":"packaged","t":106961}
[lawsmith] {"kind":"pacing","intervalMs":[17,18,18],"maxIntervalMs":19,"workP95Ms":2,"stallsOver50ms":0,"devicePixelRatio":2,"pixelRatio":1.5,"mode":"packaged","t":112000}
[lawsmith] {"kind":"pacing","intervalMs":[17,18,19],"maxIntervalMs":19,"workP95Ms":2,"stallsOver50ms":0,"devicePixelRatio":2,"pixelRatio":1.5,"mode":"packaged","t":117041}
[lawsmith] {"kind":"pacing","intervalMs":[17,18,18],"maxIntervalMs":19,"workP95Ms":2,"stallsOver50ms":0,"devicePixelRatio":2,"pixelRatio":1.5,"mode":"packaged","t":122080}
[lawsmith] {"kind":"orbit","camera":[4.58,6.417,5.432],"mode":"packaged","t":122415}
[lawsmith] {"kind":"orbit","camera":[5.13,4.033,6.621],"mode":"packaged","t":123031}
[lawsmith] {"kind":"orbit","camera":[4.89,-0.811,7.154],"mode":"packaged","t":123493}
[lawsmith] {"kind":"orbit","camera":[6.921,0.651,5.537],"mode":"packaged","t":124081}
[lawsmith] {"kind":"orbit","camera":[8.361,3.37,1.92],"mode":"packaged","t":124631}
[lawsmith] {"kind":"pacing","intervalMs":[17,18,18],"maxIntervalMs":19,"workP95Ms":2,"stallsOver50ms":0,"devicePixelRatio":2,"pixelRatio":1.5,"mode":"packaged","t":127121}
[lawsmith] {"kind":"gizmo","transformMode":"translate","position":[0,1.1,-0.901],"rotation":[0,0,0],"mode":"packaged","t":128498}
[lawsmith] {"kind":"orbit","camera":[8.387,3.958,-0.493],"mode":"packaged","t":128499}
[lawsmith] {"kind":"gizmo","transformMode":"translate","position":[0,1.1,0.71],"rotation":[0,0,0],"mode":"packaged","t":132006}
[lawsmith] {"kind":"orbit","camera":[8.387,3.958,-0.493],"mode":"packaged","t":132007}
[lawsmith] {"kind":"pacing","intervalMs":[17,18,18],"maxIntervalMs":18,"workP95Ms":2,"stallsOver50ms":0,"devicePixelRatio":2,"pixelRatio":1.5,"mode":"packaged","t":132162}
[lawsmith] {"kind":"gizmo","transformMode":"translate","position":[0,1.1,-0.715],"rotation":[0,0,0],"mode":"packaged","t":134914}
[lawsmith] {"kind":"orbit","camera":[8.387,3.958,-0.493],"mode":"packaged","t":134915}
[lawsmith] {"kind":"pacing","intervalMs":[17,18,18],"maxIntervalMs":27,"workP95Ms":2,"stallsOver50ms":0,"devicePixelRatio":2,"pixelRatio":1.5,"mode":"packaged","t":137201}
[lawsmith] {"kind":"gizmo","transformMode":"translate","position":[0,1.1,0.693],"rotation":[0,0,0],"mode":"packaged","t":139239}
[lawsmith] {"kind":"orbit","camera":[8.387,3.958,-0.493],"mode":"packaged","t":139240}
[lawsmith] {"kind":"gizmo","transformMode":"translate","position":[0,-0.108,0.693],"rotation":[0,0,0],"mode":"packaged","t":142094}
[lawsmith] {"kind":"orbit","camera":[8.387,3.958,-0.493],"mode":"packaged","t":142094}
[lawsmith] {"kind":"pacing","intervalMs":[17,18,18],"maxIntervalMs":18,"workP95Ms":2,"stallsOver50ms":0,"devicePixelRatio":2,"pixelRatio":1.5,"mode":"packaged","t":142241}
[lawsmith] {"kind":"gizmo","transformMode":"translate","position":[0,2.326,0.693],"rotation":[0,0,0],"mode":"packaged","t":143364}
[lawsmith] {"kind":"orbit","camera":[8.387,3.958,-0.493],"mode":"packaged","t":143365}
[lawsmith] {"kind":"pacing","intervalMs":[17,18,18],"maxIntervalMs":18,"workP95Ms":1,"stallsOver50ms":0,"devicePixelRatio":2,"pixelRatio":1.5,"mode":"packaged","t":147281}
[lawsmith] {"kind":"gizmo","transformMode":"translate","position":[-0.395,2.326,0.693],"rotation":[0,0,0],"mode":"packaged","t":147556}
[lawsmith] {"kind":"orbit","camera":[8.387,3.958,-0.493],"mode":"packaged","t":147557}
[lawsmith] {"kind":"pacing","intervalMs":[17,18,18],"maxIntervalMs":19,"workP95Ms":1,"stallsOver50ms":0,"devicePixelRatio":2,"pixelRatio":1.5,"mode":"packaged","t":152321}
[lawsmith] {"kind":"orbit","camera":[-0.047,9.83,-1.59],"mode":"packaged","t":153273}
[lawsmith] {"kind":"gizmo","transformMode":"translate","position":[0.303,2.326,0.693],"rotation":[0,0,0],"mode":"packaged","t":155097}
[lawsmith] {"kind":"orbit","camera":[-1.033,9.604,-2.316],"mode":"packaged","t":155098}
[lawsmith] {"kind":"gizmo","transformMode":"translate","position":[0.303,2.326,1.086],"rotation":[0,0,0],"mode":"packaged","t":156122}
[lawsmith] {"kind":"orbit","camera":[-1.038,9.603,-2.318],"mode":"packaged","t":156123}
[lawsmith] {"kind":"pacing","intervalMs":[17,18,18],"maxIntervalMs":18,"workP95Ms":1,"stallsOver50ms":0,"devicePixelRatio":2,"pixelRatio":1.5,"mode":"packaged","t":157361}
[lawsmith] {"kind":"gizmo","transformMode":"translate","position":[0.303,1.215,1.086],"rotation":[0,0,0],"mode":"packaged","t":157906}
[lawsmith] {"kind":"orbit","camera":[-1.038,9.603,-2.318],"mode":"packaged","t":157906}
[lawsmith] {"kind":"pacing","intervalMs":[17,17,18],"maxIntervalMs":18,"workP95Ms":2,"stallsOver50ms":0,"devicePixelRatio":2,"pixelRatio":1.5,"mode":"packaged","t":162401}
[lawsmith] {"kind":"pacing","intervalMs":[17,18,18],"maxIntervalMs":19,"workP95Ms":2,"stallsOver50ms":0,"devicePixelRatio":2,"pixelRatio":1.5,"mode":"packaged","t":167441}
[lawsmith] {"kind":"pacing","intervalMs":[17,18,18],"maxIntervalMs":19,"workP95Ms":2,"stallsOver50ms":0,"devicePixelRatio":2,"pixelRatio":1.5,"mode":"packaged","t":172480}
[lawsmith] {"kind":"pacing","intervalMs":[17,18,18],"maxIntervalMs":19,"workP95Ms":2,"stallsOver50ms":0,"devicePixelRatio":2,"pixelRatio":1.5,"mode":"packaged","t":177521}
[lawsmith] {"kind":"pacing","intervalMs":[17,18,18],"maxIntervalMs":18,"workP95Ms":2,"stallsOver50ms":0,"devicePixelRatio":2,"pixelRatio":1.5,"mode":"packaged","t":182562}
[lawsmith] {"kind":"pacing","intervalMs":[17,18,18],"maxIntervalMs":20,"workP95Ms":1,"stallsOver50ms":0,"devicePixelRatio":2,"pixelRatio":1.5,"mode":"packaged","t":187601}
[lawsmith] {"kind":"pacing","intervalMs":[17,18,18],"maxIntervalMs":18,"workP95Ms":2,"stallsOver50ms":0,"devicePixelRatio":2,"pixelRatio":1.5,"mode":"packaged","t":192642}
[lawsmith] {"kind":"pacing","intervalMs":[17,18,18],"maxIntervalMs":19,"workP95Ms":2,"stallsOver50ms":0,"devicePixelRatio":2,"pixelRatio":1.5,"mode":"packaged","t":197681}
[lawsmith] {"kind":"pacing","intervalMs":[17,18,18],"maxIntervalMs":20,"workP95Ms":2,"stallsOver50ms":0,"devicePixelRatio":2,"pixelRatio":1.5,"mode":"packaged","t":202721}
[lawsmith] {"kind":"pacing","intervalMs":[17,18,18],"maxIntervalMs":18,"workP95Ms":2,"stallsOver50ms":0,"devicePixelRatio":2,"pixelRatio":1.5,"mode":"packaged","t":207761}
[lawsmith] {"kind":"pacing","intervalMs":[17,18,19],"maxIntervalMs":19,"workP95Ms":2,"stallsOver50ms":0,"devicePixelRatio":2,"pixelRatio":1.5,"mode":"packaged","t":212801}
[lawsmith] {"kind":"pacing","intervalMs":[17,18,18],"maxIntervalMs":21,"workP95Ms":2,"stallsOver50ms":0,"devicePixelRatio":2,"pixelRatio":1.5,"mode":"packaged","t":217841}
[lawsmith] {"kind":"pacing","intervalMs":[17,18,18],"maxIntervalMs":19,"workP95Ms":2,"stallsOver50ms":0,"devicePixelRatio":2,"pixelRatio":1.5,"mode":"packaged","t":222880}
[lawsmith] {"kind":"pacing","intervalMs":[17,18,18],"maxIntervalMs":19,"workP95Ms":2,"stallsOver50ms":0,"devicePixelRatio":2,"pixelRatio":1.5,"mode":"packaged","t":227921}
[lawsmith] {"kind":"pacing","intervalMs":[17,17,18],"maxIntervalMs":18,"workP95Ms":2,"stallsOver50ms":0,"devicePixelRatio":2,"pixelRatio":1.5,"mode":"packaged","t":232962}
[lawsmith] {"kind":"pacing","intervalMs":[17,18,18],"maxIntervalMs":19,"workP95Ms":2,"stallsOver50ms":0,"devicePixelRatio":2,"pixelRatio":1.5,"mode":"packaged","t":238001}
[lawsmith] {"kind":"pacing","intervalMs":[17,18,18],"maxIntervalMs":18,"workP95Ms":2,"stallsOver50ms":0,"devicePixelRatio":2,"pixelRatio":1.5,"mode":"packaged","t":243041}
[lawsmith] {"kind":"pacing","intervalMs":[17,18,18],"maxIntervalMs":20,"workP95Ms":2,"stallsOver50ms":0,"devicePixelRatio":2,"pixelRatio":1.5,"mode":"packaged","t":248080}
[lawsmith] {"kind":"pacing","intervalMs":[17,18,19],"maxIntervalMs":19,"workP95Ms":2,"stallsOver50ms":0,"devicePixelRatio":2,"pixelRatio":1.5,"mode":"packaged","t":253121}
[lawsmith] {"kind":"pacing","intervalMs":[17,18,18],"maxIntervalMs":19,"workP95Ms":2,"stallsOver50ms":0,"devicePixelRatio":2,"pixelRatio":1.5,"mode":"packaged","t":258161}
[lawsmith] {"kind":"pacing","intervalMs":[17,17,18],"maxIntervalMs":18,"workP95Ms":2,"stallsOver50ms":0,"devicePixelRatio":2,"pixelRatio":1.5,"mode":"packaged","t":263201}
[lawsmith] {"kind":"pacing","intervalMs":[17,17,18],"maxIntervalMs":19,"workP95Ms":2,"stallsOver50ms":0,"devicePixelRatio":2,"pixelRatio":1.5,"mode":"packaged","t":268241}
[lawsmith] {"kind":"pacing","intervalMs":[17,18,18],"maxIntervalMs":32,"workP95Ms":2,"stallsOver50ms":0,"devicePixelRatio":2,"pixelRatio":1.5,"mode":"packaged","t":273281}
[lawsmith] {"kind":"pacing","intervalMs":[17,18,18],"maxIntervalMs":23,"workP95Ms":1,"stallsOver50ms":0,"devicePixelRatio":2,"pixelRatio":1.5,"mode":"packaged","t":278321}
[lawsmith] {"kind":"pacing","intervalMs":[17,17,18],"maxIntervalMs":18,"workP95Ms":1,"stallsOver50ms":0,"devicePixelRatio":2,"pixelRatio":1.5,"mode":"packaged","t":283361}
[lawsmith] {"kind":"pacing","intervalMs":[17,17,18],"maxIntervalMs":25,"workP95Ms":1,"stallsOver50ms":0,"devicePixelRatio":2,"pixelRatio":1.5,"mode":"packaged","t":288401}
[lawsmith] {"kind":"pacing","intervalMs":[17,17,18],"maxIntervalMs":19,"workP95Ms":2,"stallsOver50ms":0,"devicePixelRatio":2,"pixelRatio":1.5,"mode":"packaged","t":293441}
[lawsmith] {"kind":"pacing","intervalMs":[17,18,19],"maxIntervalMs":19,"workP95Ms":2,"stallsOver50ms":0,"devicePixelRatio":2,"pixelRatio":1.5,"mode":"packaged","t":298481}
[lawsmith] {"kind":"pacing","intervalMs":[17,18,18],"maxIntervalMs":19,"workP95Ms":2,"stallsOver50ms":0,"devicePixelRatio":2,"pixelRatio":1.5,"mode":"packaged","t":303521}
[lawsmith] {"kind":"pacing","intervalMs":[17,18,18],"maxIntervalMs":24,"workP95Ms":2,"stallsOver50ms":0,"devicePixelRatio":2,"pixelRatio":1.5,"mode":"packaged","t":308561}
[lawsmith] {"kind":"resize","css":[1185,797],"devicePixelRatio":2,"pixelRatio":1.5,"canvas":[1777,1195],"aspect":1.4868,"mode":"packaged","t":312978}
[lawsmith] {"kind":"pacing","intervalMs":[17,18,18],"maxIntervalMs":24,"workP95Ms":2,"stallsOver50ms":0,"devicePixelRatio":2,"pixelRatio":1.5,"mode":"packaged","t":313601}
[lawsmith] {"kind":"resize","css":[1222,870],"devicePixelRatio":2,"pixelRatio":1.5,"canvas":[1833,1305],"aspect":1.4046,"mode":"packaged","t":316062}
[lawsmith] {"kind":"resize","css":[1221,866],"devicePixelRatio":2,"pixelRatio":1.5,"canvas":[1831,1299],"aspect":1.4099,"mode":"packaged","t":316462}
[lawsmith] {"kind":"resize","css":[936,918],"devicePixelRatio":2,"pixelRatio":1.5,"canvas":[1404,1377],"aspect":1.0196,"mode":"packaged","t":318145}
[lawsmith] {"kind":"pacing","intervalMs":[17,17,19],"maxIntervalMs":22,"workP95Ms":2,"stallsOver50ms":0,"devicePixelRatio":2,"pixelRatio":1.5,"mode":"packaged","t":318641}
[lawsmith] {"kind":"resize","css":[907,927],"devicePixelRatio":2,"pixelRatio":1.5,"canvas":[1360,1390],"aspect":0.9784,"mode":"packaged","t":318845}
[lawsmith] {"kind":"resize","css":[900,938],"devicePixelRatio":2,"pixelRatio":1.5,"canvas":[1350,1407],"aspect":0.9595,"mode":"packaged","t":320895}
[lawsmith] {"kind":"resize","css":[900,934],"devicePixelRatio":2,"pixelRatio":1.5,"canvas":[1350,1401],"aspect":0.9636,"mode":"packaged","t":321745}
[lawsmith] {"kind":"resize","css":[900,959],"devicePixelRatio":2,"pixelRatio":1.5,"canvas":[1350,1438],"aspect":0.9385,"mode":"packaged","t":323611}
[lawsmith] {"kind":"pacing","intervalMs":[17,18,18],"maxIntervalMs":70,"workP95Ms":2,"stallsOver50ms":1,"devicePixelRatio":2,"pixelRatio":1.5,"mode":"packaged","t":323681}
[lawsmith] {"kind":"resize","css":[900,836],"devicePixelRatio":2,"pixelRatio":1.5,"canvas":[1350,1254],"aspect":1.0766,"mode":"packaged","t":324894}
[lawsmith] {"kind":"resize","css":[900,680],"devicePixelRatio":2,"pixelRatio":1.5,"canvas":[1350,1020],"aspect":1.3235,"mode":"packaged","t":326195}
[lawsmith] {"kind":"resize","css":[900,669],"devicePixelRatio":2,"pixelRatio":1.5,"canvas":[1350,1003],"aspect":1.3453,"mode":"packaged","t":327125}
[lawsmith] {"kind":"resize","css":[900,660],"devicePixelRatio":2,"pixelRatio":1.5,"canvas":[1350,990],"aspect":1.3636,"mode":"packaged","t":328191}
[lawsmith] {"kind":"pacing","intervalMs":[17,18,18],"maxIntervalMs":18,"workP95Ms":2,"stallsOver50ms":1,"devicePixelRatio":2,"pixelRatio":1.5,"mode":"packaged","t":328725}
[lawsmith] {"kind":"pacing","intervalMs":[17,18,18],"maxIntervalMs":18,"workP95Ms":2,"stallsOver50ms":1,"devicePixelRatio":2,"pixelRatio":1.5,"mode":"packaged","t":333765}
[lawsmith] {"kind":"pacing","intervalMs":[17,17,18],"maxIntervalMs":19,"workP95Ms":1,"stallsOver50ms":1,"devicePixelRatio":2,"pixelRatio":1.5,"mode":"packaged","t":338805}
[lawsmith] {"kind":"pacing","intervalMs":[17,18,18],"maxIntervalMs":18,"workP95Ms":2,"stallsOver50ms":1,"devicePixelRatio":2,"pixelRatio":1.5,"mode":"packaged","t":343845}
[lawsmith] {"kind":"pacing","intervalMs":[17,18,18],"maxIntervalMs":21,"workP95Ms":2,"stallsOver50ms":1,"devicePixelRatio":2,"pixelRatio":1.5,"mode":"packaged","t":348885}
[lawsmith] {"kind":"resize","css":[906,665],"devicePixelRatio":2,"pixelRatio":1.5,"canvas":[1359,997],"aspect":1.3624,"mode":"packaged","t":351324}
[lawsmith] {"kind":"resize","css":[984,665],"devicePixelRatio":2,"pixelRatio":1.5,"canvas":[1476,997],"aspect":1.4797,"mode":"packaged","t":353041}
[lawsmith] {"kind":"pacing","intervalMs":[17,18,18],"maxIntervalMs":18,"workP95Ms":2,"stallsOver50ms":1,"devicePixelRatio":2,"pixelRatio":1.5,"mode":"packaged","t":353924}
[lawsmith] {"kind":"pacing","intervalMs":[17,17,18],"maxIntervalMs":22,"workP95Ms":1,"stallsOver50ms":1,"devicePixelRatio":2,"pixelRatio":1.5,"mode":"packaged","t":358965}
[lawsmith] {"kind":"resize","css":[1267,661],"devicePixelRatio":2,"pixelRatio":1.5,"canvas":[1900,991],"aspect":1.9168,"mode":"packaged","t":359316}
[lawsmith] {"kind":"resize","css":[1272,663],"devicePixelRatio":2,"pixelRatio":1.5,"canvas":[1908,994],"aspect":1.9186,"mode":"packaged","t":359900}
[lawsmith] {"kind":"resize","css":[1273,663],"devicePixelRatio":2,"pixelRatio":1.5,"canvas":[1909,994],"aspect":1.9201,"mode":"packaged","t":360636}
[lawsmith] {"kind":"resize","css":[1287,662],"devicePixelRatio":2,"pixelRatio":1.5,"canvas":[1930,993],"aspect":1.9441,"mode":"packaged","t":361617}
[lawsmith] {"kind":"resize","css":[1285,662],"devicePixelRatio":2,"pixelRatio":1.5,"canvas":[1927,993],"aspect":1.9411,"mode":"packaged","t":362317}
[lawsmith] {"kind":"pacing","intervalMs":[17,18,18],"maxIntervalMs":19,"workP95Ms":3,"stallsOver50ms":1,"devicePixelRatio":2,"pixelRatio":1.5,"mode":"packaged","t":364016}
[lawsmith] {"kind":"resize","css":[1288,704],"devicePixelRatio":2,"pixelRatio":1.5,"canvas":[1932,1056],"aspect":1.8295,"mode":"packaged","t":366516}
[lawsmith] {"kind":"pacing","intervalMs":[17,18,18],"maxIntervalMs":19,"workP95Ms":2,"stallsOver50ms":1,"devicePixelRatio":2,"pixelRatio":1.5,"mode":"packaged","t":369066}
[lawsmith] {"kind":"resize","css":[1285,835],"devicePixelRatio":2,"pixelRatio":1.5,"canvas":[1927,1252],"aspect":1.5389,"mode":"packaged","t":370994}
[lawsmith] {"kind":"pacing","intervalMs":[17,18,18],"maxIntervalMs":20,"workP95Ms":2,"stallsOver50ms":1,"devicePixelRatio":2,"pixelRatio":1.5,"mode":"packaged","t":374105}
[lawsmith] {"kind":"resize","css":[1285,821],"devicePixelRatio":2,"pixelRatio":1.5,"canvas":[1927,1231],"aspect":1.5652,"mode":"packaged","t":374196}
[lawsmith] {"kind":"resize","css":[1285,801],"devicePixelRatio":2,"pixelRatio":1.5,"canvas":[1927,1201],"aspect":1.6042,"mode":"packaged","t":375433}
[lawsmith] {"kind":"resize","css":[1285,803],"devicePixelRatio":2,"pixelRatio":1.5,"canvas":[1927,1204],"aspect":1.6002,"mode":"packaged","t":375933}
[lawsmith] {"kind":"resize","css":[1282,808],"devicePixelRatio":2,"pixelRatio":1.5,"canvas":[1923,1212],"aspect":1.5866,"mode":"packaged","t":376449}
[lawsmith] {"kind":"pacing","intervalMs":[17,17,18],"maxIntervalMs":25,"workP95Ms":2,"stallsOver50ms":1,"devicePixelRatio":2,"pixelRatio":1.5,"mode":"packaged","t":379145}
[lawsmith] {"kind":"pacing","intervalMs":[17,18,18],"maxIntervalMs":19,"workP95Ms":2,"stallsOver50ms":1,"devicePixelRatio":2,"pixelRatio":1.5,"mode":"packaged","t":384185}
[lawsmith] {"kind":"gizmo","transformMode":"translate","position":[0.915,1.215,1.086],"rotation":[0,0,0],"mode":"packaged","t":387930}
[lawsmith] {"kind":"orbit","camera":[-1.038,9.603,-2.318],"mode":"packaged","t":387931}
[lawsmith] {"kind":"gizmo","transformMode":"translate","position":[0.915,1.215,1.008],"rotation":[0,0,0],"mode":"packaged","t":388738}
[lawsmith] {"kind":"orbit","camera":[-1.038,9.603,-2.318],"mode":"packaged","t":388739}
[lawsmith] {"kind":"pacing","intervalMs":[17,18,18],"maxIntervalMs":19,"workP95Ms":2,"stallsOver50ms":1,"devicePixelRatio":2,"pixelRatio":1.5,"mode":"packaged","t":389225}
[lawsmith] {"kind":"gizmo","transformMode":"translate","position":[0.915,1.215,-0.323],"rotation":[0,0,0],"mode":"packaged","t":389831}
[lawsmith] {"kind":"orbit","camera":[-1.038,9.603,-2.318],"mode":"packaged","t":389831}
[lawsmith] {"kind":"pacing","intervalMs":[17,18,18],"maxIntervalMs":19,"workP95Ms":2,"stallsOver50ms":1,"devicePixelRatio":2,"pixelRatio":1.5,"mode":"packaged","t":394265}
[lawsmith] {"kind":"resize","css":[1278,911],"devicePixelRatio":2,"pixelRatio":1.5,"canvas":[1917,1366],"aspect":1.4029,"mode":"packaged","t":394761}
[lawsmith] {"kind":"resize","css":[1277,921],"devicePixelRatio":2,"pixelRatio":1.5,"canvas":[1915,1381],"aspect":1.3865,"mode":"packaged","t":395728}
[lawsmith] {"kind":"resize","css":[1331,1007],"devicePixelRatio":2,"pixelRatio":1.5,"canvas":[1996,1510],"aspect":1.3217,"mode":"packaged","t":396994}
[lawsmith] {"kind":"resize","css":[1575,1007],"devicePixelRatio":2,"pixelRatio":1.5,"canvas":[2362,1510],"aspect":1.5641,"mode":"packaged","t":398962}
[lawsmith] {"kind":"pacing","intervalMs":[17,17,18],"maxIntervalMs":25,"workP95Ms":2,"stallsOver50ms":1,"devicePixelRatio":2,"pixelRatio":1.5,"mode":"packaged","t":399309}
[lawsmith] {"kind":"resize","css":[1601,1011],"devicePixelRatio":2,"pixelRatio":1.5,"canvas":[2401,1516],"aspect":1.5836,"mode":"packaged","t":401124}
[lawsmith] {"kind":"resize","css":[1602,1010],"devicePixelRatio":2,"pixelRatio":1.5,"canvas":[2403,1515],"aspect":1.5861,"mode":"packaged","t":401474}
[lawsmith] {"kind":"resize","css":[1601,1009],"devicePixelRatio":2,"pixelRatio":1.5,"canvas":[2401,1513],"aspect":1.5867,"mode":"packaged","t":401891}
[lawsmith] {"kind":"resize","css":[1601,1008],"devicePixelRatio":2,"pixelRatio":1.5,"canvas":[2401,1512],"aspect":1.5883,"mode":"packaged","t":402474}
[lawsmith] {"kind":"pacing","intervalMs":[17,18,23],"maxIntervalMs":24,"workP95Ms":2,"stallsOver50ms":1,"devicePixelRatio":2,"pixelRatio":1.5,"mode":"packaged","t":404349}
[lawsmith] {"kind":"gizmo","transformMode":"translate","position":[0.915,1.812,-0.323],"rotation":[0,0,0],"mode":"packaged","t":406521}
[lawsmith] {"kind":"orbit","camera":[-1.038,9.603,-2.318],"mode":"packaged","t":406522}
[lawsmith] {"kind":"gizmo","transformMode":"translate","position":[0.915,1.812,0.83],"rotation":[0,0,0],"mode":"packaged","t":408168}
[lawsmith] {"kind":"orbit","camera":[-1.038,9.603,-2.318],"mode":"packaged","t":408168}
[lawsmith] {"kind":"gizmo","transformMode":"translate","position":[-0.792,1.812,0.83],"rotation":[0,0,0],"mode":"packaged","t":409218}
[lawsmith] {"kind":"orbit","camera":[-1.038,9.603,-2.318],"mode":"packaged","t":409218}
[lawsmith] {"kind":"pacing","intervalMs":[17,18,18],"maxIntervalMs":18,"workP95Ms":2,"stallsOver50ms":1,"devicePixelRatio":2,"pixelRatio":1.5,"mode":"packaged","t":409389}
[lawsmith] {"kind":"resize","css":[900,600],"devicePixelRatio":2,"pixelRatio":1.5,"canvas":[1350,900],"aspect":1.5,"mode":"packaged","t":413107}
[lawsmith] {"kind":"pacing","intervalMs":[17,18,22],"maxIntervalMs":23,"workP95Ms":2,"stallsOver50ms":1,"devicePixelRatio":2,"pixelRatio":1.5,"mode":"packaged","t":414443}
[lawsmith] {"kind":"resize","css":[1784,1085],"devicePixelRatio":2,"pixelRatio":1.5,"canvas":[2676,1627],"aspect":1.6442,"mode":"packaged","t":415173}
[lawsmith] {"kind":"resize","css":[977,600],"devicePixelRatio":2,"pixelRatio":1.5,"canvas":[1465,900],"aspect":1.6283,"mode":"packaged","t":417373}
[lawsmith] {"kind":"pacing","intervalMs":[17,17,18],"maxIntervalMs":18,"workP95Ms":2,"stallsOver50ms":1,"devicePixelRatio":2,"pixelRatio":1.5,"mode":"packaged","t":419489}
[lawsmith] {"kind":"pacing","intervalMs":[17,18,18],"maxIntervalMs":19,"workP95Ms":2,"stallsOver50ms":1,"devicePixelRatio":2,"pixelRatio":1.5,"mode":"packaged","t":424537}
[lawsmith] {"kind":"resize","css":[1168,734],"devicePixelRatio":2,"pixelRatio":1.5,"canvas":[1752,1101],"aspect":1.5913,"mode":"packaged","t":428966}
[lawsmith] {"kind":"pacing","intervalMs":[17,18,19],"maxIntervalMs":26,"workP95Ms":2,"stallsOver50ms":1,"devicePixelRatio":2,"pixelRatio":1.5,"mode":"packaged","t":429577}
[lawsmith] {"kind":"pacing","intervalMs":[17,18,18],"maxIntervalMs":38,"workP95Ms":2,"stallsOver50ms":1,"devicePixelRatio":2,"pixelRatio":1.5,"mode":"packaged","t":434616}
[lawsmith] {"kind":"pacing","intervalMs":[17,17,18],"maxIntervalMs":522,"workP95Ms":2,"stallsOver50ms":2,"devicePixelRatio":2,"pixelRatio":1.5,"mode":"packaged","t":440079}
[lawsmith] {"kind":"pacing","intervalMs":[17,17,18],"maxIntervalMs":522,"workP95Ms":2,"stallsOver50ms":2,"devicePixelRatio":2,"pixelRatio":1.5,"mode":"packaged","t":446073}
[lawsmith] {"kind":"pacing","intervalMs":[17,17,18],"maxIntervalMs":522,"workP95Ms":2,"stallsOver50ms":2,"devicePixelRatio":2,"pixelRatio":1.5,"mode":"packaged","t":452063}
[lawsmith] {"kind":"pacing","intervalMs":[17,17,18],"maxIntervalMs":522,"workP95Ms":2,"stallsOver50ms":2,"devicePixelRatio":2,"pixelRatio":1.5,"mode":"packaged","t":458072}
[lawsmith] {"kind":"pacing","intervalMs":[17,17,18],"maxIntervalMs":522,"workP95Ms":2,"stallsOver50ms":2,"devicePixelRatio":2,"pixelRatio":1.5,"mode":"packaged","t":464080}
[lawsmith] {"kind":"pacing","intervalMs":[17,17,18],"maxIntervalMs":522,"workP95Ms":2,"stallsOver50ms":2,"devicePixelRatio":2,"pixelRatio":1.5,"mode":"packaged","t":470080}
[lawsmith] {"kind":"pacing","intervalMs":[17,18,25],"maxIntervalMs":37436,"workP95Ms":2,"stallsOver50ms":3,"devicePixelRatio":2,"pixelRatio":1.5,"mode":"packaged","t":475241}
