[qa 00:40:04] segment: invalid imports, canceled and refused saves
[qa 00:40:23] launched pid 27169, window at 0,21, log files-a.log
[qa 00:40:31] PASS {"kind": "document", "outcome": "rejected", "action": "open", "file": "bad-unknown-capability.lawsmith.json", "path": "requiredCapabilities[3]", "reason": "this scene requires \"primitive.unknown.v9\", which this build does not support", "mode": "packaged", "t": 11885}  [document] bad-unknown-capability is rejected before replacing anything
[qa 00:40:39] PASS {"kind": "document", "outcome": "rejected", "action": "open", "file": "bad-zero-rotation.lawsmith.json", "path": "semantic.fields[0].pose.rotation", "reason": "rotation must be a finite nonzero quaternion", "mode": "packaged", "t": 19612}  [document] bad-zero-rotation is rejected before replacing anything
[qa 00:40:46] PASS {"kind": "document", "outcome": "rejected", "action": "open", "file": "bad-not-json.lawsmith.json", "path": "", "reason": "the file is not valid JSON (JSON Parse error: Property name must be a string literal)", "mode": "packaged", "t": 26817}  [document] bad-not-json is rejected before replacing anything
[qa 00:40:53] PASS {"kind": "document", "outcome": "failed", "action": "open", "failure": "not-utf8", "stage": "decode", "message": "the file is not UTF-8 (invalid utf-8 sequence of 1 bytes from index 155)", "mode": "packaged", "t": 33991}  [document] bad-latin1 is rejected before replacing anything
[qa 00:41:01] PASS {"kind": "document", "outcome": "failed", "action": "open", "failure": "too-large", "stage": "open", "message": "the file is larger than 5242880 bytes", "mode": "packaged", "t": 41236}  [document] bad-oversized is rejected before replacing anything
[qa 00:41:01] PASS {"kind": "digest", "reason": "startup", "generation": 1, "revision": 0, "semanticSha256": "ac7733bd9477e6e1a1e867470c0ac624e071a3330e921216c246f1b5240307ac", "mode": "packaged", "t": 3608}  [digest] the current scene's semantics never changed
[qa 00:41:02] captured files-01-rejected-import.png
[qa 00:41:05] PASS {"kind": "document", "action": "save-as", "outcome": "canceled", "file": null, "mode": "packaged", "t": 45460}  [document] a canceled Save As writes nothing
[qa 00:41:10] PASS {"kind": "document", "action": "save-as", "outcome": "refused-name", "name": "refused-name.json", "mode": "packaged", "t": 49933}  [document] a name without .lawsmith.json is refused
[qa 00:41:10] PASS  no file was written for the refused name
[qa 00:41:10] captured files-02-refused-name.png
[qa 00:41:15] PASS {"kind": "document", "action": "save-as", "outcome": "saved", "file": "bundled-roundtrip.lawsmith.json", "generation": 1, "revision": 0, "laterEdits": 0, "recoveryRetired": true, "bytes": 2503, "captureMs": 5, "writeMs": 8.872, "saveMs": 17, "mode": "packaged", "t": 55401}  [document] the untouched bundled scene saves
[qa 00:41:15] PASS  the saved bundled scene is byte-identical to the bundled file
[qa 00:41:18] segment: full disk
[qa 00:41:37] launched pid 28537, window at 0,21, log files-b.log
[qa 00:41:45] PASS {"kind": "document", "action": "open", "outcome": "committed", "file": "on-full-disk.lawsmith.json", "generation": 2, "title": "Falling stream", "bytes": 2503, "readMs": 2.49, "parseMs": 1, "candidateMs": 0, "commitMs": 1, "openMs": 4.49, "mode": "packaged", "t": 11245}  [document] the file on the full disk opened, through a symlink, and bound
[qa 00:41:48] PASS {"kind": "document", "outcome": "failed", "action": "save", "file": "on-full-disk.lawsmith.json", "revision": 1, "failure": "disk-full", "stage": "create-temp", "message": "No space left on device (os error 28)", "mode": "packaged", "t": 14103}  [document] Save to the symlinked file on a full disk fails and says so
[qa 00:41:48] PASS  the existing file is byte-identical after the failed save
[qa 00:41:48] PASS  no temporary file was left on the full disk
[qa 00:41:48] captured files-03-disk-full.png
[qa 00:41:50] PASS {"kind": "control", "law": "sideways", "enabled": true, "revision": 2, "mode": "packaged", "t": 16399}  [control] editing still works after the failed save
[qa 00:41:55] PASS {"kind": "document", "action": "save-as", "outcome": "saved", "file": "after-disk-full.lawsmith.json", "generation": 2, "revision": 2, "laterEdits": 0, "recoveryRetired": true, "bytes": 2503, "captureMs": 0, "writeMs": 9.035, "saveMs": 13, "mode": "packaged", "t": 21153}  [document] Save As to another writable location works after the failure
[qa 00:41:58] segment: read-only recovery directory
[qa 00:42:17] launched pid 29293, window at 0,21, log files-c.log
[qa 00:42:21] PASS {"kind": "recovery", "action": "write", "outcome": "failed", "generation": 1, "revision": 1, "failure": "permission", "stage": "create-temp", "message": "Permission denied (os error 13)", "mode": "packaged", "t": 6399}  [recovery] a recovery write that is denied is reported
[qa 00:42:22] captured files-04-recovery-unavailable.png
[qa 00:42:27] PASS {"kind": "document", "action": "save-as", "outcome": "saved", "file": "after-recovery-failure.lawsmith.json", "generation": 1, "revision": 1, "laterEdits": 0, "recoveryRetired": true, "bytes": 2504, "captureMs": 0, "writeMs": 7.955, "saveMs": 10, "mode": "packaged", "t": 12626}  [document] explicit Save As works while recovery is unavailable
[qa 00:42:29] m2-files complete
