[lawsmith] {"kind":"native","terminateGuard":true}
[lawsmith] {"kind":"runtime","mode":"packaged","origin":"tauri://localhost","isSecureContext":true,"navigatorGpu":true,"runtime":{"arch":"aarch64","build":"release","recovery":"override","tauri":"3.0.0-alpha.4","webview":"22625.2.5.11.1"},"userAgent":"Mozilla/5.0 (Macintosh; Intel Mac OS X 10_15_7) AppleWebKit/605.1.15 (KHTML, like Gecko)","timerResolutionMs":1,"t":113}
[lawsmith] {"kind":"backend","backend":"WebGPU","coordinateSystemIsWebGPU":true,"compatibilityMode":false,"samples":4,"adapter":{"vendor":"apple","architecture":"apple","device":"apple","description":"apple"},"features":["bgra8unorm-storage","clip-distances","core-features-and-limits","depth-clip-control","depth32float-stencil8","float32-blendable","float32-filterable","indirect-first-instance","rg11b10ufloat-renderable","shader-f16","texture-compression-astc","texture-compression-astc-sliced-3d","texture-compression-bc","texture-compression-bc-sliced-3d","texture-compression-etc2","texture-formats-tier1","texture-formats-tier2","timestamp-query"],"mode":"packaged","t":115}
[lawsmith] {"kind":"rapier","version":"0.21.0","profile":"lawsmith-m1-rapier-0.21.0","fieldKernel":"affine-ak-v2","effectiveProfile":{"dt":0.008333333767950535,"numSolverIterations":4,"numInternalPgsIterations":1,"maxCcdSubsteps":1,"lengthUnit":1,"normalizedAllowedLinearError":0.004999999888241291,"normalizedPredictionDistance":0.019999999552965164,"contactErp":0.0728205069899559},"mode":"packaged","t":134}
[lawsmith] {"kind":"render-probe","distinctColors":67,"gpuErrors":0,"mode":"packaged","t":3540}
[lawsmith] {"kind":"ingredient-focus","law":"sideways","level":null,"focus":null,"mode":"packaged","t":3541}
[lawsmith] {"kind":"digest","reason":"startup","generation":1,"revision":0,"semanticSha256":"ac7733bd9477e6e1a1e867470c0ac624e071a3330e921216c246f1b5240307ac","mode":"packaged","t":3546}
[lawsmith] {"kind":"recovery","action":"launch","current":"absent","previous":"absent","mode":"packaged","t":3546}
[lawsmith] {"kind":"guard","action":"ready","mode":"packaged","t":3549}
[lawsmith] {"kind":"ready","rendererInitMs":23,"rapierInitMs":19,"firstFrameMs":3465,"mode":"packaged","t":3557}
[lawsmith] {"kind":"stall","intervalMs":636,"tick":0,"playing":false,"previousFrame":{"workMs":1,"prepMs":1,"maxStepMs":0,"steps":0},"thisFrame":{"workMs":1,"prepMs":0,"maxStepMs":0,"steps":0},"mode":"packaged","t":6255}
[lawsmith] {"kind":"lifecycle","signal":"window-blur","tick":0,"playing":false,"mode":"packaged","t":6256}
[lawsmith] {"kind":"lifecycle","signal":"native-focus","focused":false,"minimized":false,"visible":true,"tick":0,"mode":"packaged","t":6256}
[lawsmith] {"kind":"pacing","intervalMs":[17,17,20],"maxIntervalMs":636,"workP95Ms":3,"stallsOver50ms":1,"devicePixelRatio":2,"pixelRatio":1.5,"tick":0,"playing":false,"bodies":0,"stepMs":[0,0,0],"editMs":null,"editSamples":0,"simWallRatio":0,"droppedMs":0,"mode":"packaged","t":8560}
[lawsmith] {"kind":"lifecycle","signal":"window-focus","tick":0,"mode":"packaged","t":11796}
[lawsmith] {"kind":"stall","intervalMs":279,"tick":0,"playing":false,"previousFrame":{"workMs":1,"prepMs":1,"maxStepMs":0,"steps":0},"thisFrame":{"workMs":1,"prepMs":0,"maxStepMs":0,"steps":0},"mode":"packaged","t":11798}
[lawsmith] {"kind":"document","outcome":"rejected","action":"open","file":"bad-unknown-capability.lawsmith.json","path":"requiredCapabilities[3]","reason":"this scene requires \"primitive.unknown.v9\", which this build does not support","mode":"packaged","t":11799}
[lawsmith] {"kind":"file-control","action":"open","outcome":false,"tickBefore":0,"tickAfter":0,"playing":false,"mode":"packaged","t":11799}
[lawsmith] {"kind":"lifecycle","signal":"native-focus","focused":true,"minimized":false,"visible":true,"tick":0,"mode":"packaged","t":11801}
[lawsmith] {"kind":"stall","intervalMs":426,"tick":0,"playing":false,"previousFrame":{"workMs":2,"prepMs":1,"maxStepMs":0,"steps":0},"thisFrame":{"workMs":1,"prepMs":0,"maxStepMs":0,"steps":0},"mode":"packaged","t":13494}
[lawsmith] {"kind":"lifecycle","signal":"window-blur","tick":0,"playing":false,"mode":"packaged","t":13495}
[lawsmith] {"kind":"lifecycle","signal":"native-focus","focused":false,"minimized":false,"visible":true,"tick":0,"mode":"packaged","t":13497}
[lawsmith] {"kind":"pacing","intervalMs":[17,18,18],"maxIntervalMs":426,"workP95Ms":2,"stallsOver50ms":3,"devicePixelRatio":2,"pixelRatio":1.5,"tick":0,"playing":false,"bodies":0,"stepMs":[0,0,0],"editMs":null,"editSamples":0,"simWallRatio":0,"droppedMs":0,"mode":"packaged","t":13600}
[lawsmith] {"kind":"pacing","intervalMs":[17,17,18],"maxIntervalMs":18,"workP95Ms":2,"stallsOver50ms":3,"devicePixelRatio":2,"pixelRatio":1.5,"tick":0,"playing":false,"bodies":0,"stepMs":[0,0,0],"editMs":null,"editSamples":0,"simWallRatio":0,"droppedMs":0,"mode":"packaged","t":18640}
[lawsmith] {"kind":"lifecycle","signal":"window-focus","tick":0,"mode":"packaged","t":19263}
[lawsmith] {"kind":"stall","intervalMs":279,"tick":0,"playing":false,"previousFrame":{"workMs":2,"prepMs":0,"maxStepMs":0,"steps":0},"thisFrame":{"workMs":2,"prepMs":0,"maxStepMs":0,"steps":0},"mode":"packaged","t":19265}
[lawsmith] {"kind":"document","outcome":"rejected","action":"open","file":"bad-zero-rotation.lawsmith.json","path":"semantic.fields[0].pose.rotation","reason":"rotation must be a finite nonzero quaternion","mode":"packaged","t":19267}
[lawsmith] {"kind":"file-control","action":"open","outcome":false,"tickBefore":0,"tickAfter":0,"playing":false,"mode":"packaged","t":19267}
[lawsmith] {"kind":"lifecycle","signal":"native-focus","focused":true,"minimized":false,"visible":true,"tick":0,"mode":"packaged","t":19268}
[lawsmith] {"kind":"stall","intervalMs":435,"tick":0,"playing":false,"previousFrame":{"workMs":1,"prepMs":0,"maxStepMs":0,"steps":0},"thisFrame":{"workMs":2,"prepMs":0,"maxStepMs":0,"steps":0},"mode":"packaged","t":20988}
[lawsmith] {"kind":"lifecycle","signal":"window-blur","tick":0,"playing":false,"mode":"packaged","t":20990}
[lawsmith] {"kind":"lifecycle","signal":"native-focus","focused":false,"minimized":false,"visible":true,"tick":0,"mode":"packaged","t":20990}
[lawsmith] {"kind":"pacing","intervalMs":[17,17,18],"maxIntervalMs":435,"workP95Ms":2,"stallsOver50ms":5,"devicePixelRatio":2,"pixelRatio":1.5,"tick":0,"playing":false,"bodies":0,"stepMs":[0,0,0],"editMs":null,"editSamples":0,"simWallRatio":0,"droppedMs":0,"mode":"packaged","t":23680}
[lawsmith] {"kind":"lifecycle","signal":"window-focus","tick":0,"mode":"packaged","t":26705}
[lawsmith] {"kind":"stall","intervalMs":272,"tick":0,"playing":false,"previousFrame":{"workMs":1,"prepMs":0,"maxStepMs":0,"steps":0},"thisFrame":{"workMs":1,"prepMs":0,"maxStepMs":0,"steps":0},"mode":"packaged","t":26708}
[lawsmith] {"kind":"document","outcome":"rejected","action":"open","file":"bad-not-json.lawsmith.json","path":"","reason":"the file is not valid JSON (JSON Parse error: Property name must be a string literal)","mode":"packaged","t":26709}
[lawsmith] {"kind":"file-control","action":"open","outcome":false,"tickBefore":0,"tickAfter":0,"playing":false,"mode":"packaged","t":26710}
[lawsmith] {"kind":"lifecycle","signal":"native-focus","focused":true,"minimized":false,"visible":true,"tick":0,"mode":"packaged","t":26712}
[lawsmith] {"kind":"stall","intervalMs":408,"tick":0,"playing":false,"previousFrame":{"workMs":1,"prepMs":0,"maxStepMs":0,"steps":0},"thisFrame":{"workMs":1,"prepMs":0,"maxStepMs":0,"steps":0},"mode":"packaged","t":28410}
[lawsmith] {"kind":"lifecycle","signal":"window-blur","tick":0,"playing":false,"mode":"packaged","t":28411}
[lawsmith] {"kind":"lifecycle","signal":"native-focus","focused":false,"minimized":false,"visible":true,"tick":0,"mode":"packaged","t":28411}
[lawsmith] {"kind":"pacing","intervalMs":[17,18,18],"maxIntervalMs":408,"workP95Ms":2,"stallsOver50ms":7,"devicePixelRatio":2,"pixelRatio":1.5,"tick":0,"playing":false,"bodies":0,"stepMs":[0,0,0],"editMs":null,"editSamples":0,"simWallRatio":0,"droppedMs":0,"mode":"packaged","t":28719}
[lawsmith] {"kind":"pacing","intervalMs":[17,17,18],"maxIntervalMs":18,"workP95Ms":2,"stallsOver50ms":7,"devicePixelRatio":2,"pixelRatio":1.5,"tick":0,"playing":false,"bodies":0,"stepMs":[0,0,0],"editMs":null,"editSamples":0,"simWallRatio":0,"droppedMs":0,"mode":"packaged","t":33760}
[lawsmith] {"kind":"lifecycle","signal":"window-focus","tick":0,"mode":"packaged","t":34029}
[lawsmith] {"kind":"stall","intervalMs":279,"tick":0,"playing":false,"previousFrame":{"workMs":0,"prepMs":0,"maxStepMs":0,"steps":0},"thisFrame":{"workMs":2,"prepMs":0,"maxStepMs":0,"steps":0},"mode":"packaged","t":34032}
[lawsmith] {"kind":"document","outcome":"failed","action":"open","failure":"not-utf8","stage":"decode","message":"the file is not UTF-8 (invalid utf-8 sequence of 1 bytes from index 155)","mode":"packaged","t":34038}
[lawsmith] {"kind":"file-control","action":"open","outcome":false,"tickBefore":0,"tickAfter":0,"playing":false,"mode":"packaged","t":34039}
[lawsmith] {"kind":"lifecycle","signal":"native-focus","focused":true,"minimized":false,"visible":true,"tick":0,"mode":"packaged","t":34039}
[lawsmith] {"kind":"stall","intervalMs":402,"tick":0,"playing":false,"previousFrame":{"workMs":1,"prepMs":0,"maxStepMs":0,"steps":0},"thisFrame":{"workMs":1,"prepMs":1,"maxStepMs":0,"steps":0},"mode":"packaged","t":35703}
[lawsmith] {"kind":"lifecycle","signal":"window-blur","tick":0,"playing":false,"mode":"packaged","t":35704}
[lawsmith] {"kind":"lifecycle","signal":"native-focus","focused":false,"minimized":false,"visible":true,"tick":0,"mode":"packaged","t":35705}
[lawsmith] {"kind":"pacing","intervalMs":[17,18,18],"maxIntervalMs":402,"workP95Ms":2,"stallsOver50ms":9,"devicePixelRatio":2,"pixelRatio":1.5,"tick":0,"playing":false,"bodies":0,"stepMs":[0,0,0],"editMs":null,"editSamples":0,"simWallRatio":0,"droppedMs":0,"mode":"packaged","t":38800}
[lawsmith] {"kind":"lifecycle","signal":"window-focus","tick":0,"mode":"packaged","t":41384}
[lawsmith] {"kind":"stall","intervalMs":267,"tick":0,"playing":false,"previousFrame":{"workMs":1,"prepMs":0,"maxStepMs":0,"steps":0},"thisFrame":{"workMs":1,"prepMs":0,"maxStepMs":0,"steps":0},"mode":"packaged","t":41385}
[lawsmith] {"kind":"document","outcome":"failed","action":"open","failure":"too-large","stage":"open","message":"the file is larger than 5242880 bytes","mode":"packaged","t":41385}
[lawsmith] {"kind":"file-control","action":"open","outcome":false,"tickBefore":0,"tickAfter":0,"playing":false,"mode":"packaged","t":41386}
[lawsmith] {"kind":"lifecycle","signal":"native-focus","focused":true,"minimized":false,"visible":true,"tick":0,"mode":"packaged","t":41388}
[lawsmith] {"kind":"layout","viewport":[1168,734],"devicePixelRatio":2,"controls":{"drag-region":[0,0,584,40],"tools":[592,5,564,30],"undo":[592,5,75.7,28],"redo":[671.8,5,81.1,28],"frame-view":[986.3,5,74.3,28],"reset-view":[1068.7,5,87.3,28],"panel":[12,52,284,532],"file-new":[25,116.3,44.9,28],"file-open":[75.9,116.3,61.1,28],"file-save":[143,116.3,47.1,28],"file-save-as":[196.1,116.3,76.4,28],"add-directional":[96.3,265.9,46,24],"add-softRadial":[146.3,265.9,38.1,24],"add-vortexY":[188.4,265.9,45.4,24],"add-linearDrag":[237.8,265.9,45.2,24],"arrows-toggle":[227,349.1,56,24],"details":[13,405.2,282,677.8],"law-duplicate":[144.5,416.2,75.3,28],"law-delete":[225.8,416.2,57.2,28],"law-label":[107,452.2,176,26],"support-box":[108,612.8,37,24],"support-sphere":[145,612.8,57.1,24],"support-cylinderY":[202.1,612.8,63.9,24],"law-fade":[25,933,125,26],"ingredient-up":null,"motion":[13,1083,282,221.5],"explain-nearest":[162.7,1094,120.3,24],"probe-count":[25,1226.3,125,26],"probe-seed":[158,1226.3,125,26],"explain":null,"explain-close":null,"explain-applied":null,"explain-preview":null,"transport":[718.2,680,437.8,42],"play":[725.2,687,96,28],"step":[829.2,687,64.4,28],"reset":[901.5,687,77.5,28],"overlays":[741.8,626,414.2,44],"arrows-every":[749.8,634,77.4,28],"arrows-selected":[827.2,634,95.8,28],"probes-toggle":[930,633,64.5,28],"trail-mode":[1000.5,633,148.5,30],"trails-off":[1001.5,634,61.7,28],"trails-selected":[1063.2,634,50,28],"trails-all":[1113.2,634,34.8,28],"recovery-offer":null,"recovery-discard":null,"recovery-accept":null,"sim-error-reset":null,"mode-translate":[761.8,6,67.1,28],"mode-rotate":[828.9,6,74.9,28],"mode-scale":[903.8,6,73.5,28]},"laws":[{"id":"sideways","select":[25,297.9,172,41.2],"visible":[201,297.9,34,41.2],"enabled":[239,297.9,44,41.2]}],"inputs":{"law-label":[107,452.2,176,26],"Position x":[25,531,74,26],"Position y":[105,531,55.3,26],"Position z":[166.3,531,55.3,26],"Rotation about x":[25,579.8,74,26],"Rotation about y":[105,579.8,55.3,26],"Rotation about z":[166.3,579.8,55.3,26],"Half extent x":[25,687.4,125,26],"Half extent y":[158,687.4,125,26],"Half extent z":[25,763,125,26],"Strength":[25,880.2,125,26],"law-fade":[25,933,125,26]},"swatches":{"#55aaa4":[107,486.2,20,20],"#c58ae5":[135,486.2,20,20],"#d9a35b":[163,486.2,20,20],"#7aa7d9":[191,486.2,20,20]},"ingredients":{"law":"sideways","level":null,"focus":null,"shelf":{"directional":[100.2,982,46,24],"softRadial":[150.2,982,38.1,24],"vortexY":[192.3,982,45.4,24],"linearDrag":[241.8,982,45.2,24]},"rows":[],"buttons":[],"fields":[],"live":[],"up":null,"detail":null,"note":"Add one to combine it with this law’s primitive.","box":[25,971,258,59.7]},"selected":"sideways","selectedField":{"id":"sideways","enabled":true,"pose":{"position":[3,1,0],"rotation":[0,0,0,1]},"region":{"kind":"box","halfExtents":[1.5,2,1.5]},"edgeFade":0.25,"expression":{"kind":"directional","direction":[1,0,0],"strength":12}},"arrows":125,"transformMode":"translate","support":[597.1,252.1,883.9,608],"handles":[{"name":"X","points":[[689.6,400.6]]},{"name":"X","points":[[782.5,430.2]]},{"name":"Y","points":[[731,461.6]]},{"name":"Y","points":[[738,365.9]]},{"name":"Z","points":[[760.5,397.6]]},{"name":"Z","points":[[706,433.7]]},{"name":"XYZ","points":[[734.4,414.9]]},{"name":"XY","points":[[760.1,397.8]]},{"name":"YZ","points":[[722.2,399.5]]},{"name":"XZ","points":[[744.4,431.9]]}],"lawHandles":[],"explained":null,"scroll":{"panel":{"scrollWidth":282,"clientWidth":282,"scrollHeight":1251,"clientHeight":530,"scrollTop":0},"explain":{"scrollWidth":0,"clientWidth":0,"scrollHeight":0,"clientHeight":0,"scrollTop":0}},"visualization":{"probes":{"enabled":false,"count":2000,"seed":1,"live":0},"trails":{"mode":"selected","count":0},"explained":null,"explainMode":"applied","arrowScope":"all","bytes":{"probePositions":48000,"probeVelocities":48000,"probeAlive":2000,"probeBirths":16000,"trailPositions":115200,"trailTicks":76800,"trailRings":256,"probeInstances":128000,"trailLinePositions":229632,"trailLineColors":229632,"shareLines":3168,"shareInstances":5016},"totalBytes":901704,"drawn":{"trailVertices":0,"probeInstances":0,"shareArrows":0}},"camera":[8.999999999999998,7,10.999999999999998],"viewProjection":[1.1742103467386837,-0.5945731344774006,-0.5836751887913436,-0.583383351196948,-4.210940849205384e-17,2.224143947489534,-0.38911679252756265,-0.38892223413129884,-0.9607175564225593,-0.7267004976946007,-0.7133807863005311,-0.7130240959073808,-1.0948446207933998e-15,-2.224143947489531,15.724032871108365,15.816170854672809],"bodies":[],"mode":"packaged","t":41955}
[lawsmith] {"kind":"stall","intervalMs":402,"tick":0,"playing":false,"previousFrame":{"workMs":2,"prepMs":0,"maxStepMs":0,"steps":0},"thisFrame":{"workMs":1,"prepMs":1,"maxStepMs":0,"steps":0},"mode":"packaged","t":43637}
[lawsmith] {"kind":"lifecycle","signal":"window-blur","tick":0,"playing":false,"mode":"packaged","t":43638}
[lawsmith] {"kind":"lifecycle","signal":"native-focus","focused":false,"minimized":false,"visible":true,"tick":0,"mode":"packaged","t":43640}
[lawsmith] {"kind":"pacing","intervalMs":[17,18,18],"maxIntervalMs":402,"workP95Ms":2,"stallsOver50ms":11,"devicePixelRatio":2,"pixelRatio":1.5,"tick":0,"playing":false,"bodies":0,"stepMs":[0,0,0],"editMs":null,"editSamples":0,"simWallRatio":0,"droppedMs":0,"mode":"packaged","t":43840}
[lawsmith] {"kind":"lifecycle","signal":"window-focus","tick":0,"mode":"packaged","t":45596}
[lawsmith] {"kind":"stall","intervalMs":279,"tick":0,"playing":false,"previousFrame":{"workMs":1,"prepMs":0,"maxStepMs":0,"steps":0},"thisFrame":{"workMs":1,"prepMs":1,"maxStepMs":0,"steps":0},"mode":"packaged","t":45597}
[lawsmith] {"kind":"document","action":"save-as","outcome":"canceled","file":null,"mode":"packaged","t":45599}
[lawsmith] {"kind":"file-control","action":"saveAs","outcome":false,"tickBefore":0,"tickAfter":0,"playing":false,"mode":"packaged","t":45599}
[lawsmith] {"kind":"lifecycle","signal":"native-focus","focused":true,"minimized":false,"visible":true,"tick":0,"mode":"packaged","t":45610}
[lawsmith] {"kind":"lifecycle","signal":"window-blur","tick":0,"playing":false,"mode":"packaged","t":47221}
[lawsmith] {"kind":"stall","intervalMs":370,"tick":0,"playing":false,"previousFrame":{"workMs":1,"prepMs":0,"maxStepMs":0,"steps":0},"thisFrame":{"workMs":1,"prepMs":0,"maxStepMs":0,"steps":0},"mode":"packaged","t":47222}
[lawsmith] {"kind":"lifecycle","signal":"native-focus","focused":false,"minimized":false,"visible":true,"tick":0,"mode":"packaged","t":47227}
[lawsmith] {"kind":"pacing","intervalMs":[17,18,18],"maxIntervalMs":370,"workP95Ms":2,"stallsOver50ms":13,"devicePixelRatio":2,"pixelRatio":1.5,"tick":0,"playing":false,"bodies":0,"stepMs":[0,0,0],"editMs":null,"editSamples":0,"simWallRatio":0,"droppedMs":0,"mode":"packaged","t":48880}
[lawsmith] {"kind":"lifecycle","signal":"window-focus","tick":0,"mode":"packaged","t":50061}
[lawsmith] {"kind":"stall","intervalMs":277,"tick":0,"playing":false,"previousFrame":{"workMs":1,"prepMs":0,"maxStepMs":0,"steps":0},"thisFrame":{"workMs":1,"prepMs":0,"maxStepMs":0,"steps":0},"mode":"packaged","t":50062}
[lawsmith] {"kind":"document","action":"save-as","outcome":"refused-name","name":"refused-name.json","mode":"packaged","t":50064}
[lawsmith] {"kind":"file-control","action":"saveAs","outcome":false,"tickBefore":0,"tickAfter":0,"playing":false,"mode":"packaged","t":50064}
[lawsmith] {"kind":"lifecycle","signal":"native-focus","focused":true,"minimized":false,"visible":true,"tick":0,"mode":"packaged","t":50070}
[lawsmith] {"kind":"stall","intervalMs":383,"tick":0,"playing":false,"previousFrame":{"workMs":1,"prepMs":0,"maxStepMs":0,"steps":0},"thisFrame":{"workMs":1,"prepMs":0,"maxStepMs":0,"steps":0},"mode":"packaged","t":52635}
[lawsmith] {"kind":"lifecycle","signal":"window-blur","tick":0,"playing":false,"mode":"packaged","t":52636}
[lawsmith] {"kind":"lifecycle","signal":"native-focus","focused":false,"minimized":false,"visible":true,"tick":0,"mode":"packaged","t":52636}
[lawsmith] {"kind":"pacing","intervalMs":[17,18,18],"maxIntervalMs":383,"workP95Ms":2,"stallsOver50ms":15,"devicePixelRatio":2,"pixelRatio":1.5,"tick":0,"playing":false,"bodies":0,"stepMs":[0,0,0],"editMs":null,"editSamples":0,"simWallRatio":0,"droppedMs":0,"mode":"packaged","t":53920}
[lawsmith] {"kind":"lifecycle","signal":"window-focus","tick":0,"mode":"packaged","t":55480}
[lawsmith] {"kind":"stall","intervalMs":279,"tick":0,"playing":false,"previousFrame":{"workMs":0,"prepMs":0,"maxStepMs":0,"steps":0},"thisFrame":{"workMs":1,"prepMs":0,"maxStepMs":0,"steps":0},"mode":"packaged","t":55481}
[lawsmith] {"kind":"lifecycle","signal":"native-focus","focused":true,"minimized":false,"visible":true,"tick":0,"mode":"packaged","t":55489}
[lawsmith] {"kind":"recovery","action":"retire","generation":1,"through":0,"mode":"packaged","t":55495}
[lawsmith] {"kind":"document","action":"save-as","outcome":"saved","file":"bundled-roundtrip.lawsmith.json","generation":1,"revision":0,"laterEdits":0,"recoveryRetired":true,"bytes":2503,"captureMs":4,"writeMs":6.629,"saveMs":12,"mode":"packaged","t":55495}
[lawsmith] {"kind":"file-control","action":"saveAs","outcome":true,"tickBefore":0,"tickAfter":0,"playing":false,"mode":"packaged","t":55495}
[lawsmith] {"kind":"digest","reason":"saveAs","generation":1,"revision":0,"semanticSha256":"ac7733bd9477e6e1a1e867470c0ac624e071a3330e921216c246f1b5240307ac","mode":"packaged","t":55496}
[lawsmith] {"kind":"guard","request":"quit","tick":0,"revision":0,"dirty":false,"mode":"packaged","t":57417}
[lawsmith] {"kind":"guard","frozen":true,"tick":0,"mode":"packaged","t":57418}
[lawsmith] {"kind":"guard","reason":"quit","outcome":"clean","generation":1,"revision":0,"mode":"packaged","t":57418}
[lawsmith] {"kind":"guard","request":"quit","outcome":"exit","mode":"packaged","t":57419}
