[qa 00:42:29] segment: guard: cancel, coalesce, discard
[qa 00:42:49] launched pid 29887, window at 0,21, log guard-a.log
[qa 00:42:53] PASS {"kind": "recovery", "action": "write", "generation": 1, "revision": 1, "bytes": 2812, "captureMs": 0, "ackMs": 10, "mode": "packaged", "t": 6387}  [recovery] the edit is kept in a recovery snapshot
[qa 00:42:54] captured guard-01-alert.png
[qa 00:42:56] PASS {"kind": "guard", "frozen": false, "tick": 0, "mode": "packaged", "t": 9786}  [guard] close then Cancel keeps the app open with edits unfrozen
[qa 00:42:59] PASS {"kind": "guard", "frozen": false, "tick": 0, "mode": "packaged", "t": 13231}  [guard] quit then Cancel keeps the app open with edits unfrozen
[qa 00:43:02] PASS {"kind": "guard", "frozen": false, "tick": 0, "mode": "packaged", "t": 16013}  [guard] dock then Cancel keeps the app open with edits unfrozen
[qa 00:43:03] PASS  recovery eligibility survived three canceled requests
[qa 00:43:04] PASS {"kind": "history", "action": "undo", "ok": true, "label": "Disable law", "law": "sideways", "reason": null, "revision": 2, "tick": 0, "laws": [{"id": "sideways", "enabled": true, "position": [3, 1, 0], "rotation": [0, 0, 0, 1], "region": {"kind": "box", "halfExtents": [1.5, 2, 1.5]}, "edgeFade": 0.  [history] undo still works after the canceled guards
[qa 00:43:05] PASS {"kind": "history", "action": "redo", "ok": true, "label": "Disable law", "law": "sideways", "reason": null, "revision": 3, "tick": 0, "laws": [{"id": "sideways", "enabled": false, "position": [3, 1, 0], "rotation": [0, 0, 0, 1], "region": {"kind": "box", "halfExtents": [1.5, 2, 1.5]}, "edgeFade": 0  [history] redo restores the edit
[qa 00:43:08] PASS  simultaneous Close and Quit coalesced into one guard
[qa 00:43:08] PASS {"kind": "recovery", "action": "discard", "generation": 1, "mode": "packaged", "t": 23349}  [recovery] Don't Save retired this generation's recovery
[qa 00:43:12] launched pid 30473, window at 0,21, log guard-b.log
[qa 00:43:12] PASS {"kind": "recovery", "action": "launch", "current": "absent", "previous": "absent", "mode": "packaged", "t": 3526}  [recovery] saved or discarded work is not offered after restart
[qa 00:43:15] segment: guard: save
[qa 00:43:34] launched pid 30841, window at 0,21, log guard-c.log
[qa 00:43:43] PASS {"kind": "document", "action": "save-as", "outcome": "saved", "file": "guard-saved.lawsmith.json", "generation": 1, "revision": 1, "laterEdits": 0, "recoveryRetired": true, "bytes": 2504, "captureMs": 0, "writeMs": 9.597, "saveMs": 12, "mode": "packaged", "t": 12277}  [document] Save in the guard saved through Save As before quitting
[qa 00:43:48] launched pid 31155, window at 0,21, log guard-d.log
[qa 00:43:48] PASS {"kind": "recovery", "action": "launch", "current": "absent", "previous": "absent", "mode": "packaged", "t": 3562}  [recovery] saved or discarded work is not offered after restart
[qa 00:43:50] segment: recovery after a crash
[qa 00:44:09] launched pid 31529, window at 0,21, log guard-e.log
[qa 00:44:16] PASS {"kind": "recovery", "action": "write", "generation": 1, "revision": 2, "bytes": 2811, "captureMs": 0, "ackMs": 11, "mode": "packaged", "t": 9534}  [recovery] the latest revision is in recovery before the crash
[qa 00:44:16] the test instance was killed (simulated crash)
[qa 00:44:20] launched pid 31813, window at 0,21, log guard-f.log
[qa 00:44:21] PASS {"kind": "recovery", "action": "launch", "current": {"generation": 1, "revision": 2}, "previous": {"generation": 1, "revision": 1}, "mode": "packaged", "t": 3546}  [recovery] the crashed session's work is found at launch
[qa 00:44:22] captured guard-02-recovery-offer.png
[qa 00:44:24] PASS  editing is frozen while the recovery offer waits
[qa 00:44:26] PASS {"kind": "document", "action": "recover", "outcome": "committed", "file": null, "generation": 2, "title": "Falling stream", "mode": "packaged", "t": 8643}  [document] Recover opens the work unbound, paused at tick 0
[qa 00:44:27] PASS {"kind": "recovery", "action": "write", "generation": 2, "revision": 0, "bytes": 2811, "captureMs": 0, "ackMs": 12, "mode": "packaged", "t": 9156}  [recovery] recovered work is written as a snapshot of this session
[qa 00:44:27] captured guard-03-recovered.png
[qa 00:44:33] launched pid 32161, window at 0,21, log guard-g.log
[qa 00:44:33] PASS {"kind": "recovery", "action": "launch", "current": "absent", "previous": "absent", "mode": "packaged", "t": 3535}  [recovery] saved or discarded work is not offered after restart
[qa 00:44:36] segment: corrupt newest snapshot
[qa 00:44:55] launched pid 32544, window at 0,21, log guard-h.log
[qa 00:45:02] the newest snapshot was overwritten with invalid bytes
[qa 00:45:06] launched pid 32817, window at 0,21, log guard-i.log
[qa 00:45:07] PASS {"kind": "recovery", "action": "launch", "current": {"invalid": "JSON Parse error: Unexpected identifier \"not\""}, "previous": {"generation": 1, "revision": 1}, "mode": "packaged", "t": 3528}  [recovery] the corrupt newest copy is reported and the previous one found
[qa 00:45:08] captured guard-04-older-offer.png
[qa 00:45:11] PASS {"kind": "recovery", "action": "offer-resolved", "outcome": true, "mode": "packaged", "t": 7156}  [recovery] the offer is resolved by Discard
[qa 00:45:17] launched pid 33116, window at 0,21, log guard-j.log
[qa 00:45:17] PASS {"kind": "recovery", "action": "launch", "current": "absent", "previous": "absent", "mode": "packaged", "t": 3580}  [recovery] saved or discarded work is not offered after restart
[qa 00:45:20] segment: recover the older copy over a corrupt newest one
[qa 00:45:39] launched pid 33499, window at 0,21, log guard-m.log
[qa 00:45:46] the newest snapshot was overwritten with invalid bytes
[qa 00:45:50] launched pid 33771, window at 0,21, log guard-n.log
[qa 00:45:50] PASS {"kind": "recovery", "action": "launch", "current": {"invalid": "JSON Parse error: Unexpected identifier \"not\""}, "previous": {"generation": 1, "revision": 1}, "mode": "packaged", "t": 3550}  [recovery] the corrupt newest copy is reported and the previous one found
[qa 00:45:52] PASS {"kind": "document", "action": "recover", "outcome": "committed", "file": null, "generation": 2, "title": "Falling stream", "mode": "packaged", "t": 5756}  [document] Recover opens the older copy
[qa 00:45:54] PASS {"kind": "recovery", "action": "write", "generation": 2, "revision": 0, "bytes": 2812, "captureMs": 0, "ackMs": 10, "mode": "packaged", "t": 6268}  [recovery] the recovered work is written as a snapshot of this session
[qa 00:45:54] the test instance was killed after its first recovery write
[qa 00:45:58] launched pid 33996, window at 0,21, log guard-o.log
[qa 00:45:58] PASS {"kind": "recovery", "action": "launch", "current": {"generation": 2, "revision": 0}, "previous": {"generation": 1, "revision": 1}, "mode": "packaged", "t": 3532}  [recovery] the recovered older copy is still a valid previous snapshot
[qa 00:46:01] PASS {"kind": "recovery", "action": "offer-resolved", "outcome": true, "mode": "packaged", "t": 5716}  [recovery] the offer is resolved by Discard
[qa 00:46:07] launched pid 34259, window at 0,21, log guard-p.log
[qa 00:46:07] PASS {"kind": "recovery", "action": "launch", "current": "absent", "previous": "absent", "mode": "packaged", "t": 3559}  [recovery] saved or discarded work is not offered after restart
[qa 00:46:10] segment: open replaces unsaved work
[qa 00:46:29] launched pid 34638, window at 0,21, log guard-k.log
[qa 00:46:39] PASS {"kind": "document", "action": "open", "outcome": "canceled", "stage": "guard", "mode": "packaged", "t": 13434}  [document] a canceled replacement keeps the scene and frees the candidate
[qa 00:46:47] PASS {"kind": "document", "action": "open", "outcome": "committed", "file": "calibration.lawsmith.json", "generation": 2, "title": "Falling stream", "bytes": 2503, "readMs": 0.114, "parseMs": 0, "candidateMs": 2, "commitMs": 2, "openMs": 4.114, "mode": "packaged", "t": 21297}  [document] Don't Save lets the opened scene replace the unsaved one
[qa 00:46:53] launched pid 35255, window at 0,21, log guard-l.log
[qa 00:46:53] PASS {"kind": "recovery", "action": "launch", "current": "absent", "previous": "absent", "mode": "packaged", "t": 3547}  [recovery] saved or discarded work is not offered after restart
[qa 00:46:56] segment: dock quit with an unretired recovery copy
[qa 00:47:15] launched pid 35684, window at 0,21, log guard-q.log
[qa 00:47:19] PASS {"kind": "recovery", "action": "write", "generation": 1, "revision": 1, "bytes": 2812, "captureMs": 1, "ackMs": 9, "mode": "packaged", "t": 6430}  [recovery] the edit is kept in a recovery snapshot
[qa 00:47:23] PASS {"kind": "document", "action": "save-as", "outcome": "saved", "file": "guard-unretired.lawsmith.json", "generation": 1, "revision": 1, "laterEdits": 0, "recoveryRetired": false, "bytes": 2504, "captureMs": 0, "writeMs": 7.771, "saveMs": 10, "mode": "packaged", "t": 11368}  [document] the save succeeds but its recovery copy cannot be removed
[qa 00:47:25] PASS  Dock Quit ran the guard, which stayed open while the copy could not be removed
[qa 00:47:25] PASS {"kind": "recovery", "action": "retire", "generation": 1, "through": 1, "mode": "packaged", "t": 13876}  [recovery] the guard retried the retirement before exiting
[qa 00:47:29] launched pid 36018, window at 0,21, log guard-r.log
[qa 00:47:30] PASS {"kind": "recovery", "action": "launch", "current": "absent", "previous": "absent", "mode": "packaged", "t": 3563}  [recovery] saved work is not offered after restart
[qa 00:47:30] PASS  a clean Dock Quit with nothing in recovery quit at once, without the guard
[qa 00:47:30] m2-guard complete
