[qa 00:38:25] segment: authoring: undo and identity
[qa 00:38:45] launched pid 25079, window at 0,21, log auth-a.log
[qa 00:38:54] PASS {"kind": "gesture", "phase": "commit", "reason": "stale-buttons", "transformMode": "translate", "handle": null, "samples": 25, "rejected": 0, "pointer": null, "firstRevision": 1, "lastRevision": 25, "field": {"enabled": true, "position": [1.5382446034865964, 1, 0], "rotation": [0, 0, 0, 1], "region"  [gesture] one move gesture
[qa 00:38:55] PASS {"kind": "history", "action": "undo", "ok": true, "label": "Move law", "law": "sideways", "reason": null, "revision": 26, "tick": 0, "laws": [{"id": "sideways", "enabled": true, "position": [3, 1, 0], "rotation": [0, 0, 0, 1], "region": {"kind": "box", "halfExtents": [1.5, 2, 1.5]}, "edgeFade": 0.25  [history] one undo restores the law to where the drag began
[qa 00:38:56] PASS {"kind": "history", "action": "redo", "ok": true, "label": "Move law", "law": "sideways", "reason": null, "revision": 27, "tick": 0, "laws": [{"id": "sideways", "enabled": true, "position": [1.5382446034865964, 1, 0], "rotation": [0, 0, 0, 1], "region": {"kind": "box", "halfExtents": [1.5, 2, 1.5]},  [history] redo restores the dragged position exactly
[qa 00:38:57] PASS {"kind": "history", "action": "undo", "ok": true, "label": "Move law", "law": "sideways", "reason": null, "revision": 28, "tick": 0, "laws": [{"id": "sideways", "enabled": true, "position": [3, 1, 0], "rotation": [0, 0, 0, 1], "region": {"kind": "box", "halfExtents": [1.5, 2, 1.5]}, "edgeFade": 0.25  [history] a second undo is the same entry again
[qa 00:39:03] PASS {"kind": "history", "action": "undo", "ok": true, "label": "Move law", "law": "sideways", "reason": null, "revision": 30, "tick": 436, "laws": [{"id": "sideways", "enabled": true, "position": [3, 1, 0], "rotation": [0, 0, 0, 1], "region": {"kind": "box", "halfExtents": [1.5, 2, 1.5]}, "edgeFade": 0.  [history] undo while playing applies at the current tick
[qa 00:39:07] PASS {"kind": "sim-control", "action": "pause", "reason": "control", "tick": 912, "mode": "packaged", "t": 26084}  [sim-control] the run kept advancing after the undo
[qa 00:39:10] PASS {"kind": "control", "duplicate": "sideways", "created": "sideways-2", "reason": null, "laws": 2, "mode": "packaged", "t": 28787}  [control] duplicate creates the next free ID
[qa 00:39:11] PASS {"kind": "control", "delete": "sideways-2", "ok": true, "laws": 1, "mode": "packaged", "t": 30405}  [control] delete removes the selected copy through the command path
[qa 00:39:12] PASS {"kind": "history", "action": "undo", "ok": true, "label": "Delete law", "law": "sideways-2", "reason": null, "revision": 34, "tick": 912, "laws": [{"id": "sideways", "enabled": true, "position": [3, 1, 0], "rotation": [0, 0, 0, 1], "region": {"kind": "box", "halfExtents": [1.5, 2, 1.5]}, "edgeFade"  [history] undo of delete brings back sideways-2 with its ID
[qa 00:39:13] PASS {"kind": "history", "action": "undo", "ok": true, "label": "Duplicate law", "law": "sideways-2", "reason": null, "revision": 35, "tick": 912, "laws": [{"id": "sideways", "enabled": true, "position": [3, 1, 0], "rotation": [0, 0, 0, 1], "region": {"kind": "box", "halfExtents": [1.5, 2, 1.5]}, "edgeFa  [history] undo of duplicate removes the copy
[qa 00:39:14] PASS {"kind": "history", "action": "redo", "ok": true, "label": "Duplicate law", "law": "sideways-2", "reason": null, "revision": 37, "tick": 912, "laws": [{"id": "sideways", "enabled": true, "position": [3, 1, 0], "rotation": [0, 0, 0, 1], "region": {"kind": "box", "halfExtents": [1.5, 2, 1.5]}, "edgeFa  [history] redo of duplicate recreates the same ID
[qa 00:39:15] captured auth-01-duplicate.png
[qa 00:39:15] segment: authoring: presentation versus semantics
[qa 00:39:34] PASS {"kind": "digest", "reason": "color", "generation": 1, "revision": 38, "semanticSha256": "f4296950486d582f2673bf0533e358953aedaf7784b01b5e84b06546f1ed2c6c", "mode": "packaged", "t": 53069}  [digest] a color change keeps the semantic digest
[qa 00:39:35] PASS {"kind": "digest", "reason": "visibility", "generation": 1, "revision": 39, "semanticSha256": "f4296950486d582f2673bf0533e358953aedaf7784b01b5e84b06546f1ed2c6c", "mode": "packaged", "t": 53677}  [digest] hiding the law keeps the semantic digest
[qa 00:39:36] PASS {"kind": "digest", "reason": "arrows", "generation": 1, "revision": 40, "semanticSha256": "f4296950486d582f2673bf0533e358953aedaf7784b01b5e84b06546f1ed2c6c", "mode": "packaged", "t": 55320}  [digest] turning arrows off keeps the semantic digest
[qa 00:39:40] PASS {"kind": "digest", "reason": "label", "generation": 1, "revision": 41, "semanticSha256": "f4296950486d582f2673bf0533e358953aedaf7784b01b5e84b06546f1ed2c6c", "mode": "packaged", "t": 58196}  [digest] renaming the law keeps the semantic digest
[qa 00:39:50] PASS {"kind": "digest", "reason": "label", "generation": 1, "revision": 41, "semanticSha256": "f4296950486d582f2673bf0533e358953aedaf7784b01b5e84b06546f1ed2c6c", "mode": "packaged", "t": 58196}  [digest] moving the camera made no document edit
[qa 00:39:50] PASS  the camera moved without a document edit
[qa 00:39:50] captured auth-02-presentation.png
[qa 00:39:50] PASS {"kind": "digest", "reason": "enabled", "generation": 1, "revision": 42, "semanticSha256": "449b4d17e15c4b84d7354abd878b2d4acc92a1b226c54a4b91e22f64efe42b00", "mode": "packaged", "t": 69376}  [digest] disabling the law changes the semantic digest
[qa 00:39:54] PASS {"kind": "control", "law": "sideways", "precise": "Move law", "rejected": "position components must be within \u00b11000 m", "mode": "packaged", "t": 72186}  [control] an out-of-range position is rejected
[qa 00:39:56] captured auth-03-rejected-value.png
[qa 00:39:59] PASS {"kind": "control", "law": "sideways", "precise": "Move law", "revision": 43, "field": {"id": "sideways", "enabled": false, "position": [2.5, 1, 0], "rotation": [0, 0, 0, 1], "region": {"kind": "box", "halfExtents": [1.5, 2, 1.5]}, "edgeFade": 0.25, "expression": {"kind": "directional", "direction":  [control] a valid precise value is one validated edit
[qa 00:40:02] m2-authoring complete
