[qa 04:15:37] segment: examples: radial catch, release and repulsion
[qa 04:15:56] launched pid 61269, window at 0,21, log demo3.log
[qa 04:16:05] PASS {"kind": "document", "action": "open", "outcome": "committed", "file": "catch-and-release.lawsmith.json", "generation": 2, "title": "Catch and Release", "bytes": 2504, "readMs": 0.172, "parseMs": 0, "candidateMs": 1, "commitMs": 1, "openMs": 2.172, "mode": "packaged", "t": 11750}  [document] catch-and-release opened transactionally
[qa 04:16:05] PASS {"kind": "sim-control", "action": "load", "tick": 0, "playing": false, "run": 1, "laws": [{"id": "pull", "enabled": true, "position": [1, 2.8, 0], "rotation": [0, 0, 0, 1], "region": {"kind": "sphere", "radius": 1.6}, "edgeFade": 0.25, "expression": {"kind": "softRadial", "strength": 12, "coreRadius  [sim-control] catch-and-release starts paused at tick 0
[qa 04:16:07] recording m3-radial for 55 s (overlay windows skipped by the hit test: 24058)
[qa 04:16:14] PASS {"kind": "pacing", "intervalMs": [17, 17, 18], "maxIntervalMs": 20, "workP95Ms": 3, "stallsOver50ms": 2, "devicePixelRatio": 2, "pixelRatio": 1.5, "tick": 308, "playing": true, "bodies": 39, "stepMs": [0, 1, 1], "editMs": null, "editSamples": 0, "simWallRatio": 0.642, "droppedMs": 0, "mode": "packag  [pacing] the stream runs through the pull without limiting
[qa 04:16:14] captured radial-01-catch.png
[qa 04:16:23] PASS {"kind": "gesture", "phase": "commit", "reason": "stale-buttons", "transformMode": "translate", "handle": null, "samples": 26, "rejected": 0, "pointer": null, "firstRevision": 1, "lastRevision": 26, "field": {"enabled": true, "position": [3.5724076435994716, 2.8, 0], "rotation": [0, 0, 0, 1], "regio  [gesture] the pull moved out of the stream
[qa 04:16:27] captured radial-02-release.png
[qa 04:16:46] PASS {"kind": "gesture", "phase": "commit", "reason": "stale-buttons", "transformMode": "scale", "handle": "strength", "samples": 26, "rejected": 0, "pointer": [643, 281, 720, 298.3359375], "firstRevision": 53, "lastRevision": 78, "field": {"enabled": true, "position": [1.0147646540271946, 2.8, 0], "rota  [gesture] the strength handle made the pull a push
[qa 04:16:52] captured radial-03-repel.png
[qa 04:16:52] waiting for m3-radial to finish
[qa 04:17:03] recording m3-radial.mp4 written
[qa 04:17:04] segment: examples: vortex and its axis
[qa 04:17:14] PASS {"kind": "document", "action": "open", "outcome": "committed", "file": "swirl.lawsmith.json", "generation": 3, "title": "Swirl", "bytes": 2533, "readMs": 0.116, "parseMs": 0, "candidateMs": 2, "commitMs": 3, "openMs": 5.116, "mode": "packaged", "t": 81595}  [document] swirl opened transactionally
[qa 04:17:14] PASS {"kind": "sim-control", "action": "load", "tick": 0, "playing": false, "run": 2, "laws": [{"id": "swirl", "enabled": true, "position": [0.5, 2.5, 0], "rotation": [0, 0, 0, 1], "region": {"kind": "cylinderY", "radius": 1.2, "halfHeight": 1.5}, "edgeFade": 0.25, "expression": {"kind": "vortexY", "stre  [sim-control] swirl starts paused at tick 0
[qa 04:17:15] recording m3-vortex for 42 s (overlay windows skipped by the hit test: 24064)
[qa 04:17:17] PASS {"kind": "layout", "viewport": [1168, 734], "devicePixelRatio": 2, "controls": {"drag-region": [0, 0, 584, 40], "tools": [592, 5, 564, 30], "undo": [592, 5, 75.7, 28], "redo": [671.8, 5, 81.1, 28], "frame-view": [986.3, 5, 74.3, 28], "reset-view": [1068.7, 5, 87.3, 28], "panel": [12, 52, 284, 532],   [layout] the swirl's cylinder support spans its radius and half-height
[qa 04:17:24] captured vortex-01-counterclockwise.png
[qa 04:17:33] PASS {"kind": "gesture", "phase": "commit", "reason": "stale-buttons", "transformMode": "scale", "handle": "strength", "samples": 26, "rejected": 0, "pointer": [655, 290, 582.640625, 320.359375], "firstRevision": 1, "lastRevision": 26, "field": {"enabled": true, "position": [0.5, 2.5, 0], "rotation": [0,  [gesture] the strength handle reversed the circulation
[qa 04:17:38] captured vortex-02-clockwise.png
[qa 04:17:46] PASS {"kind": "gesture", "phase": "commit", "reason": "stale-buttons", "transformMode": "scale", "handle": "radius", "samples": 27, "rejected": 0, "pointer": [553, 277, 629.0078125, 295.1484375], "firstRevision": 27, "lastRevision": 53, "field": {"enabled": true, "position": [0.5, 2.5, 0], "rotation": [0  [gesture] the cylinder radius handle resized the support
[qa 04:17:49] captured vortex-03-narrower.png
[qa 04:17:49] waiting for m3-vortex to finish
[qa 04:17:58] recording m3-vortex.mp4 written
[qa 04:17:59] segment: examples: drag pocket
[qa 04:18:14] PASS {"kind": "document", "action": "open", "outcome": "committed", "file": "drag-pocket.lawsmith.json", "generation": 4, "title": "Drag Pocket", "bytes": 2507, "readMs": 0.061, "parseMs": 4, "candidateMs": 1, "commitMs": 2, "openMs": 7.061, "mode": "packaged", "t": 141578}  [document] drag-pocket opened transactionally
[qa 04:18:14] PASS {"kind": "sim-control", "action": "load", "tick": 0, "playing": false, "run": 3, "laws": [{"id": "drag", "enabled": true, "position": [-1, 2.8, 0], "rotation": [0, 0, 0, 1], "region": {"kind": "box", "halfExtents": [1.2, 1.2, 1.2]}, "edgeFade": 0.25, "expression": {"kind": "linearDrag", "coefficient  [sim-control] drag-pocket starts paused at tick 0
[qa 04:18:15] recording m3-drag for 50 s (overlay windows skipped by the hit test: 24071)
[qa 04:18:22] captured drag-01-pocket.png
[qa 04:18:31] PASS {"kind": "gesture", "phase": "commit", "reason": "stale-buttons", "transformMode": "scale", "handle": "coefficient", "samples": 24, "rejected": 0, "pointer": [565, 228, 565, 139.3046875], "firstRevision": 1, "lastRevision": 24, "field": {"enabled": true, "position": [-1, 2.8, 0], "rotation": [0, 0,   [gesture] the drag gauge raised the coefficient
[qa 04:18:37] captured drag-02-stronger.png
[qa 04:18:46] PASS {"kind": "gesture", "phase": "commit", "reason": "stale-buttons", "transformMode": "rotate", "handle": null, "samples": 25, "rejected": 0, "pointer": null, "firstRevision": 25, "lastRevision": 49, "field": {"enabled": true, "position": [-1, 2.8, 0], "rotation": [0, 0, 0.34185906063978844, 0.93975123  [gesture] the drag region turned about Z by more than 20 degrees through the rotate gizmo
[qa 04:18:50] PASS {"kind": "layout", "viewport": [1168, 734], "devicePixelRatio": 2, "controls": {"drag-region": [0, 0, 584, 40], "tools": [592, 5, 564, 30], "undo": [592, 5, 75.7, 28], "redo": [671.8, 5, 81.1, 28], "frame-view": [986.3, 5, 74.3, 28], "reset-view": [1068.7, 5, 87.3, 28], "panel": [12, 52, 284, 532],   [layout] the rotated drag region draws no drive arrows, only coefficient dots
[qa 04:18:50] captured drag-03-rotated-box.png
[qa 04:18:50] waiting for m3-drag to finish
[qa 04:19:06] recording m3-drag.mp4 written
[qa 04:19:07] segment: examples: overlap
[qa 04:19:17] PASS {"kind": "document", "action": "open", "outcome": "committed", "file": "overlap.lawsmith.json", "generation": 5, "title": "Overlap", "bytes": 3556, "readMs": 0.089, "parseMs": 7, "candidateMs": 2, "commitMs": 0, "openMs": 9.089, "mode": "packaged", "t": 204604}  [document] overlap opened transactionally
[qa 04:19:17] PASS {"kind": "sim-control", "action": "load", "tick": 0, "playing": false, "run": 4, "laws": [{"id": "drag", "enabled": true, "position": [0, 2.5, 0], "rotation": [0, 0, 0, 1], "region": {"kind": "sphere", "radius": 2.2}, "edgeFade": 0.25, "expression": {"kind": "linearDrag", "coefficient": 1.2}}, {"id"  [sim-control] overlap starts paused at tick 0
[qa 04:19:18] recording m3-overlap for 46 s (overlay windows skipped by the hit test: 24077)
[qa 04:19:26] captured overlap-01-three-laws.png
[qa 04:19:28] PASS {"kind": "control", "law": "pull", "enabled": false, "revision": 1, "mode": "packaged", "t": 215654}  [control] the pull is disabled: the swirl and drag still act
[qa 04:19:32] captured overlap-02-without-pull.png
[qa 04:19:34] PASS {"kind": "control", "law": "pull", "enabled": true, "revision": 2, "mode": "packaged", "t": 221520}  [control] the pull is enabled again
[qa 04:19:37] PASS {"kind": "layout", "viewport": [1168, 734], "devicePixelRatio": 2, "controls": {"drag-region": [0, 0, 584, 40], "tools": [592, 5, 564, 30], "undo": [592, 5, 75.7, 28], "redo": [671.8, 5, 81.1, 28], "frame-view": [986.3, 5, 74.3, 28], "reset-view": [1068.7, 5, 87.3, 28], "panel": [12, 52, 284, 532],   [layout] the overlap's drag law is selected, with its handles
[qa 04:19:45] PASS {"kind": "gesture", "phase": "commit", "reason": "stale-buttons", "transformMode": "scale", "handle": "coefficient", "samples": 25, "rejected": 0, "pointer": [637, 283, 638.46875, 204.53125], "firstRevision": 3, "lastRevision": 27, "field": {"enabled": true, "position": [0, 2.5, 0], "rotation": [0,   [gesture] the overlap's drag gauge changed its coefficient
[qa 04:19:49] captured overlap-03-drag-tuned.png
[qa 04:19:49] waiting for m3-overlap to finish
[qa 04:20:05] recording m3-overlap.mp4 written
[qa 04:20:06] segment: examples: collisions
[qa 04:20:15] PASS {"kind": "document", "action": "open", "outcome": "committed", "file": "collisions.lawsmith.json", "generation": 6, "title": "Collisions", "bytes": 3016, "readMs": 0.088, "parseMs": 1, "candidateMs": 2, "commitMs": 1, "openMs": 4.088, "mode": "packaged", "t": 263374}  [document] collisions opened transactionally
[qa 04:20:16] PASS {"kind": "sim-control", "action": "load", "tick": 0, "playing": false, "run": 5, "laws": [{"id": "drag", "enabled": true, "position": [0, 2, 0], "rotation": [0, 0, 0, 1], "region": {"kind": "sphere", "radius": 1.8}, "edgeFade": 0.25, "expression": {"kind": "linearDrag", "coefficient": 3}}, {"id": "p  [sim-control] collisions starts paused at tick 0
[qa 04:20:17] recording m3-collisions for 42 s (overlay windows skipped by the hit test: 24083)
[qa 04:20:27] captured collisions-01-clump.png
[qa 04:20:32] PASS {"kind": "layout", "viewport": [1168, 734], "devicePixelRatio": 2, "controls": {"drag-region": [0, 0, 584, 40], "tools": [592, 5, 564, 30], "undo": [592, 5, 75.7, 28], "redo": [671.8, 5, 81.1, 28], "frame-view": [986.3, 5, 74.3, 28], "reset-view": [1068.7, 5, 87.3, 28], "panel": [12, 52, 284, 532],   [layout] the collision scene's pull is selected, with its handles
[qa 04:20:40] PASS {"kind": "gesture", "phase": "commit", "reason": "stale-buttons", "transformMode": "scale", "handle": "strength", "samples": 26, "rejected": 0, "pointer": [589, 314, 665.0078125, 335], "firstRevision": 1, "lastRevision": 26, "field": {"enabled": true, "position": [0, 2, 0], "rotation": [0, 0, 0, 1],  [gesture] the pull's strength handle loosened the clump
[qa 04:20:45] captured collisions-02-loosened.png
[qa 04:20:49] PASS {"kind": "fixtures", "elapsedMs": 3347, "root": [{"id": "drag", "enabled": true, "position": [0, 2, 0], "rotation": [0, 0, 0, 1], "region": {"kind": "sphere", "radius": 1.8}, "edgeFade": 0.25, "expression": {"kind": "linearDrag", "coefficient": 3}}, {"id": "pull", "enabled": true, "position": [0, 2,  [fixtures] reset and cadence fixtures agree exactly on the collision scene
[qa 04:20:49] waiting for m3-collisions to finish
[qa 04:21:00] recording m3-collisions.mp4 written
[qa 04:21:02] m3-demo complete
