[qa 18:41:40] segment: session A: record a real intervention
[qa 18:42:00] launched pid 70023, window at 0,21, log m6a-rec.log
[qa 18:42:13] PASS {"kind": "document", "action": "open", "outcome": "committed", "file": "m6a-lab.lawsmith.json", "generation": 2, "title": "M6A lab", "bytes": 4415, "readMs": 0.046, "parseMs": 2, "candidateMs": 2, "commitMs": 6, "openMs": 10.046, "mode": "packaged", "t": 12335}  [document] the M6A lab opened transactionally
[qa 18:42:13] PASS {"kind": "qualification", "identity": {"app": "Lawsmith 0.0.0", "build": "packaged", "bundle": "index-BUxjxmIx.js sha256:f48dba655dfa96931b5d2d3233dc82dfee7f9b3b2a5b7f053ac03831e80ad696", "tauri": "tauri 3.0.0-alpha.4; tauri-runtime 3.0.0-alpha.3; tauri-runtime-wry 3.0.0-alpha.4; wry 0.57.0; tao 0.3  [qualification] the packaged build reports a complete, qualified identity
[qa 18:42:15] recording m6a-record for 110 s (overlay windows skipped by the hit test: 1736)
[qa 18:42:16] PASS {"kind": "layout", "playing": false, "authority": {"tick": 0, "cursor": 0, "stateHash": "c2946dec66ba469d", "engineHash": "1b79a5ce1689ba83"}, "viewport": [1168, 734], "devicePixelRatio": 2, "controls": {"drag-region": [0, 0, 584, 40], "tools": [592, 5, 564, 30], "undo": [592, 5, 75.7, 28], "redo":   [layout] idle: Record from tick 0 and Open recording are offered
[qa 18:42:16] captured record-01-idle.png
[qa 18:42:18] PASS {"kind": "recording", "action": "start", "runId": "run-b23a3369-1c4e-4031-bb39-fa6ad5d85d7f", "tick": 0, "cursor": 0, "bytes": 6033, "qualified": true, "laws": [{"id": "calm", "enabled": true, "position": [-3, 0, 0], "rotation": [0, 0, 0, 1], "region": {"kind": "sphere", "radius": 1.2}, "edgeFade":   [recording] Record from tick 0 started a new experiment at (0, 0)
[qa 18:42:32] PASS {"kind": "gesture", "phase": "commit", "reason": "stale-buttons", "transformMode": "translate", "handle": null, "samples": 24, "rejected": 0, "pointer": null, "firstRevision": 1, "lastRevision": 24, "field": {"enabled": true, "position": [-0.06829895702384414, 1, 0], "rotation": [0, 0, 0, 1], "regio  [gesture] the push was dragged while the stream played: one gesture of many samples
[qa 18:42:34] PASS {"kind": "control", "law": "storm-bottle", "enabled": false, "revision": 25, "mode": "packaged", "t": 37997}  [control] the Storm Bottle disabled, live
[qa 18:42:37] PASS {"kind": "control", "law": "storm-bottle", "enabled": true, "revision": 26, "mode": "packaged", "t": 41215}  [control] and enabled again
[qa 18:42:53] PASS {"kind": "control", "law": "storm-bottle", "ingredient": "Add gain", "path": [1], "revision": 27, "field": {"id": "storm-bottle", "enabled": true, "position": [3.2, 1.6, 0], "rotation": [0, 0, 0, 1], "region": {"kind": "cylinderY", "radius": 1.4, "halfHeight": 1.8}, "edgeFade": 0.25, "expression": {  [control] paused: the swirl got a gain
[qa 18:42:57] PASS {"kind": "control", "law": "storm-bottle", "ingredient": "Change gain", "path": [1], "revision": 28, "field": {"id": "storm-bottle", "enabled": true, "position": [3.2, 1.6, 0], "rotation": [0, 0, 0, 1], "region": {"kind": "cylinderY", "radius": 1.4, "halfHeight": 1.8}, "edgeFade": 0.25, "expression"  [control] and, at the same tick, a triangle
[qa 18:42:57] captured record-02-recording.png
[qa 18:43:01] PASS {"kind": "history", "action": "undo", "ok": true, "label": "Change gain", "law": "storm-bottle", "reason": null, "revision": 29, "tick": 2828, "laws": [{"id": "calm", "enabled": true, "position": [-3, 0, 0], "rotation": [0, 0, 0, 1], "region": {"kind": "sphere", "radius": 1.2}, "edgeFade": 0.2, "exp  [history] live undo of the triangle, while playing
[qa 18:43:18] PASS {"kind": "control", "law": "push", "enabled": true, "revision": 31, "mode": "packaged", "t": 81714}  [control] two paused edits at the final tick
[qa 18:43:19] PASS {"kind": "layout", "playing": false, "authority": {"tick": 3272, "cursor": 31, "stateHash": "f4e2857921c28e37", "engineHash": "966319bb19549c4f"}, "viewport": [1168, 734], "devicePixelRatio": 2, "controls": {"drag-region": [0, 0, 584, 40], "tools": [592, 5, 564, 30], "undo": [592, 5, 75.7, 28], "red  [layout] recording: Stop, and progress toward the limits
[qa 18:43:21] PASS {"kind": "recording", "action": "stopped", "runId": "run-b23a3369-1c4e-4031-bb39-fa6ad5d85d7f", "title": "M6A lab", "commands": 31, "finalTick": 3272, "lastAppliedSequence": 31, "stopped": "user", "finalCheck": {"stateSha256": "1e55905de41e42600d9ccecf1f504206efbd4952df4d9ab9d03a94b81b7f3236", "engi  [recording] Stop froze the record at its final address, with a final check
[qa 18:43:21] recorded run-b23a3369-1c4e-4031-bb39-fa6ad5d85d7f: final address (3272, 31)
[qa 18:43:24] PASS {"kind": "layout", "playing": false, "authority": {"tick": 3272, "cursor": 32, "stateHash": "b1ead4120537089b", "engineHash": "966319bb19549c4f"}, "viewport": [1168, 734], "devicePixelRatio": 2, "controls": {"drag-region": [0, 0, 584, 40], "tools": [592, 5, 564, 30], "undo": [592, 5, 75.7, 28], "red  [layout] the post-stop edit left the record's final address
[qa 18:43:24] PASS {"kind": "control", "law": "push", "enabled": false, "revision": 32, "mode": "packaged", "t": 86512}  [control] the post-stop edit applied to the live scene
[qa 18:43:24] captured record-03-stopped.png
[qa 18:43:24] segment: session A: replay shows the recording, then Return to authoring
[qa 18:43:42] PASS {"kind": "context", "reason": "replay", "worlds": 2, "peakWorlds": 2, "authoring": 1, "replay": 1, "candidates": 0, "seeking": 0, "checkpoints": 0, "checkpointBytes": 0, "selected": "replay", "recording": "recorded", "comparison": null, "tick": 0, "cursor": 0, "runId": "run-b23a3369-1c4e-4031-bb39-f  [context] replay: a second world from the frozen root, the authoring world kept
[qa 18:43:46] PASS {"kind": "layout", "playing": false, "authority": {"tick": 0, "cursor": 0, "stateHash": "c2946dec66ba469d", "engineHash": "1b79a5ce1689ba83"}, "viewport": [1168, 734], "devicePixelRatio": 2, "controls": {"drag-region": [0, 0, 584, 40], "tools": [592, 5, 564, 30], "undo": [592, 5, 75.7, 28], "redo":   [layout] the replay shows the root's push (enabled, at -1.5), not the newer authored one
[qa 18:43:46] PASS {"kind": "layout", "playing": false, "authority": {"tick": 0, "cursor": 0, "stateHash": "c2946dec66ba469d", "engineHash": "1b79a5ce1689ba83"}, "viewport": [1168, 734], "devicePixelRatio": 2, "controls": {"drag-region": [0, 0, 584, 40], "tools": [592, 5, 564, 30], "undo": [592, 5, 75.7, 28], "redo":   [layout] read-only replay: its title, Replay from start and Return to authoring, no Record
[qa 18:43:47] captured replay-01-root.png
[qa 18:44:16] PASS {"kind": "replay-complete", "runId": "run-b23a3369-1c4e-4031-bb39-fa6ad5d85d7f", "tick": 3272, "cursor": 31, "finalTick": 3272, "lastAppliedSequence": 31, "check": {"kind": "match"}, "stateSha256": "1e55905de41e42600d9ccecf1f504206efbd4952df4d9ab9d03a94b81b7f3236", "engineSha256": "8acd630eab43783b2  [replay-complete] the replay reached the frozen address and matched the recorded end
[qa 18:44:17] PASS {"kind": "layout", "playing": false, "authority": {"tick": 3272, "cursor": 31, "stateHash": "f4e2857921c28e37", "engineHash": "966319bb19549c4f"}, "viewport": [1168, 734], "devicePixelRatio": 2, "controls": {"drag-region": [0, 0, 584, 40], "tools": [592, 5, 564, 30], "undo": [592, 5, 75.7, 28], "red  [layout] at the end: read-only, paused, the check shown
[qa 18:44:17] captured replay-02-end.png
[qa 18:44:18] PASS {"kind": "file-control", "action": "save", "outcome": "refused", "reason": "replay", "mode": "packaged", "t": 141858}  [file-control] ⌘S during replay saves nothing: ordinary Save Scene is off
[qa 18:44:20] PASS {"kind": "context", "reason": "return", "worlds": 1, "peakWorlds": 2, "authoring": 1, "replay": 0, "candidates": 0, "seeking": 0, "checkpoints": 13, "checkpointBytes": 1159675, "selected": "authoring", "recording": "recorded", "comparison": null, "tick": 3272, "cursor": 32, "runId": null, "qualified  [context] Return to authoring freed the replay world
[qa 18:44:22] PASS {"kind": "layout", "playing": false, "authority": {"tick": 3272, "cursor": 32, "stateHash": "b1ead4120537089b", "engineHash": "966319bb19549c4f"}, "viewport": [1168, 734], "devicePixelRatio": 2, "controls": {"drag-region": [0, 0, 584, 40], "tools": [592, 5, 564, 30], "undo": [592, 5, 75.7, 28], "red  [layout] the retained authoring scene is back: the push disabled after the stop
[qa 18:44:22] PASS  [m6aq retained] the authoring world, revision and history are identical before and after the replay: 1 replays left the authoring world, revision and history identical
[qa 18:44:22] captured replay-03-returned.png
[qa 18:44:23] segment: session A: save the recording and quit
[qa 18:44:44] PASS {"kind": "document", "action": "save-recording", "outcome": "saved", "file": "m6a-qa.lawsmith-run.json", "runId": "run-b23a3369-1c4e-4031-bb39-fa6ad5d85d7f", "bytes": 17703, "commands": 31, "finalTick": 3272, "lastAppliedSequence": 31, "stopped": "user", "writeMs": 12.146, "saveMs": 24, "mode": "pac  [document] Save Recording wrote the run file
[qa 18:44:44] waiting for m6a-record to finish
[qa 18:44:49] recording m6a-record.mp4 written
[qa 18:44:49] PASS  [m6aq runfile] the saved run holds the multi-boundary drag, same-tick and terminal commands, the triangle and its undo: {"format": "lawsmith.run", "runId": "run-b23a3369-1c4e-4031-bb39-fa6ad5d85d7f", "commands": 31, "finalTick": 3272, "lastAppliedSequence": 31, "stopped": "user", "finalCheck": {"engineSha256": "8acd630eab43783b2413e2bcdc67769b6b13727672169aaff8c2f27428fe0620", "stateSha256": "1e55905de41e42600d9ccecf1f504206efbd4952df4d9ab9d03a94b81b7f3236"}, "multiBoundaryTransactions": {"tx-1": [720, 748, 778, 806, 836, 864, 892, 922, 950, 980, 1008, 1038, 1066, 1096, 1124, 1154, 1183, 1212, 1242, 1270, 1300, 1330, 1358, 1386]}, "sameTickGroups": {"2510": [27, 28], "3272": [30, 31]}, "triangleCommands": [28], "triangleUndone": true, "disableCommands": [25, 30], "terminalCommands": [30, 31], "rootLaws": ["calm", "push", "storm-bottle"], "createdLaws": [], "qualification": {"app": "Lawsmith 0.0.0", "arch": "aarch64", "build": "packaged", "bundle": "index-BUxjxmIx.js sha256:f48dba655dfa96931b5d2d3233dc82dfee7f9b3b2a5b7f053ac03831e80ad696", "os": "macOS 27.2 (26B5101f)", "tauri": "tauri 3.0.0-alpha.4; tauri-runtime 3.0.0-alpha.3; tauri-runtime-wry 3.0.0-alpha.4; wry 0.57.0; tao 0.37.1", "webkit": "22625.2.7.1"}}
[qa 18:44:50] the guard asks about the scene
[qa 18:44:51] segment: session B: a fresh launch opens and replays it
[qa 18:45:11] launched pid 85347, window at 0,21, log m6a-replay.log
[qa 18:45:13] recording m6a-replay for 80 s (overlay windows skipped by the hit test: 1788)
[qa 18:45:25] PASS {"kind": "document", "action": "open-recording", "outcome": "committed", "file": "m6a-qa.lawsmith-run.json", "runId": "run-b23a3369-1c4e-4031-bb39-fa6ad5d85d7f", "commands": 31, "finalTick": 3272, "lastAppliedSequence": 31, "bytes": 17703, "readMs": 0.072, "parseMs": 5, "candidateMs": 2, "commitMs":  [document] Open Recording validated and committed the run
[qa 18:45:25] PASS {"kind": "context", "reason": "open-recording", "worlds": 2, "peakWorlds": 2, "authoring": 1, "replay": 1, "candidates": 0, "seeking": 0, "checkpoints": 0, "checkpointBytes": 0, "selected": "replay", "recording": "recorded", "comparison": null, "tick": 0, "cursor": 0, "runId": "run-b23a3369-1c4e-403  [context] it replays from tick 0, beside the untouched default scene
[qa 18:45:40] PASS {"kind": "sim-control", "action": "pause", "reason": "native-focus-lost", "tick": 372, "mode": "packaged", "t": 27768}  [sim-control] Hide paused the replay; nothing advanced while hidden
[qa 18:45:40] PASS {"kind": "layout", "playing": false, "authority": {"tick": 372, "cursor": 0, "stateHash": "a129bfc9b6813511", "engineHash": "923b737f2d49f954"}, "viewport": [1168, 734], "devicePixelRatio": 2, "controls": {"drag-region": [0, 0, 584, 40], "tools": [592, 5, 564, 30], "undo": [592, 5, 75.7, 28], "redo"  [layout] still paused at the same tick after coming back: Play stays explicit
[qa 18:46:06] PASS {"kind": "replay-complete", "runId": "run-b23a3369-1c4e-4031-bb39-fa6ad5d85d7f", "tick": 3272, "cursor": 31, "finalTick": 3272, "lastAppliedSequence": 31, "check": {"kind": "match"}, "stateSha256": "1e55905de41e42600d9ccecf1f504206efbd4952df4d9ab9d03a94b81b7f3236", "engineSha256": "8acd630eab43783b2  [replay-complete] after a fresh launch, the same final address and a matching end check
[qa 18:46:06] captured replay-04-fresh-end.png
[qa 18:46:07] PASS  [m6aq final] the fresh replay's end digests equal the recording's final check: (3272, 31) state 1e55905de41e engine 8acd630eab43
[qa 18:46:07] PASS  [m6aq checkpoints] every live checkpoint of the recording has an equal replay checkpoint: 13 checkpoints equal at [(240, 0), (480, 0), (720, 1), (960, 9), (1200, 17), (1440, 24), (1680, 24), (1920, 25), (2160, 25), (2400, 26), (2640, 28), (2880, 29), (3120, 29)]
[qa 18:46:07] waiting for m6a-replay to finish
[qa 18:46:36] recording m6a-replay.mp4 written
[qa 18:46:36] segment: session B: the runtime's own M6A fixtures
[qa 18:46:43] PASS {"kind": "m6a-fixtures", "elapsedMs": 4170, "oracle": {"runId": "run-b23a3369-1c4e-4031-bb39-fa6ad5d85d7f", "units": 3272, "divergence": null, "end": {"address": {"tick": 3272, "cursor": 31}, "complete": true, "stateSha256": "1e55905de41e42600d9ccecf1f504206efbd4952df4d9ab9d03a94b81b7f3236", "engine  [m6a-fixtures] the linear oracle agrees with itself and the record; 20+20 cycles and 20 imports hold the counts
[qa 18:46:44] PASS {"kind": "visual-resources", "contexts": {"worlds": 1, "peakWorlds": 3, "authoring": 1, "replay": 0, "candidates": 0, "seeking": 0, "checkpoints": 0, "checkpointBytes": 0, "selected": "authoring", "recording": "recorded", "comparison": null}, "render": {"geometries": 38, "textures": 5, "objects": 11  [visual-resources] steady state after the cycles: one authoring world, no replay or candidate
[qa 18:46:47] m6a-record complete
