[qa 19:56:28] segment: guard: cancel, coalesce, discard
[qa 19:56:48] launched pid 30789, window at 0,21, log guard-a.log
[qa 19:56:52] PASS {"kind": "recovery", "action": "write", "generation": 1, "revision": 1, "bytes": 2812, "captureMs": 0, "ackMs": 13, "mode": "packaged", "t": 6315}  [recovery] the edit is kept in a recovery snapshot
[qa 19:56:53] captured guard-01-alert.png
[qa 19:56:55] PASS {"kind": "guard", "frozen": false, "tick": 0, "mode": "packaged", "t": 9805}  [guard] close then Cancel keeps the app open with edits unfrozen
[qa 19:56:58] PASS {"kind": "guard", "frozen": false, "tick": 0, "mode": "packaged", "t": 13478}  [guard] quit then Cancel keeps the app open with edits unfrozen
[qa 19:57:01] PASS {"kind": "guard", "frozen": false, "tick": 0, "mode": "packaged", "t": 16460}  [guard] dock then Cancel keeps the app open with edits unfrozen
[qa 19:57:02] PASS  recovery eligibility survived three canceled requests
[qa 19:57:03] PASS {"kind": "history", "action": "undo", "ok": true, "label": "Disable law", "law": "sideways", "reason": null, "revision": 2, "tick": 0, "laws": [{"id": "sideways", "enabled": true, "position": [3, 1, 0], "rotation": [0, 0, 0, 1], "region": {"kind": "box", "halfExtents": [1.5, 2, 1.5]}, "edgeFade": 0.  [history] undo still works after the canceled guards
[qa 19:57:04] PASS {"kind": "history", "action": "redo", "ok": true, "label": "Disable law", "law": "sideways", "reason": null, "revision": 3, "tick": 0, "laws": [{"id": "sideways", "enabled": false, "position": [3, 1, 0], "rotation": [0, 0, 0, 1], "region": {"kind": "box", "halfExtents": [1.5, 2, 1.5]}, "edgeFade": 0  [history] redo restores the edit
[qa 19:57:07] PASS  simultaneous Close and Quit coalesced into one guard
[qa 19:57:08] PASS {"kind": "recovery", "action": "discard", "generation": 1, "mode": "packaged", "t": 24007}  [recovery] Don't Save retired this generation's recovery
[qa 19:57:12] launched pid 35179, window at 0,21, log guard-b.log
[qa 19:57:12] PASS {"kind": "recovery", "action": "launch", "current": "absent", "previous": "absent", "mode": "packaged", "t": 3530}  [recovery] saved or discarded work is not offered after restart
[qa 19:57:15] segment: guard: save
[qa 19:57:34] launched pid 35586, window at 0,21, log guard-c.log
[qa 19:57:44] PASS {"kind": "document", "action": "save-as", "outcome": "saved", "file": "guard-saved.lawsmith.json", "generation": 1, "revision": 1, "laterEdits": 0, "recoveryRetired": true, "bytes": 2504, "captureMs": 0, "writeMs": 13.067, "saveMs": 27, "mode": "packaged", "t": 12843}  [document] Save in the guard saved through Save As before quitting
[qa 19:57:48] launched pid 36012, window at 0,21, log guard-d.log
[qa 19:57:48] PASS {"kind": "recovery", "action": "launch", "current": "absent", "previous": "absent", "mode": "packaged", "t": 3538}  [recovery] saved or discarded work is not offered after restart
[qa 19:57:51] segment: recovery after a crash
[qa 19:58:10] launched pid 40276, window at 0,21, log guard-e.log
[qa 19:58:17] PASS {"kind": "recovery", "action": "write", "generation": 1, "revision": 2, "bytes": 2811, "captureMs": 1, "ackMs": 9, "mode": "packaged", "t": 9743}  [recovery] the latest revision is in recovery before the crash
[qa 19:58:17] the test instance was killed (simulated crash)
[qa 19:58:21] launched pid 40564, window at 0,21, log guard-f.log
[qa 19:58:22] PASS {"kind": "recovery", "action": "launch", "current": {"generation": 1, "revision": 2}, "previous": {"generation": 1, "revision": 1}, "mode": "packaged", "t": 3566}  [recovery] the crashed session's work is found at launch
[qa 19:58:23] captured guard-02-recovery-offer.png
[qa 19:58:25] PASS  editing is frozen while the recovery offer waits
[qa 19:58:27] PASS {"kind": "document", "action": "recover", "outcome": "committed", "file": null, "generation": 2, "title": "Falling stream", "mode": "packaged", "t": 8861}  [document] Recover opens the work unbound, paused at tick 0
[qa 19:58:28] PASS {"kind": "recovery", "action": "write", "generation": 2, "revision": 0, "bytes": 2811, "captureMs": 0, "ackMs": 11, "mode": "packaged", "t": 9373}  [recovery] recovered work is written as a snapshot of this session
[qa 19:58:28] captured guard-03-recovered.png
[qa 19:58:34] launched pid 40969, window at 0,21, log guard-g.log
[qa 19:58:34] PASS {"kind": "recovery", "action": "launch", "current": "absent", "previous": "absent", "mode": "packaged", "t": 3525}  [recovery] saved or discarded work is not offered after restart
[qa 19:58:37] segment: corrupt newest snapshot
[qa 19:58:56] launched pid 41390, window at 0,21, log guard-h.log
[qa 19:59:03] the newest snapshot was overwritten with invalid bytes
[qa 19:59:07] launched pid 45467, window at 0,21, log guard-i.log
[qa 19:59:08] PASS {"kind": "recovery", "action": "launch", "current": {"invalid": "JSON Parse error: Unexpected identifier \"not\""}, "previous": {"generation": 1, "revision": 1}, "mode": "packaged", "t": 3535}  [recovery] the corrupt newest copy is reported and the previous one found
[qa 19:59:09] captured guard-04-older-offer.png
[qa 19:59:12] PASS {"kind": "recovery", "action": "offer-resolved", "outcome": true, "mode": "packaged", "t": 7332}  [recovery] the offer is resolved by Discard
[qa 19:59:18] launched pid 46018, window at 0,21, log guard-j.log
[qa 19:59:18] PASS {"kind": "recovery", "action": "launch", "current": "absent", "previous": "absent", "mode": "packaged", "t": 3539}  [recovery] saved or discarded work is not offered after restart
[qa 19:59:21] segment: recover the older copy over a corrupt newest one
[qa 19:59:40] launched pid 46446, window at 0,21, log guard-m.log
[qa 19:59:47] the newest snapshot was overwritten with invalid bytes
[qa 19:59:51] launched pid 46726, window at 0,21, log guard-n.log
[qa 19:59:52] PASS {"kind": "recovery", "action": "launch", "current": {"invalid": "JSON Parse error: Unexpected identifier \"not\""}, "previous": {"generation": 1, "revision": 1}, "mode": "packaged", "t": 3536}  [recovery] the corrupt newest copy is reported and the previous one found
[qa 19:59:54] PASS {"kind": "document", "action": "recover", "outcome": "committed", "file": null, "generation": 2, "title": "Falling stream", "mode": "packaged", "t": 5994}  [document] Recover opens the older copy
[qa 19:59:55] PASS {"kind": "recovery", "action": "write", "generation": 2, "revision": 0, "bytes": 2812, "captureMs": 0, "ackMs": 11, "mode": "packaged", "t": 6506}  [recovery] the recovered work is written as a snapshot of this session
[qa 19:59:55] the test instance was killed after its first recovery write
[qa 20:00:00] launched pid 47002, window at 0,21, log guard-o.log
[qa 20:00:00] PASS {"kind": "recovery", "action": "launch", "current": {"generation": 2, "revision": 0}, "previous": {"generation": 1, "revision": 1}, "mode": "packaged", "t": 3531}  [recovery] the recovered older copy is still a valid previous snapshot
[qa 20:00:03] PASS {"kind": "recovery", "action": "offer-resolved", "outcome": true, "mode": "packaged", "t": 5860}  [recovery] the offer is resolved by Discard
[qa 20:00:09] launched pid 49225, window at 0,21, log guard-p.log
[qa 20:00:09] PASS {"kind": "recovery", "action": "launch", "current": "absent", "previous": "absent", "mode": "packaged", "t": 3579}  [recovery] saved or discarded work is not offered after restart
[qa 20:00:12] segment: open replaces unsaved work
[qa 20:00:31] launched pid 51502, window at 0,21, log guard-k.log
[qa 20:00:43] PASS {"kind": "document", "action": "open", "outcome": "canceled", "stage": "guard", "mode": "packaged", "t": 15981}  [document] a canceled replacement keeps the scene and frees the candidate
[qa 20:00:54] PASS {"kind": "document", "action": "open", "outcome": "committed", "file": "calibration.lawsmith.json", "generation": 2, "title": "Falling stream", "bytes": 2503, "readMs": 0.1, "parseMs": 0, "candidateMs": 1, "commitMs": 1, "openMs": 2.1, "mode": "packaged", "t": 26653}  [document] Don't Save lets the opened scene replace the unsaved one
[qa 20:01:00] launched pid 52119, window at 0,21, log guard-l.log
[qa 20:01:00] PASS {"kind": "recovery", "action": "launch", "current": "absent", "previous": "absent", "mode": "packaged", "t": 3581}  [recovery] saved or discarded work is not offered after restart
[qa 20:01:03] segment: dock quit with an unretired recovery copy
[qa 20:01:22] launched pid 56324, window at 0,21, log guard-q.log
[qa 20:01:26] PASS {"kind": "recovery", "action": "write", "generation": 1, "revision": 1, "bytes": 2812, "captureMs": 0, "ackMs": 10, "mode": "packaged", "t": 6305}  [recovery] the edit is kept in a recovery snapshot
[qa 20:01:31] PASS {"kind": "document", "action": "save-as", "outcome": "saved", "file": "guard-unretired.lawsmith.json", "generation": 1, "revision": 1, "laterEdits": 0, "recoveryRetired": false, "bytes": 2504, "captureMs": 0, "writeMs": 7.802, "saveMs": 13, "mode": "packaged", "t": 11584}  [document] the save succeeds but its recovery copy cannot be removed
[qa 20:01:32] PASS  Dock Quit ran the guard, which stayed open while the copy could not be removed
[qa 20:01:33] PASS {"kind": "recovery", "action": "retire", "generation": 1, "through": 1, "mode": "packaged", "t": 14194}  [recovery] the guard retried the retirement before exiting
[qa 20:01:37] launched pid 56713, window at 0,21, log guard-r.log
[qa 20:01:37] PASS {"kind": "recovery", "action": "launch", "current": "absent", "previous": "absent", "mode": "packaged", "t": 3575}  [recovery] saved work is not offered after restart
[qa 20:01:37] PASS  a clean Dock Quit with nothing in recovery quit at once, without the guard
[qa 20:01:37] m2-guard complete
