[qa 22:47:21] segment: session A: record a real intervention
[qa 22:47:40] launched pid 90144, window at 0,21, log m6a-rec.log
[qa 22:47:49] PASS {"kind": "document", "action": "open", "outcome": "committed", "file": "m6a-lab.lawsmith.json", "generation": 2, "title": "M6A lab", "bytes": 4415, "readMs": 0.052, "parseMs": 2, "candidateMs": 2, "commitMs": 5, "openMs": 9.052, "mode": "packaged", "t": 10342}  [document] the M6A lab opened transactionally
[qa 22:47:49] PASS {"kind": "qualification", "identity": {"app": "Lawsmith 0.0.0", "build": "packaged", "bundle": "index-TQqm3bzE.js sha256:6d3ea8e48e7cc8b8bdf1fb7520ba240bfef37e3ded4eb466787e959bd6613632", "tauri": "tauri 3.0.0-alpha.4; tauri-runtime 3.0.0-alpha.3; tauri-runtime-wry 3.0.0-alpha.4; wry 0.57.0; tao 0.3  [qualification] the packaged build reports a complete, qualified identity
[qa 22:47:51] recording m6a-record for 110 s (overlay windows skipped by the hit test: 4455)
[qa 22:47:52] PASS {"kind": "layout", "playing": false, "authority": {"tick": 0, "cursor": 0, "stateHash": "c2946dec66ba469d", "engineHash": "1b79a5ce1689ba83"}, "viewport": [1168, 734], "devicePixelRatio": 2, "controls": {"drag-region": [0, 0, 584, 40], "tools": [592, 5, 564, 30], "undo": [592, 5, 75.7, 28], "redo":   [layout] idle: Record from tick 0 and Open recording are offered
[qa 22:47:52] captured record-01-idle.png
[qa 22:47:54] PASS {"kind": "recording", "action": "start", "runId": "run-1db3cfc8-8082-4fee-b365-7e3e81d8c7cb", "tick": 0, "cursor": 0, "bytes": 6033, "qualified": true, "laws": [{"id": "calm", "enabled": true, "position": [-3, 0, 0], "rotation": [0, 0, 0, 1], "region": {"kind": "sphere", "radius": 1.2}, "edgeFade":   [recording] Record from tick 0 started a new experiment at (0, 0)
[qa 22:48:08] PASS {"kind": "gesture", "phase": "commit", "reason": "stale-buttons", "transformMode": "translate", "handle": null, "samples": 24, "rejected": 0, "pointer": null, "firstRevision": 1, "lastRevision": 24, "field": {"enabled": true, "position": [-0.17570456074616025, 1, 0], "rotation": [0, 0, 0, 1], "regio  [gesture] the push was dragged while the stream played: one gesture of many samples
[qa 22:48:11] PASS {"kind": "control", "law": "storm-bottle", "enabled": false, "revision": 25, "mode": "packaged", "t": 34225}  [control] the Storm Bottle disabled, live
[qa 22:48:14] PASS {"kind": "control", "law": "storm-bottle", "enabled": true, "revision": 26, "mode": "packaged", "t": 37587}  [control] and enabled again
[qa 22:48:39] PASS {"kind": "control", "law": "storm-bottle", "ingredient": "Add gain", "path": [1], "revision": 27, "field": {"id": "storm-bottle", "enabled": true, "position": [3.2, 1.6, 0], "rotation": [0, 0, 0, 1], "region": {"kind": "cylinderY", "radius": 1.4, "halfHeight": 1.8}, "edgeFade": 0.25, "expression": {  [control] paused: the swirl got a gain
[qa 22:48:58] the synthetic click at (175,500) was lost (no control event); sending it again
[qa 22:49:00] PASS {"kind": "control", "law": "storm-bottle", "ingredient": "Change gain", "path": [1], "revision": 28, "field": {"id": "storm-bottle", "enabled": true, "position": [3.2, 1.6, 0], "rotation": [0, 0, 0, 1], "region": {"kind": "cylinderY", "radius": 1.4, "halfHeight": 1.8}, "edgeFade": 0.25, "expression"  [control] and, at the same tick, a triangle
[qa 22:49:03] captured record-02-recording.png
[qa 22:49:09] PASS {"kind": "history", "action": "undo", "ok": true, "label": "Change gain", "law": "storm-bottle", "reason": null, "revision": 29, "tick": 2885, "laws": [{"id": "calm", "enabled": true, "position": [-3, 0, 0], "rotation": [0, 0, 0, 1], "region": {"kind": "sphere", "radius": 1.2}, "edgeFade": 0.2, "exp  [history] live undo of the triangle, while playing
[qa 22:49:26] PASS {"kind": "control", "law": "push", "enabled": true, "revision": 31, "mode": "packaged", "t": 109714}  [control] two paused edits at the final tick
[qa 22:49:28] PASS {"kind": "layout", "playing": false, "authority": {"tick": 3347, "cursor": 31, "stateHash": "72284682b7828a99", "engineHash": "0f9552f6d8f65c4e"}, "viewport": [1168, 734], "devicePixelRatio": 2, "controls": {"drag-region": [0, 0, 584, 40], "tools": [592, 5, 564, 30], "undo": [592, 5, 75.7, 28], "red  [layout] recording: Stop, and progress toward the limits
[qa 22:49:30] PASS {"kind": "recording", "action": "stopped", "runId": "run-1db3cfc8-8082-4fee-b365-7e3e81d8c7cb", "title": "M6A lab", "commands": 31, "finalTick": 3347, "lastAppliedSequence": 31, "stopped": "user", "finalCheck": {"stateSha256": "9568a42a0bf9205665a171f44f35d4d20827b88a8213cd2f8269a3abc5fe78e4", "engi  [recording] Stop froze the record at its final address, with a final check
[qa 22:49:30] recorded run-1db3cfc8-8082-4fee-b365-7e3e81d8c7cb: final address (3347, 31)
[qa 22:49:33] PASS {"kind": "layout", "playing": false, "authority": {"tick": 3347, "cursor": 32, "stateHash": "5388073cebe91793", "engineHash": "0f9552f6d8f65c4e"}, "viewport": [1168, 734], "devicePixelRatio": 2, "controls": {"drag-region": [0, 0, 584, 40], "tools": [592, 5, 564, 30], "undo": [592, 5, 75.7, 28], "red  [layout] the post-stop edit left the record's final address
[qa 22:49:33] PASS {"kind": "control", "law": "push", "enabled": false, "revision": 32, "mode": "packaged", "t": 115127}  [control] the post-stop edit applied to the live scene
[qa 22:49:33] captured record-03-stopped.png
[qa 22:49:34] segment: session A: replay shows the recording, then Return to authoring
[qa 22:49:52] PASS {"kind": "context", "reason": "replay", "worlds": 2, "peakWorlds": 2, "authoring": 1, "replay": 1, "candidates": 0, "seeking": 0, "checkpoints": 0, "checkpointBytes": 0, "selected": "replay", "recording": "recorded", "comparison": null, "tick": 0, "cursor": 0, "runId": "run-1db3cfc8-8082-4fee-b365-7  [context] replay: a second world from the frozen root, the authoring world kept
[qa 22:49:56] PASS {"kind": "layout", "playing": false, "authority": {"tick": 0, "cursor": 0, "stateHash": "c2946dec66ba469d", "engineHash": "1b79a5ce1689ba83"}, "viewport": [1168, 734], "devicePixelRatio": 2, "controls": {"drag-region": [0, 0, 584, 40], "tools": [592, 5, 564, 30], "undo": [592, 5, 75.7, 28], "redo":   [layout] the replay shows the root's push (enabled, at -1.5), not the newer authored one
[qa 22:49:56] PASS {"kind": "layout", "playing": false, "authority": {"tick": 0, "cursor": 0, "stateHash": "c2946dec66ba469d", "engineHash": "1b79a5ce1689ba83"}, "viewport": [1168, 734], "devicePixelRatio": 2, "controls": {"drag-region": [0, 0, 584, 40], "tools": [592, 5, 564, 30], "undo": [592, 5, 75.7, 28], "redo":   [layout] read-only replay: its title, Replay from start and Return to authoring, no Record
[qa 22:49:56] captured replay-01-root.png
[qa 22:50:26] PASS {"kind": "replay-complete", "runId": "run-1db3cfc8-8082-4fee-b365-7e3e81d8c7cb", "tick": 3347, "cursor": 31, "finalTick": 3347, "lastAppliedSequence": 31, "check": {"kind": "match"}, "stateSha256": "9568a42a0bf9205665a171f44f35d4d20827b88a8213cd2f8269a3abc5fe78e4", "engineSha256": "955d822285f8bef50  [replay-complete] the replay reached the frozen address and matched the recorded end
[qa 22:50:28] PASS {"kind": "layout", "playing": false, "authority": {"tick": 3347, "cursor": 31, "stateHash": "72284682b7828a99", "engineHash": "0f9552f6d8f65c4e"}, "viewport": [1168, 734], "devicePixelRatio": 2, "controls": {"drag-region": [0, 0, 584, 40], "tools": [592, 5, 564, 30], "undo": [592, 5, 75.7, 28], "red  [layout] at the end: read-only, paused, the check shown
[qa 22:50:28] captured replay-02-end.png
[qa 22:50:29] PASS {"kind": "file-control", "action": "save", "outcome": "refused", "reason": "replay", "mode": "packaged", "t": 172050}  [file-control] ⌘S during replay saves nothing: ordinary Save Scene is off
[qa 22:50:31] PASS {"kind": "context", "reason": "return", "worlds": 1, "peakWorlds": 2, "authoring": 1, "replay": 0, "candidates": 0, "seeking": 0, "checkpoints": 13, "checkpointBytes": 1165605, "selected": "authoring", "recording": "recorded", "comparison": null, "tick": 3347, "cursor": 32, "runId": null, "qualified  [context] Return to authoring freed the replay world
[qa 22:50:33] PASS {"kind": "layout", "playing": false, "authority": {"tick": 3347, "cursor": 32, "stateHash": "5388073cebe91793", "engineHash": "0f9552f6d8f65c4e"}, "viewport": [1168, 734], "devicePixelRatio": 2, "controls": {"drag-region": [0, 0, 584, 40], "tools": [592, 5, 564, 30], "undo": [592, 5, 75.7, 28], "red  [layout] the retained authoring scene is back: the push disabled after the stop
[qa 22:50:33] PASS  [m6aq retained] the authoring world, revision and history are identical before and after the replay: 1 replays left the authoring world, revision and history identical
[qa 22:50:33] captured replay-03-returned.png
[qa 22:50:33] segment: session A: save the recording and quit
[qa 22:50:54] PASS {"kind": "document", "action": "save-recording", "outcome": "saved", "file": "m6a-qa.lawsmith-run.json", "runId": "run-1db3cfc8-8082-4fee-b365-7e3e81d8c7cb", "bytes": 17702, "commands": 31, "finalTick": 3347, "lastAppliedSequence": 31, "stopped": "user", "writeMs": 10.153, "saveMs": 12, "mode": "pac  [document] Save Recording wrote the run file
[qa 22:50:54] waiting for m6a-record to finish
[qa 22:50:58] recording m6a-record.mp4 written
[qa 22:50:58] PASS  [m6aq runfile] the saved run holds the multi-boundary drag, same-tick and terminal commands, the triangle and its undo: {"format": "lawsmith.run", "runId": "run-1db3cfc8-8082-4fee-b365-7e3e81d8c7cb", "commands": 31, "finalTick": 3347, "lastAppliedSequence": 31, "stopped": "user", "finalCheck": {"engineSha256": "955d822285f8bef50f30a1bb13a275848a4157afae20c42884c0731aac929c77", "stateSha256": "9568a42a0bf9205665a171f44f35d4d20827b88a8213cd2f8269a3abc5fe78e4"}, "multiBoundaryTransactions": {"tx-1": [723, 751, 781, 810, 840, 870, 897, 927, 957, 985, 1016, 1045, 1074, 1101, 1131, 1161, 1189, 1219, 1249, 1278, 1308, 1338, 1365, 1395]}, "sameTickGroups": {"2553": [27, 28], "3347": [30, 31]}, "triangleCommands": [28], "triangleUndone": true, "disableCommands": [25, 30], "terminalCommands": [30, 31], "rootLaws": ["calm", "push", "storm-bottle"], "createdLaws": [], "qualification": {"app": "Lawsmith 0.0.0", "arch": "aarch64", "build": "packaged", "bundle": "index-TQqm3bzE.js sha256:6d3ea8e48e7cc8b8bdf1fb7520ba240bfef37e3ded4eb466787e959bd6613632", "os": "macOS 27.2 (26B5101f)", "tauri": "tauri 3.0.0-alpha.4; tauri-runtime 3.0.0-alpha.3; tauri-runtime-wry 3.0.0-alpha.4; wry 0.57.0; tao 0.37.1", "webkit": "22625.2.7.1"}}
[qa 22:51:00] the guard asks about the scene
[qa 22:51:01] segment: session B: a fresh launch opens and replays it
[qa 22:51:20] launched pid 8574, window at 0,21, log m6a-replay.log
[qa 22:51:23] recording m6a-replay for 80 s (overlay windows skipped by the hit test: 4491)
[qa 22:51:32] PASS {"kind": "document", "action": "open-recording", "outcome": "committed", "file": "m6a-qa.lawsmith-run.json", "runId": "run-1db3cfc8-8082-4fee-b365-7e3e81d8c7cb", "commands": 31, "finalTick": 3347, "lastAppliedSequence": 31, "bytes": 17702, "readMs": 0.066, "parseMs": 5, "candidateMs": 1, "commitMs":  [document] Open Recording validated and committed the run
[qa 22:51:32] PASS {"kind": "context", "reason": "open-recording", "worlds": 2, "peakWorlds": 2, "authoring": 1, "replay": 1, "candidates": 0, "seeking": 0, "checkpoints": 0, "checkpointBytes": 0, "selected": "replay", "recording": "recorded", "comparison": null, "tick": 0, "cursor": 0, "runId": "run-1db3cfc8-8082-4fe  [context] it replays from tick 0, beside the untouched default scene
[qa 22:51:46] PASS {"kind": "sim-control", "action": "pause", "reason": "hidden", "tick": 366, "mode": "packaged", "t": 24525}  [sim-control] Hide paused the replay; nothing advanced while hidden
[qa 22:51:46] PASS {"kind": "layout", "playing": false, "authority": {"tick": 366, "cursor": 0, "stateHash": "009cb7cf84427886", "engineHash": "66542c9da95857db"}, "viewport": [1168, 734], "devicePixelRatio": 2, "controls": {"drag-region": [0, 0, 584, 40], "tools": [592, 5, 564, 30], "undo": [592, 5, 75.7, 28], "redo"  [layout] still paused at the same tick after coming back: Play stays explicit
[qa 22:52:13] PASS {"kind": "replay-complete", "runId": "run-1db3cfc8-8082-4fee-b365-7e3e81d8c7cb", "tick": 3347, "cursor": 31, "finalTick": 3347, "lastAppliedSequence": 31, "check": {"kind": "match"}, "stateSha256": "9568a42a0bf9205665a171f44f35d4d20827b88a8213cd2f8269a3abc5fe78e4", "engineSha256": "955d822285f8bef50  [replay-complete] after a fresh launch, the same final address and a matching end check
[qa 22:52:13] captured replay-04-fresh-end.png
[qa 22:52:13] PASS  [m6aq final] the fresh replay's end digests equal the recording's final check: (3347, 31) state 9568a42a0bf9 engine 955d822285f8
[qa 22:52:13] PASS  [m6aq checkpoints] every live checkpoint of the recording has an equal replay checkpoint: 13 checkpoints equal at [(240, 0), (480, 0), (720, 0), (960, 9), (1200, 17), (1440, 24), (1680, 24), (1920, 25), (2160, 25), (2400, 26), (2640, 28), (2880, 28), (3120, 29)]
[qa 22:52:13] waiting for m6a-replay to finish
[qa 22:52:45] recording m6a-replay.mp4 written
[qa 22:52:45] segment: session B: the runtime's own M6A fixtures
[qa 22:52:52] PASS {"kind": "m6a-fixtures", "elapsedMs": 3935, "oracle": {"runId": "run-1db3cfc8-8082-4fee-b365-7e3e81d8c7cb", "units": 3347, "divergence": null, "end": {"address": {"tick": 3347, "cursor": 31}, "complete": true, "stateSha256": "9568a42a0bf9205665a171f44f35d4d20827b88a8213cd2f8269a3abc5fe78e4", "engine  [m6a-fixtures] the linear oracle agrees with itself and the record; 20+20 cycles and 20 imports hold the counts
[qa 22:52:53] PASS {"kind": "visual-resources", "contexts": {"worlds": 1, "peakWorlds": 3, "authoring": 1, "replay": 0, "candidates": 0, "seeking": 0, "checkpoints": 0, "checkpointBytes": 0, "selected": "authoring", "recording": "recorded", "comparison": null}, "render": {"geometries": 38, "textures": 5, "objects": 11  [visual-resources] steady state after the cycles: one authoring world, no replay or candidate
[qa 22:52:55] m6a-record complete
